cd src-qt5/ && ( test -e Makefile || /usr/lib64/qt5/bin/qmake -o Makefile /home/q5sys/git/lumina/src-qt5/src-qt5.pro 'QMAKE_CFLAGS_DEBUG=-O2 -flto=auto -ffat-lto-objects -fexceptions -g -grecord-gcc-switches -pipe -Wall -Werror=format-security -Wp,-D_FORTIFY_SOURCE=2 -Wp,-D_GLIBCXX_ASSERTIONS -specs=/usr/lib/rpm/redhat/redhat-hardened-cc1 -fstack-protector-strong -specs=/usr/lib/rpm/redhat/redhat-annobin-cc1  -m64  -mtune=generic -fasynchronous-unwind-tables -fstack-clash-protection -fcf-protection ' 'QMAKE_CFLAGS_RELEASE=-O2 -flto=auto -ffat-lto-objects -fexceptions -g -grecord-gcc-switches -pipe -Wall -Werror=format-security -Wp,-D_FORTIFY_SOURCE=2 -Wp,-D_GLIBCXX_ASSERTIONS -specs=/usr/lib/rpm/redhat/redhat-hardened-cc1 -fstack-protector-strong -specs=/usr/lib/rpm/redhat/redhat-annobin-cc1  -m64  -mtune=generic -fasynchronous-unwind-tables -fstack-clash-protection -fcf-protection ' 'QMAKE_CXXFLAGS_DEBUG=-O2 -flto=auto -ffat-lto-objects -fexceptions -g -grecord-gcc-switches -pipe -Wall -Werror=format-security -Wp,-D_FORTIFY_SOURCE=2 -Wp,-D_GLIBCXX_ASSERTIONS -specs=/usr/lib/rpm/redhat/redhat-hardened-cc1 -fstack-protector-strong -specs=/usr/lib/rpm/redhat/redhat-annobin-cc1  -m64  -mtune=generic -fasynchronous-unwind-tables -fstack-clash-protection -fcf-protection ' 'QMAKE_CXXFLAGS_RELEASE=-O2 -flto=auto -ffat-lto-objects -fexceptions -g -grecord-gcc-switches -pipe -Wall -Werror=format-security -Wp,-D_FORTIFY_SOURCE=2 -Wp,-D_GLIBCXX_ASSERTIONS -specs=/usr/lib/rpm/redhat/redhat-hardened-cc1 -fstack-protector-strong -specs=/usr/lib/rpm/redhat/redhat-annobin-cc1  -m64  -mtune=generic -fasynchronous-unwind-tables -fstack-clash-protection -fcf-protection ' 'QMAKE_LFLAGS_DEBUG=-Wl,-z,relro -Wl,--as-needed  -Wl,-z,now -specs=/usr/lib/rpm/redhat/redhat-hardened-ld ' 'QMAKE_LFLAGS_RELEASE=-Wl,-z,relro -Wl,--as-needed  -Wl,-z,now -specs=/usr/lib/rpm/redhat/redhat-hardened-ld ' QMAKE_STRIP= CONFIG+=configure LIBPREFIX=/usr/lib64 L_BINDIR=/usr/bin L_LIBDIR=/usr/lib64 L_SHAREDIR=/usr/share L_ETCDIR=/etc L_INCLUDEDIR=/usr/include L_MANDIR=/usr/share/man QT5LIBDIR=/usr QMAKE_LFLAGS+=-Wl,--as-needed ) && make -f Makefile 
Project MESSAGE: Build OS Info: Linux, x86_64, #1 SMP Wed Jun 23 16:18:11 UTC 2021
Project MESSAGE:  - Detected Qt Version: 5.15.2
Project MESSAGE: Build Settings Loaded: Linux -
make[1]: Entering directory '/home/q5sys/git/lumina/src-qt5'
cd core/ && ( test -e Makefile || /usr/lib64/qt5/bin/qmake -o Makefile /home/q5sys/git/lumina/src-qt5/core/core.pro 'QMAKE_CFLAGS_DEBUG=-O2 -flto=auto -ffat-lto-objects -fexceptions -g -grecord-gcc-switches -pipe -Wall -Werror=format-security -Wp,-D_FORTIFY_SOURCE=2 -Wp,-D_GLIBCXX_ASSERTIONS -specs=/usr/lib/rpm/redhat/redhat-hardened-cc1 -fstack-protector-strong -specs=/usr/lib/rpm/redhat/redhat-annobin-cc1  -m64  -mtune=generic -fasynchronous-unwind-tables -fstack-clash-protection -fcf-protection ' 'QMAKE_CFLAGS_RELEASE=-O2 -flto=auto -ffat-lto-objects -fexceptions -g -grecord-gcc-switches -pipe -Wall -Werror=format-security -Wp,-D_FORTIFY_SOURCE=2 -Wp,-D_GLIBCXX_ASSERTIONS -specs=/usr/lib/rpm/redhat/redhat-hardened-cc1 -fstack-protector-strong -specs=/usr/lib/rpm/redhat/redhat-annobin-cc1  -m64  -mtune=generic -fasynchronous-unwind-tables -fstack-clash-protection -fcf-protection ' 'QMAKE_CXXFLAGS_DEBUG=-O2 -flto=auto -ffat-lto-objects -fexceptions -g -grecord-gcc-switches -pipe -Wall -Werror=format-security -Wp,-D_FORTIFY_SOURCE=2 -Wp,-D_GLIBCXX_ASSERTIONS -specs=/usr/lib/rpm/redhat/redhat-hardened-cc1 -fstack-protector-strong -specs=/usr/lib/rpm/redhat/redhat-annobin-cc1  -m64  -mtune=generic -fasynchronous-unwind-tables -fstack-clash-protection -fcf-protection ' 'QMAKE_CXXFLAGS_RELEASE=-O2 -flto=auto -ffat-lto-objects -fexceptions -g -grecord-gcc-switches -pipe -Wall -Werror=format-security -Wp,-D_FORTIFY_SOURCE=2 -Wp,-D_GLIBCXX_ASSERTIONS -specs=/usr/lib/rpm/redhat/redhat-hardened-cc1 -fstack-protector-strong -specs=/usr/lib/rpm/redhat/redhat-annobin-cc1  -m64  -mtune=generic -fasynchronous-unwind-tables -fstack-clash-protection -fcf-protection ' 'QMAKE_LFLAGS_DEBUG=-Wl,-z,relro -Wl,--as-needed  -Wl,-z,now -specs=/usr/lib/rpm/redhat/redhat-hardened-ld ' 'QMAKE_LFLAGS_RELEASE=-Wl,-z,relro -Wl,--as-needed  -Wl,-z,now -specs=/usr/lib/rpm/redhat/redhat-hardened-ld ' QMAKE_STRIP= CONFIG+=configure LIBPREFIX=/usr/lib64 L_BINDIR=/usr/bin L_LIBDIR=/usr/lib64 L_SHAREDIR=/usr/share L_ETCDIR=/etc L_INCLUDEDIR=/usr/include L_MANDIR=/usr/share/man QT5LIBDIR=/usr QMAKE_LFLAGS+=-Wl,--as-needed ) && make -f Makefile 
Project MESSAGE: Build OS Info: Linux, x86_64, #1 SMP Wed Jun 23 16:18:11 UTC 2021
Project MESSAGE:  - Detected Qt Version: 5.15.2
Project MESSAGE: Build Settings Loaded: Linux -
make[2]: Entering directory '/home/q5sys/git/lumina/src-qt5/core'
cd lumina-desktop/ && ( test -e Makefile || /usr/lib64/qt5/bin/qmake -o Makefile /home/q5sys/git/lumina/src-qt5/core/lumina-desktop/lumina-desktop.pro 'QMAKE_CFLAGS_DEBUG=-O2 -flto=auto -ffat-lto-objects -fexceptions -g -grecord-gcc-switches -pipe -Wall -Werror=format-security -Wp,-D_FORTIFY_SOURCE=2 -Wp,-D_GLIBCXX_ASSERTIONS -specs=/usr/lib/rpm/redhat/redhat-hardened-cc1 -fstack-protector-strong -specs=/usr/lib/rpm/redhat/redhat-annobin-cc1  -m64  -mtune=generic -fasynchronous-unwind-tables -fstack-clash-protection -fcf-protection ' 'QMAKE_CFLAGS_RELEASE=-O2 -flto=auto -ffat-lto-objects -fexceptions -g -grecord-gcc-switches -pipe -Wall -Werror=format-security -Wp,-D_FORTIFY_SOURCE=2 -Wp,-D_GLIBCXX_ASSERTIONS -specs=/usr/lib/rpm/redhat/redhat-hardened-cc1 -fstack-protector-strong -specs=/usr/lib/rpm/redhat/redhat-annobin-cc1  -m64  -mtune=generic -fasynchronous-unwind-tables -fstack-clash-protection -fcf-protection ' 'QMAKE_CXXFLAGS_DEBUG=-O2 -flto=auto -ffat-lto-objects -fexceptions -g -grecord-gcc-switches -pipe -Wall -Werror=format-security -Wp,-D_FORTIFY_SOURCE=2 -Wp,-D_GLIBCXX_ASSERTIONS -specs=/usr/lib/rpm/redhat/redhat-hardened-cc1 -fstack-protector-strong -specs=/usr/lib/rpm/redhat/redhat-annobin-cc1  -m64  -mtune=generic -fasynchronous-unwind-tables -fstack-clash-protection -fcf-protection ' 'QMAKE_CXXFLAGS_RELEASE=-O2 -flto=auto -ffat-lto-objects -fexceptions -g -grecord-gcc-switches -pipe -Wall -Werror=format-security -Wp,-D_FORTIFY_SOURCE=2 -Wp,-D_GLIBCXX_ASSERTIONS -specs=/usr/lib/rpm/redhat/redhat-hardened-cc1 -fstack-protector-strong -specs=/usr/lib/rpm/redhat/redhat-annobin-cc1  -m64  -mtune=generic -fasynchronous-unwind-tables -fstack-clash-protection -fcf-protection ' 'QMAKE_LFLAGS_DEBUG=-Wl,-z,relro -Wl,--as-needed  -Wl,-z,now -specs=/usr/lib/rpm/redhat/redhat-hardened-ld ' 'QMAKE_LFLAGS_RELEASE=-Wl,-z,relro -Wl,--as-needed  -Wl,-z,now -specs=/usr/lib/rpm/redhat/redhat-hardened-ld ' QMAKE_STRIP= CONFIG+=configure LIBPREFIX=/usr/lib64 L_BINDIR=/usr/bin L_LIBDIR=/usr/lib64 L_SHAREDIR=/usr/share L_ETCDIR=/etc L_INCLUDEDIR=/usr/include L_MANDIR=/usr/share/man QT5LIBDIR=/usr QMAKE_LFLAGS+=-Wl,--as-needed ) && make -f Makefile 
cd lumina-session/ && ( test -e Makefile || /usr/lib64/qt5/bin/qmake -o Makefile /home/q5sys/git/lumina/src-qt5/core/lumina-session/lumina-session.pro 'QMAKE_CFLAGS_DEBUG=-O2 -flto=auto -ffat-lto-objects -fexceptions -g -grecord-gcc-switches -pipe -Wall -Werror=format-security -Wp,-D_FORTIFY_SOURCE=2 -Wp,-D_GLIBCXX_ASSERTIONS -specs=/usr/lib/rpm/redhat/redhat-hardened-cc1 -fstack-protector-strong -specs=/usr/lib/rpm/redhat/redhat-annobin-cc1  -m64  -mtune=generic -fasynchronous-unwind-tables -fstack-clash-protection -fcf-protection ' 'QMAKE_CFLAGS_RELEASE=-O2 -flto=auto -ffat-lto-objects -fexceptions -g -grecord-gcc-switches -pipe -Wall -Werror=format-security -Wp,-D_FORTIFY_SOURCE=2 -Wp,-D_GLIBCXX_ASSERTIONS -specs=/usr/lib/rpm/redhat/redhat-hardened-cc1 -fstack-protector-strong -specs=/usr/lib/rpm/redhat/redhat-annobin-cc1  -m64  -mtune=generic -fasynchronous-unwind-tables -fstack-clash-protection -fcf-protection ' 'QMAKE_CXXFLAGS_DEBUG=-O2 -flto=auto -ffat-lto-objects -fexceptions -g -grecord-gcc-switches -pipe -Wall -Werror=format-security -Wp,-D_FORTIFY_SOURCE=2 -Wp,-D_GLIBCXX_ASSERTIONS -specs=/usr/lib/rpm/redhat/redhat-hardened-cc1 -fstack-protector-strong -specs=/usr/lib/rpm/redhat/redhat-annobin-cc1  -m64  -mtune=generic -fasynchronous-unwind-tables -fstack-clash-protection -fcf-protection ' 'QMAKE_CXXFLAGS_RELEASE=-O2 -flto=auto -ffat-lto-objects -fexceptions -g -grecord-gcc-switches -pipe -Wall -Werror=format-security -Wp,-D_FORTIFY_SOURCE=2 -Wp,-D_GLIBCXX_ASSERTIONS -specs=/usr/lib/rpm/redhat/redhat-hardened-cc1 -fstack-protector-strong -specs=/usr/lib/rpm/redhat/redhat-annobin-cc1  -m64  -mtune=generic -fasynchronous-unwind-tables -fstack-clash-protection -fcf-protection ' 'QMAKE_LFLAGS_DEBUG=-Wl,-z,relro -Wl,--as-needed  -Wl,-z,now -specs=/usr/lib/rpm/redhat/redhat-hardened-ld ' 'QMAKE_LFLAGS_RELEASE=-Wl,-z,relro -Wl,--as-needed  -Wl,-z,now -specs=/usr/lib/rpm/redhat/redhat-hardened-ld ' QMAKE_STRIP= CONFIG+=configure LIBPREFIX=/usr/lib64 L_BINDIR=/usr/bin L_LIBDIR=/usr/lib64 L_SHAREDIR=/usr/share L_ETCDIR=/etc L_INCLUDEDIR=/usr/include L_MANDIR=/usr/share/man QT5LIBDIR=/usr QMAKE_LFLAGS+=-Wl,--as-needed ) && make -f Makefile 
cd lumina-open/ && ( test -e Makefile || /usr/lib64/qt5/bin/qmake -o Makefile /home/q5sys/git/lumina/src-qt5/core/lumina-open/lumina-open.pro 'QMAKE_CFLAGS_DEBUG=-O2 -flto=auto -ffat-lto-objects -fexceptions -g -grecord-gcc-switches -pipe -Wall -Werror=format-security -Wp,-D_FORTIFY_SOURCE=2 -Wp,-D_GLIBCXX_ASSERTIONS -specs=/usr/lib/rpm/redhat/redhat-hardened-cc1 -fstack-protector-strong -specs=/usr/lib/rpm/redhat/redhat-annobin-cc1  -m64  -mtune=generic -fasynchronous-unwind-tables -fstack-clash-protection -fcf-protection ' 'QMAKE_CFLAGS_RELEASE=-O2 -flto=auto -ffat-lto-objects -fexceptions -g -grecord-gcc-switches -pipe -Wall -Werror=format-security -Wp,-D_FORTIFY_SOURCE=2 -Wp,-D_GLIBCXX_ASSERTIONS -specs=/usr/lib/rpm/redhat/redhat-hardened-cc1 -fstack-protector-strong -specs=/usr/lib/rpm/redhat/redhat-annobin-cc1  -m64  -mtune=generic -fasynchronous-unwind-tables -fstack-clash-protection -fcf-protection ' 'QMAKE_CXXFLAGS_DEBUG=-O2 -flto=auto -ffat-lto-objects -fexceptions -g -grecord-gcc-switches -pipe -Wall -Werror=format-security -Wp,-D_FORTIFY_SOURCE=2 -Wp,-D_GLIBCXX_ASSERTIONS -specs=/usr/lib/rpm/redhat/redhat-hardened-cc1 -fstack-protector-strong -specs=/usr/lib/rpm/redhat/redhat-annobin-cc1  -m64  -mtune=generic -fasynchronous-unwind-tables -fstack-clash-protection -fcf-protection ' 'QMAKE_CXXFLAGS_RELEASE=-O2 -flto=auto -ffat-lto-objects -fexceptions -g -grecord-gcc-switches -pipe -Wall -Werror=format-security -Wp,-D_FORTIFY_SOURCE=2 -Wp,-D_GLIBCXX_ASSERTIONS -specs=/usr/lib/rpm/redhat/redhat-hardened-cc1 -fstack-protector-strong -specs=/usr/lib/rpm/redhat/redhat-annobin-cc1  -m64  -mtune=generic -fasynchronous-unwind-tables -fstack-clash-protection -fcf-protection ' 'QMAKE_LFLAGS_DEBUG=-Wl,-z,relro -Wl,--as-needed  -Wl,-z,now -specs=/usr/lib/rpm/redhat/redhat-hardened-ld ' 'QMAKE_LFLAGS_RELEASE=-Wl,-z,relro -Wl,--as-needed  -Wl,-z,now -specs=/usr/lib/rpm/redhat/redhat-hardened-ld ' QMAKE_STRIP= CONFIG+=configure LIBPREFIX=/usr/lib64 L_BINDIR=/usr/bin L_LIBDIR=/usr/lib64 L_SHAREDIR=/usr/share L_ETCDIR=/etc L_INCLUDEDIR=/usr/include L_MANDIR=/usr/share/man QT5LIBDIR=/usr QMAKE_LFLAGS+=-Wl,--as-needed ) && make -f Makefile 
cd lumina-info/ && ( test -e Makefile || /usr/lib64/qt5/bin/qmake -o Makefile /home/q5sys/git/lumina/src-qt5/core/lumina-info/lumina-info.pro 'QMAKE_CFLAGS_DEBUG=-O2 -flto=auto -ffat-lto-objects -fexceptions -g -grecord-gcc-switches -pipe -Wall -Werror=format-security -Wp,-D_FORTIFY_SOURCE=2 -Wp,-D_GLIBCXX_ASSERTIONS -specs=/usr/lib/rpm/redhat/redhat-hardened-cc1 -fstack-protector-strong -specs=/usr/lib/rpm/redhat/redhat-annobin-cc1  -m64  -mtune=generic -fasynchronous-unwind-tables -fstack-clash-protection -fcf-protection ' 'QMAKE_CFLAGS_RELEASE=-O2 -flto=auto -ffat-lto-objects -fexceptions -g -grecord-gcc-switches -pipe -Wall -Werror=format-security -Wp,-D_FORTIFY_SOURCE=2 -Wp,-D_GLIBCXX_ASSERTIONS -specs=/usr/lib/rpm/redhat/redhat-hardened-cc1 -fstack-protector-strong -specs=/usr/lib/rpm/redhat/redhat-annobin-cc1  -m64  -mtune=generic -fasynchronous-unwind-tables -fstack-clash-protection -fcf-protection ' 'QMAKE_CXXFLAGS_DEBUG=-O2 -flto=auto -ffat-lto-objects -fexceptions -g -grecord-gcc-switches -pipe -Wall -Werror=format-security -Wp,-D_FORTIFY_SOURCE=2 -Wp,-D_GLIBCXX_ASSERTIONS -specs=/usr/lib/rpm/redhat/redhat-hardened-cc1 -fstack-protector-strong -specs=/usr/lib/rpm/redhat/redhat-annobin-cc1  -m64  -mtune=generic -fasynchronous-unwind-tables -fstack-clash-protection -fcf-protection ' 'QMAKE_CXXFLAGS_RELEASE=-O2 -flto=auto -ffat-lto-objects -fexceptions -g -grecord-gcc-switches -pipe -Wall -Werror=format-security -Wp,-D_FORTIFY_SOURCE=2 -Wp,-D_GLIBCXX_ASSERTIONS -specs=/usr/lib/rpm/redhat/redhat-hardened-cc1 -fstack-protector-strong -specs=/usr/lib/rpm/redhat/redhat-annobin-cc1  -m64  -mtune=generic -fasynchronous-unwind-tables -fstack-clash-protection -fcf-protection ' 'QMAKE_LFLAGS_DEBUG=-Wl,-z,relro -Wl,--as-needed  -Wl,-z,now -specs=/usr/lib/rpm/redhat/redhat-hardened-ld ' 'QMAKE_LFLAGS_RELEASE=-Wl,-z,relro -Wl,--as-needed  -Wl,-z,now -specs=/usr/lib/rpm/redhat/redhat-hardened-ld ' QMAKE_STRIP= CONFIG+=configure LIBPREFIX=/usr/lib64 L_BINDIR=/usr/bin L_LIBDIR=/usr/lib64 L_SHAREDIR=/usr/share L_ETCDIR=/etc L_INCLUDEDIR=/usr/include L_MANDIR=/usr/share/man QT5LIBDIR=/usr QMAKE_LFLAGS+=-Wl,--as-needed ) && make -f Makefile 
Project MESSAGE: Build OS Info: Linux, x86_64, #1 SMP Wed Jun 23 16:18:11 UTC 2021
Project MESSAGE:  - Detected Qt Version: 5.15.2
Project MESSAGE: Build OS Info: Linux, x86_64, #1 SMP Wed Jun 23 16:18:11 UTC 2021
Project MESSAGE:  - Detected Qt Version: 5.15.2
Project MESSAGE: Build Settings Loaded: Linux -
Project MESSAGE: Build Settings Loaded: Linux -
Project MESSAGE: Build OS Info: Linux, x86_64, #1 SMP Wed Jun 23 16:18:11 UTC 2021
Project MESSAGE:  - Detected Qt Version: 5.15.2
Project MESSAGE: Build Settings Loaded: Linux -
Project MESSAGE: Build OS Info: Linux, x86_64, #1 SMP Wed Jun 23 16:18:11 UTC 2021
Project MESSAGE:  - Detected Qt Version: 5.15.2
Project MESSAGE: Build Settings Loaded: Linux -
make[3]: Entering directory '/home/q5sys/git/lumina/src-qt5/core/lumina-open'
/usr/lib64/qt5/bin/uic LFileDialog.ui -o .build/ui/ui_LFileDialog.h
make[3]: Entering directory '/home/q5sys/git/lumina/src-qt5/core/lumina-session'
g++ -c -pipe -O2 -flto=auto -ffat-lto-objects -fexceptions -g -grecord-gcc-switches -pipe -Wall -Werror=format-security -Wp,-D_FORTIFY_SOURCE=2 -Wp,-D_GLIBCXX_ASSERTIONS -specs=/usr/lib/rpm/redhat/redhat-hardened-cc1 -fstack-protector-strong -specs=/usr/lib/rpm/redhat/redhat-annobin-cc1 -m64 -mtune=generic -fasynchronous-unwind-tables -fstack-clash-protection -fcf-protection -std=gnu++11 -Wall -Wextra -D_REENTRANT -fPIC -DPREFIX=QString\(\"/usr\"\) -DL_ETCDIR=QString\(\"/etc\"\) -DL_SHAREDIR=QString\(\"/usr/share\"\) -DGIT_VERSION="\"a88ea52f\"" -DQT_NO_DEBUG -DQT_SVG_LIB -DQT_WIDGETS_LIB -DQT_X11EXTRAS_LIB -DQT_MULTIMEDIA_LIB -DQT_GUI_LIB -DQT_CONCURRENT_LIB -DQT_NETWORK_LIB -DQT_CORE_LIB -I. -I../libLumina -I/usr/include/qt5 -I/usr -I/usr/include -I/home/q5sys/git/lumina/src-qt5/core/lumina-session -I/usr/include/qt5/QtSvg -I/usr/include/qt5/QtWidgets -I/usr/include/qt5/QtX11Extras -I/usr/include/qt5/QtMultimedia -I/usr/include/qt5/QtGui -I/usr/include/qt5/QtConcurrent -I/usr/include/qt5/QtNetwork -I/usr/include/qt5/QtCore -I.build/moc -I/usr/lib64/qt5/mkspecs/linux-g++ -o .build/obj/LDesktopUtils.o ../libLumina/LDesktopUtils.cpp
make[3]: Entering directory '/home/q5sys/git/lumina/src-qt5/core/lumina-info'
/usr/lib64/qt5/bin/uic MainUI.ui -o .build/ui/ui_MainUI.h
g++ -c -pipe -O2 -flto=auto -ffat-lto-objects -fexceptions -g -grecord-gcc-switches -pipe -Wall -Werror=format-security -Wp,-D_FORTIFY_SOURCE=2 -Wp,-D_GLIBCXX_ASSERTIONS -specs=/usr/lib/rpm/redhat/redhat-hardened-cc1 -fstack-protector-strong -specs=/usr/lib/rpm/redhat/redhat-annobin-cc1 -m64 -mtune=generic -fasynchronous-unwind-tables -fstack-clash-protection -fcf-protection -std=gnu++11 -Wall -Wextra -D_REENTRANT -fPIC -DPREFIX=QString\(\"/usr\"\) -DL_ETCDIR=QString\(\"/etc\"\) -DL_SHAREDIR=QString\(\"/usr/share\"\) -DGIT_VERSION="\"a88ea52f\"" -DQT_NO_DEBUG -DQT_SVG_LIB -DQT_WIDGETS_LIB -DQT_X11EXTRAS_LIB -DQT_MULTIMEDIA_LIB -DQT_GUI_LIB -DQT_NETWORK_LIB -DQT_CONCURRENT_LIB -DQT_CORE_LIB -I. -I../libLumina -I/usr/include/qt5 -I/usr -I/usr/include -I/home/q5sys/git/lumina/src-qt5/core/lumina-open -I/usr/include/qt5/QtSvg -I/usr/include/qt5/QtWidgets -I/usr/include/qt5/QtX11Extras -I/usr/include/qt5/QtMultimedia -I/usr/include/qt5/QtGui -I/usr/include/qt5/QtNetwork -I/usr/include/qt5/QtConcurrent -I/usr/include/qt5/QtCore -I.build/moc -I.build/ui -I/usr/lib64/qt5/mkspecs/linux-g++ -o .build/obj/LuminaXDG.o ../libLumina/LuminaXDG.cpp
g++ -c -pipe -O2 -flto=auto -ffat-lto-objects -fexceptions -g -grecord-gcc-switches -pipe -Wall -Werror=format-security -Wp,-D_FORTIFY_SOURCE=2 -Wp,-D_GLIBCXX_ASSERTIONS -specs=/usr/lib/rpm/redhat/redhat-hardened-cc1 -fstack-protector-strong -specs=/usr/lib/rpm/redhat/redhat-annobin-cc1 -m64 -mtune=generic -fasynchronous-unwind-tables -fstack-clash-protection -fcf-protection -std=gnu++11 -Wall -Wextra -D_REENTRANT -fPIC -DPREFIX=QString\(\"/usr\"\) -DL_ETCDIR=QString\(\"/etc\"\) -DL_SHAREDIR=QString\(\"/usr/share\"\) -DGIT_VERSION="\"a88ea52f\"" -DQT_NO_DEBUG -DQT_SVG_LIB -DQT_WIDGETS_LIB -DQT_MULTIMEDIA_LIB -DQT_X11EXTRAS_LIB -DQT_GUI_LIB -DQT_NETWORK_LIB -DQT_CONCURRENT_LIB -DQT_CORE_LIB -I. -I../libLumina -I/usr/include/qt5 -I/usr -I/usr/include -I/home/q5sys/git/lumina/src-qt5/core/lumina-info -I/usr/include/qt5/QtSvg -I/usr/include/qt5/QtWidgets -I/usr/include/qt5/QtMultimedia -I/usr/include/qt5/QtX11Extras -I/usr/include/qt5/QtGui -I/usr/include/qt5/QtNetwork -I/usr/include/qt5/QtConcurrent -I/usr/include/qt5/QtCore -I.build/moc -I.build/ui -I/usr/lib64/qt5/mkspecs/linux-g++ -o .build/obj/LDesktopUtils.o ../libLumina/LDesktopUtils.cpp
make[3]: Entering directory '/home/q5sys/git/lumina/src-qt5/core/lumina-desktop'
/usr/lib64/qt5/bin/uic SystemWindow.ui -o .build/ui/ui_SystemWindow.h
/usr/lib64/qt5/bin/uic BootSplash.ui -o .build/ui/ui_BootSplash.h
/usr/lib64/qt5/bin/uic src-screensaver/LLockScreen.ui -o .build/ui/ui_LLockScreen.h
/usr/lib64/qt5/bin/uic panel-plugins/userbutton/UserWidget.ui -o .build/ui/ui_UserWidget.h
/usr/lib64/qt5/bin/uic panel-plugins/systemdashboard/SysMenuQuick.ui -o .build/ui/ui_SysMenuQuick.h
/usr/lib64/qt5/bin/uic panel-plugins/systemstart/StartMenu.ui -o .build/ui/ui_StartMenu.h
/usr/lib64/qt5/bin/uic panel-plugins/audioplayer/PPlayerWidget.ui -o .build/ui/ui_PPlayerWidget.h
/usr/lib64/qt5/bin/uic desktop-plugins/audioplayer/PlayerWidget.ui -o .build/ui/ui_PlayerWidget.h
/usr/lib64/qt5/bin/uic desktop-plugins/systemmonitor/MonitorWidget.ui -o .build/ui/ui_MonitorWidget.h
/usr/lib64/qt5/bin/uic desktop-plugins/rssreader/RSSFeedPlugin.ui -o .build/ui/ui_RSSFeedPlugin.h
g++ -c -pipe -O2 -flto=auto -ffat-lto-objects -fexceptions -g -grecord-gcc-switches -pipe -Wall -Werror=format-security -Wp,-D_FORTIFY_SOURCE=2 -Wp,-D_GLIBCXX_ASSERTIONS -specs=/usr/lib/rpm/redhat/redhat-hardened-cc1 -fstack-protector-strong -specs=/usr/lib/rpm/redhat/redhat-annobin-cc1 -m64 -mtune=generic -fasynchronous-unwind-tables -fstack-clash-protection -fcf-protection -std=gnu++11 -Wall -Wextra -D_REENTRANT -fPIC -DPREFIX=QString\(\"/usr\"\) -DL_ETCDIR=QString\(\"/etc\"\) -DL_SHAREDIR=QString\(\"/usr/share\"\) -DGIT_VERSION="\"a88ea52f\"" -DQT_NO_DEBUG -DQT_MULTIMEDIAWIDGETS_LIB -DQT_SVG_LIB -DQT_WIDGETS_LIB -DQT_X11EXTRAS_LIB -DQT_MULTIMEDIA_LIB -DQT_QUICK_LIB -DQT_GUI_LIB -DQT_QMLMODELS_LIB -DQT_QML_LIB -DQT_NETWORK_LIB -DQT_CONCURRENT_LIB -DQT_CORE_LIB -I. -I../libLumina -I/usr/include/qt5 -I/usr -I/usr/include -I/home/q5sys/git/lumina/src-qt5/core/lumina-desktop -I../../src-cpp -Isrc-screensaver -I/usr/include/qt5/QtMultimediaWidgets -I/usr/include/qt5/QtSvg -I/usr/include/qt5/QtWidgets -I/usr/include/qt5/QtX11Extras -I/usr/include/qt5/QtMultimedia -I/usr/include/qt5/QtQuick -I/usr/include/qt5/QtGui -I/usr/include/qt5/QtQmlModels -I/usr/include/qt5/QtQml -I/usr/include/qt5/QtNetwork -I/usr/include/qt5/QtConcurrent -I/usr/include/qt5/QtCore -I.build/moc -I.build/ui -I/usr/lib64/qt5/mkspecs/linux-g++ -o .build/obj/ResizeMenu.o ../libLumina/ResizeMenu.cpp
../libLumina/LDesktopUtils.cpp: In static member function ‘static void LDesktopUtils::LoadSystemDefaults(bool)’:
../libLumina/LDesktopUtils.cpp:405:70: warning: ‘QStringList QString::split(const QString&, QString::SplitBehavior, Qt::CaseSensitivity) const’ is deprecated: Use Qt::SplitBehavior variant instead [-Wdeprecated-declarations]
  405 |     else if(var=="theme_styles"){ LTHEME::setCurrentStyles( val.split(",",QString::SkipEmptyParts) ); }
      |                                                             ~~~~~~~~~^~~~~~~~~~~~~~~~~~~~~~~~~~~~~
In file included from /usr/include/qt5/QtCore/QString:1,
                 from ../libLumina/LDesktopUtils.h:10,
                 from ../libLumina/LDesktopUtils.cpp:7:
/usr/include/qt5/QtCore/qstring.h:609:17: note: declared here
  609 |     QStringList split(const QString &sep, SplitBehavior behavior,
      |                 ^~~~~
../libLumina/LDesktopUtils.cpp:474:24: warning: ‘static int QProcess::execute(const QString&)’ is deprecated: Use QProcess::execute(const QString &program, const QStringList &arguments) instead [-Wdeprecated-declarations]
  474 |       QProcess::execute(val);
      |       ~~~~~~~~~~~~~~~~~^~~~~
In file included from /usr/include/qt5/QtCore/QProcess:1,
                 from ../libLumina/LUtils.h:11,
                 from ../libLumina/LDesktopUtils.h:18,
                 from ../libLumina/LDesktopUtils.cpp:7:
/usr/include/qt5/QtCore/qprocess.h:265:16: note: declared here
  265 |     static int execute(const QString &command);
      |                ^~~~~~~
../libLumina/LuminaXDG.cpp: In member function ‘void XDGDesktop::sync()’:
../libLumina/LuminaXDG.cpp:117:65: warning: ‘QStringList QString::split(const QString&, QString::SplitBehavior, Qt::CaseSensitivity) const’ is deprecated: Use Qt::SplitBehavior variant instead [-Wdeprecated-declarations]
  117 |     else if(var=="Categories" && insection){ catList = val.split(";",QString::SkipEmptyParts); }
      |                                                        ~~~~~~~~~^~~~~~~~~~~~~~~~~~~~~~~~~~~~~
In file included from /usr/include/qt5/QtCore/qobject.h:47,
                 from /usr/include/qt5/QtCore/qiodevice.h:45,
                 from /usr/include/qt5/QtCore/qfiledevice.h:43,
                 from /usr/include/qt5/QtCore/qfile.h:44,
                 from /usr/include/qt5/QtCore/QFile:1,
                 from ../libLumina/LuminaXDG.h:18,
                 from ../libLumina/LuminaXDG.cpp:7:
/usr/include/qt5/QtCore/qstring.h:609:17: note: declared here
  609 |     QStringList split(const QString &sep, SplitBehavior behavior,
      |                 ^~~~~
../libLumina/LuminaXDG.cpp:118:68: warning: ‘QStringList QString::split(const QString&, QString::SplitBehavior, Qt::CaseSensitivity) const’ is deprecated: Use Qt::SplitBehavior variant instead [-Wdeprecated-declarations]
  118 |     else if(var=="OnlyShowIn" && insection){ showInList = val.split(";",QString::SkipEmptyParts); }
      |                                                           ~~~~~~~~~^~~~~~~~~~~~~~~~~~~~~~~~~~~~~
In file included from /usr/include/qt5/QtCore/qobject.h:47,
                 from /usr/include/qt5/QtCore/qiodevice.h:45,
                 from /usr/include/qt5/QtCore/qfiledevice.h:43,
                 from /usr/include/qt5/QtCore/qfile.h:44,
                 from /usr/include/qt5/QtCore/QFile:1,
                 from ../libLumina/LuminaXDG.h:18,
                 from ../libLumina/LuminaXDG.cpp:7:
/usr/include/qt5/QtCore/qstring.h:609:17: note: declared here
  609 |     QStringList split(const QString &sep, SplitBehavior behavior,
      |                 ^~~~~
../libLumina/LuminaXDG.cpp:119:70: warning: ‘QStringList QString::split(const QString&, QString::SplitBehavior, Qt::CaseSensitivity) const’ is deprecated: Use Qt::SplitBehavior variant instead [-Wdeprecated-declarations]
  119 |     else if(var=="NotShowIn" && insection){ notShowInList = val.split(";",QString::SkipEmptyParts); }
      |                                                             ~~~~~~~~~^~~~~~~~~~~~~~~~~~~~~~~~~~~~~
In file included from /usr/include/qt5/QtCore/qobject.h:47,
                 from /usr/include/qt5/QtCore/qiodevice.h:45,
                 from /usr/include/qt5/QtCore/qfiledevice.h:43,
                 from /usr/include/qt5/QtCore/qfile.h:44,
                 from /usr/include/qt5/QtCore/QFile:1,
                 from ../libLumina/LuminaXDG.h:18,
                 from ../libLumina/LuminaXDG.cpp:7:
/usr/include/qt5/QtCore/qstring.h:609:17: note: declared here
  609 |     QStringList split(const QString &sep, SplitBehavior behavior,
      |                 ^~~~~
../libLumina/LDesktopUtils.cpp: In static member function ‘static void LDesktopUtils::LoadSystemDefaults(bool)’:
../libLumina/LDesktopUtils.cpp:405:70: warning: ‘QStringList QString::split(const QString&, QString::SplitBehavior, Qt::CaseSensitivity) const’ is deprecated: Use Qt::SplitBehavior variant instead [-Wdeprecated-declarations]
  405 |     else if(var=="theme_styles"){ LTHEME::setCurrentStyles( val.split(",",QString::SkipEmptyParts) ); }
      |                                                             ~~~~~~~~~^~~~~~~~~~~~~~~~~~~~~~~~~~~~~
In file included from /usr/include/qt5/QtCore/QString:1,
                 from ../libLumina/LDesktopUtils.h:10,
                 from ../libLumina/LDesktopUtils.cpp:7:
/usr/include/qt5/QtCore/qstring.h:609:17: note: declared here
  609 |     QStringList split(const QString &sep, SplitBehavior behavior,
      |                 ^~~~~
../libLumina/LuminaXDG.cpp:121:65: warning: ‘QStringList QString::split(const QString&, QString::SplitBehavior, Qt::CaseSensitivity) const’ is deprecated: Use Qt::SplitBehavior variant instead [-Wdeprecated-declarations]
  121 |     else if(var=="Actions" && insection){ actionList = val.split(";",QString::SkipEmptyParts); }
      |                                                        ~~~~~~~~~^~~~~~~~~~~~~~~~~~~~~~~~~~~~~
In file included from /usr/include/qt5/QtCore/qobject.h:47,
                 from /usr/include/qt5/QtCore/qiodevice.h:45,
                 from /usr/include/qt5/QtCore/qfiledevice.h:43,
                 from /usr/include/qt5/QtCore/qfile.h:44,
                 from /usr/include/qt5/QtCore/QFile:1,
                 from ../libLumina/LuminaXDG.h:18,
                 from ../libLumina/LuminaXDG.cpp:7:
/usr/include/qt5/QtCore/qstring.h:609:17: note: declared here
  609 |     QStringList split(const QString &sep, SplitBehavior behavior,
      |                 ^~~~~
../libLumina/LuminaXDG.cpp:122:64: warning: ‘QStringList QString::split(const QString&, QString::SplitBehavior, Qt::CaseSensitivity) const’ is deprecated: Use Qt::SplitBehavior variant instead [-Wdeprecated-declarations]
  122 |     else if(var=="MimeType" && insection){ mimeList = val.split(";",QString::SkipEmptyParts); }
      |                                                       ~~~~~~~~~^~~~~~~~~~~~~~~~~~~~~~~~~~~~~
In file included from /usr/include/qt5/QtCore/qobject.h:47,
                 from /usr/include/qt5/QtCore/qiodevice.h:45,
                 from /usr/include/qt5/QtCore/qfiledevice.h:43,
                 from /usr/include/qt5/QtCore/qfile.h:44,
                 from /usr/include/qt5/QtCore/QFile:1,
                 from ../libLumina/LuminaXDG.h:18,
                 from ../libLumina/LuminaXDG.cpp:7:
/usr/include/qt5/QtCore/qstring.h:609:17: note: declared here
  609 |     QStringList split(const QString &sep, SplitBehavior behavior,
      |                 ^~~~~
../libLumina/LuminaXDG.cpp:124:66: warning: ‘QStringList QString::split(const QString&, QString::SplitBehavior, Qt::CaseSensitivity) const’ is deprecated: Use Qt::SplitBehavior variant instead [-Wdeprecated-declarations]
  124 |       if(keyList.isEmpty() && loc.isEmpty()){ keyList = val.split(";",QString::SkipEmptyParts); }
      |                                                         ~~~~~~~~~^~~~~~~~~~~~~~~~~~~~~~~~~~~~~
In file included from /usr/include/qt5/QtCore/qobject.h:47,
                 from /usr/include/qt5/QtCore/qiodevice.h:45,
                 from /usr/include/qt5/QtCore/qfiledevice.h:43,
                 from /usr/include/qt5/QtCore/qfile.h:44,
                 from /usr/include/qt5/QtCore/QFile:1,
                 from ../libLumina/LuminaXDG.h:18,
                 from ../libLumina/LuminaXDG.cpp:7:
/usr/include/qt5/QtCore/qstring.h:609:17: note: declared here
  609 |     QStringList split(const QString &sep, SplitBehavior behavior,
      |                 ^~~~~
../libLumina/LuminaXDG.cpp:125:48: warning: ‘QStringList QString::split(const QString&, QString::SplitBehavior, Qt::CaseSensitivity) const’ is deprecated: Use Qt::SplitBehavior variant instead [-Wdeprecated-declarations]
  125 |       else if(loc == lang){ keyList = val.split(";",QString::SkipEmptyParts); }
      |                                       ~~~~~~~~~^~~~~~~~~~~~~~~~~~~~~~~~~~~~~
In file included from /usr/include/qt5/QtCore/qobject.h:47,
                 from /usr/include/qt5/QtCore/qiodevice.h:45,
                 from /usr/include/qt5/QtCore/qfiledevice.h:43,
                 from /usr/include/qt5/QtCore/qfile.h:44,
                 from /usr/include/qt5/QtCore/QFile:1,
                 from ../libLumina/LuminaXDG.h:18,
                 from ../libLumina/LuminaXDG.cpp:7:
/usr/include/qt5/QtCore/qstring.h:609:17: note: declared here
  609 |     QStringList split(const QString &sep, SplitBehavior behavior,
      |                 ^~~~~
../libLumina/LDesktopUtils.cpp:474:24: warning: ‘static int QProcess::execute(const QString&)’ is deprecated: Use QProcess::execute(const QString &program, const QStringList &arguments) instead [-Wdeprecated-declarations]
  474 |       QProcess::execute(val);
      |       ~~~~~~~~~~~~~~~~~^~~~~
In file included from /usr/include/qt5/QtCore/QProcess:1,
                 from ../libLumina/LUtils.h:11,
                 from ../libLumina/LDesktopUtils.h:18,
                 from ../libLumina/LDesktopUtils.cpp:7:
/usr/include/qt5/QtCore/qprocess.h:265:16: note: declared here
  265 |     static int execute(const QString &command);
      |                ^~~~~~~
../libLumina/LuminaXDG.cpp: In static member function ‘static QStringList LXDG::getIconThemeDepChain(QString, QStringList)’:
../libLumina/LuminaXDG.cpp:1042:52: warning: ‘QStringList QString::split(const QString&, QString::SplitBehavior, Qt::CaseSensitivity) const’ is deprecated: Use Qt::SplitBehavior variant instead [-Wdeprecated-declarations]
 1042 |         deps = deps.first().section("=",1,-1).split(";",QString::SkipEmptyParts);
      |                ~~~~~~~~~~~~~~~~~~~~~~~~~~~~~~~~~~~~^~~~~~~~~~~~~~~~~~~~~~~~~~~~~
In file included from /usr/include/qt5/QtCore/qobject.h:47,
                 from /usr/include/qt5/QtCore/qiodevice.h:45,
                 from /usr/include/qt5/QtCore/qfiledevice.h:43,
                 from /usr/include/qt5/QtCore/qfile.h:44,
                 from /usr/include/qt5/QtCore/QFile:1,
                 from ../libLumina/LuminaXDG.h:18,
                 from ../libLumina/LuminaXDG.cpp:7:
/usr/include/qt5/QtCore/qstring.h:609:17: note: declared here
  609 |     QStringList split(const QString &sep, SplitBehavior behavior,
      |                 ^~~~~
../libLumina/LuminaXDG.cpp: In static member function ‘static QStringList LXDG::findAvailableAppsForMime(QString)’:
../libLumina/LuminaXDG.cpp:1310:62: warning: ‘QStringList QString::split(const QString&, QString::SplitBehavior, Qt::CaseSensitivity) const’ is deprecated: Use Qt::SplitBehavior variant instead [-Wdeprecated-declarations]
 1310 |         QStringList files = matches[j].section("=",1,1).split(";",QString::SkipEmptyParts);
      |                             ~~~~~~~~~~~~~~~~~~~~~~~~~~~~~~~~~^~~~~~~~~~~~~~~~~~~~~~~~~~~~~
In file included from /usr/include/qt5/QtCore/qobject.h:47,
                 from /usr/include/qt5/QtCore/qiodevice.h:45,
                 from /usr/include/qt5/QtCore/qfiledevice.h:43,
                 from /usr/include/qt5/QtCore/qfile.h:44,
                 from /usr/include/qt5/QtCore/QFile:1,
                 from ../libLumina/LuminaXDG.h:18,
                 from ../libLumina/LuminaXDG.cpp:7:
/usr/include/qt5/QtCore/qstring.h:609:17: note: declared here
  609 |     QStringList split(const QString &sep, SplitBehavior behavior,
      |                 ^~~~~
../libLumina/LDesktopUtils.cpp: In static member function ‘static bool LDesktopUtils::checkUserFiles(QString, QString)’:
../libLumina/LDesktopUtils.cpp:517:58: warning: ignoring return value of ‘int system(const char*)’ declared with attribute ‘warn_unused_result’ [-Wunused-result]
  517 |     if( oldversion < 100000 && nversion>=100000 ){ system("rm -rf ~/.lumina"); qDebug() << "Current desktop settings obsolete: Re-implementing defaults"; }
      |                                                    ~~~~~~^~~~~~~~~~~~~~~~~~~~
../libLumina/LDesktopUtils.cpp: In static member function ‘static bool LDesktopUtils::checkUserFiles(QString, QString)’:
../libLumina/LDesktopUtils.cpp:517:58: warning: ignoring return value of ‘int system(const char*)’ declared with attribute ‘warn_unused_result’ [-Wunused-result]
  517 |     if( oldversion < 100000 && nversion>=100000 ){ system("rm -rf ~/.lumina"); qDebug() << "Current desktop settings obsolete: Re-implementing defaults"; }
      |                                                    ~~~~~~^~~~~~~~~~~~~~~~~~~~
g++ -c -pipe -O2 -flto=auto -ffat-lto-objects -fexceptions -g -grecord-gcc-switches -pipe -Wall -Werror=format-security -Wp,-D_FORTIFY_SOURCE=2 -Wp,-D_GLIBCXX_ASSERTIONS -specs=/usr/lib/rpm/redhat/redhat-hardened-cc1 -fstack-protector-strong -specs=/usr/lib/rpm/redhat/redhat-annobin-cc1 -m64 -mtune=generic -fasynchronous-unwind-tables -fstack-clash-protection -fcf-protection -std=gnu++11 -Wall -Wextra -D_REENTRANT -fPIC -DPREFIX=QString\(\"/usr\"\) -DL_ETCDIR=QString\(\"/etc\"\) -DL_SHAREDIR=QString\(\"/usr/share\"\) -DGIT_VERSION="\"a88ea52f\"" -DQT_NO_DEBUG -DQT_MULTIMEDIAWIDGETS_LIB -DQT_SVG_LIB -DQT_WIDGETS_LIB -DQT_X11EXTRAS_LIB -DQT_MULTIMEDIA_LIB -DQT_QUICK_LIB -DQT_GUI_LIB -DQT_QMLMODELS_LIB -DQT_QML_LIB -DQT_NETWORK_LIB -DQT_CONCURRENT_LIB -DQT_CORE_LIB -I. -I../libLumina -I/usr/include/qt5 -I/usr -I/usr/include -I/home/q5sys/git/lumina/src-qt5/core/lumina-desktop -I../../src-cpp -Isrc-screensaver -I/usr/include/qt5/QtMultimediaWidgets -I/usr/include/qt5/QtSvg -I/usr/include/qt5/QtWidgets -I/usr/include/qt5/QtX11Extras -I/usr/include/qt5/QtMultimedia -I/usr/include/qt5/QtQuick -I/usr/include/qt5/QtGui -I/usr/include/qt5/QtQmlModels -I/usr/include/qt5/QtQml -I/usr/include/qt5/QtNetwork -I/usr/include/qt5/QtConcurrent -I/usr/include/qt5/QtCore -I.build/moc -I.build/ui -I/usr/lib64/qt5/mkspecs/linux-g++ -o .build/obj/LDesktopUtils.o ../libLumina/LDesktopUtils.cpp
../libLumina/LDesktopUtils.cpp: In static member function ‘static void LDesktopUtils::LoadSystemDefaults(bool)’:
../libLumina/LDesktopUtils.cpp:405:70: warning: ‘QStringList QString::split(const QString&, QString::SplitBehavior, Qt::CaseSensitivity) const’ is deprecated: Use Qt::SplitBehavior variant instead [-Wdeprecated-declarations]
  405 |     else if(var=="theme_styles"){ LTHEME::setCurrentStyles( val.split(",",QString::SkipEmptyParts) ); }
      |                                                             ~~~~~~~~~^~~~~~~~~~~~~~~~~~~~~~~~~~~~~
In file included from /usr/include/qt5/QtCore/QString:1,
                 from ../libLumina/LDesktopUtils.h:10,
                 from ../libLumina/LDesktopUtils.cpp:7:
/usr/include/qt5/QtCore/qstring.h:609:17: note: declared here
  609 |     QStringList split(const QString &sep, SplitBehavior behavior,
      |                 ^~~~~
../libLumina/LDesktopUtils.cpp:474:24: warning: ‘static int QProcess::execute(const QString&)’ is deprecated: Use QProcess::execute(const QString &program, const QStringList &arguments) instead [-Wdeprecated-declarations]
  474 |       QProcess::execute(val);
      |       ~~~~~~~~~~~~~~~~~^~~~~
In file included from /usr/include/qt5/QtCore/QProcess:1,
                 from ../libLumina/LUtils.h:11,
                 from ../libLumina/LDesktopUtils.h:18,
                 from ../libLumina/LDesktopUtils.cpp:7:
/usr/include/qt5/QtCore/qprocess.h:265:16: note: declared here
  265 |     static int execute(const QString &command);
      |                ^~~~~~~
../libLumina/LDesktopUtils.cpp: In static member function ‘static bool LDesktopUtils::checkUserFiles(QString, QString)’:
../libLumina/LDesktopUtils.cpp:517:58: warning: ignoring return value of ‘int system(const char*)’ declared with attribute ‘warn_unused_result’ [-Wunused-result]
  517 |     if( oldversion < 100000 && nversion>=100000 ){ system("rm -rf ~/.lumina"); qDebug() << "Current desktop settings obsolete: Re-implementing defaults"; }
      |                                                    ~~~~~~^~~~~~~~~~~~~~~~~~~~
g++ -c -pipe -O2 -flto=auto -ffat-lto-objects -fexceptions -g -grecord-gcc-switches -pipe -Wall -Werror=format-security -Wp,-D_FORTIFY_SOURCE=2 -Wp,-D_GLIBCXX_ASSERTIONS -specs=/usr/lib/rpm/redhat/redhat-hardened-cc1 -fstack-protector-strong -specs=/usr/lib/rpm/redhat/redhat-annobin-cc1 -m64 -mtune=generic -fasynchronous-unwind-tables -fstack-clash-protection -fcf-protection -std=gnu++11 -Wall -Wextra -D_REENTRANT -fPIC -DPREFIX=QString\(\"/usr\"\) -DL_ETCDIR=QString\(\"/etc\"\) -DL_SHAREDIR=QString\(\"/usr/share\"\) -DGIT_VERSION="\"a88ea52f\"" -DQT_NO_DEBUG -DQT_SVG_LIB -DQT_WIDGETS_LIB -DQT_MULTIMEDIA_LIB -DQT_X11EXTRAS_LIB -DQT_GUI_LIB -DQT_NETWORK_LIB -DQT_CONCURRENT_LIB -DQT_CORE_LIB -I. -I../libLumina -I/usr/include/qt5 -I/usr -I/usr/include -I/home/q5sys/git/lumina/src-qt5/core/lumina-info -I/usr/include/qt5/QtSvg -I/usr/include/qt5/QtWidgets -I/usr/include/qt5/QtMultimedia -I/usr/include/qt5/QtX11Extras -I/usr/include/qt5/QtGui -I/usr/include/qt5/QtNetwork -I/usr/include/qt5/QtConcurrent -I/usr/include/qt5/QtCore -I.build/moc -I.build/ui -I/usr/lib64/qt5/mkspecs/linux-g++ -o .build/obj/LuminaOS-Linux.o ../libLumina/LuminaOS-Linux.cpp
g++ -c -pipe -O2 -flto=auto -ffat-lto-objects -fexceptions -g -grecord-gcc-switches -pipe -Wall -Werror=format-security -Wp,-D_FORTIFY_SOURCE=2 -Wp,-D_GLIBCXX_ASSERTIONS -specs=/usr/lib/rpm/redhat/redhat-hardened-cc1 -fstack-protector-strong -specs=/usr/lib/rpm/redhat/redhat-annobin-cc1 -m64 -mtune=generic -fasynchronous-unwind-tables -fstack-clash-protection -fcf-protection -std=gnu++11 -Wall -Wextra -D_REENTRANT -fPIC -DPREFIX=QString\(\"/usr\"\) -DL_ETCDIR=QString\(\"/etc\"\) -DL_SHAREDIR=QString\(\"/usr/share\"\) -DGIT_VERSION="\"a88ea52f\"" -DQT_NO_DEBUG -DQT_SVG_LIB -DQT_WIDGETS_LIB -DQT_X11EXTRAS_LIB -DQT_MULTIMEDIA_LIB -DQT_GUI_LIB -DQT_CONCURRENT_LIB -DQT_NETWORK_LIB -DQT_CORE_LIB -I. -I../libLumina -I/usr/include/qt5 -I/usr -I/usr/include -I/home/q5sys/git/lumina/src-qt5/core/lumina-session -I/usr/include/qt5/QtSvg -I/usr/include/qt5/QtWidgets -I/usr/include/qt5/QtX11Extras -I/usr/include/qt5/QtMultimedia -I/usr/include/qt5/QtGui -I/usr/include/qt5/QtConcurrent -I/usr/include/qt5/QtNetwork -I/usr/include/qt5/QtCore -I.build/moc -I/usr/lib64/qt5/mkspecs/linux-g++ -o .build/obj/LuminaOS-Linux.o ../libLumina/LuminaOS-Linux.cpp
../libLumina/LuminaOS-Linux.cpp: In static member function ‘static void LOS::startMixerUtility()’:
../libLumina/LuminaOS-Linux.cpp:134:26: warning: ‘static bool QProcess::startDetached(const QString&)’ is deprecated: Use QProcess::startDetached(const QString &program, const QStringList &arguments) instead [-Wdeprecated-declarations]
  134 |   QProcess::startDetached(LOS::AppPrefix() + "bin/pavucontrol");
      |   ~~~~~~~~~~~~~~~~~~~~~~~^~~~~~~~~~~~~~~~~~~~~~~~~~~~~~~~~~~~~~
In file included from /usr/include/qt5/QtCore/QProcess:1,
                 from ../libLumina/LuminaOS.h:17,
                 from ../libLumina/LuminaOS-Linux.cpp:9:
/usr/include/qt5/QtCore/qprocess.h:280:17: note: declared here
  280 |     static bool startDetached(const QString &command);
      |                 ^~~~~~~~~~~~~
../libLumina/LuminaOS-Linux.cpp: In static member function ‘static void LOS::systemShutdown(bool)’:
../libLumina/LuminaOS-Linux.cpp:155:26: warning: ‘static bool QProcess::startDetached(const QString&)’ is deprecated: Use QProcess::startDetached(const QString &program, const QStringList &arguments) instead [-Wdeprecated-declarations]
  155 |   QProcess::startDetached("shutdown -P -h now");
      |   ~~~~~~~~~~~~~~~~~~~~~~~^~~~~~~~~~~~~~~~~~~~~~
In file included from /usr/include/qt5/QtCore/QProcess:1,
                 from ../libLumina/LuminaOS.h:17,
                 from ../libLumina/LuminaOS-Linux.cpp:9:
/usr/include/qt5/QtCore/qprocess.h:280:17: note: declared here
  280 |     static bool startDetached(const QString &command);
      |                 ^~~~~~~~~~~~~
../libLumina/LuminaOS-Linux.cpp: In static member function ‘static void LOS::systemRestart(bool)’:
../libLumina/LuminaOS-Linux.cpp:161:26: warning: ‘static bool QProcess::startDetached(const QString&)’ is deprecated: Use QProcess::startDetached(const QString &program, const QStringList &arguments) instead [-Wdeprecated-declarations]
  161 |   QProcess::startDetached("shutdown -r now");
      |   ~~~~~~~~~~~~~~~~~~~~~~~^~~~~~~~~~~~~~~~~~~
In file included from /usr/include/qt5/QtCore/QProcess:1,
                 from ../libLumina/LuminaOS.h:17,
                 from ../libLumina/LuminaOS-Linux.cpp:9:
/usr/include/qt5/QtCore/qprocess.h:280:17: note: declared here
  280 |     static bool startDetached(const QString &command);
      |                 ^~~~~~~~~~~~~
../libLumina/LuminaOS-Linux.cpp: In static member function ‘static void LOS::startMixerUtility()’:
../libLumina/LuminaOS-Linux.cpp:134:26: warning: ‘static bool QProcess::startDetached(const QString&)’ is deprecated: Use QProcess::startDetached(const QString &program, const QStringList &arguments) instead [-Wdeprecated-declarations]
  134 |   QProcess::startDetached(LOS::AppPrefix() + "bin/pavucontrol");
      |   ~~~~~~~~~~~~~~~~~~~~~~~^~~~~~~~~~~~~~~~~~~~~~~~~~~~~~~~~~~~~~
In file included from /usr/include/qt5/QtCore/QProcess:1,
                 from ../libLumina/LuminaOS.h:17,
                 from ../libLumina/LuminaOS-Linux.cpp:9:
/usr/include/qt5/QtCore/qprocess.h:280:17: note: declared here
  280 |     static bool startDetached(const QString &command);
      |                 ^~~~~~~~~~~~~
../libLumina/LuminaOS-Linux.cpp: In static member function ‘static void LOS::systemShutdown(bool)’:
../libLumina/LuminaOS-Linux.cpp:155:26: warning: ‘static bool QProcess::startDetached(const QString&)’ is deprecated: Use QProcess::startDetached(const QString &program, const QStringList &arguments) instead [-Wdeprecated-declarations]
  155 |   QProcess::startDetached("shutdown -P -h now");
      |   ~~~~~~~~~~~~~~~~~~~~~~~^~~~~~~~~~~~~~~~~~~~~~
In file included from /usr/include/qt5/QtCore/QProcess:1,
                 from ../libLumina/LuminaOS.h:17,
                 from ../libLumina/LuminaOS-Linux.cpp:9:
/usr/include/qt5/QtCore/qprocess.h:280:17: note: declared here
  280 |     static bool startDetached(const QString &command);
      |                 ^~~~~~~~~~~~~
../libLumina/LuminaOS-Linux.cpp: In static member function ‘static void LOS::systemRestart(bool)’:
../libLumina/LuminaOS-Linux.cpp:161:26: warning: ‘static bool QProcess::startDetached(const QString&)’ is deprecated: Use QProcess::startDetached(const QString &program, const QStringList &arguments) instead [-Wdeprecated-declarations]
  161 |   QProcess::startDetached("shutdown -r now");
      |   ~~~~~~~~~~~~~~~~~~~~~~~^~~~~~~~~~~~~~~~~~~
In file included from /usr/include/qt5/QtCore/QProcess:1,
                 from ../libLumina/LuminaOS.h:17,
                 from ../libLumina/LuminaOS-Linux.cpp:9:
/usr/include/qt5/QtCore/qprocess.h:280:17: note: declared here
  280 |     static bool startDetached(const QString &command);
      |                 ^~~~~~~~~~~~~
g++ -c -pipe -O2 -flto=auto -ffat-lto-objects -fexceptions -g -grecord-gcc-switches -pipe -Wall -Werror=format-security -Wp,-D_FORTIFY_SOURCE=2 -Wp,-D_GLIBCXX_ASSERTIONS -specs=/usr/lib/rpm/redhat/redhat-hardened-cc1 -fstack-protector-strong -specs=/usr/lib/rpm/redhat/redhat-annobin-cc1 -m64 -mtune=generic -fasynchronous-unwind-tables -fstack-clash-protection -fcf-protection -std=gnu++11 -Wall -Wextra -D_REENTRANT -fPIC -DPREFIX=QString\(\"/usr\"\) -DL_ETCDIR=QString\(\"/etc\"\) -DL_SHAREDIR=QString\(\"/usr/share\"\) -DGIT_VERSION="\"a88ea52f\"" -DQT_NO_DEBUG -DQT_MULTIMEDIAWIDGETS_LIB -DQT_SVG_LIB -DQT_WIDGETS_LIB -DQT_X11EXTRAS_LIB -DQT_MULTIMEDIA_LIB -DQT_QUICK_LIB -DQT_GUI_LIB -DQT_QMLMODELS_LIB -DQT_QML_LIB -DQT_NETWORK_LIB -DQT_CONCURRENT_LIB -DQT_CORE_LIB -I. -I../libLumina -I/usr/include/qt5 -I/usr -I/usr/include -I/home/q5sys/git/lumina/src-qt5/core/lumina-desktop -I../../src-cpp -Isrc-screensaver -I/usr/include/qt5/QtMultimediaWidgets -I/usr/include/qt5/QtSvg -I/usr/include/qt5/QtWidgets -I/usr/include/qt5/QtX11Extras -I/usr/include/qt5/QtMultimedia -I/usr/include/qt5/QtQuick -I/usr/include/qt5/QtGui -I/usr/include/qt5/QtQmlModels -I/usr/include/qt5/QtQml -I/usr/include/qt5/QtNetwork -I/usr/include/qt5/QtConcurrent -I/usr/include/qt5/QtCore -I.build/moc -I.build/ui -I/usr/lib64/qt5/mkspecs/linux-g++ -o .build/obj/LuminaOS-Linux.o ../libLumina/LuminaOS-Linux.cpp
g++ -c -pipe -O2 -flto=auto -ffat-lto-objects -fexceptions -g -grecord-gcc-switches -pipe -Wall -Werror=format-security -Wp,-D_FORTIFY_SOURCE=2 -Wp,-D_GLIBCXX_ASSERTIONS -specs=/usr/lib/rpm/redhat/redhat-hardened-cc1 -fstack-protector-strong -specs=/usr/lib/rpm/redhat/redhat-annobin-cc1 -m64 -mtune=generic -fasynchronous-unwind-tables -fstack-clash-protection -fcf-protection -std=gnu++11 -Wall -Wextra -D_REENTRANT -fPIC -DPREFIX=QString\(\"/usr\"\) -DL_ETCDIR=QString\(\"/etc\"\) -DL_SHAREDIR=QString\(\"/usr/share\"\) -DGIT_VERSION="\"a88ea52f\"" -DQT_NO_DEBUG -DQT_SVG_LIB -DQT_WIDGETS_LIB -DQT_X11EXTRAS_LIB -DQT_MULTIMEDIA_LIB -DQT_GUI_LIB -DQT_NETWORK_LIB -DQT_CONCURRENT_LIB -DQT_CORE_LIB -I. -I../libLumina -I/usr/include/qt5 -I/usr -I/usr/include -I/home/q5sys/git/lumina/src-qt5/core/lumina-open -I/usr/include/qt5/QtSvg -I/usr/include/qt5/QtWidgets -I/usr/include/qt5/QtX11Extras -I/usr/include/qt5/QtMultimedia -I/usr/include/qt5/QtGui -I/usr/include/qt5/QtNetwork -I/usr/include/qt5/QtConcurrent -I/usr/include/qt5/QtCore -I.build/moc -I.build/ui -I/usr/lib64/qt5/mkspecs/linux-g++ -o .build/obj/LFileInfo.o ../libLumina/LFileInfo.cpp
g++ -c -pipe -O2 -flto=auto -ffat-lto-objects -fexceptions -g -grecord-gcc-switches -pipe -Wall -Werror=format-security -Wp,-D_FORTIFY_SOURCE=2 -Wp,-D_GLIBCXX_ASSERTIONS -specs=/usr/lib/rpm/redhat/redhat-hardened-cc1 -fstack-protector-strong -specs=/usr/lib/rpm/redhat/redhat-annobin-cc1 -m64 -mtune=generic -fasynchronous-unwind-tables -fstack-clash-protection -fcf-protection -std=gnu++11 -Wall -Wextra -D_REENTRANT -fPIC -DPREFIX=QString\(\"/usr\"\) -DL_ETCDIR=QString\(\"/etc\"\) -DL_SHAREDIR=QString\(\"/usr/share\"\) -DGIT_VERSION="\"a88ea52f\"" -DQT_NO_DEBUG -DQT_SVG_LIB -DQT_WIDGETS_LIB -DQT_MULTIMEDIA_LIB -DQT_X11EXTRAS_LIB -DQT_GUI_LIB -DQT_NETWORK_LIB -DQT_CONCURRENT_LIB -DQT_CORE_LIB -I. -I../libLumina -I/usr/include/qt5 -I/usr -I/usr/include -I/home/q5sys/git/lumina/src-qt5/core/lumina-info -I/usr/include/qt5/QtSvg -I/usr/include/qt5/QtWidgets -I/usr/include/qt5/QtMultimedia -I/usr/include/qt5/QtX11Extras -I/usr/include/qt5/QtGui -I/usr/include/qt5/QtNetwork -I/usr/include/qt5/QtConcurrent -I/usr/include/qt5/QtCore -I.build/moc -I.build/ui -I/usr/lib64/qt5/mkspecs/linux-g++ -o .build/obj/LUtils.o ../libLumina/LUtils.cpp
g++ -c -pipe -O2 -flto=auto -ffat-lto-objects -fexceptions -g -grecord-gcc-switches -pipe -Wall -Werror=format-security -Wp,-D_FORTIFY_SOURCE=2 -Wp,-D_GLIBCXX_ASSERTIONS -specs=/usr/lib/rpm/redhat/redhat-hardened-cc1 -fstack-protector-strong -specs=/usr/lib/rpm/redhat/redhat-annobin-cc1 -m64 -mtune=generic -fasynchronous-unwind-tables -fstack-clash-protection -fcf-protection -std=gnu++11 -Wall -Wextra -D_REENTRANT -fPIC -DPREFIX=QString\(\"/usr\"\) -DL_ETCDIR=QString\(\"/etc\"\) -DL_SHAREDIR=QString\(\"/usr/share\"\) -DGIT_VERSION="\"a88ea52f\"" -DQT_NO_DEBUG -DQT_SVG_LIB -DQT_WIDGETS_LIB -DQT_X11EXTRAS_LIB -DQT_MULTIMEDIA_LIB -DQT_GUI_LIB -DQT_CONCURRENT_LIB -DQT_NETWORK_LIB -DQT_CORE_LIB -I. -I../libLumina -I/usr/include/qt5 -I/usr -I/usr/include -I/home/q5sys/git/lumina/src-qt5/core/lumina-session -I/usr/include/qt5/QtSvg -I/usr/include/qt5/QtWidgets -I/usr/include/qt5/QtX11Extras -I/usr/include/qt5/QtMultimedia -I/usr/include/qt5/QtGui -I/usr/include/qt5/QtConcurrent -I/usr/include/qt5/QtNetwork -I/usr/include/qt5/QtCore -I.build/moc -I/usr/lib64/qt5/mkspecs/linux-g++ -o .build/obj/LUtils.o ../libLumina/LUtils.cpp
../libLumina/LuminaOS-Linux.cpp: In static member function ‘static void LOS::startMixerUtility()’:
../libLumina/LuminaOS-Linux.cpp:134:26: warning: ‘static bool QProcess::startDetached(const QString&)’ is deprecated: Use QProcess::startDetached(const QString &program, const QStringList &arguments) instead [-Wdeprecated-declarations]
  134 |   QProcess::startDetached(LOS::AppPrefix() + "bin/pavucontrol");
      |   ~~~~~~~~~~~~~~~~~~~~~~~^~~~~~~~~~~~~~~~~~~~~~~~~~~~~~~~~~~~~~
In file included from /usr/include/qt5/QtCore/QProcess:1,
                 from ../libLumina/LuminaOS.h:17,
                 from ../libLumina/LuminaOS-Linux.cpp:9:
/usr/include/qt5/QtCore/qprocess.h:280:17: note: declared here
  280 |     static bool startDetached(const QString &command);
      |                 ^~~~~~~~~~~~~
../libLumina/LuminaOS-Linux.cpp: In static member function ‘static void LOS::systemShutdown(bool)’:
../libLumina/LuminaOS-Linux.cpp:155:26: warning: ‘static bool QProcess::startDetached(const QString&)’ is deprecated: Use QProcess::startDetached(const QString &program, const QStringList &arguments) instead [-Wdeprecated-declarations]
  155 |   QProcess::startDetached("shutdown -P -h now");
      |   ~~~~~~~~~~~~~~~~~~~~~~~^~~~~~~~~~~~~~~~~~~~~~
In file included from /usr/include/qt5/QtCore/QProcess:1,
                 from ../libLumina/LuminaOS.h:17,
                 from ../libLumina/LuminaOS-Linux.cpp:9:
/usr/include/qt5/QtCore/qprocess.h:280:17: note: declared here
  280 |     static bool startDetached(const QString &command);
      |                 ^~~~~~~~~~~~~
../libLumina/LuminaOS-Linux.cpp: In static member function ‘static void LOS::systemRestart(bool)’:
../libLumina/LuminaOS-Linux.cpp:161:26: warning: ‘static bool QProcess::startDetached(const QString&)’ is deprecated: Use QProcess::startDetached(const QString &program, const QStringList &arguments) instead [-Wdeprecated-declarations]
  161 |   QProcess::startDetached("shutdown -r now");
      |   ~~~~~~~~~~~~~~~~~~~~~~~^~~~~~~~~~~~~~~~~~~
In file included from /usr/include/qt5/QtCore/QProcess:1,
                 from ../libLumina/LuminaOS.h:17,
                 from ../libLumina/LuminaOS-Linux.cpp:9:
/usr/include/qt5/QtCore/qprocess.h:280:17: note: declared here
  280 |     static bool startDetached(const QString &command);
      |                 ^~~~~~~~~~~~~
../libLumina/LFileInfo.cpp: In member function ‘void LFileInfo::getZfsDataset()’:
../libLumina/LFileInfo.cpp:103:80: warning: ‘QStringList QString::split(const QString&, QString::SplitBehavior, Qt::CaseSensitivity) const’ is deprecated: Use Qt::SplitBehavior variant instead [-Wdeprecated-declarations]
  103 |         if(!gplist.isEmpty()){ gplist = gplist.first().replace("\t", " ").split(" ",QString::SkipEmptyParts); gplist.removeAll("groups"); }
      |                                         ~~~~~~~~~~~~~~~~~~~~~~~~~~~~~~~~~~~~~~~^~~~~~~~~~~~~~~~~~~~~~~~~~~~~
In file included from /usr/include/qt5/QtCore/qobject.h:47,
                 from /usr/include/qt5/QtCore/qiodevice.h:45,
                 from /usr/include/qt5/QtCore/qfiledevice.h:43,
                 from /usr/include/qt5/QtCore/qfile.h:44,
                 from /usr/include/qt5/QtCore/QFile:1,
                 from ../libLumina/LuminaXDG.h:18,
                 from ../libLumina/LFileInfo.h:13,
                 from ../libLumina/LFileInfo.cpp:7:
/usr/include/qt5/QtCore/qstring.h:609:17: note: declared here
  609 |     QStringList split(const QString &sep, SplitBehavior behavior,
      |                 ^~~~~
../libLumina/LFileInfo.cpp:107:84: warning: ‘QStringList QString::split(const QString&, QString::SplitBehavior, Qt::CaseSensitivity) const’ is deprecated: Use Qt::SplitBehavior variant instead [-Wdeprecated-declarations]
  107 |           zfs_perms << tmp.first().section(" ",2,2,QString::SectionSkipEmpty).split(",",QString::SkipEmptyParts);
      |                        ~~~~~~~~~~~~~~~~~~~~~~~~~~~~~~~~~~~~~~~~~~~~~~~~~~~~~~~~~~~~^~~~~~~~~~~~~~~~~~~~~~~~~~~~~
In file included from /usr/include/qt5/QtCore/qobject.h:47,
                 from /usr/include/qt5/QtCore/qiodevice.h:45,
                 from /usr/include/qt5/QtCore/qfiledevice.h:43,
                 from /usr/include/qt5/QtCore/qfile.h:44,
                 from /usr/include/qt5/QtCore/QFile:1,
                 from ../libLumina/LuminaXDG.h:18,
                 from ../libLumina/LFileInfo.h:13,
                 from ../libLumina/LFileInfo.cpp:7:
/usr/include/qt5/QtCore/qstring.h:609:17: note: declared here
  609 |     QStringList split(const QString &sep, SplitBehavior behavior,
      |                 ^~~~~
../libLumina/LUtils.cpp: In static member function ‘static QString LUtils::runCommand(bool&, QString, QStringList, QString, QStringList)’:
../libLumina/LUtils.cpp:130:38: warning: ‘void QProcess::start(const QString&, QIODevice::OpenMode)’ is deprecated: Use QProcess::start(const QString &program, const QStringList &arguments,OpenMode mode = ReadWrite) instead [-Wdeprecated-declarations]
  130 |   if(arguments.isEmpty()){ proc.start(command); }
      |                            ~~~~~~~~~~^~~~~~~~~
In file included from /usr/include/qt5/QtCore/QProcess:1,
                 from ../libLumina/LUtils.h:11,
                 from ../libLumina/LUtils.cpp:7:
/usr/include/qt5/QtCore/qprocess.h:168:10: note: declared here
  168 |     void start(const QString &command, OpenMode mode = ReadWrite);
      |          ^~~~~
../libLumina/LUtils.cpp: In static member function ‘static QString LUtils::runCommand(bool&, QString, QStringList, QString, QStringList)’:
../libLumina/LUtils.cpp:130:38: warning: ‘void QProcess::start(const QString&, QIODevice::OpenMode)’ is deprecated: Use QProcess::start(const QString &program, const QStringList &arguments,OpenMode mode = ReadWrite) instead [-Wdeprecated-declarations]
  130 |   if(arguments.isEmpty()){ proc.start(command); }
      |                            ~~~~~~~~~~^~~~~~~~~
In file included from /usr/include/qt5/QtCore/QProcess:1,
                 from ../libLumina/LUtils.h:11,
                 from ../libLumina/LUtils.cpp:7:
/usr/include/qt5/QtCore/qprocess.h:168:10: note: declared here
  168 |     void start(const QString &command, OpenMode mode = ReadWrite);
      |          ^~~~~
g++ -c -pipe -O2 -flto=auto -ffat-lto-objects -fexceptions -g -grecord-gcc-switches -pipe -Wall -Werror=format-security -Wp,-D_FORTIFY_SOURCE=2 -Wp,-D_GLIBCXX_ASSERTIONS -specs=/usr/lib/rpm/redhat/redhat-hardened-cc1 -fstack-protector-strong -specs=/usr/lib/rpm/redhat/redhat-annobin-cc1 -m64 -mtune=generic -fasynchronous-unwind-tables -fstack-clash-protection -fcf-protection -std=gnu++11 -Wall -Wextra -D_REENTRANT -fPIC -DPREFIX=QString\(\"/usr\"\) -DL_ETCDIR=QString\(\"/etc\"\) -DL_SHAREDIR=QString\(\"/usr/share\"\) -DGIT_VERSION="\"a88ea52f\"" -DQT_NO_DEBUG -DQT_MULTIMEDIAWIDGETS_LIB -DQT_SVG_LIB -DQT_WIDGETS_LIB -DQT_X11EXTRAS_LIB -DQT_MULTIMEDIA_LIB -DQT_QUICK_LIB -DQT_GUI_LIB -DQT_QMLMODELS_LIB -DQT_QML_LIB -DQT_NETWORK_LIB -DQT_CONCURRENT_LIB -DQT_CORE_LIB -I. -I../libLumina -I/usr/include/qt5 -I/usr -I/usr/include -I/home/q5sys/git/lumina/src-qt5/core/lumina-desktop -I../../src-cpp -Isrc-screensaver -I/usr/include/qt5/QtMultimediaWidgets -I/usr/include/qt5/QtSvg -I/usr/include/qt5/QtWidgets -I/usr/include/qt5/QtX11Extras -I/usr/include/qt5/QtMultimedia -I/usr/include/qt5/QtQuick -I/usr/include/qt5/QtGui -I/usr/include/qt5/QtQmlModels -I/usr/include/qt5/QtQml -I/usr/include/qt5/QtNetwork -I/usr/include/qt5/QtConcurrent -I/usr/include/qt5/QtCore -I.build/moc -I.build/ui -I/usr/lib64/qt5/mkspecs/linux-g++ -o .build/obj/LUtils.o ../libLumina/LUtils.cpp
g++ -c -pipe -O2 -flto=auto -ffat-lto-objects -fexceptions -g -grecord-gcc-switches -pipe -Wall -Werror=format-security -Wp,-D_FORTIFY_SOURCE=2 -Wp,-D_GLIBCXX_ASSERTIONS -specs=/usr/lib/rpm/redhat/redhat-hardened-cc1 -fstack-protector-strong -specs=/usr/lib/rpm/redhat/redhat-annobin-cc1 -m64 -mtune=generic -fasynchronous-unwind-tables -fstack-clash-protection -fcf-protection -std=gnu++11 -Wall -Wextra -D_REENTRANT -fPIC -DPREFIX=QString\(\"/usr\"\) -DL_ETCDIR=QString\(\"/etc\"\) -DL_SHAREDIR=QString\(\"/usr/share\"\) -DGIT_VERSION="\"a88ea52f\"" -DQT_NO_DEBUG -DQT_SVG_LIB -DQT_WIDGETS_LIB -DQT_X11EXTRAS_LIB -DQT_MULTIMEDIA_LIB -DQT_GUI_LIB -DQT_NETWORK_LIB -DQT_CONCURRENT_LIB -DQT_CORE_LIB -I. -I../libLumina -I/usr/include/qt5 -I/usr -I/usr/include -I/home/q5sys/git/lumina/src-qt5/core/lumina-open -I/usr/include/qt5/QtSvg -I/usr/include/qt5/QtWidgets -I/usr/include/qt5/QtX11Extras -I/usr/include/qt5/QtMultimedia -I/usr/include/qt5/QtGui -I/usr/include/qt5/QtNetwork -I/usr/include/qt5/QtConcurrent -I/usr/include/qt5/QtCore -I.build/moc -I.build/ui -I/usr/lib64/qt5/mkspecs/linux-g++ -o .build/obj/LuminaOS-Linux.o ../libLumina/LuminaOS-Linux.cpp
../libLumina/LUtils.cpp: In static member function ‘static QString LUtils::runCommand(bool&, QString, QStringList, QString, QStringList)’:
../libLumina/LUtils.cpp:130:38: warning: ‘void QProcess::start(const QString&, QIODevice::OpenMode)’ is deprecated: Use QProcess::start(const QString &program, const QStringList &arguments,OpenMode mode = ReadWrite) instead [-Wdeprecated-declarations]
  130 |   if(arguments.isEmpty()){ proc.start(command); }
      |                            ~~~~~~~~~~^~~~~~~~~
In file included from /usr/include/qt5/QtCore/QProcess:1,
                 from ../libLumina/LUtils.h:11,
                 from ../libLumina/LUtils.cpp:7:
/usr/include/qt5/QtCore/qprocess.h:168:10: note: declared here
  168 |     void start(const QString &command, OpenMode mode = ReadWrite);
      |          ^~~~~
../libLumina/LuminaOS-Linux.cpp: In static member function ‘static void LOS::startMixerUtility()’:
../libLumina/LuminaOS-Linux.cpp:134:26: warning: ‘static bool QProcess::startDetached(const QString&)’ is deprecated: Use QProcess::startDetached(const QString &program, const QStringList &arguments) instead [-Wdeprecated-declarations]
  134 |   QProcess::startDetached(LOS::AppPrefix() + "bin/pavucontrol");
      |   ~~~~~~~~~~~~~~~~~~~~~~~^~~~~~~~~~~~~~~~~~~~~~~~~~~~~~~~~~~~~~
In file included from /usr/include/qt5/QtCore/QProcess:1,
                 from ../libLumina/LuminaOS.h:17,
                 from ../libLumina/LuminaOS-Linux.cpp:9:
/usr/include/qt5/QtCore/qprocess.h:280:17: note: declared here
  280 |     static bool startDetached(const QString &command);
      |                 ^~~~~~~~~~~~~
../libLumina/LuminaOS-Linux.cpp: In static member function ‘static void LOS::systemShutdown(bool)’:
../libLumina/LuminaOS-Linux.cpp:155:26: warning: ‘static bool QProcess::startDetached(const QString&)’ is deprecated: Use QProcess::startDetached(const QString &program, const QStringList &arguments) instead [-Wdeprecated-declarations]
  155 |   QProcess::startDetached("shutdown -P -h now");
      |   ~~~~~~~~~~~~~~~~~~~~~~~^~~~~~~~~~~~~~~~~~~~~~
In file included from /usr/include/qt5/QtCore/QProcess:1,
                 from ../libLumina/LuminaOS.h:17,
                 from ../libLumina/LuminaOS-Linux.cpp:9:
/usr/include/qt5/QtCore/qprocess.h:280:17: note: declared here
  280 |     static bool startDetached(const QString &command);
      |                 ^~~~~~~~~~~~~
../libLumina/LuminaOS-Linux.cpp: In static member function ‘static void LOS::systemRestart(bool)’:
../libLumina/LuminaOS-Linux.cpp:161:26: warning: ‘static bool QProcess::startDetached(const QString&)’ is deprecated: Use QProcess::startDetached(const QString &program, const QStringList &arguments) instead [-Wdeprecated-declarations]
  161 |   QProcess::startDetached("shutdown -r now");
      |   ~~~~~~~~~~~~~~~~~~~~~~~^~~~~~~~~~~~~~~~~~~
In file included from /usr/include/qt5/QtCore/QProcess:1,
                 from ../libLumina/LuminaOS.h:17,
                 from ../libLumina/LuminaOS-Linux.cpp:9:
/usr/include/qt5/QtCore/qprocess.h:280:17: note: declared here
  280 |     static bool startDetached(const QString &command);
      |                 ^~~~~~~~~~~~~
g++ -c -pipe -O2 -flto=auto -ffat-lto-objects -fexceptions -g -grecord-gcc-switches -pipe -Wall -Werror=format-security -Wp,-D_FORTIFY_SOURCE=2 -Wp,-D_GLIBCXX_ASSERTIONS -specs=/usr/lib/rpm/redhat/redhat-hardened-cc1 -fstack-protector-strong -specs=/usr/lib/rpm/redhat/redhat-annobin-cc1 -m64 -mtune=generic -fasynchronous-unwind-tables -fstack-clash-protection -fcf-protection -std=gnu++11 -Wall -Wextra -D_REENTRANT -fPIC -DPREFIX=QString\(\"/usr\"\) -DL_ETCDIR=QString\(\"/etc\"\) -DL_SHAREDIR=QString\(\"/usr/share\"\) -DGIT_VERSION="\"a88ea52f\"" -DQT_NO_DEBUG -DQT_SVG_LIB -DQT_WIDGETS_LIB -DQT_MULTIMEDIA_LIB -DQT_X11EXTRAS_LIB -DQT_GUI_LIB -DQT_NETWORK_LIB -DQT_CONCURRENT_LIB -DQT_CORE_LIB -I. -I../libLumina -I/usr/include/qt5 -I/usr -I/usr/include -I/home/q5sys/git/lumina/src-qt5/core/lumina-info -I/usr/include/qt5/QtSvg -I/usr/include/qt5/QtWidgets -I/usr/include/qt5/QtMultimedia -I/usr/include/qt5/QtX11Extras -I/usr/include/qt5/QtGui -I/usr/include/qt5/QtNetwork -I/usr/include/qt5/QtConcurrent -I/usr/include/qt5/QtCore -I.build/moc -I.build/ui -I/usr/lib64/qt5/mkspecs/linux-g++ -o .build/obj/LuminaThemes.o ../libLumina/LuminaThemes.cpp
g++ -c -pipe -O2 -flto=auto -ffat-lto-objects -fexceptions -g -grecord-gcc-switches -pipe -Wall -Werror=format-security -Wp,-D_FORTIFY_SOURCE=2 -Wp,-D_GLIBCXX_ASSERTIONS -specs=/usr/lib/rpm/redhat/redhat-hardened-cc1 -fstack-protector-strong -specs=/usr/lib/rpm/redhat/redhat-annobin-cc1 -m64 -mtune=generic -fasynchronous-unwind-tables -fstack-clash-protection -fcf-protection -std=gnu++11 -Wall -Wextra -D_REENTRANT -fPIC -DPREFIX=QString\(\"/usr\"\) -DL_ETCDIR=QString\(\"/etc\"\) -DL_SHAREDIR=QString\(\"/usr/share\"\) -DGIT_VERSION="\"a88ea52f\"" -DQT_NO_DEBUG -DQT_SVG_LIB -DQT_WIDGETS_LIB -DQT_X11EXTRAS_LIB -DQT_MULTIMEDIA_LIB -DQT_GUI_LIB -DQT_CONCURRENT_LIB -DQT_NETWORK_LIB -DQT_CORE_LIB -I. -I../libLumina -I/usr/include/qt5 -I/usr -I/usr/include -I/home/q5sys/git/lumina/src-qt5/core/lumina-session -I/usr/include/qt5/QtSvg -I/usr/include/qt5/QtWidgets -I/usr/include/qt5/QtX11Extras -I/usr/include/qt5/QtMultimedia -I/usr/include/qt5/QtGui -I/usr/include/qt5/QtConcurrent -I/usr/include/qt5/QtNetwork -I/usr/include/qt5/QtCore -I.build/moc -I/usr/lib64/qt5/mkspecs/linux-g++ -o .build/obj/LuminaThemes.o ../libLumina/LuminaThemes.cpp
g++ -c -pipe -O2 -flto=auto -ffat-lto-objects -fexceptions -g -grecord-gcc-switches -pipe -Wall -Werror=format-security -Wp,-D_FORTIFY_SOURCE=2 -Wp,-D_GLIBCXX_ASSERTIONS -specs=/usr/lib/rpm/redhat/redhat-hardened-cc1 -fstack-protector-strong -specs=/usr/lib/rpm/redhat/redhat-annobin-cc1 -m64 -mtune=generic -fasynchronous-unwind-tables -fstack-clash-protection -fcf-protection -std=gnu++11 -Wall -Wextra -D_REENTRANT -fPIC -DPREFIX=QString\(\"/usr\"\) -DL_ETCDIR=QString\(\"/etc\"\) -DL_SHAREDIR=QString\(\"/usr/share\"\) -DGIT_VERSION="\"a88ea52f\"" -DQT_NO_DEBUG -DQT_SVG_LIB -DQT_WIDGETS_LIB -DQT_X11EXTRAS_LIB -DQT_MULTIMEDIA_LIB -DQT_GUI_LIB -DQT_NETWORK_LIB -DQT_CONCURRENT_LIB -DQT_CORE_LIB -I. -I../libLumina -I/usr/include/qt5 -I/usr -I/usr/include -I/home/q5sys/git/lumina/src-qt5/core/lumina-open -I/usr/include/qt5/QtSvg -I/usr/include/qt5/QtWidgets -I/usr/include/qt5/QtX11Extras -I/usr/include/qt5/QtMultimedia -I/usr/include/qt5/QtGui -I/usr/include/qt5/QtNetwork -I/usr/include/qt5/QtConcurrent -I/usr/include/qt5/QtCore -I.build/moc -I.build/ui -I/usr/lib64/qt5/mkspecs/linux-g++ -o .build/obj/LUtils.o ../libLumina/LUtils.cpp
g++ -c -pipe -O2 -flto=auto -ffat-lto-objects -fexceptions -g -grecord-gcc-switches -pipe -Wall -Werror=format-security -Wp,-D_FORTIFY_SOURCE=2 -Wp,-D_GLIBCXX_ASSERTIONS -specs=/usr/lib/rpm/redhat/redhat-hardened-cc1 -fstack-protector-strong -specs=/usr/lib/rpm/redhat/redhat-annobin-cc1 -m64 -mtune=generic -fasynchronous-unwind-tables -fstack-clash-protection -fcf-protection -std=gnu++11 -Wall -Wextra -D_REENTRANT -fPIC -DPREFIX=QString\(\"/usr\"\) -DL_ETCDIR=QString\(\"/etc\"\) -DL_SHAREDIR=QString\(\"/usr/share\"\) -DGIT_VERSION="\"a88ea52f\"" -DQT_NO_DEBUG -DQT_MULTIMEDIAWIDGETS_LIB -DQT_SVG_LIB -DQT_WIDGETS_LIB -DQT_X11EXTRAS_LIB -DQT_MULTIMEDIA_LIB -DQT_QUICK_LIB -DQT_GUI_LIB -DQT_QMLMODELS_LIB -DQT_QML_LIB -DQT_NETWORK_LIB -DQT_CONCURRENT_LIB -DQT_CORE_LIB -I. -I../libLumina -I/usr/include/qt5 -I/usr -I/usr/include -I/home/q5sys/git/lumina/src-qt5/core/lumina-desktop -I../../src-cpp -Isrc-screensaver -I/usr/include/qt5/QtMultimediaWidgets -I/usr/include/qt5/QtSvg -I/usr/include/qt5/QtWidgets -I/usr/include/qt5/QtX11Extras -I/usr/include/qt5/QtMultimedia -I/usr/include/qt5/QtQuick -I/usr/include/qt5/QtGui -I/usr/include/qt5/QtQmlModels -I/usr/include/qt5/QtQml -I/usr/include/qt5/QtNetwork -I/usr/include/qt5/QtConcurrent -I/usr/include/qt5/QtCore -I.build/moc -I.build/ui -I/usr/lib64/qt5/mkspecs/linux-g++ -o .build/obj/LuminaThemes.o ../libLumina/LuminaThemes.cpp
../libLumina/LUtils.cpp: In static member function ‘static QString LUtils::runCommand(bool&, QString, QStringList, QString, QStringList)’:
../libLumina/LUtils.cpp:130:38: warning: ‘void QProcess::start(const QString&, QIODevice::OpenMode)’ is deprecated: Use QProcess::start(const QString &program, const QStringList &arguments,OpenMode mode = ReadWrite) instead [-Wdeprecated-declarations]
  130 |   if(arguments.isEmpty()){ proc.start(command); }
      |                            ~~~~~~~~~~^~~~~~~~~
In file included from /usr/include/qt5/QtCore/QProcess:1,
                 from ../libLumina/LUtils.h:11,
                 from ../libLumina/LUtils.cpp:7:
/usr/include/qt5/QtCore/qprocess.h:168:10: note: declared here
  168 |     void start(const QString &command, OpenMode mode = ReadWrite);
      |          ^~~~~
g++ -c -pipe -O2 -flto=auto -ffat-lto-objects -fexceptions -g -grecord-gcc-switches -pipe -Wall -Werror=format-security -Wp,-D_FORTIFY_SOURCE=2 -Wp,-D_GLIBCXX_ASSERTIONS -specs=/usr/lib/rpm/redhat/redhat-hardened-cc1 -fstack-protector-strong -specs=/usr/lib/rpm/redhat/redhat-annobin-cc1 -m64 -mtune=generic -fasynchronous-unwind-tables -fstack-clash-protection -fcf-protection -std=gnu++11 -Wall -Wextra -D_REENTRANT -fPIC -DPREFIX=QString\(\"/usr\"\) -DL_ETCDIR=QString\(\"/etc\"\) -DL_SHAREDIR=QString\(\"/usr/share\"\) -DGIT_VERSION="\"a88ea52f\"" -DQT_NO_DEBUG -DQT_SVG_LIB -DQT_WIDGETS_LIB -DQT_MULTIMEDIA_LIB -DQT_X11EXTRAS_LIB -DQT_GUI_LIB -DQT_NETWORK_LIB -DQT_CONCURRENT_LIB -DQT_CORE_LIB -I. -I../libLumina -I/usr/include/qt5 -I/usr -I/usr/include -I/home/q5sys/git/lumina/src-qt5/core/lumina-info -I/usr/include/qt5/QtSvg -I/usr/include/qt5/QtWidgets -I/usr/include/qt5/QtMultimedia -I/usr/include/qt5/QtX11Extras -I/usr/include/qt5/QtGui -I/usr/include/qt5/QtNetwork -I/usr/include/qt5/QtConcurrent -I/usr/include/qt5/QtCore -I.build/moc -I.build/ui -I/usr/lib64/qt5/mkspecs/linux-g++ -o .build/obj/LuminaXDG.o ../libLumina/LuminaXDG.cpp
g++ -c -pipe -O2 -flto=auto -ffat-lto-objects -fexceptions -g -grecord-gcc-switches -pipe -Wall -Werror=format-security -Wp,-D_FORTIFY_SOURCE=2 -Wp,-D_GLIBCXX_ASSERTIONS -specs=/usr/lib/rpm/redhat/redhat-hardened-cc1 -fstack-protector-strong -specs=/usr/lib/rpm/redhat/redhat-annobin-cc1 -m64 -mtune=generic -fasynchronous-unwind-tables -fstack-clash-protection -fcf-protection -std=gnu++11 -Wall -Wextra -D_REENTRANT -fPIC -DPREFIX=QString\(\"/usr\"\) -DL_ETCDIR=QString\(\"/etc\"\) -DL_SHAREDIR=QString\(\"/usr/share\"\) -DGIT_VERSION="\"a88ea52f\"" -DQT_NO_DEBUG -DQT_SVG_LIB -DQT_WIDGETS_LIB -DQT_X11EXTRAS_LIB -DQT_MULTIMEDIA_LIB -DQT_GUI_LIB -DQT_CONCURRENT_LIB -DQT_NETWORK_LIB -DQT_CORE_LIB -I. -I../libLumina -I/usr/include/qt5 -I/usr -I/usr/include -I/home/q5sys/git/lumina/src-qt5/core/lumina-session -I/usr/include/qt5/QtSvg -I/usr/include/qt5/QtWidgets -I/usr/include/qt5/QtX11Extras -I/usr/include/qt5/QtMultimedia -I/usr/include/qt5/QtGui -I/usr/include/qt5/QtConcurrent -I/usr/include/qt5/QtNetwork -I/usr/include/qt5/QtCore -I.build/moc -I/usr/lib64/qt5/mkspecs/linux-g++ -o .build/obj/LuminaXDG.o ../libLumina/LuminaXDG.cpp
../libLumina/LuminaXDG.cpp: In member function ‘void XDGDesktop::sync()’:
../libLumina/LuminaXDG.cpp:117:65: warning: ‘QStringList QString::split(const QString&, QString::SplitBehavior, Qt::CaseSensitivity) const’ is deprecated: Use Qt::SplitBehavior variant instead [-Wdeprecated-declarations]
  117 |     else if(var=="Categories" && insection){ catList = val.split(";",QString::SkipEmptyParts); }
      |                                                        ~~~~~~~~~^~~~~~~~~~~~~~~~~~~~~~~~~~~~~
In file included from /usr/include/qt5/QtCore/qobject.h:47,
                 from /usr/include/qt5/QtCore/qiodevice.h:45,
                 from /usr/include/qt5/QtCore/qfiledevice.h:43,
                 from /usr/include/qt5/QtCore/qfile.h:44,
                 from /usr/include/qt5/QtCore/QFile:1,
                 from ../libLumina/LuminaXDG.h:18,
                 from ../libLumina/LuminaXDG.cpp:7:
/usr/include/qt5/QtCore/qstring.h:609:17: note: declared here
  609 |     QStringList split(const QString &sep, SplitBehavior behavior,
      |                 ^~~~~
../libLumina/LuminaXDG.cpp:118:68: warning: ‘QStringList QString::split(const QString&, QString::SplitBehavior, Qt::CaseSensitivity) const’ is deprecated: Use Qt::SplitBehavior variant instead [-Wdeprecated-declarations]
  118 |     else if(var=="OnlyShowIn" && insection){ showInList = val.split(";",QString::SkipEmptyParts); }
      |                                                           ~~~~~~~~~^~~~~~~~~~~~~~~~~~~~~~~~~~~~~
In file included from /usr/include/qt5/QtCore/qobject.h:47,
                 from /usr/include/qt5/QtCore/qiodevice.h:45,
                 from /usr/include/qt5/QtCore/qfiledevice.h:43,
                 from /usr/include/qt5/QtCore/qfile.h:44,
                 from /usr/include/qt5/QtCore/QFile:1,
                 from ../libLumina/LuminaXDG.h:18,
                 from ../libLumina/LuminaXDG.cpp:7:
/usr/include/qt5/QtCore/qstring.h:609:17: note: declared here
  609 |     QStringList split(const QString &sep, SplitBehavior behavior,
      |                 ^~~~~
../libLumina/LuminaXDG.cpp:119:70: warning: ‘QStringList QString::split(const QString&, QString::SplitBehavior, Qt::CaseSensitivity) const’ is deprecated: Use Qt::SplitBehavior variant instead [-Wdeprecated-declarations]
  119 |     else if(var=="NotShowIn" && insection){ notShowInList = val.split(";",QString::SkipEmptyParts); }
      |                                                             ~~~~~~~~~^~~~~~~~~~~~~~~~~~~~~~~~~~~~~
In file included from /usr/include/qt5/QtCore/qobject.h:47,
                 from /usr/include/qt5/QtCore/qiodevice.h:45,
                 from /usr/include/qt5/QtCore/qfiledevice.h:43,
                 from /usr/include/qt5/QtCore/qfile.h:44,
                 from /usr/include/qt5/QtCore/QFile:1,
                 from ../libLumina/LuminaXDG.h:18,
                 from ../libLumina/LuminaXDG.cpp:7:
/usr/include/qt5/QtCore/qstring.h:609:17: note: declared here
  609 |     QStringList split(const QString &sep, SplitBehavior behavior,
      |                 ^~~~~
../libLumina/LuminaXDG.cpp:121:65: warning: ‘QStringList QString::split(const QString&, QString::SplitBehavior, Qt::CaseSensitivity) const’ is deprecated: Use Qt::SplitBehavior variant instead [-Wdeprecated-declarations]
  121 |     else if(var=="Actions" && insection){ actionList = val.split(";",QString::SkipEmptyParts); }
      |                                                        ~~~~~~~~~^~~~~~~~~~~~~~~~~~~~~~~~~~~~~
In file included from /usr/include/qt5/QtCore/qobject.h:47,
                 from /usr/include/qt5/QtCore/qiodevice.h:45,
                 from /usr/include/qt5/QtCore/qfiledevice.h:43,
                 from /usr/include/qt5/QtCore/qfile.h:44,
                 from /usr/include/qt5/QtCore/QFile:1,
                 from ../libLumina/LuminaXDG.h:18,
                 from ../libLumina/LuminaXDG.cpp:7:
/usr/include/qt5/QtCore/qstring.h:609:17: note: declared here
  609 |     QStringList split(const QString &sep, SplitBehavior behavior,
      |                 ^~~~~
../libLumina/LuminaXDG.cpp:122:64: warning: ‘QStringList QString::split(const QString&, QString::SplitBehavior, Qt::CaseSensitivity) const’ is deprecated: Use Qt::SplitBehavior variant instead [-Wdeprecated-declarations]
  122 |     else if(var=="MimeType" && insection){ mimeList = val.split(";",QString::SkipEmptyParts); }
      |                                                       ~~~~~~~~~^~~~~~~~~~~~~~~~~~~~~~~~~~~~~
In file included from /usr/include/qt5/QtCore/qobject.h:47,
                 from /usr/include/qt5/QtCore/qiodevice.h:45,
                 from /usr/include/qt5/QtCore/qfiledevice.h:43,
                 from /usr/include/qt5/QtCore/qfile.h:44,
                 from /usr/include/qt5/QtCore/QFile:1,
                 from ../libLumina/LuminaXDG.h:18,
                 from ../libLumina/LuminaXDG.cpp:7:
/usr/include/qt5/QtCore/qstring.h:609:17: note: declared here
  609 |     QStringList split(const QString &sep, SplitBehavior behavior,
      |                 ^~~~~
../libLumina/LuminaXDG.cpp:124:66: warning: ‘QStringList QString::split(const QString&, QString::SplitBehavior, Qt::CaseSensitivity) const’ is deprecated: Use Qt::SplitBehavior variant instead [-Wdeprecated-declarations]
  124 |       if(keyList.isEmpty() && loc.isEmpty()){ keyList = val.split(";",QString::SkipEmptyParts); }
      |                                                         ~~~~~~~~~^~~~~~~~~~~~~~~~~~~~~~~~~~~~~
In file included from /usr/include/qt5/QtCore/qobject.h:47,
                 from /usr/include/qt5/QtCore/qiodevice.h:45,
                 from /usr/include/qt5/QtCore/qfiledevice.h:43,
                 from /usr/include/qt5/QtCore/qfile.h:44,
                 from /usr/include/qt5/QtCore/QFile:1,
                 from ../libLumina/LuminaXDG.h:18,
                 from ../libLumina/LuminaXDG.cpp:7:
/usr/include/qt5/QtCore/qstring.h:609:17: note: declared here
  609 |     QStringList split(const QString &sep, SplitBehavior behavior,
      |                 ^~~~~
../libLumina/LuminaXDG.cpp:125:48: warning: ‘QStringList QString::split(const QString&, QString::SplitBehavior, Qt::CaseSensitivity) const’ is deprecated: Use Qt::SplitBehavior variant instead [-Wdeprecated-declarations]
  125 |       else if(loc == lang){ keyList = val.split(";",QString::SkipEmptyParts); }
      |                                       ~~~~~~~~~^~~~~~~~~~~~~~~~~~~~~~~~~~~~~
In file included from /usr/include/qt5/QtCore/qobject.h:47,
                 from /usr/include/qt5/QtCore/qiodevice.h:45,
                 from /usr/include/qt5/QtCore/qfiledevice.h:43,
                 from /usr/include/qt5/QtCore/qfile.h:44,
                 from /usr/include/qt5/QtCore/QFile:1,
                 from ../libLumina/LuminaXDG.h:18,
                 from ../libLumina/LuminaXDG.cpp:7:
/usr/include/qt5/QtCore/qstring.h:609:17: note: declared here
  609 |     QStringList split(const QString &sep, SplitBehavior behavior,
      |                 ^~~~~
../libLumina/LuminaXDG.cpp: In static member function ‘static QStringList LXDG::getIconThemeDepChain(QString, QStringList)’:
../libLumina/LuminaXDG.cpp:1042:52: warning: ‘QStringList QString::split(const QString&, QString::SplitBehavior, Qt::CaseSensitivity) const’ is deprecated: Use Qt::SplitBehavior variant instead [-Wdeprecated-declarations]
 1042 |         deps = deps.first().section("=",1,-1).split(";",QString::SkipEmptyParts);
      |                ~~~~~~~~~~~~~~~~~~~~~~~~~~~~~~~~~~~~^~~~~~~~~~~~~~~~~~~~~~~~~~~~~
In file included from /usr/include/qt5/QtCore/qobject.h:47,
                 from /usr/include/qt5/QtCore/qiodevice.h:45,
                 from /usr/include/qt5/QtCore/qfiledevice.h:43,
                 from /usr/include/qt5/QtCore/qfile.h:44,
                 from /usr/include/qt5/QtCore/QFile:1,
                 from ../libLumina/LuminaXDG.h:18,
                 from ../libLumina/LuminaXDG.cpp:7:
/usr/include/qt5/QtCore/qstring.h:609:17: note: declared here
  609 |     QStringList split(const QString &sep, SplitBehavior behavior,
      |                 ^~~~~
../libLumina/LuminaXDG.cpp: In static member function ‘static QStringList LXDG::findAvailableAppsForMime(QString)’:
../libLumina/LuminaXDG.cpp:1310:62: warning: ‘QStringList QString::split(const QString&, QString::SplitBehavior, Qt::CaseSensitivity) const’ is deprecated: Use Qt::SplitBehavior variant instead [-Wdeprecated-declarations]
 1310 |         QStringList files = matches[j].section("=",1,1).split(";",QString::SkipEmptyParts);
      |                             ~~~~~~~~~~~~~~~~~~~~~~~~~~~~~~~~~^~~~~~~~~~~~~~~~~~~~~~~~~~~~~
In file included from /usr/include/qt5/QtCore/qobject.h:47,
                 from /usr/include/qt5/QtCore/qiodevice.h:45,
                 from /usr/include/qt5/QtCore/qfiledevice.h:43,
                 from /usr/include/qt5/QtCore/qfile.h:44,
                 from /usr/include/qt5/QtCore/QFile:1,
                 from ../libLumina/LuminaXDG.h:18,
                 from ../libLumina/LuminaXDG.cpp:7:
/usr/include/qt5/QtCore/qstring.h:609:17: note: declared here
  609 |     QStringList split(const QString &sep, SplitBehavior behavior,
      |                 ^~~~~
../libLumina/LuminaXDG.cpp: In member function ‘void XDGDesktop::sync()’:
../libLumina/LuminaXDG.cpp:117:65: warning: ‘QStringList QString::split(const QString&, QString::SplitBehavior, Qt::CaseSensitivity) const’ is deprecated: Use Qt::SplitBehavior variant instead [-Wdeprecated-declarations]
  117 |     else if(var=="Categories" && insection){ catList = val.split(";",QString::SkipEmptyParts); }
      |                                                        ~~~~~~~~~^~~~~~~~~~~~~~~~~~~~~~~~~~~~~
In file included from /usr/include/qt5/QtCore/qobject.h:47,
                 from /usr/include/qt5/QtCore/qiodevice.h:45,
                 from /usr/include/qt5/QtCore/qfiledevice.h:43,
                 from /usr/include/qt5/QtCore/qfile.h:44,
                 from /usr/include/qt5/QtCore/QFile:1,
                 from ../libLumina/LuminaXDG.h:18,
                 from ../libLumina/LuminaXDG.cpp:7:
/usr/include/qt5/QtCore/qstring.h:609:17: note: declared here
  609 |     QStringList split(const QString &sep, SplitBehavior behavior,
      |                 ^~~~~
../libLumina/LuminaXDG.cpp:118:68: warning: ‘QStringList QString::split(const QString&, QString::SplitBehavior, Qt::CaseSensitivity) const’ is deprecated: Use Qt::SplitBehavior variant instead [-Wdeprecated-declarations]
  118 |     else if(var=="OnlyShowIn" && insection){ showInList = val.split(";",QString::SkipEmptyParts); }
      |                                                           ~~~~~~~~~^~~~~~~~~~~~~~~~~~~~~~~~~~~~~
In file included from /usr/include/qt5/QtCore/qobject.h:47,
                 from /usr/include/qt5/QtCore/qiodevice.h:45,
                 from /usr/include/qt5/QtCore/qfiledevice.h:43,
                 from /usr/include/qt5/QtCore/qfile.h:44,
                 from /usr/include/qt5/QtCore/QFile:1,
                 from ../libLumina/LuminaXDG.h:18,
                 from ../libLumina/LuminaXDG.cpp:7:
/usr/include/qt5/QtCore/qstring.h:609:17: note: declared here
  609 |     QStringList split(const QString &sep, SplitBehavior behavior,
      |                 ^~~~~
../libLumina/LuminaXDG.cpp:119:70: warning: ‘QStringList QString::split(const QString&, QString::SplitBehavior, Qt::CaseSensitivity) const’ is deprecated: Use Qt::SplitBehavior variant instead [-Wdeprecated-declarations]
  119 |     else if(var=="NotShowIn" && insection){ notShowInList = val.split(";",QString::SkipEmptyParts); }
      |                                                             ~~~~~~~~~^~~~~~~~~~~~~~~~~~~~~~~~~~~~~
In file included from /usr/include/qt5/QtCore/qobject.h:47,
                 from /usr/include/qt5/QtCore/qiodevice.h:45,
                 from /usr/include/qt5/QtCore/qfiledevice.h:43,
                 from /usr/include/qt5/QtCore/qfile.h:44,
                 from /usr/include/qt5/QtCore/QFile:1,
                 from ../libLumina/LuminaXDG.h:18,
                 from ../libLumina/LuminaXDG.cpp:7:
/usr/include/qt5/QtCore/qstring.h:609:17: note: declared here
  609 |     QStringList split(const QString &sep, SplitBehavior behavior,
      |                 ^~~~~
../libLumina/LuminaXDG.cpp:121:65: warning: ‘QStringList QString::split(const QString&, QString::SplitBehavior, Qt::CaseSensitivity) const’ is deprecated: Use Qt::SplitBehavior variant instead [-Wdeprecated-declarations]
  121 |     else if(var=="Actions" && insection){ actionList = val.split(";",QString::SkipEmptyParts); }
      |                                                        ~~~~~~~~~^~~~~~~~~~~~~~~~~~~~~~~~~~~~~
In file included from /usr/include/qt5/QtCore/qobject.h:47,
                 from /usr/include/qt5/QtCore/qiodevice.h:45,
                 from /usr/include/qt5/QtCore/qfiledevice.h:43,
                 from /usr/include/qt5/QtCore/qfile.h:44,
                 from /usr/include/qt5/QtCore/QFile:1,
                 from ../libLumina/LuminaXDG.h:18,
                 from ../libLumina/LuminaXDG.cpp:7:
/usr/include/qt5/QtCore/qstring.h:609:17: note: declared here
  609 |     QStringList split(const QString &sep, SplitBehavior behavior,
      |                 ^~~~~
../libLumina/LuminaXDG.cpp:122:64: warning: ‘QStringList QString::split(const QString&, QString::SplitBehavior, Qt::CaseSensitivity) const’ is deprecated: Use Qt::SplitBehavior variant instead [-Wdeprecated-declarations]
  122 |     else if(var=="MimeType" && insection){ mimeList = val.split(";",QString::SkipEmptyParts); }
      |                                                       ~~~~~~~~~^~~~~~~~~~~~~~~~~~~~~~~~~~~~~
In file included from /usr/include/qt5/QtCore/qobject.h:47,
                 from /usr/include/qt5/QtCore/qiodevice.h:45,
                 from /usr/include/qt5/QtCore/qfiledevice.h:43,
                 from /usr/include/qt5/QtCore/qfile.h:44,
                 from /usr/include/qt5/QtCore/QFile:1,
                 from ../libLumina/LuminaXDG.h:18,
                 from ../libLumina/LuminaXDG.cpp:7:
/usr/include/qt5/QtCore/qstring.h:609:17: note: declared here
  609 |     QStringList split(const QString &sep, SplitBehavior behavior,
      |                 ^~~~~
../libLumina/LuminaXDG.cpp:124:66: warning: ‘QStringList QString::split(const QString&, QString::SplitBehavior, Qt::CaseSensitivity) const’ is deprecated: Use Qt::SplitBehavior variant instead [-Wdeprecated-declarations]
  124 |       if(keyList.isEmpty() && loc.isEmpty()){ keyList = val.split(";",QString::SkipEmptyParts); }
      |                                                         ~~~~~~~~~^~~~~~~~~~~~~~~~~~~~~~~~~~~~~
In file included from /usr/include/qt5/QtCore/qobject.h:47,
                 from /usr/include/qt5/QtCore/qiodevice.h:45,
                 from /usr/include/qt5/QtCore/qfiledevice.h:43,
                 from /usr/include/qt5/QtCore/qfile.h:44,
                 from /usr/include/qt5/QtCore/QFile:1,
                 from ../libLumina/LuminaXDG.h:18,
                 from ../libLumina/LuminaXDG.cpp:7:
/usr/include/qt5/QtCore/qstring.h:609:17: note: declared here
  609 |     QStringList split(const QString &sep, SplitBehavior behavior,
      |                 ^~~~~
../libLumina/LuminaXDG.cpp:125:48: warning: ‘QStringList QString::split(const QString&, QString::SplitBehavior, Qt::CaseSensitivity) const’ is deprecated: Use Qt::SplitBehavior variant instead [-Wdeprecated-declarations]
  125 |       else if(loc == lang){ keyList = val.split(";",QString::SkipEmptyParts); }
      |                                       ~~~~~~~~~^~~~~~~~~~~~~~~~~~~~~~~~~~~~~
In file included from /usr/include/qt5/QtCore/qobject.h:47,
                 from /usr/include/qt5/QtCore/qiodevice.h:45,
                 from /usr/include/qt5/QtCore/qfiledevice.h:43,
                 from /usr/include/qt5/QtCore/qfile.h:44,
                 from /usr/include/qt5/QtCore/QFile:1,
                 from ../libLumina/LuminaXDG.h:18,
                 from ../libLumina/LuminaXDG.cpp:7:
/usr/include/qt5/QtCore/qstring.h:609:17: note: declared here
  609 |     QStringList split(const QString &sep, SplitBehavior behavior,
      |                 ^~~~~
../libLumina/LuminaXDG.cpp: In static member function ‘static QStringList LXDG::getIconThemeDepChain(QString, QStringList)’:
../libLumina/LuminaXDG.cpp:1042:52: warning: ‘QStringList QString::split(const QString&, QString::SplitBehavior, Qt::CaseSensitivity) const’ is deprecated: Use Qt::SplitBehavior variant instead [-Wdeprecated-declarations]
 1042 |         deps = deps.first().section("=",1,-1).split(";",QString::SkipEmptyParts);
      |                ~~~~~~~~~~~~~~~~~~~~~~~~~~~~~~~~~~~~^~~~~~~~~~~~~~~~~~~~~~~~~~~~~
In file included from /usr/include/qt5/QtCore/qobject.h:47,
                 from /usr/include/qt5/QtCore/qiodevice.h:45,
                 from /usr/include/qt5/QtCore/qfiledevice.h:43,
                 from /usr/include/qt5/QtCore/qfile.h:44,
                 from /usr/include/qt5/QtCore/QFile:1,
                 from ../libLumina/LuminaXDG.h:18,
                 from ../libLumina/LuminaXDG.cpp:7:
/usr/include/qt5/QtCore/qstring.h:609:17: note: declared here
  609 |     QStringList split(const QString &sep, SplitBehavior behavior,
      |                 ^~~~~
g++ -c -pipe -O2 -flto=auto -ffat-lto-objects -fexceptions -g -grecord-gcc-switches -pipe -Wall -Werror=format-security -Wp,-D_FORTIFY_SOURCE=2 -Wp,-D_GLIBCXX_ASSERTIONS -specs=/usr/lib/rpm/redhat/redhat-hardened-cc1 -fstack-protector-strong -specs=/usr/lib/rpm/redhat/redhat-annobin-cc1 -m64 -mtune=generic -fasynchronous-unwind-tables -fstack-clash-protection -fcf-protection -std=gnu++11 -Wall -Wextra -D_REENTRANT -fPIC -DPREFIX=QString\(\"/usr\"\) -DL_ETCDIR=QString\(\"/etc\"\) -DL_SHAREDIR=QString\(\"/usr/share\"\) -DGIT_VERSION="\"a88ea52f\"" -DQT_NO_DEBUG -DQT_SVG_LIB -DQT_WIDGETS_LIB -DQT_X11EXTRAS_LIB -DQT_MULTIMEDIA_LIB -DQT_GUI_LIB -DQT_NETWORK_LIB -DQT_CONCURRENT_LIB -DQT_CORE_LIB -I. -I../libLumina -I/usr/include/qt5 -I/usr -I/usr/include -I/home/q5sys/git/lumina/src-qt5/core/lumina-open -I/usr/include/qt5/QtSvg -I/usr/include/qt5/QtWidgets -I/usr/include/qt5/QtX11Extras -I/usr/include/qt5/QtMultimedia -I/usr/include/qt5/QtGui -I/usr/include/qt5/QtNetwork -I/usr/include/qt5/QtConcurrent -I/usr/include/qt5/QtCore -I.build/moc -I.build/ui -I/usr/lib64/qt5/mkspecs/linux-g++ -o .build/obj/LuminaThemes.o ../libLumina/LuminaThemes.cpp
../libLumina/LuminaXDG.cpp: In static member function ‘static QStringList LXDG::findAvailableAppsForMime(QString)’:
../libLumina/LuminaXDG.cpp:1310:62: warning: ‘QStringList QString::split(const QString&, QString::SplitBehavior, Qt::CaseSensitivity) const’ is deprecated: Use Qt::SplitBehavior variant instead [-Wdeprecated-declarations]
 1310 |         QStringList files = matches[j].section("=",1,1).split(";",QString::SkipEmptyParts);
      |                             ~~~~~~~~~~~~~~~~~~~~~~~~~~~~~~~~~^~~~~~~~~~~~~~~~~~~~~~~~~~~~~
In file included from /usr/include/qt5/QtCore/qobject.h:47,
                 from /usr/include/qt5/QtCore/qiodevice.h:45,
                 from /usr/include/qt5/QtCore/qfiledevice.h:43,
                 from /usr/include/qt5/QtCore/qfile.h:44,
                 from /usr/include/qt5/QtCore/QFile:1,
                 from ../libLumina/LuminaXDG.h:18,
                 from ../libLumina/LuminaXDG.cpp:7:
/usr/include/qt5/QtCore/qstring.h:609:17: note: declared here
  609 |     QStringList split(const QString &sep, SplitBehavior behavior,
      |                 ^~~~~
g++ -c -pipe -O2 -flto=auto -ffat-lto-objects -fexceptions -g -grecord-gcc-switches -pipe -Wall -Werror=format-security -Wp,-D_FORTIFY_SOURCE=2 -Wp,-D_GLIBCXX_ASSERTIONS -specs=/usr/lib/rpm/redhat/redhat-hardened-cc1 -fstack-protector-strong -specs=/usr/lib/rpm/redhat/redhat-annobin-cc1 -m64 -mtune=generic -fasynchronous-unwind-tables -fstack-clash-protection -fcf-protection -std=gnu++11 -Wall -Wextra -D_REENTRANT -fPIC -DPREFIX=QString\(\"/usr\"\) -DL_ETCDIR=QString\(\"/etc\"\) -DL_SHAREDIR=QString\(\"/usr/share\"\) -DGIT_VERSION="\"a88ea52f\"" -DQT_NO_DEBUG -DQT_MULTIMEDIAWIDGETS_LIB -DQT_SVG_LIB -DQT_WIDGETS_LIB -DQT_X11EXTRAS_LIB -DQT_MULTIMEDIA_LIB -DQT_QUICK_LIB -DQT_GUI_LIB -DQT_QMLMODELS_LIB -DQT_QML_LIB -DQT_NETWORK_LIB -DQT_CONCURRENT_LIB -DQT_CORE_LIB -I. -I../libLumina -I/usr/include/qt5 -I/usr -I/usr/include -I/home/q5sys/git/lumina/src-qt5/core/lumina-desktop -I../../src-cpp -Isrc-screensaver -I/usr/include/qt5/QtMultimediaWidgets -I/usr/include/qt5/QtSvg -I/usr/include/qt5/QtWidgets -I/usr/include/qt5/QtX11Extras -I/usr/include/qt5/QtMultimedia -I/usr/include/qt5/QtQuick -I/usr/include/qt5/QtGui -I/usr/include/qt5/QtQmlModels -I/usr/include/qt5/QtQml -I/usr/include/qt5/QtNetwork -I/usr/include/qt5/QtConcurrent -I/usr/include/qt5/QtCore -I.build/moc -I.build/ui -I/usr/lib64/qt5/mkspecs/linux-g++ -o .build/obj/LuminaXDG.o ../libLumina/LuminaXDG.cpp
../libLumina/LuminaXDG.cpp: In member function ‘void XDGDesktop::sync()’:
../libLumina/LuminaXDG.cpp:117:65: warning: ‘QStringList QString::split(const QString&, QString::SplitBehavior, Qt::CaseSensitivity) const’ is deprecated: Use Qt::SplitBehavior variant instead [-Wdeprecated-declarations]
  117 |     else if(var=="Categories" && insection){ catList = val.split(";",QString::SkipEmptyParts); }
      |                                                        ~~~~~~~~~^~~~~~~~~~~~~~~~~~~~~~~~~~~~~
In file included from /usr/include/qt5/QtCore/qobject.h:47,
                 from /usr/include/qt5/QtCore/qiodevice.h:45,
                 from /usr/include/qt5/QtCore/qfiledevice.h:43,
                 from /usr/include/qt5/QtCore/qfile.h:44,
                 from /usr/include/qt5/QtCore/QFile:1,
                 from ../libLumina/LuminaXDG.h:18,
                 from ../libLumina/LuminaXDG.cpp:7:
/usr/include/qt5/QtCore/qstring.h:609:17: note: declared here
  609 |     QStringList split(const QString &sep, SplitBehavior behavior,
      |                 ^~~~~
../libLumina/LuminaXDG.cpp:118:68: warning: ‘QStringList QString::split(const QString&, QString::SplitBehavior, Qt::CaseSensitivity) const’ is deprecated: Use Qt::SplitBehavior variant instead [-Wdeprecated-declarations]
  118 |     else if(var=="OnlyShowIn" && insection){ showInList = val.split(";",QString::SkipEmptyParts); }
      |                                                           ~~~~~~~~~^~~~~~~~~~~~~~~~~~~~~~~~~~~~~
In file included from /usr/include/qt5/QtCore/qobject.h:47,
                 from /usr/include/qt5/QtCore/qiodevice.h:45,
                 from /usr/include/qt5/QtCore/qfiledevice.h:43,
                 from /usr/include/qt5/QtCore/qfile.h:44,
                 from /usr/include/qt5/QtCore/QFile:1,
                 from ../libLumina/LuminaXDG.h:18,
                 from ../libLumina/LuminaXDG.cpp:7:
/usr/include/qt5/QtCore/qstring.h:609:17: note: declared here
  609 |     QStringList split(const QString &sep, SplitBehavior behavior,
      |                 ^~~~~
../libLumina/LuminaXDG.cpp:119:70: warning: ‘QStringList QString::split(const QString&, QString::SplitBehavior, Qt::CaseSensitivity) const’ is deprecated: Use Qt::SplitBehavior variant instead [-Wdeprecated-declarations]
  119 |     else if(var=="NotShowIn" && insection){ notShowInList = val.split(";",QString::SkipEmptyParts); }
      |                                                             ~~~~~~~~~^~~~~~~~~~~~~~~~~~~~~~~~~~~~~
In file included from /usr/include/qt5/QtCore/qobject.h:47,
                 from /usr/include/qt5/QtCore/qiodevice.h:45,
                 from /usr/include/qt5/QtCore/qfiledevice.h:43,
                 from /usr/include/qt5/QtCore/qfile.h:44,
                 from /usr/include/qt5/QtCore/QFile:1,
                 from ../libLumina/LuminaXDG.h:18,
                 from ../libLumina/LuminaXDG.cpp:7:
/usr/include/qt5/QtCore/qstring.h:609:17: note: declared here
  609 |     QStringList split(const QString &sep, SplitBehavior behavior,
      |                 ^~~~~
../libLumina/LuminaXDG.cpp:121:65: warning: ‘QStringList QString::split(const QString&, QString::SplitBehavior, Qt::CaseSensitivity) const’ is deprecated: Use Qt::SplitBehavior variant instead [-Wdeprecated-declarations]
  121 |     else if(var=="Actions" && insection){ actionList = val.split(";",QString::SkipEmptyParts); }
      |                                                        ~~~~~~~~~^~~~~~~~~~~~~~~~~~~~~~~~~~~~~
In file included from /usr/include/qt5/QtCore/qobject.h:47,
                 from /usr/include/qt5/QtCore/qiodevice.h:45,
                 from /usr/include/qt5/QtCore/qfiledevice.h:43,
                 from /usr/include/qt5/QtCore/qfile.h:44,
                 from /usr/include/qt5/QtCore/QFile:1,
                 from ../libLumina/LuminaXDG.h:18,
                 from ../libLumina/LuminaXDG.cpp:7:
/usr/include/qt5/QtCore/qstring.h:609:17: note: declared here
  609 |     QStringList split(const QString &sep, SplitBehavior behavior,
      |                 ^~~~~
../libLumina/LuminaXDG.cpp:122:64: warning: ‘QStringList QString::split(const QString&, QString::SplitBehavior, Qt::CaseSensitivity) const’ is deprecated: Use Qt::SplitBehavior variant instead [-Wdeprecated-declarations]
  122 |     else if(var=="MimeType" && insection){ mimeList = val.split(";",QString::SkipEmptyParts); }
      |                                                       ~~~~~~~~~^~~~~~~~~~~~~~~~~~~~~~~~~~~~~
In file included from /usr/include/qt5/QtCore/qobject.h:47,
                 from /usr/include/qt5/QtCore/qiodevice.h:45,
                 from /usr/include/qt5/QtCore/qfiledevice.h:43,
                 from /usr/include/qt5/QtCore/qfile.h:44,
                 from /usr/include/qt5/QtCore/QFile:1,
                 from ../libLumina/LuminaXDG.h:18,
                 from ../libLumina/LuminaXDG.cpp:7:
/usr/include/qt5/QtCore/qstring.h:609:17: note: declared here
  609 |     QStringList split(const QString &sep, SplitBehavior behavior,
      |                 ^~~~~
../libLumina/LuminaXDG.cpp:124:66: warning: ‘QStringList QString::split(const QString&, QString::SplitBehavior, Qt::CaseSensitivity) const’ is deprecated: Use Qt::SplitBehavior variant instead [-Wdeprecated-declarations]
  124 |       if(keyList.isEmpty() && loc.isEmpty()){ keyList = val.split(";",QString::SkipEmptyParts); }
      |                                                         ~~~~~~~~~^~~~~~~~~~~~~~~~~~~~~~~~~~~~~
In file included from /usr/include/qt5/QtCore/qobject.h:47,
                 from /usr/include/qt5/QtCore/qiodevice.h:45,
                 from /usr/include/qt5/QtCore/qfiledevice.h:43,
                 from /usr/include/qt5/QtCore/qfile.h:44,
                 from /usr/include/qt5/QtCore/QFile:1,
                 from ../libLumina/LuminaXDG.h:18,
                 from ../libLumina/LuminaXDG.cpp:7:
/usr/include/qt5/QtCore/qstring.h:609:17: note: declared here
  609 |     QStringList split(const QString &sep, SplitBehavior behavior,
      |                 ^~~~~
../libLumina/LuminaXDG.cpp:125:48: warning: ‘QStringList QString::split(const QString&, QString::SplitBehavior, Qt::CaseSensitivity) const’ is deprecated: Use Qt::SplitBehavior variant instead [-Wdeprecated-declarations]
  125 |       else if(loc == lang){ keyList = val.split(";",QString::SkipEmptyParts); }
      |                                       ~~~~~~~~~^~~~~~~~~~~~~~~~~~~~~~~~~~~~~
In file included from /usr/include/qt5/QtCore/qobject.h:47,
                 from /usr/include/qt5/QtCore/qiodevice.h:45,
                 from /usr/include/qt5/QtCore/qfiledevice.h:43,
                 from /usr/include/qt5/QtCore/qfile.h:44,
                 from /usr/include/qt5/QtCore/QFile:1,
                 from ../libLumina/LuminaXDG.h:18,
                 from ../libLumina/LuminaXDG.cpp:7:
/usr/include/qt5/QtCore/qstring.h:609:17: note: declared here
  609 |     QStringList split(const QString &sep, SplitBehavior behavior,
      |                 ^~~~~
../libLumina/LuminaXDG.cpp: In static member function ‘static QStringList LXDG::getIconThemeDepChain(QString, QStringList)’:
../libLumina/LuminaXDG.cpp:1042:52: warning: ‘QStringList QString::split(const QString&, QString::SplitBehavior, Qt::CaseSensitivity) const’ is deprecated: Use Qt::SplitBehavior variant instead [-Wdeprecated-declarations]
 1042 |         deps = deps.first().section("=",1,-1).split(";",QString::SkipEmptyParts);
      |                ~~~~~~~~~~~~~~~~~~~~~~~~~~~~~~~~~~~~^~~~~~~~~~~~~~~~~~~~~~~~~~~~~
In file included from /usr/include/qt5/QtCore/qobject.h:47,
                 from /usr/include/qt5/QtCore/qiodevice.h:45,
                 from /usr/include/qt5/QtCore/qfiledevice.h:43,
                 from /usr/include/qt5/QtCore/qfile.h:44,
                 from /usr/include/qt5/QtCore/QFile:1,
                 from ../libLumina/LuminaXDG.h:18,
                 from ../libLumina/LuminaXDG.cpp:7:
/usr/include/qt5/QtCore/qstring.h:609:17: note: declared here
  609 |     QStringList split(const QString &sep, SplitBehavior behavior,
      |                 ^~~~~
../libLumina/LuminaXDG.cpp: In static member function ‘static QStringList LXDG::findAvailableAppsForMime(QString)’:
../libLumina/LuminaXDG.cpp:1310:62: warning: ‘QStringList QString::split(const QString&, QString::SplitBehavior, Qt::CaseSensitivity) const’ is deprecated: Use Qt::SplitBehavior variant instead [-Wdeprecated-declarations]
 1310 |         QStringList files = matches[j].section("=",1,1).split(";",QString::SkipEmptyParts);
      |                             ~~~~~~~~~~~~~~~~~~~~~~~~~~~~~~~~~^~~~~~~~~~~~~~~~~~~~~~~~~~~~~
In file included from /usr/include/qt5/QtCore/qobject.h:47,
                 from /usr/include/qt5/QtCore/qiodevice.h:45,
                 from /usr/include/qt5/QtCore/qfiledevice.h:43,
                 from /usr/include/qt5/QtCore/qfile.h:44,
                 from /usr/include/qt5/QtCore/QFile:1,
                 from ../libLumina/LuminaXDG.h:18,
                 from ../libLumina/LuminaXDG.cpp:7:
/usr/include/qt5/QtCore/qstring.h:609:17: note: declared here
  609 |     QStringList split(const QString &sep, SplitBehavior behavior,
      |                 ^~~~~
g++ -c -pipe -O2 -flto=auto -ffat-lto-objects -fexceptions -g -grecord-gcc-switches -pipe -Wall -Werror=format-security -Wp,-D_FORTIFY_SOURCE=2 -Wp,-D_GLIBCXX_ASSERTIONS -specs=/usr/lib/rpm/redhat/redhat-hardened-cc1 -fstack-protector-strong -specs=/usr/lib/rpm/redhat/redhat-annobin-cc1 -m64 -mtune=generic -fasynchronous-unwind-tables -fstack-clash-protection -fcf-protection -std=gnu++11 -Wall -Wextra -D_REENTRANT -fPIC -DPREFIX=QString\(\"/usr\"\) -DL_ETCDIR=QString\(\"/etc\"\) -DL_SHAREDIR=QString\(\"/usr/share\"\) -DGIT_VERSION="\"a88ea52f\"" -DQT_NO_DEBUG -DQT_SVG_LIB -DQT_WIDGETS_LIB -DQT_X11EXTRAS_LIB -DQT_MULTIMEDIA_LIB -DQT_GUI_LIB -DQT_NETWORK_LIB -DQT_CONCURRENT_LIB -DQT_CORE_LIB -I. -I../libLumina -I/usr/include/qt5 -I/usr -I/usr/include -I/home/q5sys/git/lumina/src-qt5/core/lumina-open -I/usr/include/qt5/QtSvg -I/usr/include/qt5/QtWidgets -I/usr/include/qt5/QtX11Extras -I/usr/include/qt5/QtMultimedia -I/usr/include/qt5/QtGui -I/usr/include/qt5/QtNetwork -I/usr/include/qt5/QtConcurrent -I/usr/include/qt5/QtCore -I.build/moc -I.build/ui -I/usr/lib64/qt5/mkspecs/linux-g++ -o .build/obj/main.o main.cpp
g++ -c -pipe -O2 -flto=auto -ffat-lto-objects -fexceptions -g -grecord-gcc-switches -pipe -Wall -Werror=format-security -Wp,-D_FORTIFY_SOURCE=2 -Wp,-D_GLIBCXX_ASSERTIONS -specs=/usr/lib/rpm/redhat/redhat-hardened-cc1 -fstack-protector-strong -specs=/usr/lib/rpm/redhat/redhat-annobin-cc1 -m64 -mtune=generic -fasynchronous-unwind-tables -fstack-clash-protection -fcf-protection -std=gnu++11 -Wall -Wextra -D_REENTRANT -fPIC -DPREFIX=QString\(\"/usr\"\) -DL_ETCDIR=QString\(\"/etc\"\) -DL_SHAREDIR=QString\(\"/usr/share\"\) -DGIT_VERSION="\"a88ea52f\"" -DQT_NO_DEBUG -DQT_SVG_LIB -DQT_WIDGETS_LIB -DQT_MULTIMEDIA_LIB -DQT_X11EXTRAS_LIB -DQT_GUI_LIB -DQT_NETWORK_LIB -DQT_CONCURRENT_LIB -DQT_CORE_LIB -I. -I../libLumina -I/usr/include/qt5 -I/usr -I/usr/include -I/home/q5sys/git/lumina/src-qt5/core/lumina-info -I/usr/include/qt5/QtSvg -I/usr/include/qt5/QtWidgets -I/usr/include/qt5/QtMultimedia -I/usr/include/qt5/QtX11Extras -I/usr/include/qt5/QtGui -I/usr/include/qt5/QtNetwork -I/usr/include/qt5/QtConcurrent -I/usr/include/qt5/QtCore -I.build/moc -I.build/ui -I/usr/lib64/qt5/mkspecs/linux-g++ -o .build/obj/LFileInfo.o ../libLumina/LFileInfo.cpp
g++ -c -pipe -O2 -flto=auto -ffat-lto-objects -fexceptions -g -grecord-gcc-switches -pipe -Wall -Werror=format-security -Wp,-D_FORTIFY_SOURCE=2 -Wp,-D_GLIBCXX_ASSERTIONS -specs=/usr/lib/rpm/redhat/redhat-hardened-cc1 -fstack-protector-strong -specs=/usr/lib/rpm/redhat/redhat-annobin-cc1 -m64 -mtune=generic -fasynchronous-unwind-tables -fstack-clash-protection -fcf-protection -std=gnu++11 -Wall -Wextra -D_REENTRANT -fPIC -DPREFIX=QString\(\"/usr\"\) -DL_ETCDIR=QString\(\"/etc\"\) -DL_SHAREDIR=QString\(\"/usr/share\"\) -DGIT_VERSION="\"a88ea52f\"" -DQT_NO_DEBUG -DQT_SVG_LIB -DQT_WIDGETS_LIB -DQT_X11EXTRAS_LIB -DQT_MULTIMEDIA_LIB -DQT_GUI_LIB -DQT_CONCURRENT_LIB -DQT_NETWORK_LIB -DQT_CORE_LIB -I. -I../libLumina -I/usr/include/qt5 -I/usr -I/usr/include -I/home/q5sys/git/lumina/src-qt5/core/lumina-session -I/usr/include/qt5/QtSvg -I/usr/include/qt5/QtWidgets -I/usr/include/qt5/QtX11Extras -I/usr/include/qt5/QtMultimedia -I/usr/include/qt5/QtGui -I/usr/include/qt5/QtConcurrent -I/usr/include/qt5/QtNetwork -I/usr/include/qt5/QtCore -I.build/moc -I/usr/lib64/qt5/mkspecs/linux-g++ -o .build/obj/LFileInfo.o ../libLumina/LFileInfo.cpp
../libLumina/LFileInfo.cpp: In member function ‘void LFileInfo::getZfsDataset()’:
../libLumina/LFileInfo.cpp:103:80: warning: ‘QStringList QString::split(const QString&, QString::SplitBehavior, Qt::CaseSensitivity) const’ is deprecated: Use Qt::SplitBehavior variant instead [-Wdeprecated-declarations]
  103 |         if(!gplist.isEmpty()){ gplist = gplist.first().replace("\t", " ").split(" ",QString::SkipEmptyParts); gplist.removeAll("groups"); }
      |                                         ~~~~~~~~~~~~~~~~~~~~~~~~~~~~~~~~~~~~~~~^~~~~~~~~~~~~~~~~~~~~~~~~~~~~
In file included from /usr/include/qt5/QtCore/qobject.h:47,
                 from /usr/include/qt5/QtCore/qiodevice.h:45,
                 from /usr/include/qt5/QtCore/qfiledevice.h:43,
                 from /usr/include/qt5/QtCore/qfile.h:44,
                 from /usr/include/qt5/QtCore/QFile:1,
                 from ../libLumina/LuminaXDG.h:18,
                 from ../libLumina/LFileInfo.h:13,
                 from ../libLumina/LFileInfo.cpp:7:
/usr/include/qt5/QtCore/qstring.h:609:17: note: declared here
  609 |     QStringList split(const QString &sep, SplitBehavior behavior,
      |                 ^~~~~
../libLumina/LFileInfo.cpp:107:84: warning: ‘QStringList QString::split(const QString&, QString::SplitBehavior, Qt::CaseSensitivity) const’ is deprecated: Use Qt::SplitBehavior variant instead [-Wdeprecated-declarations]
  107 |           zfs_perms << tmp.first().section(" ",2,2,QString::SectionSkipEmpty).split(",",QString::SkipEmptyParts);
      |                        ~~~~~~~~~~~~~~~~~~~~~~~~~~~~~~~~~~~~~~~~~~~~~~~~~~~~~~~~~~~~^~~~~~~~~~~~~~~~~~~~~~~~~~~~~
In file included from /usr/include/qt5/QtCore/qobject.h:47,
                 from /usr/include/qt5/QtCore/qiodevice.h:45,
                 from /usr/include/qt5/QtCore/qfiledevice.h:43,
                 from /usr/include/qt5/QtCore/qfile.h:44,
                 from /usr/include/qt5/QtCore/QFile:1,
                 from ../libLumina/LuminaXDG.h:18,
                 from ../libLumina/LFileInfo.h:13,
                 from ../libLumina/LFileInfo.cpp:7:
/usr/include/qt5/QtCore/qstring.h:609:17: note: declared here
  609 |     QStringList split(const QString &sep, SplitBehavior behavior,
      |                 ^~~~~
main.cpp: In function ‘void LaunchAutoStart()’:
main.cpp:94:30: warning: ‘static bool QProcess::startDetached(const QString&)’ is deprecated: Use QProcess::startDetached(const QString &program, const QStringList &arguments) instead [-Wdeprecated-declarations]
   94 |       QProcess::startDetached(cmd);
      |       ~~~~~~~~~~~~~~~~~~~~~~~^~~~~
In file included from /usr/include/qt5/QtCore/QProcess:1,
                 from main.cpp:10:
/usr/include/qt5/QtCore/qprocess.h:280:17: note: declared here
  280 |     static bool startDetached(const QString &command);
      |                 ^~~~~~~~~~~~~
main.cpp: In function ‘int main(int, char**)’:
main.cpp:396:30: warning: ‘static bool QProcess::startDetached(const QString&)’ is deprecated: Use QProcess::startDetached(const QString &program, const QStringList &arguments) instead [-Wdeprecated-declarations]
  396 |       QProcess::startDetached(cmd);
      |       ~~~~~~~~~~~~~~~~~~~~~~~^~~~~
In file included from /usr/include/qt5/QtCore/QProcess:1,
                 from main.cpp:10:
/usr/include/qt5/QtCore/qprocess.h:280:17: note: declared here
  280 |     static bool startDetached(const QString &command);
      |                 ^~~~~~~~~~~~~
main.cpp:414:15: warning: ‘void QProcess::start(const QString&, QIODevice::OpenMode)’ is deprecated: Use QProcess::start(const QString &program, const QStringList &arguments,OpenMode mode = ReadWrite) instead [-Wdeprecated-declarations]
  414 |       p->start(cmd);
      |       ~~~~~~~~^~~~~
In file included from /usr/include/qt5/QtCore/QProcess:1,
                 from main.cpp:10:
/usr/include/qt5/QtCore/qprocess.h:168:10: note: declared here
  168 |     void start(const QString &command, OpenMode mode = ReadWrite);
      |          ^~~~~
../libLumina/LFileInfo.cpp: In member function ‘void LFileInfo::getZfsDataset()’:
../libLumina/LFileInfo.cpp:103:80: warning: ‘QStringList QString::split(const QString&, QString::SplitBehavior, Qt::CaseSensitivity) const’ is deprecated: Use Qt::SplitBehavior variant instead [-Wdeprecated-declarations]
  103 |         if(!gplist.isEmpty()){ gplist = gplist.first().replace("\t", " ").split(" ",QString::SkipEmptyParts); gplist.removeAll("groups"); }
      |                                         ~~~~~~~~~~~~~~~~~~~~~~~~~~~~~~~~~~~~~~~^~~~~~~~~~~~~~~~~~~~~~~~~~~~~
In file included from /usr/include/qt5/QtCore/qobject.h:47,
                 from /usr/include/qt5/QtCore/qiodevice.h:45,
                 from /usr/include/qt5/QtCore/qfiledevice.h:43,
                 from /usr/include/qt5/QtCore/qfile.h:44,
                 from /usr/include/qt5/QtCore/QFile:1,
                 from ../libLumina/LuminaXDG.h:18,
                 from ../libLumina/LFileInfo.h:13,
                 from ../libLumina/LFileInfo.cpp:7:
/usr/include/qt5/QtCore/qstring.h:609:17: note: declared here
  609 |     QStringList split(const QString &sep, SplitBehavior behavior,
      |                 ^~~~~
../libLumina/LFileInfo.cpp:107:84: warning: ‘QStringList QString::split(const QString&, QString::SplitBehavior, Qt::CaseSensitivity) const’ is deprecated: Use Qt::SplitBehavior variant instead [-Wdeprecated-declarations]
  107 |           zfs_perms << tmp.first().section(" ",2,2,QString::SectionSkipEmpty).split(",",QString::SkipEmptyParts);
      |                        ~~~~~~~~~~~~~~~~~~~~~~~~~~~~~~~~~~~~~~~~~~~~~~~~~~~~~~~~~~~~^~~~~~~~~~~~~~~~~~~~~~~~~~~~~
In file included from /usr/include/qt5/QtCore/qobject.h:47,
                 from /usr/include/qt5/QtCore/qiodevice.h:45,
                 from /usr/include/qt5/QtCore/qfiledevice.h:43,
                 from /usr/include/qt5/QtCore/qfile.h:44,
                 from /usr/include/qt5/QtCore/QFile:1,
                 from ../libLumina/LuminaXDG.h:18,
                 from ../libLumina/LFileInfo.h:13,
                 from ../libLumina/LFileInfo.cpp:7:
/usr/include/qt5/QtCore/qstring.h:609:17: note: declared here
  609 |     QStringList split(const QString &sep, SplitBehavior behavior,
      |                 ^~~~~
g++ -c -pipe -O2 -flto=auto -ffat-lto-objects -fexceptions -g -grecord-gcc-switches -pipe -Wall -Werror=format-security -Wp,-D_FORTIFY_SOURCE=2 -Wp,-D_GLIBCXX_ASSERTIONS -specs=/usr/lib/rpm/redhat/redhat-hardened-cc1 -fstack-protector-strong -specs=/usr/lib/rpm/redhat/redhat-annobin-cc1 -m64 -mtune=generic -fasynchronous-unwind-tables -fstack-clash-protection -fcf-protection -std=gnu++11 -Wall -Wextra -D_REENTRANT -fPIC -DPREFIX=QString\(\"/usr\"\) -DL_ETCDIR=QString\(\"/etc\"\) -DL_SHAREDIR=QString\(\"/usr/share\"\) -DGIT_VERSION="\"a88ea52f\"" -DQT_NO_DEBUG -DQT_MULTIMEDIAWIDGETS_LIB -DQT_SVG_LIB -DQT_WIDGETS_LIB -DQT_X11EXTRAS_LIB -DQT_MULTIMEDIA_LIB -DQT_QUICK_LIB -DQT_GUI_LIB -DQT_QMLMODELS_LIB -DQT_QML_LIB -DQT_NETWORK_LIB -DQT_CONCURRENT_LIB -DQT_CORE_LIB -I. -I../libLumina -I/usr/include/qt5 -I/usr -I/usr/include -I/home/q5sys/git/lumina/src-qt5/core/lumina-desktop -I../../src-cpp -Isrc-screensaver -I/usr/include/qt5/QtMultimediaWidgets -I/usr/include/qt5/QtSvg -I/usr/include/qt5/QtWidgets -I/usr/include/qt5/QtX11Extras -I/usr/include/qt5/QtMultimedia -I/usr/include/qt5/QtQuick -I/usr/include/qt5/QtGui -I/usr/include/qt5/QtQmlModels -I/usr/include/qt5/QtQml -I/usr/include/qt5/QtNetwork -I/usr/include/qt5/QtConcurrent -I/usr/include/qt5/QtCore -I.build/moc -I.build/ui -I/usr/lib64/qt5/mkspecs/linux-g++ -o .build/obj/LFileInfo.o ../libLumina/LFileInfo.cpp
g++ -c -pipe -O2 -flto=auto -ffat-lto-objects -fexceptions -g -grecord-gcc-switches -pipe -Wall -Werror=format-security -Wp,-D_FORTIFY_SOURCE=2 -Wp,-D_GLIBCXX_ASSERTIONS -specs=/usr/lib/rpm/redhat/redhat-hardened-cc1 -fstack-protector-strong -specs=/usr/lib/rpm/redhat/redhat-annobin-cc1 -m64 -mtune=generic -fasynchronous-unwind-tables -fstack-clash-protection -fcf-protection -std=gnu++11 -Wall -Wextra -D_REENTRANT -fPIC -DPREFIX=QString\(\"/usr\"\) -DL_ETCDIR=QString\(\"/etc\"\) -DL_SHAREDIR=QString\(\"/usr/share\"\) -DGIT_VERSION="\"a88ea52f\"" -DQT_NO_DEBUG -DQT_SVG_LIB -DQT_WIDGETS_LIB -DQT_X11EXTRAS_LIB -DQT_MULTIMEDIA_LIB -DQT_GUI_LIB -DQT_NETWORK_LIB -DQT_CONCURRENT_LIB -DQT_CORE_LIB -I. -I../libLumina -I/usr/include/qt5 -I/usr -I/usr/include -I/home/q5sys/git/lumina/src-qt5/core/lumina-open -I/usr/include/qt5/QtSvg -I/usr/include/qt5/QtWidgets -I/usr/include/qt5/QtX11Extras -I/usr/include/qt5/QtMultimedia -I/usr/include/qt5/QtGui -I/usr/include/qt5/QtNetwork -I/usr/include/qt5/QtConcurrent -I/usr/include/qt5/QtCore -I.build/moc -I.build/ui -I/usr/lib64/qt5/mkspecs/linux-g++ -o .build/obj/LFileDialog.o LFileDialog.cpp
g++ -c -pipe -O2 -flto=auto -ffat-lto-objects -fexceptions -g -grecord-gcc-switches -pipe -Wall -Werror=format-security -Wp,-D_FORTIFY_SOURCE=2 -Wp,-D_GLIBCXX_ASSERTIONS -specs=/usr/lib/rpm/redhat/redhat-hardened-cc1 -fstack-protector-strong -specs=/usr/lib/rpm/redhat/redhat-annobin-cc1 -m64 -mtune=generic -fasynchronous-unwind-tables -fstack-clash-protection -fcf-protection -std=gnu++11 -Wall -Wextra -D_REENTRANT -fPIC -DPREFIX=QString\(\"/usr\"\) -DL_ETCDIR=QString\(\"/etc\"\) -DL_SHAREDIR=QString\(\"/usr/share\"\) -DGIT_VERSION="\"a88ea52f\"" -DQT_NO_DEBUG -DQT_SVG_LIB -DQT_WIDGETS_LIB -DQT_MULTIMEDIA_LIB -DQT_X11EXTRAS_LIB -DQT_GUI_LIB -DQT_NETWORK_LIB -DQT_CONCURRENT_LIB -DQT_CORE_LIB -I. -I../libLumina -I/usr/include/qt5 -I/usr -I/usr/include -I/home/q5sys/git/lumina/src-qt5/core/lumina-info -I/usr/include/qt5/QtSvg -I/usr/include/qt5/QtWidgets -I/usr/include/qt5/QtMultimedia -I/usr/include/qt5/QtX11Extras -I/usr/include/qt5/QtGui -I/usr/include/qt5/QtNetwork -I/usr/include/qt5/QtConcurrent -I/usr/include/qt5/QtCore -I.build/moc -I.build/ui -I/usr/lib64/qt5/mkspecs/linux-g++ -o .build/obj/LuminaSingleApplication.o ../libLumina/LuminaSingleApplication.cpp
../libLumina/LFileInfo.cpp: In member function ‘void LFileInfo::getZfsDataset()’:
../libLumina/LFileInfo.cpp:103:80: warning: ‘QStringList QString::split(const QString&, QString::SplitBehavior, Qt::CaseSensitivity) const’ is deprecated: Use Qt::SplitBehavior variant instead [-Wdeprecated-declarations]
  103 |         if(!gplist.isEmpty()){ gplist = gplist.first().replace("\t", " ").split(" ",QString::SkipEmptyParts); gplist.removeAll("groups"); }
      |                                         ~~~~~~~~~~~~~~~~~~~~~~~~~~~~~~~~~~~~~~~^~~~~~~~~~~~~~~~~~~~~~~~~~~~~
In file included from /usr/include/qt5/QtCore/qobject.h:47,
                 from /usr/include/qt5/QtCore/qiodevice.h:45,
                 from /usr/include/qt5/QtCore/qfiledevice.h:43,
                 from /usr/include/qt5/QtCore/qfile.h:44,
                 from /usr/include/qt5/QtCore/QFile:1,
                 from ../libLumina/LuminaXDG.h:18,
                 from ../libLumina/LFileInfo.h:13,
                 from ../libLumina/LFileInfo.cpp:7:
/usr/include/qt5/QtCore/qstring.h:609:17: note: declared here
  609 |     QStringList split(const QString &sep, SplitBehavior behavior,
      |                 ^~~~~
../libLumina/LFileInfo.cpp:107:84: warning: ‘QStringList QString::split(const QString&, QString::SplitBehavior, Qt::CaseSensitivity) const’ is deprecated: Use Qt::SplitBehavior variant instead [-Wdeprecated-declarations]
  107 |           zfs_perms << tmp.first().section(" ",2,2,QString::SectionSkipEmpty).split(",",QString::SkipEmptyParts);
      |                        ~~~~~~~~~~~~~~~~~~~~~~~~~~~~~~~~~~~~~~~~~~~~~~~~~~~~~~~~~~~~^~~~~~~~~~~~~~~~~~~~~~~~~~~~~
In file included from /usr/include/qt5/QtCore/qobject.h:47,
                 from /usr/include/qt5/QtCore/qiodevice.h:45,
                 from /usr/include/qt5/QtCore/qfiledevice.h:43,
                 from /usr/include/qt5/QtCore/qfile.h:44,
                 from /usr/include/qt5/QtCore/QFile:1,
                 from ../libLumina/LuminaXDG.h:18,
                 from ../libLumina/LFileInfo.h:13,
                 from ../libLumina/LFileInfo.cpp:7:
/usr/include/qt5/QtCore/qstring.h:609:17: note: declared here
  609 |     QStringList split(const QString &sep, SplitBehavior behavior,
      |                 ^~~~~
g++ -c -pipe -O2 -flto=auto -ffat-lto-objects -fexceptions -g -grecord-gcc-switches -pipe -Wall -Werror=format-security -Wp,-D_FORTIFY_SOURCE=2 -Wp,-D_GLIBCXX_ASSERTIONS -specs=/usr/lib/rpm/redhat/redhat-hardened-cc1 -fstack-protector-strong -specs=/usr/lib/rpm/redhat/redhat-annobin-cc1 -m64 -mtune=generic -fasynchronous-unwind-tables -fstack-clash-protection -fcf-protection -std=gnu++11 -Wall -Wextra -D_REENTRANT -fPIC -DPREFIX=QString\(\"/usr\"\) -DL_ETCDIR=QString\(\"/etc\"\) -DL_SHAREDIR=QString\(\"/usr/share\"\) -DGIT_VERSION="\"a88ea52f\"" -DQT_NO_DEBUG -DQT_SVG_LIB -DQT_WIDGETS_LIB -DQT_X11EXTRAS_LIB -DQT_MULTIMEDIA_LIB -DQT_GUI_LIB -DQT_CONCURRENT_LIB -DQT_NETWORK_LIB -DQT_CORE_LIB -I. -I../libLumina -I/usr/include/qt5 -I/usr -I/usr/include -I/home/q5sys/git/lumina/src-qt5/core/lumina-session -I/usr/include/qt5/QtSvg -I/usr/include/qt5/QtWidgets -I/usr/include/qt5/QtX11Extras -I/usr/include/qt5/QtMultimedia -I/usr/include/qt5/QtGui -I/usr/include/qt5/QtConcurrent -I/usr/include/qt5/QtNetwork -I/usr/include/qt5/QtCore -I.build/moc -I/usr/lib64/qt5/mkspecs/linux-g++ -o .build/obj/LuminaSingleApplication.o ../libLumina/LuminaSingleApplication.cpp
g++ -c -pipe -O2 -flto=auto -ffat-lto-objects -fexceptions -g -grecord-gcc-switches -pipe -Wall -Werror=format-security -Wp,-D_FORTIFY_SOURCE=2 -Wp,-D_GLIBCXX_ASSERTIONS -specs=/usr/lib/rpm/redhat/redhat-hardened-cc1 -fstack-protector-strong -specs=/usr/lib/rpm/redhat/redhat-annobin-cc1 -m64 -mtune=generic -fasynchronous-unwind-tables -fstack-clash-protection -fcf-protection -std=gnu++11 -Wall -Wextra -D_REENTRANT -fPIC -DPREFIX=QString\(\"/usr\"\) -DL_ETCDIR=QString\(\"/etc\"\) -DL_SHAREDIR=QString\(\"/usr/share\"\) -DGIT_VERSION="\"a88ea52f\"" -DQT_NO_DEBUG -DQT_SVG_LIB -DQT_WIDGETS_LIB -DQT_MULTIMEDIA_LIB -DQT_X11EXTRAS_LIB -DQT_GUI_LIB -DQT_NETWORK_LIB -DQT_CONCURRENT_LIB -DQT_CORE_LIB -I. -I../libLumina -I/usr/include/qt5 -I/usr -I/usr/include -I/home/q5sys/git/lumina/src-qt5/core/lumina-info -I/usr/include/qt5/QtSvg -I/usr/include/qt5/QtWidgets -I/usr/include/qt5/QtMultimedia -I/usr/include/qt5/QtX11Extras -I/usr/include/qt5/QtGui -I/usr/include/qt5/QtNetwork -I/usr/include/qt5/QtConcurrent -I/usr/include/qt5/QtCore -I.build/moc -I.build/ui -I/usr/lib64/qt5/mkspecs/linux-g++ -o .build/obj/main.o main.cpp
g++ -c -pipe -O2 -flto=auto -ffat-lto-objects -fexceptions -g -grecord-gcc-switches -pipe -Wall -Werror=format-security -Wp,-D_FORTIFY_SOURCE=2 -Wp,-D_GLIBCXX_ASSERTIONS -specs=/usr/lib/rpm/redhat/redhat-hardened-cc1 -fstack-protector-strong -specs=/usr/lib/rpm/redhat/redhat-annobin-cc1 -m64 -mtune=generic -fasynchronous-unwind-tables -fstack-clash-protection -fcf-protection -std=gnu++11 -Wall -Wextra -D_REENTRANT -fPIC -DPREFIX=QString\(\"/usr\"\) -DL_ETCDIR=QString\(\"/etc\"\) -DL_SHAREDIR=QString\(\"/usr/share\"\) -DGIT_VERSION="\"a88ea52f\"" -DQT_NO_DEBUG -DQT_MULTIMEDIAWIDGETS_LIB -DQT_SVG_LIB -DQT_WIDGETS_LIB -DQT_X11EXTRAS_LIB -DQT_MULTIMEDIA_LIB -DQT_QUICK_LIB -DQT_GUI_LIB -DQT_QMLMODELS_LIB -DQT_QML_LIB -DQT_NETWORK_LIB -DQT_CONCURRENT_LIB -DQT_CORE_LIB -I. -I../libLumina -I/usr/include/qt5 -I/usr -I/usr/include -I/home/q5sys/git/lumina/src-qt5/core/lumina-desktop -I../../src-cpp -Isrc-screensaver -I/usr/include/qt5/QtMultimediaWidgets -I/usr/include/qt5/QtSvg -I/usr/include/qt5/QtWidgets -I/usr/include/qt5/QtX11Extras -I/usr/include/qt5/QtMultimedia -I/usr/include/qt5/QtQuick -I/usr/include/qt5/QtGui -I/usr/include/qt5/QtQmlModels -I/usr/include/qt5/QtQml -I/usr/include/qt5/QtNetwork -I/usr/include/qt5/QtConcurrent -I/usr/include/qt5/QtCore -I.build/moc -I.build/ui -I/usr/lib64/qt5/mkspecs/linux-g++ -o .build/obj/LuminaX11.o ../libLumina/LuminaX11.cpp
g++ -c -pipe -O2 -flto=auto -ffat-lto-objects -fexceptions -g -grecord-gcc-switches -pipe -Wall -Werror=format-security -Wp,-D_FORTIFY_SOURCE=2 -Wp,-D_GLIBCXX_ASSERTIONS -specs=/usr/lib/rpm/redhat/redhat-hardened-cc1 -fstack-protector-strong -specs=/usr/lib/rpm/redhat/redhat-annobin-cc1 -m64 -mtune=generic -fasynchronous-unwind-tables -fstack-clash-protection -fcf-protection -std=gnu++11 -Wall -Wextra -D_REENTRANT -fPIC -DPREFIX=QString\(\"/usr\"\) -DL_ETCDIR=QString\(\"/etc\"\) -DL_SHAREDIR=QString\(\"/usr/share\"\) -DGIT_VERSION="\"a88ea52f\"" -DQT_NO_DEBUG -DQT_SVG_LIB -DQT_WIDGETS_LIB -DQT_X11EXTRAS_LIB -DQT_MULTIMEDIA_LIB -DQT_GUI_LIB -DQT_CONCURRENT_LIB -DQT_NETWORK_LIB -DQT_CORE_LIB -I. -I../libLumina -I/usr/include/qt5 -I/usr -I/usr/include -I/home/q5sys/git/lumina/src-qt5/core/lumina-session -I/usr/include/qt5/QtSvg -I/usr/include/qt5/QtWidgets -I/usr/include/qt5/QtX11Extras -I/usr/include/qt5/QtMultimedia -I/usr/include/qt5/QtGui -I/usr/include/qt5/QtConcurrent -I/usr/include/qt5/QtNetwork -I/usr/include/qt5/QtCore -I.build/moc -I/usr/lib64/qt5/mkspecs/linux-g++ -o .build/obj/main.o main.cpp
/usr/lib64/qt5/bin/rcc -name lumina-open lumina-open.qrc -o .build/rcc/qrc_lumina-open.cpp
g++ -pipe -O2 -flto=auto -ffat-lto-objects -fexceptions -g -grecord-gcc-switches -pipe -Wall -Werror=format-security -Wp,-D_FORTIFY_SOURCE=2 -Wp,-D_GLIBCXX_ASSERTIONS -specs=/usr/lib/rpm/redhat/redhat-hardened-cc1 -fstack-protector-strong -specs=/usr/lib/rpm/redhat/redhat-annobin-cc1 -m64 -mtune=generic -fasynchronous-unwind-tables -fstack-clash-protection -fcf-protection -std=gnu++11 -Wall -Wextra -dM -E -o .build/moc/moc_predefs.h /usr/lib64/qt5/mkspecs/features/data/dummy.cpp
g++ -c -pipe -O2 -flto=auto -ffat-lto-objects -fexceptions -g -grecord-gcc-switches -pipe -Wall -Werror=format-security -Wp,-D_FORTIFY_SOURCE=2 -Wp,-D_GLIBCXX_ASSERTIONS -specs=/usr/lib/rpm/redhat/redhat-hardened-cc1 -fstack-protector-strong -specs=/usr/lib/rpm/redhat/redhat-annobin-cc1 -m64 -mtune=generic -fasynchronous-unwind-tables -fstack-clash-protection -fcf-protection -std=gnu++11 -Wall -Wextra -D_REENTRANT -fPIC -DPREFIX=QString\(\"/usr\"\) -DL_ETCDIR=QString\(\"/etc\"\) -DL_SHAREDIR=QString\(\"/usr/share\"\) -DGIT_VERSION="\"a88ea52f\"" -DQT_NO_DEBUG -DQT_SVG_LIB -DQT_WIDGETS_LIB -DQT_X11EXTRAS_LIB -DQT_MULTIMEDIA_LIB -DQT_GUI_LIB -DQT_NETWORK_LIB -DQT_CONCURRENT_LIB -DQT_CORE_LIB -I. -I../libLumina -I/usr/include/qt5 -I/usr -I/usr/include -I/home/q5sys/git/lumina/src-qt5/core/lumina-open -I/usr/include/qt5/QtSvg -I/usr/include/qt5/QtWidgets -I/usr/include/qt5/QtX11Extras -I/usr/include/qt5/QtMultimedia -I/usr/include/qt5/QtGui -I/usr/include/qt5/QtNetwork -I/usr/include/qt5/QtConcurrent -I/usr/include/qt5/QtCore -I.build/moc -I.build/ui -I/usr/lib64/qt5/mkspecs/linux-g++ -o .build/obj/qrc_lumina-open.o .build/rcc/qrc_lumina-open.cpp
In file included from main.cpp:14:
session.h: In member function ‘void LProcess::filechanged(QString)’:
session.h:31:31: warning: ‘Q_PID QProcess::pid() const’ is deprecated: Use processId() instead [-Wdeprecated-declarations]
   31 |               ::kill(this->pid(), SIGUSR2);  //Fluxbox needs SIGUSR2 to reload it's configs
      |                      ~~~~~~~~~^~
In file included from /usr/include/qt5/QtCore/QProcess:1,
                 from main.cpp:9:
/usr/include/qt5/QtCore/qprocess.h:237:11: note: declared here
  237 |     Q_PID pid() const;
      |           ^~~
In file included from main.cpp:14:
session.h:34:31: warning: ‘Q_PID QProcess::pid() const’ is deprecated: Use processId() instead [-Wdeprecated-declarations]
   34 |               ::kill(this->pid(), SIGUSR1);  //Compton needs SIGUSR1 to reload it's configs
      |                      ~~~~~~~~~^~
In file included from /usr/include/qt5/QtCore/QProcess:1,
                 from main.cpp:9:
/usr/include/qt5/QtCore/qprocess.h:237:11: note: declared here
  237 |     Q_PID pid() const;
      |           ^~~
/usr/lib64/qt5/bin/moc -DPREFIX=QString\(\"/usr\"\) -DL_ETCDIR=QString\(\"/etc\"\) -DL_SHAREDIR=QString\(\"/usr/share\"\) -DGIT_VERSION="\"a88ea52f\"" -DQT_NO_DEBUG -DQT_SVG_LIB -DQT_WIDGETS_LIB -DQT_X11EXTRAS_LIB -DQT_MULTIMEDIA_LIB -DQT_GUI_LIB -DQT_NETWORK_LIB -DQT_CONCURRENT_LIB -DQT_CORE_LIB --include /home/q5sys/git/lumina/src-qt5/core/lumina-open/.build/moc/moc_predefs.h -I/usr/lib64/qt5/mkspecs/linux-g++ -I/home/q5sys/git/lumina/src-qt5/core/lumina-open -I/home/q5sys/git/lumina/src-qt5/core/libLumina -I/usr/include/qt5 -I/usr -I/usr/include -I'/home/q5sys/git/lumina/src-qt5/core/lumina-open//home/q5sys/git/lumina/src-qt5/core/lumina-open' -I/usr/include/qt5/QtSvg -I/usr/include/qt5/QtWidgets -I/usr/include/qt5/QtX11Extras -I/usr/include/qt5/QtMultimedia -I/usr/include/qt5/QtGui -I/usr/include/qt5/QtNetwork -I/usr/include/qt5/QtConcurrent -I/usr/include/qt5/QtCore -I/usr/include/c++/11 -I/usr/include/c++/11/x86_64-redhat-linux -I/usr/include/c++/11/backward -I/usr/lib/gcc/x86_64-redhat-linux/11/include -I/usr/local/include -I/usr/include ../libLumina/LuminaXDG.h -o .build/moc/moc_LuminaXDG.cpp
/usr/lib64/qt5/bin/moc -DPREFIX=QString\(\"/usr\"\) -DL_ETCDIR=QString\(\"/etc\"\) -DL_SHAREDIR=QString\(\"/usr/share\"\) -DGIT_VERSION="\"a88ea52f\"" -DQT_NO_DEBUG -DQT_SVG_LIB -DQT_WIDGETS_LIB -DQT_X11EXTRAS_LIB -DQT_MULTIMEDIA_LIB -DQT_GUI_LIB -DQT_NETWORK_LIB -DQT_CONCURRENT_LIB -DQT_CORE_LIB --include /home/q5sys/git/lumina/src-qt5/core/lumina-open/.build/moc/moc_predefs.h -I/usr/lib64/qt5/mkspecs/linux-g++ -I/home/q5sys/git/lumina/src-qt5/core/lumina-open -I/home/q5sys/git/lumina/src-qt5/core/libLumina -I/usr/include/qt5 -I/usr -I/usr/include -I'/home/q5sys/git/lumina/src-qt5/core/lumina-open//home/q5sys/git/lumina/src-qt5/core/lumina-open' -I/usr/include/qt5/QtSvg -I/usr/include/qt5/QtWidgets -I/usr/include/qt5/QtX11Extras -I/usr/include/qt5/QtMultimedia -I/usr/include/qt5/QtGui -I/usr/include/qt5/QtNetwork -I/usr/include/qt5/QtConcurrent -I/usr/include/qt5/QtCore -I/usr/include/c++/11 -I/usr/include/c++/11/x86_64-redhat-linux -I/usr/include/c++/11/backward -I/usr/lib/gcc/x86_64-redhat-linux/11/include -I/usr/local/include -I/usr/include ../libLumina/LuminaThemes.h -o .build/moc/moc_LuminaThemes.cpp
/usr/lib64/qt5/bin/moc -DPREFIX=QString\(\"/usr\"\) -DL_ETCDIR=QString\(\"/etc\"\) -DL_SHAREDIR=QString\(\"/usr/share\"\) -DGIT_VERSION="\"a88ea52f\"" -DQT_NO_DEBUG -DQT_SVG_LIB -DQT_WIDGETS_LIB -DQT_X11EXTRAS_LIB -DQT_MULTIMEDIA_LIB -DQT_GUI_LIB -DQT_NETWORK_LIB -DQT_CONCURRENT_LIB -DQT_CORE_LIB --include /home/q5sys/git/lumina/src-qt5/core/lumina-open/.build/moc/moc_predefs.h -I/usr/lib64/qt5/mkspecs/linux-g++ -I/home/q5sys/git/lumina/src-qt5/core/lumina-open -I/home/q5sys/git/lumina/src-qt5/core/libLumina -I/usr/include/qt5 -I/usr -I/usr/include -I'/home/q5sys/git/lumina/src-qt5/core/lumina-open//home/q5sys/git/lumina/src-qt5/core/lumina-open' -I/usr/include/qt5/QtSvg -I/usr/include/qt5/QtWidgets -I/usr/include/qt5/QtX11Extras -I/usr/include/qt5/QtMultimedia -I/usr/include/qt5/QtGui -I/usr/include/qt5/QtNetwork -I/usr/include/qt5/QtConcurrent -I/usr/include/qt5/QtCore -I/usr/include/c++/11 -I/usr/include/c++/11/x86_64-redhat-linux -I/usr/include/c++/11/backward -I/usr/lib/gcc/x86_64-redhat-linux/11/include -I/usr/local/include -I/usr/include LFileDialog.h -o .build/moc/moc_LFileDialog.cpp
g++ -c -pipe -O2 -flto=auto -ffat-lto-objects -fexceptions -g -grecord-gcc-switches -pipe -Wall -Werror=format-security -Wp,-D_FORTIFY_SOURCE=2 -Wp,-D_GLIBCXX_ASSERTIONS -specs=/usr/lib/rpm/redhat/redhat-hardened-cc1 -fstack-protector-strong -specs=/usr/lib/rpm/redhat/redhat-annobin-cc1 -m64 -mtune=generic -fasynchronous-unwind-tables -fstack-clash-protection -fcf-protection -std=gnu++11 -Wall -Wextra -D_REENTRANT -fPIC -DPREFIX=QString\(\"/usr\"\) -DL_ETCDIR=QString\(\"/etc\"\) -DL_SHAREDIR=QString\(\"/usr/share\"\) -DGIT_VERSION="\"a88ea52f\"" -DQT_NO_DEBUG -DQT_SVG_LIB -DQT_WIDGETS_LIB -DQT_MULTIMEDIA_LIB -DQT_X11EXTRAS_LIB -DQT_GUI_LIB -DQT_NETWORK_LIB -DQT_CONCURRENT_LIB -DQT_CORE_LIB -I. -I../libLumina -I/usr/include/qt5 -I/usr -I/usr/include -I/home/q5sys/git/lumina/src-qt5/core/lumina-info -I/usr/include/qt5/QtSvg -I/usr/include/qt5/QtWidgets -I/usr/include/qt5/QtMultimedia -I/usr/include/qt5/QtX11Extras -I/usr/include/qt5/QtGui -I/usr/include/qt5/QtNetwork -I/usr/include/qt5/QtConcurrent -I/usr/include/qt5/QtCore -I.build/moc -I.build/ui -I/usr/lib64/qt5/mkspecs/linux-g++ -o .build/obj/MainUI.o MainUI.cpp
g++ -c -pipe -O2 -flto=auto -ffat-lto-objects -fexceptions -g -grecord-gcc-switches -pipe -Wall -Werror=format-security -Wp,-D_FORTIFY_SOURCE=2 -Wp,-D_GLIBCXX_ASSERTIONS -specs=/usr/lib/rpm/redhat/redhat-hardened-cc1 -fstack-protector-strong -specs=/usr/lib/rpm/redhat/redhat-annobin-cc1 -m64 -mtune=generic -fasynchronous-unwind-tables -fstack-clash-protection -fcf-protection -std=gnu++11 -Wall -Wextra -D_REENTRANT -fPIC -DPREFIX=QString\(\"/usr\"\) -DL_ETCDIR=QString\(\"/etc\"\) -DL_SHAREDIR=QString\(\"/usr/share\"\) -DGIT_VERSION="\"a88ea52f\"" -DQT_NO_DEBUG -DQT_SVG_LIB -DQT_WIDGETS_LIB -DQT_X11EXTRAS_LIB -DQT_MULTIMEDIA_LIB -DQT_GUI_LIB -DQT_NETWORK_LIB -DQT_CONCURRENT_LIB -DQT_CORE_LIB -I. -I../libLumina -I/usr/include/qt5 -I/usr -I/usr/include -I/home/q5sys/git/lumina/src-qt5/core/lumina-open -I/usr/include/qt5/QtSvg -I/usr/include/qt5/QtWidgets -I/usr/include/qt5/QtX11Extras -I/usr/include/qt5/QtMultimedia -I/usr/include/qt5/QtGui -I/usr/include/qt5/QtNetwork -I/usr/include/qt5/QtConcurrent -I/usr/include/qt5/QtCore -I.build/moc -I.build/ui -I/usr/lib64/qt5/mkspecs/linux-g++ -o .build/obj/moc_LuminaXDG.o .build/moc/moc_LuminaXDG.cpp
g++ -c -pipe -O2 -flto=auto -ffat-lto-objects -fexceptions -g -grecord-gcc-switches -pipe -Wall -Werror=format-security -Wp,-D_FORTIFY_SOURCE=2 -Wp,-D_GLIBCXX_ASSERTIONS -specs=/usr/lib/rpm/redhat/redhat-hardened-cc1 -fstack-protector-strong -specs=/usr/lib/rpm/redhat/redhat-annobin-cc1 -m64 -mtune=generic -fasynchronous-unwind-tables -fstack-clash-protection -fcf-protection -std=gnu++11 -Wall -Wextra -D_REENTRANT -fPIC -DPREFIX=QString\(\"/usr\"\) -DL_ETCDIR=QString\(\"/etc\"\) -DL_SHAREDIR=QString\(\"/usr/share\"\) -DGIT_VERSION="\"a88ea52f\"" -DQT_NO_DEBUG -DQT_SVG_LIB -DQT_WIDGETS_LIB -DQT_X11EXTRAS_LIB -DQT_MULTIMEDIA_LIB -DQT_GUI_LIB -DQT_CONCURRENT_LIB -DQT_NETWORK_LIB -DQT_CORE_LIB -I. -I../libLumina -I/usr/include/qt5 -I/usr -I/usr/include -I/home/q5sys/git/lumina/src-qt5/core/lumina-session -I/usr/include/qt5/QtSvg -I/usr/include/qt5/QtWidgets -I/usr/include/qt5/QtX11Extras -I/usr/include/qt5/QtMultimedia -I/usr/include/qt5/QtGui -I/usr/include/qt5/QtConcurrent -I/usr/include/qt5/QtNetwork -I/usr/include/qt5/QtCore -I.build/moc -I/usr/lib64/qt5/mkspecs/linux-g++ -o .build/obj/session.o session.cpp
In file included from session.cpp:7:
session.h: In member function ‘void LProcess::filechanged(QString)’:
session.h:31:31: warning: ‘Q_PID QProcess::pid() const’ is deprecated: Use processId() instead [-Wdeprecated-declarations]
   31 |               ::kill(this->pid(), SIGUSR2);  //Fluxbox needs SIGUSR2 to reload it's configs
      |                      ~~~~~~~~~^~
In file included from /usr/include/qt5/QtCore/QProcess:1,
                 from session.h:8,
                 from session.cpp:7:
/usr/include/qt5/QtCore/qprocess.h:237:11: note: declared here
  237 |     Q_PID pid() const;
      |           ^~~
In file included from session.cpp:7:
session.h:34:31: warning: ‘Q_PID QProcess::pid() const’ is deprecated: Use processId() instead [-Wdeprecated-declarations]
   34 |               ::kill(this->pid(), SIGUSR1);  //Compton needs SIGUSR1 to reload it's configs
      |                      ~~~~~~~~~^~
In file included from /usr/include/qt5/QtCore/QProcess:1,
                 from session.h:8,
                 from session.cpp:7:
/usr/include/qt5/QtCore/qprocess.h:237:11: note: declared here
  237 |     Q_PID pid() const;
      |           ^~~
MainUI.cpp: In member function ‘void MainUI::showSponsor(QListWidgetItem*)’:
MainUI.cpp:60:26: warning: ‘static bool QProcess::startDetached(const QString&)’ is deprecated: Use QProcess::startDetached(const QString &program, const QStringList &arguments) instead [-Wdeprecated-declarations]
   60 |   QProcess::startDetached("lumina-open \""+item->whatsThis()+"\"");
      |   ~~~~~~~~~~~~~~~~~~~~~~~^~~~~~~~~~~~~~~~~~~~~~~~~~~~~~~~~~~~~~~~~
In file included from /usr/include/qt5/QtCore/QProcess:1,
                 from ../libLumina/LuminaOS.h:17,
                 from MainUI.cpp:10:
/usr/include/qt5/QtCore/qprocess.h:280:17: note: declared here
  280 |     static bool startDetached(const QString &command);
      |                 ^~~~~~~~~~~~~
MainUI.cpp: In member function ‘void MainUI::LinkClicked(QString)’:
MainUI.cpp:64:26: warning: ‘static bool QProcess::startDetached(const QString&)’ is deprecated: Use QProcess::startDetached(const QString &program, const QStringList &arguments) instead [-Wdeprecated-declarations]
   64 |   QProcess::startDetached("lumina-open \""+url+"\"");
      |   ~~~~~~~~~~~~~~~~~~~~~~~^~~~~~~~~~~~~~~~~~~~~~~~~~~
In file included from /usr/include/qt5/QtCore/QProcess:1,
                 from ../libLumina/LuminaOS.h:17,
                 from MainUI.cpp:10:
/usr/include/qt5/QtCore/qprocess.h:280:17: note: declared here
  280 |     static bool startDetached(const QString &command);
      |                 ^~~~~~~~~~~~~
g++ -c -pipe -O2 -flto=auto -ffat-lto-objects -fexceptions -g -grecord-gcc-switches -pipe -Wall -Werror=format-security -Wp,-D_FORTIFY_SOURCE=2 -Wp,-D_GLIBCXX_ASSERTIONS -specs=/usr/lib/rpm/redhat/redhat-hardened-cc1 -fstack-protector-strong -specs=/usr/lib/rpm/redhat/redhat-annobin-cc1 -m64 -mtune=generic -fasynchronous-unwind-tables -fstack-clash-protection -fcf-protection -std=gnu++11 -Wall -Wextra -D_REENTRANT -fPIC -DPREFIX=QString\(\"/usr\"\) -DL_ETCDIR=QString\(\"/etc\"\) -DL_SHAREDIR=QString\(\"/usr/share\"\) -DGIT_VERSION="\"a88ea52f\"" -DQT_NO_DEBUG -DQT_SVG_LIB -DQT_WIDGETS_LIB -DQT_X11EXTRAS_LIB -DQT_MULTIMEDIA_LIB -DQT_GUI_LIB -DQT_NETWORK_LIB -DQT_CONCURRENT_LIB -DQT_CORE_LIB -I. -I../libLumina -I/usr/include/qt5 -I/usr -I/usr/include -I/home/q5sys/git/lumina/src-qt5/core/lumina-open -I/usr/include/qt5/QtSvg -I/usr/include/qt5/QtWidgets -I/usr/include/qt5/QtX11Extras -I/usr/include/qt5/QtMultimedia -I/usr/include/qt5/QtGui -I/usr/include/qt5/QtNetwork -I/usr/include/qt5/QtConcurrent -I/usr/include/qt5/QtCore -I.build/moc -I.build/ui -I/usr/lib64/qt5/mkspecs/linux-g++ -o .build/obj/moc_LuminaThemes.o .build/moc/moc_LuminaThemes.cpp
g++ -c -pipe -O2 -flto=auto -ffat-lto-objects -fexceptions -g -grecord-gcc-switches -pipe -Wall -Werror=format-security -Wp,-D_FORTIFY_SOURCE=2 -Wp,-D_GLIBCXX_ASSERTIONS -specs=/usr/lib/rpm/redhat/redhat-hardened-cc1 -fstack-protector-strong -specs=/usr/lib/rpm/redhat/redhat-annobin-cc1 -m64 -mtune=generic -fasynchronous-unwind-tables -fstack-clash-protection -fcf-protection -std=gnu++11 -Wall -Wextra -D_REENTRANT -fPIC -DPREFIX=QString\(\"/usr\"\) -DL_ETCDIR=QString\(\"/etc\"\) -DL_SHAREDIR=QString\(\"/usr/share\"\) -DGIT_VERSION="\"a88ea52f\"" -DQT_NO_DEBUG -DQT_MULTIMEDIAWIDGETS_LIB -DQT_SVG_LIB -DQT_WIDGETS_LIB -DQT_X11EXTRAS_LIB -DQT_MULTIMEDIA_LIB -DQT_QUICK_LIB -DQT_GUI_LIB -DQT_QMLMODELS_LIB -DQT_QML_LIB -DQT_NETWORK_LIB -DQT_CONCURRENT_LIB -DQT_CORE_LIB -I. -I../libLumina -I/usr/include/qt5 -I/usr -I/usr/include -I/home/q5sys/git/lumina/src-qt5/core/lumina-desktop -I../../src-cpp -Isrc-screensaver -I/usr/include/qt5/QtMultimediaWidgets -I/usr/include/qt5/QtSvg -I/usr/include/qt5/QtWidgets -I/usr/include/qt5/QtX11Extras -I/usr/include/qt5/QtMultimedia -I/usr/include/qt5/QtQuick -I/usr/include/qt5/QtGui -I/usr/include/qt5/QtQmlModels -I/usr/include/qt5/QtQml -I/usr/include/qt5/QtNetwork -I/usr/include/qt5/QtConcurrent -I/usr/include/qt5/QtCore -I.build/moc -I.build/ui -I/usr/lib64/qt5/mkspecs/linux-g++ -o .build/obj/LuminaSingleApplication.o ../libLumina/LuminaSingleApplication.cpp
/usr/lib64/qt5/bin/rcc -name lumina-info lumina-info.qrc -o .build/rcc/qrc_lumina-info.cpp
g++ -pipe -O2 -flto=auto -ffat-lto-objects -fexceptions -g -grecord-gcc-switches -pipe -Wall -Werror=format-security -Wp,-D_FORTIFY_SOURCE=2 -Wp,-D_GLIBCXX_ASSERTIONS -specs=/usr/lib/rpm/redhat/redhat-hardened-cc1 -fstack-protector-strong -specs=/usr/lib/rpm/redhat/redhat-annobin-cc1 -m64 -mtune=generic -fasynchronous-unwind-tables -fstack-clash-protection -fcf-protection -std=gnu++11 -Wall -Wextra -dM -E -o .build/moc/moc_predefs.h /usr/lib64/qt5/mkspecs/features/data/dummy.cpp
g++ -c -pipe -O2 -flto=auto -ffat-lto-objects -fexceptions -g -grecord-gcc-switches -pipe -Wall -Werror=format-security -Wp,-D_FORTIFY_SOURCE=2 -Wp,-D_GLIBCXX_ASSERTIONS -specs=/usr/lib/rpm/redhat/redhat-hardened-cc1 -fstack-protector-strong -specs=/usr/lib/rpm/redhat/redhat-annobin-cc1 -m64 -mtune=generic -fasynchronous-unwind-tables -fstack-clash-protection -fcf-protection -std=gnu++11 -Wall -Wextra -D_REENTRANT -fPIC -DPREFIX=QString\(\"/usr\"\) -DL_ETCDIR=QString\(\"/etc\"\) -DL_SHAREDIR=QString\(\"/usr/share\"\) -DGIT_VERSION="\"a88ea52f\"" -DQT_NO_DEBUG -DQT_SVG_LIB -DQT_WIDGETS_LIB -DQT_MULTIMEDIA_LIB -DQT_X11EXTRAS_LIB -DQT_GUI_LIB -DQT_NETWORK_LIB -DQT_CONCURRENT_LIB -DQT_CORE_LIB -I. -I../libLumina -I/usr/include/qt5 -I/usr -I/usr/include -I/home/q5sys/git/lumina/src-qt5/core/lumina-info -I/usr/include/qt5/QtSvg -I/usr/include/qt5/QtWidgets -I/usr/include/qt5/QtMultimedia -I/usr/include/qt5/QtX11Extras -I/usr/include/qt5/QtGui -I/usr/include/qt5/QtNetwork -I/usr/include/qt5/QtConcurrent -I/usr/include/qt5/QtCore -I.build/moc -I.build/ui -I/usr/lib64/qt5/mkspecs/linux-g++ -o .build/obj/qrc_lumina-info.o .build/rcc/qrc_lumina-info.cpp
g++ -c -pipe -O2 -flto=auto -ffat-lto-objects -fexceptions -g -grecord-gcc-switches -pipe -Wall -Werror=format-security -Wp,-D_FORTIFY_SOURCE=2 -Wp,-D_GLIBCXX_ASSERTIONS -specs=/usr/lib/rpm/redhat/redhat-hardened-cc1 -fstack-protector-strong -specs=/usr/lib/rpm/redhat/redhat-annobin-cc1 -m64 -mtune=generic -fasynchronous-unwind-tables -fstack-clash-protection -fcf-protection -std=gnu++11 -Wall -Wextra -D_REENTRANT -fPIC -DPREFIX=QString\(\"/usr\"\) -DL_ETCDIR=QString\(\"/etc\"\) -DL_SHAREDIR=QString\(\"/usr/share\"\) -DGIT_VERSION="\"a88ea52f\"" -DQT_NO_DEBUG -DQT_SVG_LIB -DQT_WIDGETS_LIB -DQT_X11EXTRAS_LIB -DQT_MULTIMEDIA_LIB -DQT_GUI_LIB -DQT_NETWORK_LIB -DQT_CONCURRENT_LIB -DQT_CORE_LIB -I. -I../libLumina -I/usr/include/qt5 -I/usr -I/usr/include -I/home/q5sys/git/lumina/src-qt5/core/lumina-open -I/usr/include/qt5/QtSvg -I/usr/include/qt5/QtWidgets -I/usr/include/qt5/QtX11Extras -I/usr/include/qt5/QtMultimedia -I/usr/include/qt5/QtGui -I/usr/include/qt5/QtNetwork -I/usr/include/qt5/QtConcurrent -I/usr/include/qt5/QtCore -I.build/moc -I.build/ui -I/usr/lib64/qt5/mkspecs/linux-g++ -o .build/obj/moc_LFileDialog.o .build/moc/moc_LFileDialog.cpp
/usr/lib64/qt5/bin/moc -DPREFIX=QString\(\"/usr\"\) -DL_ETCDIR=QString\(\"/etc\"\) -DL_SHAREDIR=QString\(\"/usr/share\"\) -DGIT_VERSION="\"a88ea52f\"" -DQT_NO_DEBUG -DQT_SVG_LIB -DQT_WIDGETS_LIB -DQT_MULTIMEDIA_LIB -DQT_X11EXTRAS_LIB -DQT_GUI_LIB -DQT_NETWORK_LIB -DQT_CONCURRENT_LIB -DQT_CORE_LIB --include /home/q5sys/git/lumina/src-qt5/core/lumina-info/.build/moc/moc_predefs.h -I/usr/lib64/qt5/mkspecs/linux-g++ -I/home/q5sys/git/lumina/src-qt5/core/lumina-info -I/home/q5sys/git/lumina/src-qt5/core/libLumina -I/usr/include/qt5 -I/usr -I/usr/include -I'/home/q5sys/git/lumina/src-qt5/core/lumina-info//home/q5sys/git/lumina/src-qt5/core/lumina-info' -I/usr/include/qt5/QtSvg -I/usr/include/qt5/QtWidgets -I/usr/include/qt5/QtMultimedia -I/usr/include/qt5/QtX11Extras -I/usr/include/qt5/QtGui -I/usr/include/qt5/QtNetwork -I/usr/include/qt5/QtConcurrent -I/usr/include/qt5/QtCore -I/usr/include/c++/11 -I/usr/include/c++/11/x86_64-redhat-linux -I/usr/include/c++/11/backward -I/usr/lib/gcc/x86_64-redhat-linux/11/include -I/usr/local/include -I/usr/include ../libLumina/LuminaThemes.h -o .build/moc/moc_LuminaThemes.cpp
g++ -pipe -O2 -flto=auto -ffat-lto-objects -fexceptions -g -grecord-gcc-switches -pipe -Wall -Werror=format-security -Wp,-D_FORTIFY_SOURCE=2 -Wp,-D_GLIBCXX_ASSERTIONS -specs=/usr/lib/rpm/redhat/redhat-hardened-cc1 -fstack-protector-strong -specs=/usr/lib/rpm/redhat/redhat-annobin-cc1 -m64 -mtune=generic -fasynchronous-unwind-tables -fstack-clash-protection -fcf-protection -std=gnu++11 -Wall -Wextra -dM -E -o .build/moc/moc_predefs.h /usr/lib64/qt5/mkspecs/features/data/dummy.cpp
/usr/lib64/qt5/bin/moc -DPREFIX=QString\(\"/usr\"\) -DL_ETCDIR=QString\(\"/etc\"\) -DL_SHAREDIR=QString\(\"/usr/share\"\) -DGIT_VERSION="\"a88ea52f\"" -DQT_NO_DEBUG -DQT_SVG_LIB -DQT_WIDGETS_LIB -DQT_X11EXTRAS_LIB -DQT_MULTIMEDIA_LIB -DQT_GUI_LIB -DQT_CONCURRENT_LIB -DQT_NETWORK_LIB -DQT_CORE_LIB --include /home/q5sys/git/lumina/src-qt5/core/lumina-session/.build/moc/moc_predefs.h -I/usr/lib64/qt5/mkspecs/linux-g++ -I/home/q5sys/git/lumina/src-qt5/core/lumina-session -I/home/q5sys/git/lumina/src-qt5/core/libLumina -I/usr/include/qt5 -I/usr -I/usr/include -I'/home/q5sys/git/lumina/src-qt5/core/lumina-session//home/q5sys/git/lumina/src-qt5/core/lumina-session' -I/usr/include/qt5/QtSvg -I/usr/include/qt5/QtWidgets -I/usr/include/qt5/QtX11Extras -I/usr/include/qt5/QtMultimedia -I/usr/include/qt5/QtGui -I/usr/include/qt5/QtConcurrent -I/usr/include/qt5/QtNetwork -I/usr/include/qt5/QtCore -I/usr/include/c++/11 -I/usr/include/c++/11/x86_64-redhat-linux -I/usr/include/c++/11/backward -I/usr/lib/gcc/x86_64-redhat-linux/11/include -I/usr/local/include -I/usr/include ../libLumina/LuminaThemes.h -o .build/moc/moc_LuminaThemes.cpp
/usr/lib64/qt5/bin/moc -DPREFIX=QString\(\"/usr\"\) -DL_ETCDIR=QString\(\"/etc\"\) -DL_SHAREDIR=QString\(\"/usr/share\"\) -DGIT_VERSION="\"a88ea52f\"" -DQT_NO_DEBUG -DQT_SVG_LIB -DQT_WIDGETS_LIB -DQT_MULTIMEDIA_LIB -DQT_X11EXTRAS_LIB -DQT_GUI_LIB -DQT_NETWORK_LIB -DQT_CONCURRENT_LIB -DQT_CORE_LIB --include /home/q5sys/git/lumina/src-qt5/core/lumina-info/.build/moc/moc_predefs.h -I/usr/lib64/qt5/mkspecs/linux-g++ -I/home/q5sys/git/lumina/src-qt5/core/lumina-info -I/home/q5sys/git/lumina/src-qt5/core/libLumina -I/usr/include/qt5 -I/usr -I/usr/include -I'/home/q5sys/git/lumina/src-qt5/core/lumina-info//home/q5sys/git/lumina/src-qt5/core/lumina-info' -I/usr/include/qt5/QtSvg -I/usr/include/qt5/QtWidgets -I/usr/include/qt5/QtMultimedia -I/usr/include/qt5/QtX11Extras -I/usr/include/qt5/QtGui -I/usr/include/qt5/QtNetwork -I/usr/include/qt5/QtConcurrent -I/usr/include/qt5/QtCore -I/usr/include/c++/11 -I/usr/include/c++/11/x86_64-redhat-linux -I/usr/include/c++/11/backward -I/usr/lib/gcc/x86_64-redhat-linux/11/include -I/usr/local/include -I/usr/include ../libLumina/LuminaXDG.h -o .build/moc/moc_LuminaXDG.cpp
/usr/lib64/qt5/bin/moc -DPREFIX=QString\(\"/usr\"\) -DL_ETCDIR=QString\(\"/etc\"\) -DL_SHAREDIR=QString\(\"/usr/share\"\) -DGIT_VERSION="\"a88ea52f\"" -DQT_NO_DEBUG -DQT_SVG_LIB -DQT_WIDGETS_LIB -DQT_X11EXTRAS_LIB -DQT_MULTIMEDIA_LIB -DQT_GUI_LIB -DQT_CONCURRENT_LIB -DQT_NETWORK_LIB -DQT_CORE_LIB --include /home/q5sys/git/lumina/src-qt5/core/lumina-session/.build/moc/moc_predefs.h -I/usr/lib64/qt5/mkspecs/linux-g++ -I/home/q5sys/git/lumina/src-qt5/core/lumina-session -I/home/q5sys/git/lumina/src-qt5/core/libLumina -I/usr/include/qt5 -I/usr -I/usr/include -I'/home/q5sys/git/lumina/src-qt5/core/lumina-session//home/q5sys/git/lumina/src-qt5/core/lumina-session' -I/usr/include/qt5/QtSvg -I/usr/include/qt5/QtWidgets -I/usr/include/qt5/QtX11Extras -I/usr/include/qt5/QtMultimedia -I/usr/include/qt5/QtGui -I/usr/include/qt5/QtConcurrent -I/usr/include/qt5/QtNetwork -I/usr/include/qt5/QtCore -I/usr/include/c++/11 -I/usr/include/c++/11/x86_64-redhat-linux -I/usr/include/c++/11/backward -I/usr/lib/gcc/x86_64-redhat-linux/11/include -I/usr/local/include -I/usr/include ../libLumina/LuminaXDG.h -o .build/moc/moc_LuminaXDG.cpp
/usr/lib64/qt5/bin/moc -DPREFIX=QString\(\"/usr\"\) -DL_ETCDIR=QString\(\"/etc\"\) -DL_SHAREDIR=QString\(\"/usr/share\"\) -DGIT_VERSION="\"a88ea52f\"" -DQT_NO_DEBUG -DQT_SVG_LIB -DQT_WIDGETS_LIB -DQT_MULTIMEDIA_LIB -DQT_X11EXTRAS_LIB -DQT_GUI_LIB -DQT_NETWORK_LIB -DQT_CONCURRENT_LIB -DQT_CORE_LIB --include /home/q5sys/git/lumina/src-qt5/core/lumina-info/.build/moc/moc_predefs.h -I/usr/lib64/qt5/mkspecs/linux-g++ -I/home/q5sys/git/lumina/src-qt5/core/lumina-info -I/home/q5sys/git/lumina/src-qt5/core/libLumina -I/usr/include/qt5 -I/usr -I/usr/include -I'/home/q5sys/git/lumina/src-qt5/core/lumina-info//home/q5sys/git/lumina/src-qt5/core/lumina-info' -I/usr/include/qt5/QtSvg -I/usr/include/qt5/QtWidgets -I/usr/include/qt5/QtMultimedia -I/usr/include/qt5/QtX11Extras -I/usr/include/qt5/QtGui -I/usr/include/qt5/QtNetwork -I/usr/include/qt5/QtConcurrent -I/usr/include/qt5/QtCore -I/usr/include/c++/11 -I/usr/include/c++/11/x86_64-redhat-linux -I/usr/include/c++/11/backward -I/usr/lib/gcc/x86_64-redhat-linux/11/include -I/usr/local/include -I/usr/include ../libLumina/LuminaSingleApplication.h -o .build/moc/moc_LuminaSingleApplication.cpp
/usr/lib64/qt5/bin/moc -DPREFIX=QString\(\"/usr\"\) -DL_ETCDIR=QString\(\"/etc\"\) -DL_SHAREDIR=QString\(\"/usr/share\"\) -DGIT_VERSION="\"a88ea52f\"" -DQT_NO_DEBUG -DQT_SVG_LIB -DQT_WIDGETS_LIB -DQT_X11EXTRAS_LIB -DQT_MULTIMEDIA_LIB -DQT_GUI_LIB -DQT_CONCURRENT_LIB -DQT_NETWORK_LIB -DQT_CORE_LIB --include /home/q5sys/git/lumina/src-qt5/core/lumina-session/.build/moc/moc_predefs.h -I/usr/lib64/qt5/mkspecs/linux-g++ -I/home/q5sys/git/lumina/src-qt5/core/lumina-session -I/home/q5sys/git/lumina/src-qt5/core/libLumina -I/usr/include/qt5 -I/usr -I/usr/include -I'/home/q5sys/git/lumina/src-qt5/core/lumina-session//home/q5sys/git/lumina/src-qt5/core/lumina-session' -I/usr/include/qt5/QtSvg -I/usr/include/qt5/QtWidgets -I/usr/include/qt5/QtX11Extras -I/usr/include/qt5/QtMultimedia -I/usr/include/qt5/QtGui -I/usr/include/qt5/QtConcurrent -I/usr/include/qt5/QtNetwork -I/usr/include/qt5/QtCore -I/usr/include/c++/11 -I/usr/include/c++/11/x86_64-redhat-linux -I/usr/include/c++/11/backward -I/usr/lib/gcc/x86_64-redhat-linux/11/include -I/usr/local/include -I/usr/include ../libLumina/LuminaSingleApplication.h -o .build/moc/moc_LuminaSingleApplication.cpp
/usr/lib64/qt5/bin/moc -DPREFIX=QString\(\"/usr\"\) -DL_ETCDIR=QString\(\"/etc\"\) -DL_SHAREDIR=QString\(\"/usr/share\"\) -DGIT_VERSION="\"a88ea52f\"" -DQT_NO_DEBUG -DQT_SVG_LIB -DQT_WIDGETS_LIB -DQT_MULTIMEDIA_LIB -DQT_X11EXTRAS_LIB -DQT_GUI_LIB -DQT_NETWORK_LIB -DQT_CONCURRENT_LIB -DQT_CORE_LIB --include /home/q5sys/git/lumina/src-qt5/core/lumina-info/.build/moc/moc_predefs.h -I/usr/lib64/qt5/mkspecs/linux-g++ -I/home/q5sys/git/lumina/src-qt5/core/lumina-info -I/home/q5sys/git/lumina/src-qt5/core/libLumina -I/usr/include/qt5 -I/usr -I/usr/include -I'/home/q5sys/git/lumina/src-qt5/core/lumina-info//home/q5sys/git/lumina/src-qt5/core/lumina-info' -I/usr/include/qt5/QtSvg -I/usr/include/qt5/QtWidgets -I/usr/include/qt5/QtMultimedia -I/usr/include/qt5/QtX11Extras -I/usr/include/qt5/QtGui -I/usr/include/qt5/QtNetwork -I/usr/include/qt5/QtConcurrent -I/usr/include/qt5/QtCore -I/usr/include/c++/11 -I/usr/include/c++/11/x86_64-redhat-linux -I/usr/include/c++/11/backward -I/usr/lib/gcc/x86_64-redhat-linux/11/include -I/usr/local/include -I/usr/include MainUI.h -o .build/moc/moc_MainUI.cpp
/usr/lib64/qt5/bin/moc -DPREFIX=QString\(\"/usr\"\) -DL_ETCDIR=QString\(\"/etc\"\) -DL_SHAREDIR=QString\(\"/usr/share\"\) -DGIT_VERSION="\"a88ea52f\"" -DQT_NO_DEBUG -DQT_SVG_LIB -DQT_WIDGETS_LIB -DQT_X11EXTRAS_LIB -DQT_MULTIMEDIA_LIB -DQT_GUI_LIB -DQT_CONCURRENT_LIB -DQT_NETWORK_LIB -DQT_CORE_LIB --include /home/q5sys/git/lumina/src-qt5/core/lumina-session/.build/moc/moc_predefs.h -I/usr/lib64/qt5/mkspecs/linux-g++ -I/home/q5sys/git/lumina/src-qt5/core/lumina-session -I/home/q5sys/git/lumina/src-qt5/core/libLumina -I/usr/include/qt5 -I/usr -I/usr/include -I'/home/q5sys/git/lumina/src-qt5/core/lumina-session//home/q5sys/git/lumina/src-qt5/core/lumina-session' -I/usr/include/qt5/QtSvg -I/usr/include/qt5/QtWidgets -I/usr/include/qt5/QtX11Extras -I/usr/include/qt5/QtMultimedia -I/usr/include/qt5/QtGui -I/usr/include/qt5/QtConcurrent -I/usr/include/qt5/QtNetwork -I/usr/include/qt5/QtCore -I/usr/include/c++/11 -I/usr/include/c++/11/x86_64-redhat-linux -I/usr/include/c++/11/backward -I/usr/lib/gcc/x86_64-redhat-linux/11/include -I/usr/local/include -I/usr/include session.h -o .build/moc/moc_session.cpp
g++ -c -pipe -O2 -flto=auto -ffat-lto-objects -fexceptions -g -grecord-gcc-switches -pipe -Wall -Werror=format-security -Wp,-D_FORTIFY_SOURCE=2 -Wp,-D_GLIBCXX_ASSERTIONS -specs=/usr/lib/rpm/redhat/redhat-hardened-cc1 -fstack-protector-strong -specs=/usr/lib/rpm/redhat/redhat-annobin-cc1 -m64 -mtune=generic -fasynchronous-unwind-tables -fstack-clash-protection -fcf-protection -std=gnu++11 -Wall -Wextra -D_REENTRANT -fPIC -DPREFIX=QString\(\"/usr\"\) -DL_ETCDIR=QString\(\"/etc\"\) -DL_SHAREDIR=QString\(\"/usr/share\"\) -DGIT_VERSION="\"a88ea52f\"" -DQT_NO_DEBUG -DQT_SVG_LIB -DQT_WIDGETS_LIB -DQT_MULTIMEDIA_LIB -DQT_X11EXTRAS_LIB -DQT_GUI_LIB -DQT_NETWORK_LIB -DQT_CONCURRENT_LIB -DQT_CORE_LIB -I. -I../libLumina -I/usr/include/qt5 -I/usr -I/usr/include -I/home/q5sys/git/lumina/src-qt5/core/lumina-info -I/usr/include/qt5/QtSvg -I/usr/include/qt5/QtWidgets -I/usr/include/qt5/QtMultimedia -I/usr/include/qt5/QtX11Extras -I/usr/include/qt5/QtGui -I/usr/include/qt5/QtNetwork -I/usr/include/qt5/QtConcurrent -I/usr/include/qt5/QtCore -I.build/moc -I.build/ui -I/usr/lib64/qt5/mkspecs/linux-g++ -o .build/obj/moc_LuminaThemes.o .build/moc/moc_LuminaThemes.cpp
g++ -c -pipe -O2 -flto=auto -ffat-lto-objects -fexceptions -g -grecord-gcc-switches -pipe -Wall -Werror=format-security -Wp,-D_FORTIFY_SOURCE=2 -Wp,-D_GLIBCXX_ASSERTIONS -specs=/usr/lib/rpm/redhat/redhat-hardened-cc1 -fstack-protector-strong -specs=/usr/lib/rpm/redhat/redhat-annobin-cc1 -m64 -mtune=generic -fasynchronous-unwind-tables -fstack-clash-protection -fcf-protection -std=gnu++11 -Wall -Wextra -D_REENTRANT -fPIC -DPREFIX=QString\(\"/usr\"\) -DL_ETCDIR=QString\(\"/etc\"\) -DL_SHAREDIR=QString\(\"/usr/share\"\) -DGIT_VERSION="\"a88ea52f\"" -DQT_NO_DEBUG -DQT_SVG_LIB -DQT_WIDGETS_LIB -DQT_X11EXTRAS_LIB -DQT_MULTIMEDIA_LIB -DQT_GUI_LIB -DQT_CONCURRENT_LIB -DQT_NETWORK_LIB -DQT_CORE_LIB -I. -I../libLumina -I/usr/include/qt5 -I/usr -I/usr/include -I/home/q5sys/git/lumina/src-qt5/core/lumina-session -I/usr/include/qt5/QtSvg -I/usr/include/qt5/QtWidgets -I/usr/include/qt5/QtX11Extras -I/usr/include/qt5/QtMultimedia -I/usr/include/qt5/QtGui -I/usr/include/qt5/QtConcurrent -I/usr/include/qt5/QtNetwork -I/usr/include/qt5/QtCore -I.build/moc -I/usr/lib64/qt5/mkspecs/linux-g++ -o .build/obj/moc_LuminaThemes.o .build/moc/moc_LuminaThemes.cpp
g++ -c -pipe -O2 -flto=auto -ffat-lto-objects -fexceptions -g -grecord-gcc-switches -pipe -Wall -Werror=format-security -Wp,-D_FORTIFY_SOURCE=2 -Wp,-D_GLIBCXX_ASSERTIONS -specs=/usr/lib/rpm/redhat/redhat-hardened-cc1 -fstack-protector-strong -specs=/usr/lib/rpm/redhat/redhat-annobin-cc1 -m64 -mtune=generic -fasynchronous-unwind-tables -fstack-clash-protection -fcf-protection -std=gnu++11 -Wall -Wextra -D_REENTRANT -fPIC -DPREFIX=QString\(\"/usr\"\) -DL_ETCDIR=QString\(\"/etc\"\) -DL_SHAREDIR=QString\(\"/usr/share\"\) -DGIT_VERSION="\"a88ea52f\"" -DQT_NO_DEBUG -DQT_MULTIMEDIAWIDGETS_LIB -DQT_SVG_LIB -DQT_WIDGETS_LIB -DQT_X11EXTRAS_LIB -DQT_MULTIMEDIA_LIB -DQT_QUICK_LIB -DQT_GUI_LIB -DQT_QMLMODELS_LIB -DQT_QML_LIB -DQT_NETWORK_LIB -DQT_CONCURRENT_LIB -DQT_CORE_LIB -I. -I../libLumina -I/usr/include/qt5 -I/usr -I/usr/include -I/home/q5sys/git/lumina/src-qt5/core/lumina-desktop -I../../src-cpp -Isrc-screensaver -I/usr/include/qt5/QtMultimediaWidgets -I/usr/include/qt5/QtSvg -I/usr/include/qt5/QtWidgets -I/usr/include/qt5/QtX11Extras -I/usr/include/qt5/QtMultimedia -I/usr/include/qt5/QtQuick -I/usr/include/qt5/QtGui -I/usr/include/qt5/QtQmlModels -I/usr/include/qt5/QtQml -I/usr/include/qt5/QtNetwork -I/usr/include/qt5/QtConcurrent -I/usr/include/qt5/QtCore -I.build/moc -I.build/ui -I/usr/lib64/qt5/mkspecs/linux-g++ -o .build/obj/LIconCache.o ../libLumina/LIconCache.cpp
g++ -Wl,--as-needed -Wl,-z,relro -Wl,--as-needed -Wl,-z,now -specs=/usr/lib/rpm/redhat/redhat-hardened-ld -Wl,-rpath-link,/usr/lib64 -o lumina-open .build/obj/LuminaXDG.o .build/obj/LFileInfo.o .build/obj/LuminaOS-Linux.o .build/obj/LUtils.o .build/obj/LuminaThemes.o .build/obj/main.o .build/obj/LFileDialog.o .build/obj/qrc_lumina-open.o .build/obj/moc_LuminaXDG.o .build/obj/moc_LuminaThemes.o .build/obj/moc_LFileDialog.o   -L/home/q5sys/git/lumina/src-qt5/core/libLumina -L/usr/lib64 -L/usr/lib64/qt5 -L/usr/local/lib -L/usr/lib -L/lib /usr/lib64/libQt5Svg.so /usr/lib64/libQt5Widgets.so /usr/lib64/libQt5X11Extras.so /usr/lib64/libQt5Multimedia.so /usr/lib64/libQt5Gui.so /usr/lib64/libQt5Network.so /usr/lib64/libQt5Concurrent.so /usr/lib64/libQt5Core.so -lGL -lpthread   
g++ -c -pipe -O2 -flto=auto -ffat-lto-objects -fexceptions -g -grecord-gcc-switches -pipe -Wall -Werror=format-security -Wp,-D_FORTIFY_SOURCE=2 -Wp,-D_GLIBCXX_ASSERTIONS -specs=/usr/lib/rpm/redhat/redhat-hardened-cc1 -fstack-protector-strong -specs=/usr/lib/rpm/redhat/redhat-annobin-cc1 -m64 -mtune=generic -fasynchronous-unwind-tables -fstack-clash-protection -fcf-protection -std=gnu++11 -Wall -Wextra -D_REENTRANT -fPIC -DPREFIX=QString\(\"/usr\"\) -DL_ETCDIR=QString\(\"/etc\"\) -DL_SHAREDIR=QString\(\"/usr/share\"\) -DGIT_VERSION="\"a88ea52f\"" -DQT_NO_DEBUG -DQT_SVG_LIB -DQT_WIDGETS_LIB -DQT_MULTIMEDIA_LIB -DQT_X11EXTRAS_LIB -DQT_GUI_LIB -DQT_NETWORK_LIB -DQT_CONCURRENT_LIB -DQT_CORE_LIB -I. -I../libLumina -I/usr/include/qt5 -I/usr -I/usr/include -I/home/q5sys/git/lumina/src-qt5/core/lumina-info -I/usr/include/qt5/QtSvg -I/usr/include/qt5/QtWidgets -I/usr/include/qt5/QtMultimedia -I/usr/include/qt5/QtX11Extras -I/usr/include/qt5/QtGui -I/usr/include/qt5/QtNetwork -I/usr/include/qt5/QtConcurrent -I/usr/include/qt5/QtCore -I.build/moc -I.build/ui -I/usr/lib64/qt5/mkspecs/linux-g++ -o .build/obj/moc_LuminaXDG.o .build/moc/moc_LuminaXDG.cpp
g++ -c -pipe -O2 -flto=auto -ffat-lto-objects -fexceptions -g -grecord-gcc-switches -pipe -Wall -Werror=format-security -Wp,-D_FORTIFY_SOURCE=2 -Wp,-D_GLIBCXX_ASSERTIONS -specs=/usr/lib/rpm/redhat/redhat-hardened-cc1 -fstack-protector-strong -specs=/usr/lib/rpm/redhat/redhat-annobin-cc1 -m64 -mtune=generic -fasynchronous-unwind-tables -fstack-clash-protection -fcf-protection -std=gnu++11 -Wall -Wextra -D_REENTRANT -fPIC -DPREFIX=QString\(\"/usr\"\) -DL_ETCDIR=QString\(\"/etc\"\) -DL_SHAREDIR=QString\(\"/usr/share\"\) -DGIT_VERSION="\"a88ea52f\"" -DQT_NO_DEBUG -DQT_SVG_LIB -DQT_WIDGETS_LIB -DQT_X11EXTRAS_LIB -DQT_MULTIMEDIA_LIB -DQT_GUI_LIB -DQT_CONCURRENT_LIB -DQT_NETWORK_LIB -DQT_CORE_LIB -I. -I../libLumina -I/usr/include/qt5 -I/usr -I/usr/include -I/home/q5sys/git/lumina/src-qt5/core/lumina-session -I/usr/include/qt5/QtSvg -I/usr/include/qt5/QtWidgets -I/usr/include/qt5/QtX11Extras -I/usr/include/qt5/QtMultimedia -I/usr/include/qt5/QtGui -I/usr/include/qt5/QtConcurrent -I/usr/include/qt5/QtNetwork -I/usr/include/qt5/QtCore -I.build/moc -I/usr/lib64/qt5/mkspecs/linux-g++ -o .build/obj/moc_LuminaXDG.o .build/moc/moc_LuminaXDG.cpp
../libLumina/LIconCache.cpp: In member function ‘QStringList LIconCache::getIconThemeDepChain(QString, QStringList)’:
../libLumina/LIconCache.cpp:285:52: warning: ‘QStringList QString::split(const QString&, QString::SplitBehavior, Qt::CaseSensitivity) const’ is deprecated: Use Qt::SplitBehavior variant instead [-Wdeprecated-declarations]
  285 |         deps = deps.first().section("=",1,-1).split(";",QString::SkipEmptyParts);
      |                ~~~~~~~~~~~~~~~~~~~~~~~~~~~~~~~~~~~~^~~~~~~~~~~~~~~~~~~~~~~~~~~~~
In file included from /usr/include/qt5/QtCore/qhashfunctions.h:44,
                 from /usr/include/qt5/QtCore/qlist.h:47,
                 from /usr/include/qt5/QtCore/qhash.h:46,
                 from /usr/include/qt5/QtCore/QHash:1,
                 from ../libLumina/LIconCache.h:13,
                 from ../libLumina/LIconCache.cpp:7:
/usr/include/qt5/QtCore/qstring.h:609:17: note: declared here
  609 |     QStringList split(const QString &sep, SplitBehavior behavior,
      |                 ^~~~~
g++ -c -pipe -O2 -flto=auto -ffat-lto-objects -fexceptions -g -grecord-gcc-switches -pipe -Wall -Werror=format-security -Wp,-D_FORTIFY_SOURCE=2 -Wp,-D_GLIBCXX_ASSERTIONS -specs=/usr/lib/rpm/redhat/redhat-hardened-cc1 -fstack-protector-strong -specs=/usr/lib/rpm/redhat/redhat-annobin-cc1 -m64 -mtune=generic -fasynchronous-unwind-tables -fstack-clash-protection -fcf-protection -std=gnu++11 -Wall -Wextra -D_REENTRANT -fPIC -DPREFIX=QString\(\"/usr\"\) -DL_ETCDIR=QString\(\"/etc\"\) -DL_SHAREDIR=QString\(\"/usr/share\"\) -DGIT_VERSION="\"a88ea52f\"" -DQT_NO_DEBUG -DQT_SVG_LIB -DQT_WIDGETS_LIB -DQT_MULTIMEDIA_LIB -DQT_X11EXTRAS_LIB -DQT_GUI_LIB -DQT_NETWORK_LIB -DQT_CONCURRENT_LIB -DQT_CORE_LIB -I. -I../libLumina -I/usr/include/qt5 -I/usr -I/usr/include -I/home/q5sys/git/lumina/src-qt5/core/lumina-info -I/usr/include/qt5/QtSvg -I/usr/include/qt5/QtWidgets -I/usr/include/qt5/QtMultimedia -I/usr/include/qt5/QtX11Extras -I/usr/include/qt5/QtGui -I/usr/include/qt5/QtNetwork -I/usr/include/qt5/QtConcurrent -I/usr/include/qt5/QtCore -I.build/moc -I.build/ui -I/usr/lib64/qt5/mkspecs/linux-g++ -o .build/obj/moc_LuminaSingleApplication.o .build/moc/moc_LuminaSingleApplication.cpp
g++ -c -pipe -O2 -flto=auto -ffat-lto-objects -fexceptions -g -grecord-gcc-switches -pipe -Wall -Werror=format-security -Wp,-D_FORTIFY_SOURCE=2 -Wp,-D_GLIBCXX_ASSERTIONS -specs=/usr/lib/rpm/redhat/redhat-hardened-cc1 -fstack-protector-strong -specs=/usr/lib/rpm/redhat/redhat-annobin-cc1 -m64 -mtune=generic -fasynchronous-unwind-tables -fstack-clash-protection -fcf-protection -std=gnu++11 -Wall -Wextra -D_REENTRANT -fPIC -DPREFIX=QString\(\"/usr\"\) -DL_ETCDIR=QString\(\"/etc\"\) -DL_SHAREDIR=QString\(\"/usr/share\"\) -DGIT_VERSION="\"a88ea52f\"" -DQT_NO_DEBUG -DQT_SVG_LIB -DQT_WIDGETS_LIB -DQT_X11EXTRAS_LIB -DQT_MULTIMEDIA_LIB -DQT_GUI_LIB -DQT_CONCURRENT_LIB -DQT_NETWORK_LIB -DQT_CORE_LIB -I. -I../libLumina -I/usr/include/qt5 -I/usr -I/usr/include -I/home/q5sys/git/lumina/src-qt5/core/lumina-session -I/usr/include/qt5/QtSvg -I/usr/include/qt5/QtWidgets -I/usr/include/qt5/QtX11Extras -I/usr/include/qt5/QtMultimedia -I/usr/include/qt5/QtGui -I/usr/include/qt5/QtConcurrent -I/usr/include/qt5/QtNetwork -I/usr/include/qt5/QtCore -I.build/moc -I/usr/lib64/qt5/mkspecs/linux-g++ -o .build/obj/moc_LuminaSingleApplication.o .build/moc/moc_LuminaSingleApplication.cpp
g++ -c -pipe -O2 -flto=auto -ffat-lto-objects -fexceptions -g -grecord-gcc-switches -pipe -Wall -Werror=format-security -Wp,-D_FORTIFY_SOURCE=2 -Wp,-D_GLIBCXX_ASSERTIONS -specs=/usr/lib/rpm/redhat/redhat-hardened-cc1 -fstack-protector-strong -specs=/usr/lib/rpm/redhat/redhat-annobin-cc1 -m64 -mtune=generic -fasynchronous-unwind-tables -fstack-clash-protection -fcf-protection -std=gnu++11 -Wall -Wextra -D_REENTRANT -fPIC -DPREFIX=QString\(\"/usr\"\) -DL_ETCDIR=QString\(\"/etc\"\) -DL_SHAREDIR=QString\(\"/usr/share\"\) -DGIT_VERSION="\"a88ea52f\"" -DQT_NO_DEBUG -DQT_SVG_LIB -DQT_WIDGETS_LIB -DQT_MULTIMEDIA_LIB -DQT_X11EXTRAS_LIB -DQT_GUI_LIB -DQT_NETWORK_LIB -DQT_CONCURRENT_LIB -DQT_CORE_LIB -I. -I../libLumina -I/usr/include/qt5 -I/usr -I/usr/include -I/home/q5sys/git/lumina/src-qt5/core/lumina-info -I/usr/include/qt5/QtSvg -I/usr/include/qt5/QtWidgets -I/usr/include/qt5/QtMultimedia -I/usr/include/qt5/QtX11Extras -I/usr/include/qt5/QtGui -I/usr/include/qt5/QtNetwork -I/usr/include/qt5/QtConcurrent -I/usr/include/qt5/QtCore -I.build/moc -I.build/ui -I/usr/lib64/qt5/mkspecs/linux-g++ -o .build/obj/moc_MainUI.o .build/moc/moc_MainUI.cpp
g++ -c -pipe -O2 -flto=auto -ffat-lto-objects -fexceptions -g -grecord-gcc-switches -pipe -Wall -Werror=format-security -Wp,-D_FORTIFY_SOURCE=2 -Wp,-D_GLIBCXX_ASSERTIONS -specs=/usr/lib/rpm/redhat/redhat-hardened-cc1 -fstack-protector-strong -specs=/usr/lib/rpm/redhat/redhat-annobin-cc1 -m64 -mtune=generic -fasynchronous-unwind-tables -fstack-clash-protection -fcf-protection -std=gnu++11 -Wall -Wextra -D_REENTRANT -fPIC -DPREFIX=QString\(\"/usr\"\) -DL_ETCDIR=QString\(\"/etc\"\) -DL_SHAREDIR=QString\(\"/usr/share\"\) -DGIT_VERSION="\"a88ea52f\"" -DQT_NO_DEBUG -DQT_SVG_LIB -DQT_WIDGETS_LIB -DQT_X11EXTRAS_LIB -DQT_MULTIMEDIA_LIB -DQT_GUI_LIB -DQT_CONCURRENT_LIB -DQT_NETWORK_LIB -DQT_CORE_LIB -I. -I../libLumina -I/usr/include/qt5 -I/usr -I/usr/include -I/home/q5sys/git/lumina/src-qt5/core/lumina-session -I/usr/include/qt5/QtSvg -I/usr/include/qt5/QtWidgets -I/usr/include/qt5/QtX11Extras -I/usr/include/qt5/QtMultimedia -I/usr/include/qt5/QtGui -I/usr/include/qt5/QtConcurrent -I/usr/include/qt5/QtNetwork -I/usr/include/qt5/QtCore -I.build/moc -I/usr/lib64/qt5/mkspecs/linux-g++ -o .build/obj/moc_session.o .build/moc/moc_session.cpp
g++ -c -pipe -O2 -flto=auto -ffat-lto-objects -fexceptions -g -grecord-gcc-switches -pipe -Wall -Werror=format-security -Wp,-D_FORTIFY_SOURCE=2 -Wp,-D_GLIBCXX_ASSERTIONS -specs=/usr/lib/rpm/redhat/redhat-hardened-cc1 -fstack-protector-strong -specs=/usr/lib/rpm/redhat/redhat-annobin-cc1 -m64 -mtune=generic -fasynchronous-unwind-tables -fstack-clash-protection -fcf-protection -std=gnu++11 -Wall -Wextra -D_REENTRANT -fPIC -DPREFIX=QString\(\"/usr\"\) -DL_ETCDIR=QString\(\"/etc\"\) -DL_SHAREDIR=QString\(\"/usr/share\"\) -DGIT_VERSION="\"a88ea52f\"" -DQT_NO_DEBUG -DQT_MULTIMEDIAWIDGETS_LIB -DQT_SVG_LIB -DQT_WIDGETS_LIB -DQT_X11EXTRAS_LIB -DQT_MULTIMEDIA_LIB -DQT_QUICK_LIB -DQT_GUI_LIB -DQT_QMLMODELS_LIB -DQT_QML_LIB -DQT_NETWORK_LIB -DQT_CONCURRENT_LIB -DQT_CORE_LIB -I. -I../libLumina -I/usr/include/qt5 -I/usr -I/usr/include -I/home/q5sys/git/lumina/src-qt5/core/lumina-desktop -I../../src-cpp -Isrc-screensaver -I/usr/include/qt5/QtMultimediaWidgets -I/usr/include/qt5/QtSvg -I/usr/include/qt5/QtWidgets -I/usr/include/qt5/QtX11Extras -I/usr/include/qt5/QtMultimedia -I/usr/include/qt5/QtQuick -I/usr/include/qt5/QtGui -I/usr/include/qt5/QtQmlModels -I/usr/include/qt5/QtQml -I/usr/include/qt5/QtNetwork -I/usr/include/qt5/QtConcurrent -I/usr/include/qt5/QtCore -I.build/moc -I.build/ui -I/usr/lib64/qt5/mkspecs/linux-g++ -o .build/obj/DesktopSettings.o ../libLumina/DesktopSettings.cpp
In file included from .build/moc/moc_session.cpp:10:
.build/moc/../../session.h: In member function ‘void LProcess::filechanged(QString)’:
.build/moc/../../session.h:31:31: warning: ‘Q_PID QProcess::pid() const’ is deprecated: Use processId() instead [-Wdeprecated-declarations]
   31 |               ::kill(this->pid(), SIGUSR2);  //Fluxbox needs SIGUSR2 to reload it's configs
      |                      ~~~~~~~~~^~
In file included from /usr/include/qt5/QtCore/QProcess:1,
                 from .build/moc/../../session.h:8,
                 from .build/moc/moc_session.cpp:10:
/usr/include/qt5/QtCore/qprocess.h:237:11: note: declared here
  237 |     Q_PID pid() const;
      |           ^~~
In file included from .build/moc/moc_session.cpp:10:
.build/moc/../../session.h:34:31: warning: ‘Q_PID QProcess::pid() const’ is deprecated: Use processId() instead [-Wdeprecated-declarations]
   34 |               ::kill(this->pid(), SIGUSR1);  //Compton needs SIGUSR1 to reload it's configs
      |                      ~~~~~~~~~^~
In file included from /usr/include/qt5/QtCore/QProcess:1,
                 from .build/moc/../../session.h:8,
                 from .build/moc/moc_session.cpp:10:
/usr/include/qt5/QtCore/qprocess.h:237:11: note: declared here
  237 |     Q_PID pid() const;
      |           ^~~
g++ -Wl,--as-needed -Wl,-z,relro -Wl,--as-needed -Wl,-z,now -specs=/usr/lib/rpm/redhat/redhat-hardened-ld -Wl,-rpath-link,/usr/lib64 -o start-lumina-desktop .build/obj/LDesktopUtils.o .build/obj/LuminaOS-Linux.o .build/obj/LUtils.o .build/obj/LuminaThemes.o .build/obj/LuminaXDG.o .build/obj/LFileInfo.o .build/obj/LuminaSingleApplication.o .build/obj/main.o .build/obj/session.o .build/obj/moc_LuminaThemes.o .build/obj/moc_LuminaXDG.o .build/obj/moc_LuminaSingleApplication.o .build/obj/moc_session.o   -L/home/q5sys/git/lumina/src-qt5/core/libLumina -L/usr/lib64 -L/usr/lib64/qt5 -L/usr/local/lib -L/usr/lib -L/lib /usr/lib64/libQt5Svg.so /usr/lib64/libQt5Widgets.so /usr/lib64/libQt5X11Extras.so /usr/lib64/libQt5Multimedia.so /usr/lib64/libQt5Gui.so /usr/lib64/libQt5Concurrent.so /usr/lib64/libQt5Network.so /usr/lib64/libQt5Core.so -lGL -lpthread   
g++ -Wl,--as-needed -Wl,-z,relro -Wl,--as-needed -Wl,-z,now -specs=/usr/lib/rpm/redhat/redhat-hardened-ld -Wl,-rpath-link,/usr/lib64 -o lumina-info .build/obj/LDesktopUtils.o .build/obj/LuminaOS-Linux.o .build/obj/LUtils.o .build/obj/LuminaThemes.o .build/obj/LuminaXDG.o .build/obj/LFileInfo.o .build/obj/LuminaSingleApplication.o .build/obj/main.o .build/obj/MainUI.o .build/obj/qrc_lumina-info.o .build/obj/moc_LuminaThemes.o .build/obj/moc_LuminaXDG.o .build/obj/moc_LuminaSingleApplication.o .build/obj/moc_MainUI.o   -L/home/q5sys/git/lumina/src-qt5/core/libLumina -L/usr/lib64 -L/usr/lib64/qt5 -L/usr/local/lib -L/usr/lib -L/lib /usr/lib64/libQt5Svg.so /usr/lib64/libQt5Widgets.so /usr/lib64/libQt5Multimedia.so /usr/lib64/libQt5X11Extras.so /usr/lib64/libQt5Gui.so /usr/lib64/libQt5Network.so /usr/lib64/libQt5Concurrent.so /usr/lib64/libQt5Core.so -lGL -lpthread   
make[3]: Leaving directory '/home/q5sys/git/lumina/src-qt5/core/lumina-open'
cd lumina-pingcursor/ && ( test -e Makefile || /usr/lib64/qt5/bin/qmake -o Makefile /home/q5sys/git/lumina/src-qt5/core/lumina-pingcursor/lumina-pingcursor.pro 'QMAKE_CFLAGS_DEBUG=-O2 -flto=auto -ffat-lto-objects -fexceptions -g -grecord-gcc-switches -pipe -Wall -Werror=format-security -Wp,-D_FORTIFY_SOURCE=2 -Wp,-D_GLIBCXX_ASSERTIONS -specs=/usr/lib/rpm/redhat/redhat-hardened-cc1 -fstack-protector-strong -specs=/usr/lib/rpm/redhat/redhat-annobin-cc1  -m64  -mtune=generic -fasynchronous-unwind-tables -fstack-clash-protection -fcf-protection ' 'QMAKE_CFLAGS_RELEASE=-O2 -flto=auto -ffat-lto-objects -fexceptions -g -grecord-gcc-switches -pipe -Wall -Werror=format-security -Wp,-D_FORTIFY_SOURCE=2 -Wp,-D_GLIBCXX_ASSERTIONS -specs=/usr/lib/rpm/redhat/redhat-hardened-cc1 -fstack-protector-strong -specs=/usr/lib/rpm/redhat/redhat-annobin-cc1  -m64  -mtune=generic -fasynchronous-unwind-tables -fstack-clash-protection -fcf-protection ' 'QMAKE_CXXFLAGS_DEBUG=-O2 -flto=auto -ffat-lto-objects -fexceptions -g -grecord-gcc-switches -pipe -Wall -Werror=format-security -Wp,-D_FORTIFY_SOURCE=2 -Wp,-D_GLIBCXX_ASSERTIONS -specs=/usr/lib/rpm/redhat/redhat-hardened-cc1 -fstack-protector-strong -specs=/usr/lib/rpm/redhat/redhat-annobin-cc1  -m64  -mtune=generic -fasynchronous-unwind-tables -fstack-clash-protection -fcf-protection ' 'QMAKE_CXXFLAGS_RELEASE=-O2 -flto=auto -ffat-lto-objects -fexceptions -g -grecord-gcc-switches -pipe -Wall -Werror=format-security -Wp,-D_FORTIFY_SOURCE=2 -Wp,-D_GLIBCXX_ASSERTIONS -specs=/usr/lib/rpm/redhat/redhat-hardened-cc1 -fstack-protector-strong -specs=/usr/lib/rpm/redhat/redhat-annobin-cc1  -m64  -mtune=generic -fasynchronous-unwind-tables -fstack-clash-protection -fcf-protection ' 'QMAKE_LFLAGS_DEBUG=-Wl,-z,relro -Wl,--as-needed  -Wl,-z,now -specs=/usr/lib/rpm/redhat/redhat-hardened-ld ' 'QMAKE_LFLAGS_RELEASE=-Wl,-z,relro -Wl,--as-needed  -Wl,-z,now -specs=/usr/lib/rpm/redhat/redhat-hardened-ld ' QMAKE_STRIP= CONFIG+=configure LIBPREFIX=/usr/lib64 L_BINDIR=/usr/bin L_LIBDIR=/usr/lib64 L_SHAREDIR=/usr/share L_ETCDIR=/etc L_INCLUDEDIR=/usr/include L_MANDIR=/usr/share/man QT5LIBDIR=/usr QMAKE_LFLAGS+=-Wl,--as-needed ) && make -f Makefile 
Project MESSAGE: Build OS Info: Linux, x86_64, #1 SMP Wed Jun 23 16:18:11 UTC 2021
Project MESSAGE:  - Detected Qt Version: 5.15.2
Project MESSAGE: Build Settings Loaded: Linux -
make[3]: Entering directory '/home/q5sys/git/lumina/src-qt5/core/lumina-pingcursor'
g++ -c -pipe -O2 -flto=auto -ffat-lto-objects -fexceptions -g -grecord-gcc-switches -pipe -Wall -Werror=format-security -Wp,-D_FORTIFY_SOURCE=2 -Wp,-D_GLIBCXX_ASSERTIONS -specs=/usr/lib/rpm/redhat/redhat-hardened-cc1 -fstack-protector-strong -specs=/usr/lib/rpm/redhat/redhat-annobin-cc1 -m64 -mtune=generic -fasynchronous-unwind-tables -fstack-clash-protection -fcf-protection -std=gnu++11 -Wall -Wextra -D_REENTRANT -fPIC -DPREFIX=QString\(\"/usr\"\) -DL_ETCDIR=QString\(\"/etc\"\) -DL_SHAREDIR=QString\(\"/usr/share\"\) -DQT_NO_DEBUG -DQT_WIDGETS_LIB -DQT_GUI_LIB -DQT_CORE_LIB -I. -I../libLumina -I/usr/include/qt5 -I/usr -I/usr/include -I/usr/include/qt5/QtWidgets -I/usr/include/qt5/QtGui -I/usr/include/qt5/QtCore -I.build/moc -I/usr/lib64/qt5/mkspecs/linux-g++ -o .build/obj/main.o main.cpp
g++ -Wl,--as-needed -Wl,-z,relro -Wl,--as-needed -Wl,-z,now -specs=/usr/lib/rpm/redhat/redhat-hardened-ld -o lumina-pingcursor .build/obj/main.o   -L/home/q5sys/git/lumina/src-qt5/core/libLumina -L/usr/lib64 -L/usr/lib64/qt5 -L/usr/local/lib -L/usr/lib -L/lib /usr/lib64/libQt5Widgets.so /usr/lib64/libQt5Gui.so /usr/lib64/libQt5Core.so -lGL -lpthread   
g++ -c -pipe -O2 -flto=auto -ffat-lto-objects -fexceptions -g -grecord-gcc-switches -pipe -Wall -Werror=format-security -Wp,-D_FORTIFY_SOURCE=2 -Wp,-D_GLIBCXX_ASSERTIONS -specs=/usr/lib/rpm/redhat/redhat-hardened-cc1 -fstack-protector-strong -specs=/usr/lib/rpm/redhat/redhat-annobin-cc1 -m64 -mtune=generic -fasynchronous-unwind-tables -fstack-clash-protection -fcf-protection -std=gnu++11 -Wall -Wextra -D_REENTRANT -fPIC -DPREFIX=QString\(\"/usr\"\) -DL_ETCDIR=QString\(\"/etc\"\) -DL_SHAREDIR=QString\(\"/usr/share\"\) -DGIT_VERSION="\"a88ea52f\"" -DQT_NO_DEBUG -DQT_MULTIMEDIAWIDGETS_LIB -DQT_SVG_LIB -DQT_WIDGETS_LIB -DQT_X11EXTRAS_LIB -DQT_MULTIMEDIA_LIB -DQT_QUICK_LIB -DQT_GUI_LIB -DQT_QMLMODELS_LIB -DQT_QML_LIB -DQT_NETWORK_LIB -DQT_CONCURRENT_LIB -DQT_CORE_LIB -I. -I../libLumina -I/usr/include/qt5 -I/usr -I/usr/include -I/home/q5sys/git/lumina/src-qt5/core/lumina-desktop -I../../src-cpp -Isrc-screensaver -I/usr/include/qt5/QtMultimediaWidgets -I/usr/include/qt5/QtSvg -I/usr/include/qt5/QtWidgets -I/usr/include/qt5/QtX11Extras -I/usr/include/qt5/QtMultimedia -I/usr/include/qt5/QtQuick -I/usr/include/qt5/QtGui -I/usr/include/qt5/QtQmlModels -I/usr/include/qt5/QtQml -I/usr/include/qt5/QtNetwork -I/usr/include/qt5/QtConcurrent -I/usr/include/qt5/QtCore -I.build/moc -I.build/ui -I/usr/lib64/qt5/mkspecs/linux-g++ -o .build/obj/main.o main.cpp
make[3]: Leaving directory '/home/q5sys/git/lumina/src-qt5/core/lumina-pingcursor'
cd ../../icon-theme/ && ( test -e Makefile || /usr/lib64/qt5/bin/qmake -o Makefile /home/q5sys/git/lumina/icon-theme/icon-theme.pro 'QMAKE_CFLAGS_DEBUG=-O2 -flto=auto -ffat-lto-objects -fexceptions -g -grecord-gcc-switches -pipe -Wall -Werror=format-security -Wp,-D_FORTIFY_SOURCE=2 -Wp,-D_GLIBCXX_ASSERTIONS -specs=/usr/lib/rpm/redhat/redhat-hardened-cc1 -fstack-protector-strong -specs=/usr/lib/rpm/redhat/redhat-annobin-cc1  -m64  -mtune=generic -fasynchronous-unwind-tables -fstack-clash-protection -fcf-protection ' 'QMAKE_CFLAGS_RELEASE=-O2 -flto=auto -ffat-lto-objects -fexceptions -g -grecord-gcc-switches -pipe -Wall -Werror=format-security -Wp,-D_FORTIFY_SOURCE=2 -Wp,-D_GLIBCXX_ASSERTIONS -specs=/usr/lib/rpm/redhat/redhat-hardened-cc1 -fstack-protector-strong -specs=/usr/lib/rpm/redhat/redhat-annobin-cc1  -m64  -mtune=generic -fasynchronous-unwind-tables -fstack-clash-protection -fcf-protection ' 'QMAKE_CXXFLAGS_DEBUG=-O2 -flto=auto -ffat-lto-objects -fexceptions -g -grecord-gcc-switches -pipe -Wall -Werror=format-security -Wp,-D_FORTIFY_SOURCE=2 -Wp,-D_GLIBCXX_ASSERTIONS -specs=/usr/lib/rpm/redhat/redhat-hardened-cc1 -fstack-protector-strong -specs=/usr/lib/rpm/redhat/redhat-annobin-cc1  -m64  -mtune=generic -fasynchronous-unwind-tables -fstack-clash-protection -fcf-protection ' 'QMAKE_CXXFLAGS_RELEASE=-O2 -flto=auto -ffat-lto-objects -fexceptions -g -grecord-gcc-switches -pipe -Wall -Werror=format-security -Wp,-D_FORTIFY_SOURCE=2 -Wp,-D_GLIBCXX_ASSERTIONS -specs=/usr/lib/rpm/redhat/redhat-hardened-cc1 -fstack-protector-strong -specs=/usr/lib/rpm/redhat/redhat-annobin-cc1  -m64  -mtune=generic -fasynchronous-unwind-tables -fstack-clash-protection -fcf-protection ' 'QMAKE_LFLAGS_DEBUG=-Wl,-z,relro -Wl,--as-needed  -Wl,-z,now -specs=/usr/lib/rpm/redhat/redhat-hardened-ld ' 'QMAKE_LFLAGS_RELEASE=-Wl,-z,relro -Wl,--as-needed  -Wl,-z,now -specs=/usr/lib/rpm/redhat/redhat-hardened-ld ' QMAKE_STRIP= CONFIG+=configure LIBPREFIX=/usr/lib64 L_BINDIR=/usr/bin L_LIBDIR=/usr/lib64 L_SHAREDIR=/usr/share L_ETCDIR=/etc L_INCLUDEDIR=/usr/include L_MANDIR=/usr/share/man QT5LIBDIR=/usr QMAKE_LFLAGS+=-Wl,--as-needed ) && make -f Makefile 
make[3]: Entering directory '/home/q5sys/git/lumina/icon-theme'
cd lumina-icons/ && ( test -e Makefile || /usr/lib64/qt5/bin/qmake -o Makefile /home/q5sys/git/lumina/icon-theme/lumina-icons/lumina-icons.pro 'QMAKE_CFLAGS_DEBUG=-O2 -flto=auto -ffat-lto-objects -fexceptions -g -grecord-gcc-switches -pipe -Wall -Werror=format-security -Wp,-D_FORTIFY_SOURCE=2 -Wp,-D_GLIBCXX_ASSERTIONS -specs=/usr/lib/rpm/redhat/redhat-hardened-cc1 -fstack-protector-strong -specs=/usr/lib/rpm/redhat/redhat-annobin-cc1  -m64  -mtune=generic -fasynchronous-unwind-tables -fstack-clash-protection -fcf-protection ' 'QMAKE_CFLAGS_RELEASE=-O2 -flto=auto -ffat-lto-objects -fexceptions -g -grecord-gcc-switches -pipe -Wall -Werror=format-security -Wp,-D_FORTIFY_SOURCE=2 -Wp,-D_GLIBCXX_ASSERTIONS -specs=/usr/lib/rpm/redhat/redhat-hardened-cc1 -fstack-protector-strong -specs=/usr/lib/rpm/redhat/redhat-annobin-cc1  -m64  -mtune=generic -fasynchronous-unwind-tables -fstack-clash-protection -fcf-protection ' 'QMAKE_CXXFLAGS_DEBUG=-O2 -flto=auto -ffat-lto-objects -fexceptions -g -grecord-gcc-switches -pipe -Wall -Werror=format-security -Wp,-D_FORTIFY_SOURCE=2 -Wp,-D_GLIBCXX_ASSERTIONS -specs=/usr/lib/rpm/redhat/redhat-hardened-cc1 -fstack-protector-strong -specs=/usr/lib/rpm/redhat/redhat-annobin-cc1  -m64  -mtune=generic -fasynchronous-unwind-tables -fstack-clash-protection -fcf-protection ' 'QMAKE_CXXFLAGS_RELEASE=-O2 -flto=auto -ffat-lto-objects -fexceptions -g -grecord-gcc-switches -pipe -Wall -Werror=format-security -Wp,-D_FORTIFY_SOURCE=2 -Wp,-D_GLIBCXX_ASSERTIONS -specs=/usr/lib/rpm/redhat/redhat-hardened-cc1 -fstack-protector-strong -specs=/usr/lib/rpm/redhat/redhat-annobin-cc1  -m64  -mtune=generic -fasynchronous-unwind-tables -fstack-clash-protection -fcf-protection ' 'QMAKE_LFLAGS_DEBUG=-Wl,-z,relro -Wl,--as-needed  -Wl,-z,now -specs=/usr/lib/rpm/redhat/redhat-hardened-ld ' 'QMAKE_LFLAGS_RELEASE=-Wl,-z,relro -Wl,--as-needed  -Wl,-z,now -specs=/usr/lib/rpm/redhat/redhat-hardened-ld ' QMAKE_STRIP= CONFIG+=configure LIBPREFIX=/usr/lib64 L_BINDIR=/usr/bin L_LIBDIR=/usr/lib64 L_SHAREDIR=/usr/share L_ETCDIR=/etc L_INCLUDEDIR=/usr/include L_MANDIR=/usr/share/man QT5LIBDIR=/usr QMAKE_LFLAGS+=-Wl,--as-needed ) && make -f Makefile 
Project MESSAGE: Build OS Info: Linux, x86_64, #1 SMP Wed Jun 23 16:18:11 UTC 2021
Project MESSAGE:  - Detected Qt Version: 5.15.2
Project MESSAGE: Build Settings Loaded: Linux -
make[4]: Entering directory '/home/q5sys/git/lumina/icon-theme/lumina-icons'
make[4]: Nothing to be done for 'first'.
make[4]: Leaving directory '/home/q5sys/git/lumina/icon-theme/lumina-icons'
cd material-design-light/ && ( test -e Makefile || /usr/lib64/qt5/bin/qmake -o Makefile /home/q5sys/git/lumina/icon-theme/material-design-light/material-design-light.pro 'QMAKE_CFLAGS_DEBUG=-O2 -flto=auto -ffat-lto-objects -fexceptions -g -grecord-gcc-switches -pipe -Wall -Werror=format-security -Wp,-D_FORTIFY_SOURCE=2 -Wp,-D_GLIBCXX_ASSERTIONS -specs=/usr/lib/rpm/redhat/redhat-hardened-cc1 -fstack-protector-strong -specs=/usr/lib/rpm/redhat/redhat-annobin-cc1  -m64  -mtune=generic -fasynchronous-unwind-tables -fstack-clash-protection -fcf-protection ' 'QMAKE_CFLAGS_RELEASE=-O2 -flto=auto -ffat-lto-objects -fexceptions -g -grecord-gcc-switches -pipe -Wall -Werror=format-security -Wp,-D_FORTIFY_SOURCE=2 -Wp,-D_GLIBCXX_ASSERTIONS -specs=/usr/lib/rpm/redhat/redhat-hardened-cc1 -fstack-protector-strong -specs=/usr/lib/rpm/redhat/redhat-annobin-cc1  -m64  -mtune=generic -fasynchronous-unwind-tables -fstack-clash-protection -fcf-protection ' 'QMAKE_CXXFLAGS_DEBUG=-O2 -flto=auto -ffat-lto-objects -fexceptions -g -grecord-gcc-switches -pipe -Wall -Werror=format-security -Wp,-D_FORTIFY_SOURCE=2 -Wp,-D_GLIBCXX_ASSERTIONS -specs=/usr/lib/rpm/redhat/redhat-hardened-cc1 -fstack-protector-strong -specs=/usr/lib/rpm/redhat/redhat-annobin-cc1  -m64  -mtune=generic -fasynchronous-unwind-tables -fstack-clash-protection -fcf-protection ' 'QMAKE_CXXFLAGS_RELEASE=-O2 -flto=auto -ffat-lto-objects -fexceptions -g -grecord-gcc-switches -pipe -Wall -Werror=format-security -Wp,-D_FORTIFY_SOURCE=2 -Wp,-D_GLIBCXX_ASSERTIONS -specs=/usr/lib/rpm/redhat/redhat-hardened-cc1 -fstack-protector-strong -specs=/usr/lib/rpm/redhat/redhat-annobin-cc1  -m64  -mtune=generic -fasynchronous-unwind-tables -fstack-clash-protection -fcf-protection ' 'QMAKE_LFLAGS_DEBUG=-Wl,-z,relro -Wl,--as-needed  -Wl,-z,now -specs=/usr/lib/rpm/redhat/redhat-hardened-ld ' 'QMAKE_LFLAGS_RELEASE=-Wl,-z,relro -Wl,--as-needed  -Wl,-z,now -specs=/usr/lib/rpm/redhat/redhat-hardened-ld ' QMAKE_STRIP= CONFIG+=configure LIBPREFIX=/usr/lib64 L_BINDIR=/usr/bin L_LIBDIR=/usr/lib64 L_SHAREDIR=/usr/share L_ETCDIR=/etc L_INCLUDEDIR=/usr/include L_MANDIR=/usr/share/man QT5LIBDIR=/usr QMAKE_LFLAGS+=-Wl,--as-needed ) && make -f Makefile 
Project MESSAGE: Build OS Info: Linux, x86_64, #1 SMP Wed Jun 23 16:18:11 UTC 2021
Project MESSAGE:  - Detected Qt Version: 5.15.2
Project MESSAGE: Build Settings Loaded: Linux -
make[4]: Entering directory '/home/q5sys/git/lumina/icon-theme/material-design-light'
make[4]: Nothing to be done for 'first'.
make[4]: Leaving directory '/home/q5sys/git/lumina/icon-theme/material-design-light'
cd material-design-dark/ && ( test -e Makefile || /usr/lib64/qt5/bin/qmake -o Makefile /home/q5sys/git/lumina/icon-theme/material-design-dark/material-design-dark.pro 'QMAKE_CFLAGS_DEBUG=-O2 -flto=auto -ffat-lto-objects -fexceptions -g -grecord-gcc-switches -pipe -Wall -Werror=format-security -Wp,-D_FORTIFY_SOURCE=2 -Wp,-D_GLIBCXX_ASSERTIONS -specs=/usr/lib/rpm/redhat/redhat-hardened-cc1 -fstack-protector-strong -specs=/usr/lib/rpm/redhat/redhat-annobin-cc1  -m64  -mtune=generic -fasynchronous-unwind-tables -fstack-clash-protection -fcf-protection ' 'QMAKE_CFLAGS_RELEASE=-O2 -flto=auto -ffat-lto-objects -fexceptions -g -grecord-gcc-switches -pipe -Wall -Werror=format-security -Wp,-D_FORTIFY_SOURCE=2 -Wp,-D_GLIBCXX_ASSERTIONS -specs=/usr/lib/rpm/redhat/redhat-hardened-cc1 -fstack-protector-strong -specs=/usr/lib/rpm/redhat/redhat-annobin-cc1  -m64  -mtune=generic -fasynchronous-unwind-tables -fstack-clash-protection -fcf-protection ' 'QMAKE_CXXFLAGS_DEBUG=-O2 -flto=auto -ffat-lto-objects -fexceptions -g -grecord-gcc-switches -pipe -Wall -Werror=format-security -Wp,-D_FORTIFY_SOURCE=2 -Wp,-D_GLIBCXX_ASSERTIONS -specs=/usr/lib/rpm/redhat/redhat-hardened-cc1 -fstack-protector-strong -specs=/usr/lib/rpm/redhat/redhat-annobin-cc1  -m64  -mtune=generic -fasynchronous-unwind-tables -fstack-clash-protection -fcf-protection ' 'QMAKE_CXXFLAGS_RELEASE=-O2 -flto=auto -ffat-lto-objects -fexceptions -g -grecord-gcc-switches -pipe -Wall -Werror=format-security -Wp,-D_FORTIFY_SOURCE=2 -Wp,-D_GLIBCXX_ASSERTIONS -specs=/usr/lib/rpm/redhat/redhat-hardened-cc1 -fstack-protector-strong -specs=/usr/lib/rpm/redhat/redhat-annobin-cc1  -m64  -mtune=generic -fasynchronous-unwind-tables -fstack-clash-protection -fcf-protection ' 'QMAKE_LFLAGS_DEBUG=-Wl,-z,relro -Wl,--as-needed  -Wl,-z,now -specs=/usr/lib/rpm/redhat/redhat-hardened-ld ' 'QMAKE_LFLAGS_RELEASE=-Wl,-z,relro -Wl,--as-needed  -Wl,-z,now -specs=/usr/lib/rpm/redhat/redhat-hardened-ld ' QMAKE_STRIP= CONFIG+=configure LIBPREFIX=/usr/lib64 L_BINDIR=/usr/bin L_LIBDIR=/usr/lib64 L_SHAREDIR=/usr/share L_ETCDIR=/etc L_INCLUDEDIR=/usr/include L_MANDIR=/usr/share/man QT5LIBDIR=/usr QMAKE_LFLAGS+=-Wl,--as-needed ) && make -f Makefile 
Project MESSAGE: Build OS Info: Linux, x86_64, #1 SMP Wed Jun 23 16:18:11 UTC 2021
Project MESSAGE:  - Detected Qt Version: 5.15.2
Project MESSAGE: Build Settings Loaded: Linux -
make[4]: Entering directory '/home/q5sys/git/lumina/icon-theme/material-design-dark'
make[4]: Nothing to be done for 'first'.
make[4]: Leaving directory '/home/q5sys/git/lumina/icon-theme/material-design-dark'
make[3]: Leaving directory '/home/q5sys/git/lumina/icon-theme'
cd lumina-theme-engine/ && ( test -e Makefile || /usr/lib64/qt5/bin/qmake -o Makefile /home/q5sys/git/lumina/src-qt5/core/lumina-theme-engine/lumina-theme-engine.pro 'QMAKE_CFLAGS_DEBUG=-O2 -flto=auto -ffat-lto-objects -fexceptions -g -grecord-gcc-switches -pipe -Wall -Werror=format-security -Wp,-D_FORTIFY_SOURCE=2 -Wp,-D_GLIBCXX_ASSERTIONS -specs=/usr/lib/rpm/redhat/redhat-hardened-cc1 -fstack-protector-strong -specs=/usr/lib/rpm/redhat/redhat-annobin-cc1  -m64  -mtune=generic -fasynchronous-unwind-tables -fstack-clash-protection -fcf-protection ' 'QMAKE_CFLAGS_RELEASE=-O2 -flto=auto -ffat-lto-objects -fexceptions -g -grecord-gcc-switches -pipe -Wall -Werror=format-security -Wp,-D_FORTIFY_SOURCE=2 -Wp,-D_GLIBCXX_ASSERTIONS -specs=/usr/lib/rpm/redhat/redhat-hardened-cc1 -fstack-protector-strong -specs=/usr/lib/rpm/redhat/redhat-annobin-cc1  -m64  -mtune=generic -fasynchronous-unwind-tables -fstack-clash-protection -fcf-protection ' 'QMAKE_CXXFLAGS_DEBUG=-O2 -flto=auto -ffat-lto-objects -fexceptions -g -grecord-gcc-switches -pipe -Wall -Werror=format-security -Wp,-D_FORTIFY_SOURCE=2 -Wp,-D_GLIBCXX_ASSERTIONS -specs=/usr/lib/rpm/redhat/redhat-hardened-cc1 -fstack-protector-strong -specs=/usr/lib/rpm/redhat/redhat-annobin-cc1  -m64  -mtune=generic -fasynchronous-unwind-tables -fstack-clash-protection -fcf-protection ' 'QMAKE_CXXFLAGS_RELEASE=-O2 -flto=auto -ffat-lto-objects -fexceptions -g -grecord-gcc-switches -pipe -Wall -Werror=format-security -Wp,-D_FORTIFY_SOURCE=2 -Wp,-D_GLIBCXX_ASSERTIONS -specs=/usr/lib/rpm/redhat/redhat-hardened-cc1 -fstack-protector-strong -specs=/usr/lib/rpm/redhat/redhat-annobin-cc1  -m64  -mtune=generic -fasynchronous-unwind-tables -fstack-clash-protection -fcf-protection ' 'QMAKE_LFLAGS_DEBUG=-Wl,-z,relro -Wl,--as-needed  -Wl,-z,now -specs=/usr/lib/rpm/redhat/redhat-hardened-ld ' 'QMAKE_LFLAGS_RELEASE=-Wl,-z,relro -Wl,--as-needed  -Wl,-z,now -specs=/usr/lib/rpm/redhat/redhat-hardened-ld ' QMAKE_STRIP= CONFIG+=configure LIBPREFIX=/usr/lib64 L_BINDIR=/usr/bin L_LIBDIR=/usr/lib64 L_SHAREDIR=/usr/share L_ETCDIR=/etc L_INCLUDEDIR=/usr/include L_MANDIR=/usr/share/man QT5LIBDIR=/usr QMAKE_LFLAGS+=-Wl,--as-needed ) && make -f Makefile 
Project MESSAGE: Build OS Info: Linux, x86_64, #1 SMP Wed Jun 23 16:18:11 UTC 2021
Project MESSAGE:  - Detected Qt Version: 5.15.2
Project MESSAGE: Build Settings Loaded: Linux -
make[3]: Entering directory '/home/q5sys/git/lumina/src-qt5/core/lumina-theme-engine'
cd src/lthemeengine-qtplugin/ && ( test -e Makefile || /usr/lib64/qt5/bin/qmake -o Makefile /home/q5sys/git/lumina/src-qt5/core/lumina-theme-engine/src/lthemeengine-qtplugin/lthemeengine-qtplugin.pro 'QMAKE_CFLAGS_DEBUG=-O2 -flto=auto -ffat-lto-objects -fexceptions -g -grecord-gcc-switches -pipe -Wall -Werror=format-security -Wp,-D_FORTIFY_SOURCE=2 -Wp,-D_GLIBCXX_ASSERTIONS -specs=/usr/lib/rpm/redhat/redhat-hardened-cc1 -fstack-protector-strong -specs=/usr/lib/rpm/redhat/redhat-annobin-cc1  -m64  -mtune=generic -fasynchronous-unwind-tables -fstack-clash-protection -fcf-protection ' 'QMAKE_CFLAGS_RELEASE=-O2 -flto=auto -ffat-lto-objects -fexceptions -g -grecord-gcc-switches -pipe -Wall -Werror=format-security -Wp,-D_FORTIFY_SOURCE=2 -Wp,-D_GLIBCXX_ASSERTIONS -specs=/usr/lib/rpm/redhat/redhat-hardened-cc1 -fstack-protector-strong -specs=/usr/lib/rpm/redhat/redhat-annobin-cc1  -m64  -mtune=generic -fasynchronous-unwind-tables -fstack-clash-protection -fcf-protection ' 'QMAKE_CXXFLAGS_DEBUG=-O2 -flto=auto -ffat-lto-objects -fexceptions -g -grecord-gcc-switches -pipe -Wall -Werror=format-security -Wp,-D_FORTIFY_SOURCE=2 -Wp,-D_GLIBCXX_ASSERTIONS -specs=/usr/lib/rpm/redhat/redhat-hardened-cc1 -fstack-protector-strong -specs=/usr/lib/rpm/redhat/redhat-annobin-cc1  -m64  -mtune=generic -fasynchronous-unwind-tables -fstack-clash-protection -fcf-protection ' 'QMAKE_CXXFLAGS_RELEASE=-O2 -flto=auto -ffat-lto-objects -fexceptions -g -grecord-gcc-switches -pipe -Wall -Werror=format-security -Wp,-D_FORTIFY_SOURCE=2 -Wp,-D_GLIBCXX_ASSERTIONS -specs=/usr/lib/rpm/redhat/redhat-hardened-cc1 -fstack-protector-strong -specs=/usr/lib/rpm/redhat/redhat-annobin-cc1  -m64  -mtune=generic -fasynchronous-unwind-tables -fstack-clash-protection -fcf-protection ' 'QMAKE_LFLAGS_DEBUG=-Wl,-z,relro -Wl,--as-needed  -Wl,-z,now -specs=/usr/lib/rpm/redhat/redhat-hardened-ld ' 'QMAKE_LFLAGS_RELEASE=-Wl,-z,relro -Wl,--as-needed  -Wl,-z,now -specs=/usr/lib/rpm/redhat/redhat-hardened-ld ' QMAKE_STRIP= CONFIG+=configure LIBPREFIX=/usr/lib64 L_BINDIR=/usr/bin L_LIBDIR=/usr/lib64 L_SHAREDIR=/usr/share L_ETCDIR=/etc L_INCLUDEDIR=/usr/include L_MANDIR=/usr/share/man QT5LIBDIR=/usr QMAKE_LFLAGS+=-Wl,--as-needed ) && make -f Makefile 
Project MESSAGE: Build OS Info: Linux, x86_64, #1 SMP Wed Jun 23 16:18:11 UTC 2021
Project MESSAGE:  - Detected Qt Version: 5.15.2
Project MESSAGE: Build Settings Loaded: Linux -
Project MESSAGE: This project is using private headers and will therefore be tied to this specific Qt module build version.
Project MESSAGE: Running this project against other versions of the Qt modules may crash at any arbitrary point.
Project MESSAGE: This is not a bug, but a result of using Qt internals. You have been warned!
make[4]: Entering directory '/home/q5sys/git/lumina/src-qt5/core/lumina-theme-engine/src/lthemeengine-qtplugin'
g++ -c -pipe -O2 -flto=auto -ffat-lto-objects -fexceptions -g -grecord-gcc-switches -pipe -Wall -Werror=format-security -Wp,-D_FORTIFY_SOURCE=2 -Wp,-D_GLIBCXX_ASSERTIONS -specs=/usr/lib/rpm/redhat/redhat-hardened-cc1 -fstack-protector-strong -specs=/usr/lib/rpm/redhat/redhat-annobin-cc1 -m64 -mtune=generic -fasynchronous-unwind-tables -fstack-clash-protection -fcf-protection -std=gnu++11 -Wall -Wextra -D_REENTRANT -fPIC -DPREFIX=QString\(\"/usr\"\) -DL_ETCDIR=QString\(\"/etc\"\) -DL_SHAREDIR=QString\(\"/usr/share\"\) -DGIT_VERSION="\"a88ea52f\"" -DLTHEMEENGINE_DATADIR=\"/usr/share\" -DQT_NO_DEBUG -DQT_PLUGIN -DQT_SVG_LIB -DQT_WIDGETS_LIB -DQT_X11EXTRAS_LIB -DQT_MULTIMEDIA_LIB -DQT_THEME_SUPPORT_LIB -DQT_GUI_LIB -DQT_NETWORK_LIB -DQT_CONCURRENT_LIB -DQT_DBUS_LIB -DQT_CORE_LIB -I. -I../../../libLumina -I/usr/include/qt5 -I/usr -I/usr/include -I/home/q5sys/git/lumina/src-qt5/core/lumina-theme-engine/src/lthemeengine-qtplugin -I.. -I/usr/include/qt5/QtSvg -I/usr/include/qt5/QtWidgets -I/usr/include/qt5/QtX11Extras -I/usr/include/qt5/QtMultimedia -I/usr/include/qt5/QtThemeSupport -I/usr/include/qt5/QtThemeSupport/5.15.2 -I/usr/include/qt5/QtThemeSupport/5.15.2/QtThemeSupport -I/usr/include/qt5/QtGui/5.15.2 -I/usr/include/qt5/QtGui/5.15.2/QtGui -I/usr/include/qt5/QtGui -I/usr/include/qt5/QtNetwork -I/usr/include/qt5/QtConcurrent -I/usr/include/qt5/QtCore/5.15.2 -I/usr/include/qt5/QtCore/5.15.2/QtCore -I/usr/include/qt5/QtDBus -I/usr/include/qt5/QtCore -I.build/moc -I/usr/lib64/qt5/mkspecs/linux-g++ -o .build/obj/LDesktopUtils.o ../../../libLumina/LDesktopUtils.cpp
make[3]: Leaving directory '/home/q5sys/git/lumina/src-qt5/core/lumina-info'
cd lumina-checkpass/ && ( test -e Makefile || /usr/lib64/qt5/bin/qmake -o Makefile /home/q5sys/git/lumina/src-qt5/core/lumina-checkpass/lumina-checkpass.pro 'QMAKE_CFLAGS_DEBUG=-O2 -flto=auto -ffat-lto-objects -fexceptions -g -grecord-gcc-switches -pipe -Wall -Werror=format-security -Wp,-D_FORTIFY_SOURCE=2 -Wp,-D_GLIBCXX_ASSERTIONS -specs=/usr/lib/rpm/redhat/redhat-hardened-cc1 -fstack-protector-strong -specs=/usr/lib/rpm/redhat/redhat-annobin-cc1  -m64  -mtune=generic -fasynchronous-unwind-tables -fstack-clash-protection -fcf-protection ' 'QMAKE_CFLAGS_RELEASE=-O2 -flto=auto -ffat-lto-objects -fexceptions -g -grecord-gcc-switches -pipe -Wall -Werror=format-security -Wp,-D_FORTIFY_SOURCE=2 -Wp,-D_GLIBCXX_ASSERTIONS -specs=/usr/lib/rpm/redhat/redhat-hardened-cc1 -fstack-protector-strong -specs=/usr/lib/rpm/redhat/redhat-annobin-cc1  -m64  -mtune=generic -fasynchronous-unwind-tables -fstack-clash-protection -fcf-protection ' 'QMAKE_CXXFLAGS_DEBUG=-O2 -flto=auto -ffat-lto-objects -fexceptions -g -grecord-gcc-switches -pipe -Wall -Werror=format-security -Wp,-D_FORTIFY_SOURCE=2 -Wp,-D_GLIBCXX_ASSERTIONS -specs=/usr/lib/rpm/redhat/redhat-hardened-cc1 -fstack-protector-strong -specs=/usr/lib/rpm/redhat/redhat-annobin-cc1  -m64  -mtune=generic -fasynchronous-unwind-tables -fstack-clash-protection -fcf-protection ' 'QMAKE_CXXFLAGS_RELEASE=-O2 -flto=auto -ffat-lto-objects -fexceptions -g -grecord-gcc-switches -pipe -Wall -Werror=format-security -Wp,-D_FORTIFY_SOURCE=2 -Wp,-D_GLIBCXX_ASSERTIONS -specs=/usr/lib/rpm/redhat/redhat-hardened-cc1 -fstack-protector-strong -specs=/usr/lib/rpm/redhat/redhat-annobin-cc1  -m64  -mtune=generic -fasynchronous-unwind-tables -fstack-clash-protection -fcf-protection ' 'QMAKE_LFLAGS_DEBUG=-Wl,-z,relro -Wl,--as-needed  -Wl,-z,now -specs=/usr/lib/rpm/redhat/redhat-hardened-ld ' 'QMAKE_LFLAGS_RELEASE=-Wl,-z,relro -Wl,--as-needed  -Wl,-z,now -specs=/usr/lib/rpm/redhat/redhat-hardened-ld ' QMAKE_STRIP= CONFIG+=configure LIBPREFIX=/usr/lib64 L_BINDIR=/usr/bin L_LIBDIR=/usr/lib64 L_SHAREDIR=/usr/share L_ETCDIR=/etc L_INCLUDEDIR=/usr/include L_MANDIR=/usr/share/man QT5LIBDIR=/usr QMAKE_LFLAGS+=-Wl,--as-needed ) && make -f Makefile 
Project MESSAGE: Build OS Info: Linux, x86_64, #1 SMP Wed Jun 23 16:18:11 UTC 2021
Project MESSAGE:  - Detected Qt Version: 5.15.2
Project MESSAGE: Build Settings Loaded: Linux -
make[3]: Entering directory '/home/q5sys/git/lumina/src-qt5/core/lumina-checkpass'
gcc -c -pipe -O2 -flto=auto -ffat-lto-objects -fexceptions -g -grecord-gcc-switches -pipe -Wall -Werror=format-security -Wp,-D_FORTIFY_SOURCE=2 -Wp,-D_GLIBCXX_ASSERTIONS -specs=/usr/lib/rpm/redhat/redhat-hardened-cc1 -fstack-protector-strong -specs=/usr/lib/rpm/redhat/redhat-annobin-cc1 -m64 -mtune=generic -fasynchronous-unwind-tables -fstack-clash-protection -fcf-protection -Wall -Wextra -D_REENTRANT -fPIC -DPREFIX=QString\(\"/usr\"\) -DL_ETCDIR=QString\(\"/etc\"\) -DL_SHAREDIR=QString\(\"/usr/share\"\) -DQT_NO_DEBUG -I. -I../libLumina -I/usr/include/qt5 -I/usr -I/usr/include -I/usr/lib64/qt5/mkspecs/linux-g++ -o .build/obj/main.o main.c
main.c: In function ‘PAM_conv’:
main.c:28:13: warning: unused parameter ‘num_msg’ [-Wunused-parameter]
   28 |         int num_msg,
      |         ~~~~^~~~~~~
main.c:29:36: warning: unused parameter ‘msg’ [-Wunused-parameter]
   29 |         const struct pam_message **msg,
      |         ~~~~~~~~~~~~~~~~~~~~~~~~~~~^~~
main.c:30:31: warning: unused parameter ‘resp’ [-Wunused-parameter]
   30 |         struct pam_response **resp,
      |         ~~~~~~~~~~~~~~~~~~~~~~^~~~
main.c:31:15: warning: unused parameter ‘ctx’ [-Wunused-parameter]
   31 |         void *ctx)
      |         ~~~~~~^~~
g++ -Wl,--as-needed -Wl,-z,relro -Wl,--as-needed -Wl,-z,now -specs=/usr/lib/rpm/redhat/redhat-hardened-ld -o lumina-checkpass .build/obj/main.o   -L/home/q5sys/git/lumina/src-qt5/core/libLumina -L/usr/lib64 -L/usr/lib64/qt5 -L/usr/local/lib -L/usr/lib -L/lib -lpam -lpthread   
make[3]: Leaving directory '/home/q5sys/git/lumina/src-qt5/core/lumina-checkpass'
g++ -c -pipe -O2 -flto=auto -ffat-lto-objects -fexceptions -g -grecord-gcc-switches -pipe -Wall -Werror=format-security -Wp,-D_FORTIFY_SOURCE=2 -Wp,-D_GLIBCXX_ASSERTIONS -specs=/usr/lib/rpm/redhat/redhat-hardened-cc1 -fstack-protector-strong -specs=/usr/lib/rpm/redhat/redhat-annobin-cc1 -m64 -mtune=generic -fasynchronous-unwind-tables -fstack-clash-protection -fcf-protection -std=gnu++11 -Wall -Wextra -D_REENTRANT -fPIC -DPREFIX=QString\(\"/usr\"\) -DL_ETCDIR=QString\(\"/etc\"\) -DL_SHAREDIR=QString\(\"/usr/share\"\) -DGIT_VERSION="\"a88ea52f\"" -DLTHEMEENGINE_DATADIR=\"/usr/share\" -DQT_NO_DEBUG -DQT_PLUGIN -DQT_SVG_LIB -DQT_WIDGETS_LIB -DQT_X11EXTRAS_LIB -DQT_MULTIMEDIA_LIB -DQT_THEME_SUPPORT_LIB -DQT_GUI_LIB -DQT_NETWORK_LIB -DQT_CONCURRENT_LIB -DQT_DBUS_LIB -DQT_CORE_LIB -I. -I../../../libLumina -I/usr/include/qt5 -I/usr -I/usr/include -I/home/q5sys/git/lumina/src-qt5/core/lumina-theme-engine/src/lthemeengine-qtplugin -I.. -I/usr/include/qt5/QtSvg -I/usr/include/qt5/QtWidgets -I/usr/include/qt5/QtX11Extras -I/usr/include/qt5/QtMultimedia -I/usr/include/qt5/QtThemeSupport -I/usr/include/qt5/QtThemeSupport/5.15.2 -I/usr/include/qt5/QtThemeSupport/5.15.2/QtThemeSupport -I/usr/include/qt5/QtGui/5.15.2 -I/usr/include/qt5/QtGui/5.15.2/QtGui -I/usr/include/qt5/QtGui -I/usr/include/qt5/QtNetwork -I/usr/include/qt5/QtConcurrent -I/usr/include/qt5/QtCore/5.15.2 -I/usr/include/qt5/QtCore/5.15.2/QtCore -I/usr/include/qt5/QtDBus -I/usr/include/qt5/QtCore -I.build/moc -I/usr/lib64/qt5/mkspecs/linux-g++ -o .build/obj/LuminaOS-Linux.o ../../../libLumina/LuminaOS-Linux.cpp
In file included from panel-plugins/taskmanager/LTaskButton.h:26,
                 from panel-plugins/taskmanager/LTaskManagerPlugin.h:23,
                 from panel-plugins/NewPP.h:23,
                 from LPanel.h:24,
                 from LDesktop.h:29,
                 from LSession.h:30,
                 from main.cpp:19:
panel-plugins/taskmanager/../LTBWidget.h: In member function ‘virtual void LTBWidget::wheelEvent(QWheelEvent*)’:
panel-plugins/taskmanager/../LTBWidget.h:65:36: warning: ‘int QWheelEvent::delta() const’ is deprecated: Use angleDelta() [-Wdeprecated-declarations]
   65 |           int change = event->delta()/120; // 1/15th of a rotation (delta/120) is usually one "click" of the wheel
      |                        ~~~~~~~~~~~~^~
In file included from /usr/include/qt5/QtGui/QMoveEvent:1,
                 from LPanel.h:19,
                 from LDesktop.h:29,
                 from LSession.h:30,
                 from main.cpp:19:
/usr/include/qt5/QtGui/qevent.h:219:16: note: declared here
  219 |     inline int delta() const  { return qt4D; }
      |                ^~~~~
In file included from panel-plugins/taskmanager/LTaskManagerPlugin.h:23,
                 from panel-plugins/NewPP.h:23,
                 from LPanel.h:24,
                 from LDesktop.h:29,
                 from LSession.h:30,
                 from main.cpp:19:
panel-plugins/taskmanager/LTaskButton.h: In member function ‘virtual void LTaskButton::changeEvent(QEvent*)’:
panel-plugins/taskmanager/LTaskButton.h:76:37: warning: ‘int qrand()’ is deprecated: use QRandomGenerator instead [-Wdeprecated-declarations]
   76 |             QTimer::singleShot(qrand()%100+500, this, SLOT(UpdateButton()) );
      |                                ~~~~~^~
In file included from /usr/include/qt5/QtCore/qalgorithms.h:43,
                 from /usr/include/qt5/QtCore/qdebug.h:44,
                 from /usr/include/qt5/QtCore/QDebug:1,
                 from main.cpp:7:
/usr/include/qt5/QtCore/qglobal.h:1274:80: note: declared here
 1274 | Q_CORE_EXPORT QT_DEPRECATED_VERSION_X_5_15("use QRandomGenerator instead") int qrand();
      |                                                                                ^~~~~
In file included from LDesktop.h:32,
                 from LSession.h:30,
                 from main.cpp:19:
LDesktopPluginSpace.h: In member function ‘void LDesktopPluginSpace::RemoveItem(QString)’:
LDesktopPluginSpace.h:184:77: warning: ‘static bool QProcess::startDetached(const QString&)’ is deprecated: Use QProcess::startDetached(const QString &program, const QStringList &arguments) instead [-Wdeprecated-declarations]
  184 |               if(!info.isSymLink() && info.isDir()){ QProcess::startDetached("rm -r \""+info.absoluteFilePath()+"\""); }
      |                                                      ~~~~~~~~~~~~~~~~~~~~~~~^~~~~~~~~~~~~~~~~~~~~~~~~~~~~~~~~~~~~~~~~
In file included from /usr/include/qt5/QtCore/QProcess:1,
                 from ../libLumina/LUtils.h:11,
                 from Globals.h:10,
                 from LSession.h:26,
                 from main.cpp:19:
/usr/include/qt5/QtCore/qprocess.h:280:17: note: declared here
  280 |     static bool startDetached(const QString &command);
      |                 ^~~~~~~~~~~~~
../../../libLumina/LDesktopUtils.cpp: In static member function ‘static void LDesktopUtils::LoadSystemDefaults(bool)’:
../../../libLumina/LDesktopUtils.cpp:405:70: warning: ‘QStringList QString::split(const QString&, QString::SplitBehavior, Qt::CaseSensitivity) const’ is deprecated: Use Qt::SplitBehavior variant instead [-Wdeprecated-declarations]
  405 |     else if(var=="theme_styles"){ LTHEME::setCurrentStyles( val.split(",",QString::SkipEmptyParts) ); }
      |                                                             ~~~~~~~~~^~~~~~~~~~~~~~~~~~~~~~~~~~~~~
In file included from /usr/include/qt5/QtCore/QString:1,
                 from ../../../libLumina/LDesktopUtils.h:10,
                 from ../../../libLumina/LDesktopUtils.cpp:7:
/usr/include/qt5/QtCore/qstring.h:609:17: note: declared here
  609 |     QStringList split(const QString &sep, SplitBehavior behavior,
      |                 ^~~~~
../../../libLumina/LDesktopUtils.cpp:474:24: warning: ‘static int QProcess::execute(const QString&)’ is deprecated: Use QProcess::execute(const QString &program, const QStringList &arguments) instead [-Wdeprecated-declarations]
  474 |       QProcess::execute(val);
      |       ~~~~~~~~~~~~~~~~~^~~~~
In file included from /usr/include/qt5/QtCore/QProcess:1,
                 from ../../../libLumina/LUtils.h:11,
                 from ../../../libLumina/LDesktopUtils.h:18,
                 from ../../../libLumina/LDesktopUtils.cpp:7:
/usr/include/qt5/QtCore/qprocess.h:265:16: note: declared here
  265 |     static int execute(const QString &command);
      |                ^~~~~~~
../../../libLumina/LuminaOS-Linux.cpp: In static member function ‘static void LOS::startMixerUtility()’:
../../../libLumina/LuminaOS-Linux.cpp:134:26: warning: ‘static bool QProcess::startDetached(const QString&)’ is deprecated: Use QProcess::startDetached(const QString &program, const QStringList &arguments) instead [-Wdeprecated-declarations]
  134 |   QProcess::startDetached(LOS::AppPrefix() + "bin/pavucontrol");
      |   ~~~~~~~~~~~~~~~~~~~~~~~^~~~~~~~~~~~~~~~~~~~~~~~~~~~~~~~~~~~~~
In file included from /usr/include/qt5/QtCore/QProcess:1,
                 from ../../../libLumina/LuminaOS.h:17,
                 from ../../../libLumina/LuminaOS-Linux.cpp:9:
/usr/include/qt5/QtCore/qprocess.h:280:17: note: declared here
  280 |     static bool startDetached(const QString &command);
      |                 ^~~~~~~~~~~~~
../../../libLumina/LuminaOS-Linux.cpp: In static member function ‘static void LOS::systemShutdown(bool)’:
../../../libLumina/LuminaOS-Linux.cpp:155:26: warning: ‘static bool QProcess::startDetached(const QString&)’ is deprecated: Use QProcess::startDetached(const QString &program, const QStringList &arguments) instead [-Wdeprecated-declarations]
  155 |   QProcess::startDetached("shutdown -P -h now");
      |   ~~~~~~~~~~~~~~~~~~~~~~~^~~~~~~~~~~~~~~~~~~~~~
In file included from /usr/include/qt5/QtCore/QProcess:1,
                 from ../../../libLumina/LuminaOS.h:17,
                 from ../../../libLumina/LuminaOS-Linux.cpp:9:
/usr/include/qt5/QtCore/qprocess.h:280:17: note: declared here
  280 |     static bool startDetached(const QString &command);
      |                 ^~~~~~~~~~~~~
../../../libLumina/LuminaOS-Linux.cpp: In static member function ‘static void LOS::systemRestart(bool)’:
../../../libLumina/LuminaOS-Linux.cpp:161:26: warning: ‘static bool QProcess::startDetached(const QString&)’ is deprecated: Use QProcess::startDetached(const QString &program, const QStringList &arguments) instead [-Wdeprecated-declarations]
  161 |   QProcess::startDetached("shutdown -r now");
      |   ~~~~~~~~~~~~~~~~~~~~~~~^~~~~~~~~~~~~~~~~~~
In file included from /usr/include/qt5/QtCore/QProcess:1,
                 from ../../../libLumina/LuminaOS.h:17,
                 from ../../../libLumina/LuminaOS-Linux.cpp:9:
/usr/include/qt5/QtCore/qprocess.h:280:17: note: declared here
  280 |     static bool startDetached(const QString &command);
      |                 ^~~~~~~~~~~~~
../../../libLumina/LDesktopUtils.cpp: In static member function ‘static bool LDesktopUtils::checkUserFiles(QString, QString)’:
../../../libLumina/LDesktopUtils.cpp:517:58: warning: ignoring return value of ‘int system(const char*)’ declared with attribute ‘warn_unused_result’ [-Wunused-result]
  517 |     if( oldversion < 100000 && nversion>=100000 ){ system("rm -rf ~/.lumina"); qDebug() << "Current desktop settings obsolete: Re-implementing defaults"; }
      |                                                    ~~~~~~^~~~~~~~~~~~~~~~~~~~
In file included from ./global-includes.h:72,
                 from src-screensaver/LScreenSaver.h:10,
                 from LSession.h:33,
                 from main.cpp:19:
../libLumina/ExternalProcess.h: In static member function ‘static void ExternalProcess::launch(QString, QStringList, bool)’:
../libLumina/ExternalProcess.h:84:41: warning: ‘void QProcess::start(const QString&, QIODevice::OpenMode)’ is deprecated: Use QProcess::start(const QString &program, const QStringList &arguments,OpenMode mode = ReadWrite) instead [-Wdeprecated-declarations]
   84 |           if(args.isEmpty()){ tmp->start(program); }
      |                               ~~~~~~~~~~^~~~~~~~~
In file included from /usr/include/qt5/QtCore/QProcess:1,
                 from ../libLumina/LUtils.h:11,
                 from Globals.h:10,
                 from LSession.h:26,
                 from main.cpp:19:
/usr/include/qt5/QtCore/qprocess.h:168:10: note: declared here
  168 |     void start(const QString &command, OpenMode mode = ReadWrite);
      |          ^~~~~
make[3]: Leaving directory '/home/q5sys/git/lumina/src-qt5/core/lumina-session'
g++ -c -pipe -O2 -flto=auto -ffat-lto-objects -fexceptions -g -grecord-gcc-switches -pipe -Wall -Werror=format-security -Wp,-D_FORTIFY_SOURCE=2 -Wp,-D_GLIBCXX_ASSERTIONS -specs=/usr/lib/rpm/redhat/redhat-hardened-cc1 -fstack-protector-strong -specs=/usr/lib/rpm/redhat/redhat-annobin-cc1 -m64 -mtune=generic -fasynchronous-unwind-tables -fstack-clash-protection -fcf-protection -std=gnu++11 -Wall -Wextra -D_REENTRANT -fPIC -DPREFIX=QString\(\"/usr\"\) -DL_ETCDIR=QString\(\"/etc\"\) -DL_SHAREDIR=QString\(\"/usr/share\"\) -DGIT_VERSION="\"a88ea52f\"" -DLTHEMEENGINE_DATADIR=\"/usr/share\" -DQT_NO_DEBUG -DQT_PLUGIN -DQT_SVG_LIB -DQT_WIDGETS_LIB -DQT_X11EXTRAS_LIB -DQT_MULTIMEDIA_LIB -DQT_THEME_SUPPORT_LIB -DQT_GUI_LIB -DQT_NETWORK_LIB -DQT_CONCURRENT_LIB -DQT_DBUS_LIB -DQT_CORE_LIB -I. -I../../../libLumina -I/usr/include/qt5 -I/usr -I/usr/include -I/home/q5sys/git/lumina/src-qt5/core/lumina-theme-engine/src/lthemeengine-qtplugin -I.. -I/usr/include/qt5/QtSvg -I/usr/include/qt5/QtWidgets -I/usr/include/qt5/QtX11Extras -I/usr/include/qt5/QtMultimedia -I/usr/include/qt5/QtThemeSupport -I/usr/include/qt5/QtThemeSupport/5.15.2 -I/usr/include/qt5/QtThemeSupport/5.15.2/QtThemeSupport -I/usr/include/qt5/QtGui/5.15.2 -I/usr/include/qt5/QtGui/5.15.2/QtGui -I/usr/include/qt5/QtGui -I/usr/include/qt5/QtNetwork -I/usr/include/qt5/QtConcurrent -I/usr/include/qt5/QtCore/5.15.2 -I/usr/include/qt5/QtCore/5.15.2/QtCore -I/usr/include/qt5/QtDBus -I/usr/include/qt5/QtCore -I.build/moc -I/usr/lib64/qt5/mkspecs/linux-g++ -o .build/obj/LUtils.o ../../../libLumina/LUtils.cpp
g++ -c -pipe -O2 -flto=auto -ffat-lto-objects -fexceptions -g -grecord-gcc-switches -pipe -Wall -Werror=format-security -Wp,-D_FORTIFY_SOURCE=2 -Wp,-D_GLIBCXX_ASSERTIONS -specs=/usr/lib/rpm/redhat/redhat-hardened-cc1 -fstack-protector-strong -specs=/usr/lib/rpm/redhat/redhat-annobin-cc1 -m64 -mtune=generic -fasynchronous-unwind-tables -fstack-clash-protection -fcf-protection -std=gnu++11 -Wall -Wextra -D_REENTRANT -fPIC -DPREFIX=QString\(\"/usr\"\) -DL_ETCDIR=QString\(\"/etc\"\) -DL_SHAREDIR=QString\(\"/usr/share\"\) -DGIT_VERSION="\"a88ea52f\"" -DLTHEMEENGINE_DATADIR=\"/usr/share\" -DQT_NO_DEBUG -DQT_PLUGIN -DQT_SVG_LIB -DQT_WIDGETS_LIB -DQT_X11EXTRAS_LIB -DQT_MULTIMEDIA_LIB -DQT_THEME_SUPPORT_LIB -DQT_GUI_LIB -DQT_NETWORK_LIB -DQT_CONCURRENT_LIB -DQT_DBUS_LIB -DQT_CORE_LIB -I. -I../../../libLumina -I/usr/include/qt5 -I/usr -I/usr/include -I/home/q5sys/git/lumina/src-qt5/core/lumina-theme-engine/src/lthemeengine-qtplugin -I.. -I/usr/include/qt5/QtSvg -I/usr/include/qt5/QtWidgets -I/usr/include/qt5/QtX11Extras -I/usr/include/qt5/QtMultimedia -I/usr/include/qt5/QtThemeSupport -I/usr/include/qt5/QtThemeSupport/5.15.2 -I/usr/include/qt5/QtThemeSupport/5.15.2/QtThemeSupport -I/usr/include/qt5/QtGui/5.15.2 -I/usr/include/qt5/QtGui/5.15.2/QtGui -I/usr/include/qt5/QtGui -I/usr/include/qt5/QtNetwork -I/usr/include/qt5/QtConcurrent -I/usr/include/qt5/QtCore/5.15.2 -I/usr/include/qt5/QtCore/5.15.2/QtCore -I/usr/include/qt5/QtDBus -I/usr/include/qt5/QtCore -I.build/moc -I/usr/lib64/qt5/mkspecs/linux-g++ -o .build/obj/LuminaThemes.o ../../../libLumina/LuminaThemes.cpp
g++ -c -pipe -O2 -flto=auto -ffat-lto-objects -fexceptions -g -grecord-gcc-switches -pipe -Wall -Werror=format-security -Wp,-D_FORTIFY_SOURCE=2 -Wp,-D_GLIBCXX_ASSERTIONS -specs=/usr/lib/rpm/redhat/redhat-hardened-cc1 -fstack-protector-strong -specs=/usr/lib/rpm/redhat/redhat-annobin-cc1 -m64 -mtune=generic -fasynchronous-unwind-tables -fstack-clash-protection -fcf-protection -std=gnu++11 -Wall -Wextra -D_REENTRANT -fPIC -DPREFIX=QString\(\"/usr\"\) -DL_ETCDIR=QString\(\"/etc\"\) -DL_SHAREDIR=QString\(\"/usr/share\"\) -DGIT_VERSION="\"a88ea52f\"" -DQT_NO_DEBUG -DQT_MULTIMEDIAWIDGETS_LIB -DQT_SVG_LIB -DQT_WIDGETS_LIB -DQT_X11EXTRAS_LIB -DQT_MULTIMEDIA_LIB -DQT_QUICK_LIB -DQT_GUI_LIB -DQT_QMLMODELS_LIB -DQT_QML_LIB -DQT_NETWORK_LIB -DQT_CONCURRENT_LIB -DQT_CORE_LIB -I. -I../libLumina -I/usr/include/qt5 -I/usr -I/usr/include -I/home/q5sys/git/lumina/src-qt5/core/lumina-desktop -I../../src-cpp -Isrc-screensaver -I/usr/include/qt5/QtMultimediaWidgets -I/usr/include/qt5/QtSvg -I/usr/include/qt5/QtWidgets -I/usr/include/qt5/QtX11Extras -I/usr/include/qt5/QtMultimedia -I/usr/include/qt5/QtQuick -I/usr/include/qt5/QtGui -I/usr/include/qt5/QtQmlModels -I/usr/include/qt5/QtQml -I/usr/include/qt5/QtNetwork -I/usr/include/qt5/QtConcurrent -I/usr/include/qt5/QtCore -I.build/moc -I.build/ui -I/usr/lib64/qt5/mkspecs/linux-g++ -o .build/obj/WMProcess.o WMProcess.cpp
../../../libLumina/LUtils.cpp: In static member function ‘static QString LUtils::runCommand(bool&, QString, QStringList, QString, QStringList)’:
../../../libLumina/LUtils.cpp:130:38: warning: ‘void QProcess::start(const QString&, QIODevice::OpenMode)’ is deprecated: Use QProcess::start(const QString &program, const QStringList &arguments,OpenMode mode = ReadWrite) instead [-Wdeprecated-declarations]
  130 |   if(arguments.isEmpty()){ proc.start(command); }
      |                            ~~~~~~~~~~^~~~~~~~~
In file included from /usr/include/qt5/QtCore/QProcess:1,
                 from ../../../libLumina/LUtils.h:11,
                 from ../../../libLumina/LUtils.cpp:7:
/usr/include/qt5/QtCore/qprocess.h:168:10: note: declared here
  168 |     void start(const QString &command, OpenMode mode = ReadWrite);
      |          ^~~~~
In file included from panel-plugins/taskmanager/LTaskButton.h:26,
                 from panel-plugins/taskmanager/LTaskManagerPlugin.h:23,
                 from panel-plugins/NewPP.h:23,
                 from LPanel.h:24,
                 from LDesktop.h:29,
                 from LSession.h:30,
                 from WMProcess.cpp:8:
panel-plugins/taskmanager/../LTBWidget.h: In member function ‘virtual void LTBWidget::wheelEvent(QWheelEvent*)’:
panel-plugins/taskmanager/../LTBWidget.h:65:36: warning: ‘int QWheelEvent::delta() const’ is deprecated: Use angleDelta() [-Wdeprecated-declarations]
   65 |           int change = event->delta()/120; // 1/15th of a rotation (delta/120) is usually one "click" of the wheel
      |                        ~~~~~~~~~~~~^~
In file included from /usr/include/qt5/QtGui/QMoveEvent:1,
                 from LPanel.h:19,
                 from LDesktop.h:29,
                 from LSession.h:30,
                 from WMProcess.cpp:8:
/usr/include/qt5/QtGui/qevent.h:219:16: note: declared here
  219 |     inline int delta() const  { return qt4D; }
      |                ^~~~~
In file included from panel-plugins/taskmanager/LTaskManagerPlugin.h:23,
                 from panel-plugins/NewPP.h:23,
                 from LPanel.h:24,
                 from LDesktop.h:29,
                 from LSession.h:30,
                 from WMProcess.cpp:8:
panel-plugins/taskmanager/LTaskButton.h: In member function ‘virtual void LTaskButton::changeEvent(QEvent*)’:
panel-plugins/taskmanager/LTaskButton.h:76:37: warning: ‘int qrand()’ is deprecated: use QRandomGenerator instead [-Wdeprecated-declarations]
   76 |             QTimer::singleShot(qrand()%100+500, this, SLOT(UpdateButton()) );
      |                                ~~~~~^~
In file included from /usr/include/qt5/QtCore/qiodevice.h:43,
                 from /usr/include/qt5/QtCore/qprocess.h:43,
                 from /usr/include/qt5/QtCore/QProcess:1,
                 from WMProcess.h:10,
                 from WMProcess.cpp:7:
/usr/include/qt5/QtCore/qglobal.h:1274:80: note: declared here
 1274 | Q_CORE_EXPORT QT_DEPRECATED_VERSION_X_5_15("use QRandomGenerator instead") int qrand();
      |                                                                                ^~~~~
g++ -c -pipe -O2 -flto=auto -ffat-lto-objects -fexceptions -g -grecord-gcc-switches -pipe -Wall -Werror=format-security -Wp,-D_FORTIFY_SOURCE=2 -Wp,-D_GLIBCXX_ASSERTIONS -specs=/usr/lib/rpm/redhat/redhat-hardened-cc1 -fstack-protector-strong -specs=/usr/lib/rpm/redhat/redhat-annobin-cc1 -m64 -mtune=generic -fasynchronous-unwind-tables -fstack-clash-protection -fcf-protection -std=gnu++11 -Wall -Wextra -D_REENTRANT -fPIC -DPREFIX=QString\(\"/usr\"\) -DL_ETCDIR=QString\(\"/etc\"\) -DL_SHAREDIR=QString\(\"/usr/share\"\) -DGIT_VERSION="\"a88ea52f\"" -DLTHEMEENGINE_DATADIR=\"/usr/share\" -DQT_NO_DEBUG -DQT_PLUGIN -DQT_SVG_LIB -DQT_WIDGETS_LIB -DQT_X11EXTRAS_LIB -DQT_MULTIMEDIA_LIB -DQT_THEME_SUPPORT_LIB -DQT_GUI_LIB -DQT_NETWORK_LIB -DQT_CONCURRENT_LIB -DQT_DBUS_LIB -DQT_CORE_LIB -I. -I../../../libLumina -I/usr/include/qt5 -I/usr -I/usr/include -I/home/q5sys/git/lumina/src-qt5/core/lumina-theme-engine/src/lthemeengine-qtplugin -I.. -I/usr/include/qt5/QtSvg -I/usr/include/qt5/QtWidgets -I/usr/include/qt5/QtX11Extras -I/usr/include/qt5/QtMultimedia -I/usr/include/qt5/QtThemeSupport -I/usr/include/qt5/QtThemeSupport/5.15.2 -I/usr/include/qt5/QtThemeSupport/5.15.2/QtThemeSupport -I/usr/include/qt5/QtGui/5.15.2 -I/usr/include/qt5/QtGui/5.15.2/QtGui -I/usr/include/qt5/QtGui -I/usr/include/qt5/QtNetwork -I/usr/include/qt5/QtConcurrent -I/usr/include/qt5/QtCore/5.15.2 -I/usr/include/qt5/QtCore/5.15.2/QtCore -I/usr/include/qt5/QtDBus -I/usr/include/qt5/QtCore -I.build/moc -I/usr/lib64/qt5/mkspecs/linux-g++ -o .build/obj/LuminaXDG.o ../../../libLumina/LuminaXDG.cpp
In file included from LDesktop.h:32,
                 from LSession.h:30,
                 from WMProcess.cpp:8:
LDesktopPluginSpace.h: In member function ‘void LDesktopPluginSpace::RemoveItem(QString)’:
LDesktopPluginSpace.h:184:77: warning: ‘static bool QProcess::startDetached(const QString&)’ is deprecated: Use QProcess::startDetached(const QString &program, const QStringList &arguments) instead [-Wdeprecated-declarations]
  184 |               if(!info.isSymLink() && info.isDir()){ QProcess::startDetached("rm -r \""+info.absoluteFilePath()+"\""); }
      |                                                      ~~~~~~~~~~~~~~~~~~~~~~~^~~~~~~~~~~~~~~~~~~~~~~~~~~~~~~~~~~~~~~~~
In file included from /usr/include/qt5/QtCore/QProcess:1,
                 from WMProcess.h:10,
                 from WMProcess.cpp:7:
/usr/include/qt5/QtCore/qprocess.h:280:17: note: declared here
  280 |     static bool startDetached(const QString &command);
      |                 ^~~~~~~~~~~~~
In file included from ./global-includes.h:72,
                 from src-screensaver/LScreenSaver.h:10,
                 from LSession.h:33,
                 from WMProcess.cpp:8:
../libLumina/ExternalProcess.h: In static member function ‘static void ExternalProcess::launch(QString, QStringList, bool)’:
../libLumina/ExternalProcess.h:84:41: warning: ‘void QProcess::start(const QString&, QIODevice::OpenMode)’ is deprecated: Use QProcess::start(const QString &program, const QStringList &arguments,OpenMode mode = ReadWrite) instead [-Wdeprecated-declarations]
   84 |           if(args.isEmpty()){ tmp->start(program); }
      |                               ~~~~~~~~~~^~~~~~~~~
In file included from /usr/include/qt5/QtCore/QProcess:1,
                 from WMProcess.h:10,
                 from WMProcess.cpp:7:
/usr/include/qt5/QtCore/qprocess.h:168:10: note: declared here
  168 |     void start(const QString &command, OpenMode mode = ReadWrite);
      |          ^~~~~
WMProcess.cpp: In member function ‘void WMProcess::startWM()’:
WMProcess.cpp:30:31: warning: ‘void QProcess::start(const QString&, QIODevice::OpenMode)’ is deprecated: Use QProcess::start(const QString &program, const QStringList &arguments,OpenMode mode = ReadWrite) instead [-Wdeprecated-declarations]
   30 |   if(!isRunning()){this->start(cmd); }
      |                    ~~~~~~~~~~~^~~~~
In file included from /usr/include/qt5/QtCore/QProcess:1,
                 from WMProcess.h:10,
                 from WMProcess.cpp:7:
/usr/include/qt5/QtCore/qprocess.h:168:10: note: declared here
  168 |     void start(const QString &command, OpenMode mode = ReadWrite);
      |          ^~~~~
WMProcess.cpp: In member function ‘void WMProcess::updateWM()’:
WMProcess.cpp:63:21: warning: ‘Q_PID QProcess::pid() const’ is deprecated: Use processId() instead [-Wdeprecated-declarations]
   63 |     ::kill(this->pid(), SIGUSR2); //send fluxbox the signal to reload it's configuration
      |            ~~~~~~~~~^~
In file included from /usr/include/qt5/QtCore/QProcess:1,
                 from WMProcess.h:10,
                 from WMProcess.cpp:7:
/usr/include/qt5/QtCore/qprocess.h:237:11: note: declared here
  237 |     Q_PID pid() const;
      |           ^~~
../../../libLumina/LuminaXDG.cpp: In member function ‘void XDGDesktop::sync()’:
../../../libLumina/LuminaXDG.cpp:117:65: warning: ‘QStringList QString::split(const QString&, QString::SplitBehavior, Qt::CaseSensitivity) const’ is deprecated: Use Qt::SplitBehavior variant instead [-Wdeprecated-declarations]
  117 |     else if(var=="Categories" && insection){ catList = val.split(";",QString::SkipEmptyParts); }
      |                                                        ~~~~~~~~~^~~~~~~~~~~~~~~~~~~~~~~~~~~~~
In file included from /usr/include/qt5/QtCore/qobject.h:47,
                 from /usr/include/qt5/QtCore/qiodevice.h:45,
                 from /usr/include/qt5/QtCore/qfiledevice.h:43,
                 from /usr/include/qt5/QtCore/qfile.h:44,
                 from /usr/include/qt5/QtCore/QFile:1,
                 from ../../../libLumina/LuminaXDG.h:18,
                 from ../../../libLumina/LuminaXDG.cpp:7:
/usr/include/qt5/QtCore/qstring.h:609:17: note: declared here
  609 |     QStringList split(const QString &sep, SplitBehavior behavior,
      |                 ^~~~~
../../../libLumina/LuminaXDG.cpp:118:68: warning: ‘QStringList QString::split(const QString&, QString::SplitBehavior, Qt::CaseSensitivity) const’ is deprecated: Use Qt::SplitBehavior variant instead [-Wdeprecated-declarations]
  118 |     else if(var=="OnlyShowIn" && insection){ showInList = val.split(";",QString::SkipEmptyParts); }
      |                                                           ~~~~~~~~~^~~~~~~~~~~~~~~~~~~~~~~~~~~~~
In file included from /usr/include/qt5/QtCore/qobject.h:47,
                 from /usr/include/qt5/QtCore/qiodevice.h:45,
                 from /usr/include/qt5/QtCore/qfiledevice.h:43,
                 from /usr/include/qt5/QtCore/qfile.h:44,
                 from /usr/include/qt5/QtCore/QFile:1,
                 from ../../../libLumina/LuminaXDG.h:18,
                 from ../../../libLumina/LuminaXDG.cpp:7:
/usr/include/qt5/QtCore/qstring.h:609:17: note: declared here
  609 |     QStringList split(const QString &sep, SplitBehavior behavior,
      |                 ^~~~~
../../../libLumina/LuminaXDG.cpp:119:70: warning: ‘QStringList QString::split(const QString&, QString::SplitBehavior, Qt::CaseSensitivity) const’ is deprecated: Use Qt::SplitBehavior variant instead [-Wdeprecated-declarations]
  119 |     else if(var=="NotShowIn" && insection){ notShowInList = val.split(";",QString::SkipEmptyParts); }
      |                                                             ~~~~~~~~~^~~~~~~~~~~~~~~~~~~~~~~~~~~~~
In file included from /usr/include/qt5/QtCore/qobject.h:47,
                 from /usr/include/qt5/QtCore/qiodevice.h:45,
                 from /usr/include/qt5/QtCore/qfiledevice.h:43,
                 from /usr/include/qt5/QtCore/qfile.h:44,
                 from /usr/include/qt5/QtCore/QFile:1,
                 from ../../../libLumina/LuminaXDG.h:18,
                 from ../../../libLumina/LuminaXDG.cpp:7:
/usr/include/qt5/QtCore/qstring.h:609:17: note: declared here
  609 |     QStringList split(const QString &sep, SplitBehavior behavior,
      |                 ^~~~~
../../../libLumina/LuminaXDG.cpp:121:65: warning: ‘QStringList QString::split(const QString&, QString::SplitBehavior, Qt::CaseSensitivity) const’ is deprecated: Use Qt::SplitBehavior variant instead [-Wdeprecated-declarations]
  121 |     else if(var=="Actions" && insection){ actionList = val.split(";",QString::SkipEmptyParts); }
      |                                                        ~~~~~~~~~^~~~~~~~~~~~~~~~~~~~~~~~~~~~~
In file included from /usr/include/qt5/QtCore/qobject.h:47,
                 from /usr/include/qt5/QtCore/qiodevice.h:45,
                 from /usr/include/qt5/QtCore/qfiledevice.h:43,
                 from /usr/include/qt5/QtCore/qfile.h:44,
                 from /usr/include/qt5/QtCore/QFile:1,
                 from ../../../libLumina/LuminaXDG.h:18,
                 from ../../../libLumina/LuminaXDG.cpp:7:
/usr/include/qt5/QtCore/qstring.h:609:17: note: declared here
  609 |     QStringList split(const QString &sep, SplitBehavior behavior,
      |                 ^~~~~
../../../libLumina/LuminaXDG.cpp:122:64: warning: ‘QStringList QString::split(const QString&, QString::SplitBehavior, Qt::CaseSensitivity) const’ is deprecated: Use Qt::SplitBehavior variant instead [-Wdeprecated-declarations]
  122 |     else if(var=="MimeType" && insection){ mimeList = val.split(";",QString::SkipEmptyParts); }
      |                                                       ~~~~~~~~~^~~~~~~~~~~~~~~~~~~~~~~~~~~~~
In file included from /usr/include/qt5/QtCore/qobject.h:47,
                 from /usr/include/qt5/QtCore/qiodevice.h:45,
                 from /usr/include/qt5/QtCore/qfiledevice.h:43,
                 from /usr/include/qt5/QtCore/qfile.h:44,
                 from /usr/include/qt5/QtCore/QFile:1,
                 from ../../../libLumina/LuminaXDG.h:18,
                 from ../../../libLumina/LuminaXDG.cpp:7:
/usr/include/qt5/QtCore/qstring.h:609:17: note: declared here
  609 |     QStringList split(const QString &sep, SplitBehavior behavior,
      |                 ^~~~~
../../../libLumina/LuminaXDG.cpp:124:66: warning: ‘QStringList QString::split(const QString&, QString::SplitBehavior, Qt::CaseSensitivity) const’ is deprecated: Use Qt::SplitBehavior variant instead [-Wdeprecated-declarations]
  124 |       if(keyList.isEmpty() && loc.isEmpty()){ keyList = val.split(";",QString::SkipEmptyParts); }
      |                                                         ~~~~~~~~~^~~~~~~~~~~~~~~~~~~~~~~~~~~~~
In file included from /usr/include/qt5/QtCore/qobject.h:47,
                 from /usr/include/qt5/QtCore/qiodevice.h:45,
                 from /usr/include/qt5/QtCore/qfiledevice.h:43,
                 from /usr/include/qt5/QtCore/qfile.h:44,
                 from /usr/include/qt5/QtCore/QFile:1,
                 from ../../../libLumina/LuminaXDG.h:18,
                 from ../../../libLumina/LuminaXDG.cpp:7:
/usr/include/qt5/QtCore/qstring.h:609:17: note: declared here
  609 |     QStringList split(const QString &sep, SplitBehavior behavior,
      |                 ^~~~~
../../../libLumina/LuminaXDG.cpp:125:48: warning: ‘QStringList QString::split(const QString&, QString::SplitBehavior, Qt::CaseSensitivity) const’ is deprecated: Use Qt::SplitBehavior variant instead [-Wdeprecated-declarations]
  125 |       else if(loc == lang){ keyList = val.split(";",QString::SkipEmptyParts); }
      |                                       ~~~~~~~~~^~~~~~~~~~~~~~~~~~~~~~~~~~~~~
In file included from /usr/include/qt5/QtCore/qobject.h:47,
                 from /usr/include/qt5/QtCore/qiodevice.h:45,
                 from /usr/include/qt5/QtCore/qfiledevice.h:43,
                 from /usr/include/qt5/QtCore/qfile.h:44,
                 from /usr/include/qt5/QtCore/QFile:1,
                 from ../../../libLumina/LuminaXDG.h:18,
                 from ../../../libLumina/LuminaXDG.cpp:7:
/usr/include/qt5/QtCore/qstring.h:609:17: note: declared here
  609 |     QStringList split(const QString &sep, SplitBehavior behavior,
      |                 ^~~~~
../../../libLumina/LuminaXDG.cpp: In static member function ‘static QStringList LXDG::getIconThemeDepChain(QString, QStringList)’:
../../../libLumina/LuminaXDG.cpp:1042:52: warning: ‘QStringList QString::split(const QString&, QString::SplitBehavior, Qt::CaseSensitivity) const’ is deprecated: Use Qt::SplitBehavior variant instead [-Wdeprecated-declarations]
 1042 |         deps = deps.first().section("=",1,-1).split(";",QString::SkipEmptyParts);
      |                ~~~~~~~~~~~~~~~~~~~~~~~~~~~~~~~~~~~~^~~~~~~~~~~~~~~~~~~~~~~~~~~~~
In file included from /usr/include/qt5/QtCore/qobject.h:47,
                 from /usr/include/qt5/QtCore/qiodevice.h:45,
                 from /usr/include/qt5/QtCore/qfiledevice.h:43,
                 from /usr/include/qt5/QtCore/qfile.h:44,
                 from /usr/include/qt5/QtCore/QFile:1,
                 from ../../../libLumina/LuminaXDG.h:18,
                 from ../../../libLumina/LuminaXDG.cpp:7:
/usr/include/qt5/QtCore/qstring.h:609:17: note: declared here
  609 |     QStringList split(const QString &sep, SplitBehavior behavior,
      |                 ^~~~~
../../../libLumina/LuminaXDG.cpp: In static member function ‘static QStringList LXDG::findAvailableAppsForMime(QString)’:
../../../libLumina/LuminaXDG.cpp:1310:62: warning: ‘QStringList QString::split(const QString&, QString::SplitBehavior, Qt::CaseSensitivity) const’ is deprecated: Use Qt::SplitBehavior variant instead [-Wdeprecated-declarations]
 1310 |         QStringList files = matches[j].section("=",1,1).split(";",QString::SkipEmptyParts);
      |                             ~~~~~~~~~~~~~~~~~~~~~~~~~~~~~~~~~^~~~~~~~~~~~~~~~~~~~~~~~~~~~~
In file included from /usr/include/qt5/QtCore/qobject.h:47,
                 from /usr/include/qt5/QtCore/qiodevice.h:45,
                 from /usr/include/qt5/QtCore/qfiledevice.h:43,
                 from /usr/include/qt5/QtCore/qfile.h:44,
                 from /usr/include/qt5/QtCore/QFile:1,
                 from ../../../libLumina/LuminaXDG.h:18,
                 from ../../../libLumina/LuminaXDG.cpp:7:
/usr/include/qt5/QtCore/qstring.h:609:17: note: declared here
  609 |     QStringList split(const QString &sep, SplitBehavior behavior,
      |                 ^~~~~
g++ -c -pipe -O2 -flto=auto -ffat-lto-objects -fexceptions -g -grecord-gcc-switches -pipe -Wall -Werror=format-security -Wp,-D_FORTIFY_SOURCE=2 -Wp,-D_GLIBCXX_ASSERTIONS -specs=/usr/lib/rpm/redhat/redhat-hardened-cc1 -fstack-protector-strong -specs=/usr/lib/rpm/redhat/redhat-annobin-cc1 -m64 -mtune=generic -fasynchronous-unwind-tables -fstack-clash-protection -fcf-protection -std=gnu++11 -Wall -Wextra -D_REENTRANT -fPIC -DPREFIX=QString\(\"/usr\"\) -DL_ETCDIR=QString\(\"/etc\"\) -DL_SHAREDIR=QString\(\"/usr/share\"\) -DGIT_VERSION="\"a88ea52f\"" -DQT_NO_DEBUG -DQT_MULTIMEDIAWIDGETS_LIB -DQT_SVG_LIB -DQT_WIDGETS_LIB -DQT_X11EXTRAS_LIB -DQT_MULTIMEDIA_LIB -DQT_QUICK_LIB -DQT_GUI_LIB -DQT_QMLMODELS_LIB -DQT_QML_LIB -DQT_NETWORK_LIB -DQT_CONCURRENT_LIB -DQT_CORE_LIB -I. -I../libLumina -I/usr/include/qt5 -I/usr -I/usr/include -I/home/q5sys/git/lumina/src-qt5/core/lumina-desktop -I../../src-cpp -Isrc-screensaver -I/usr/include/qt5/QtMultimediaWidgets -I/usr/include/qt5/QtSvg -I/usr/include/qt5/QtWidgets -I/usr/include/qt5/QtX11Extras -I/usr/include/qt5/QtMultimedia -I/usr/include/qt5/QtQuick -I/usr/include/qt5/QtGui -I/usr/include/qt5/QtQmlModels -I/usr/include/qt5/QtQml -I/usr/include/qt5/QtNetwork -I/usr/include/qt5/QtConcurrent -I/usr/include/qt5/QtCore -I.build/moc -I.build/ui -I/usr/lib64/qt5/mkspecs/linux-g++ -o .build/obj/LXcbEventFilter.o LXcbEventFilter.cpp
g++ -c -pipe -O2 -flto=auto -ffat-lto-objects -fexceptions -g -grecord-gcc-switches -pipe -Wall -Werror=format-security -Wp,-D_FORTIFY_SOURCE=2 -Wp,-D_GLIBCXX_ASSERTIONS -specs=/usr/lib/rpm/redhat/redhat-hardened-cc1 -fstack-protector-strong -specs=/usr/lib/rpm/redhat/redhat-annobin-cc1 -m64 -mtune=generic -fasynchronous-unwind-tables -fstack-clash-protection -fcf-protection -std=gnu++11 -Wall -Wextra -D_REENTRANT -fPIC -DPREFIX=QString\(\"/usr\"\) -DL_ETCDIR=QString\(\"/etc\"\) -DL_SHAREDIR=QString\(\"/usr/share\"\) -DGIT_VERSION="\"a88ea52f\"" -DLTHEMEENGINE_DATADIR=\"/usr/share\" -DQT_NO_DEBUG -DQT_PLUGIN -DQT_SVG_LIB -DQT_WIDGETS_LIB -DQT_X11EXTRAS_LIB -DQT_MULTIMEDIA_LIB -DQT_THEME_SUPPORT_LIB -DQT_GUI_LIB -DQT_NETWORK_LIB -DQT_CONCURRENT_LIB -DQT_DBUS_LIB -DQT_CORE_LIB -I. -I../../../libLumina -I/usr/include/qt5 -I/usr -I/usr/include -I/home/q5sys/git/lumina/src-qt5/core/lumina-theme-engine/src/lthemeengine-qtplugin -I.. -I/usr/include/qt5/QtSvg -I/usr/include/qt5/QtWidgets -I/usr/include/qt5/QtX11Extras -I/usr/include/qt5/QtMultimedia -I/usr/include/qt5/QtThemeSupport -I/usr/include/qt5/QtThemeSupport/5.15.2 -I/usr/include/qt5/QtThemeSupport/5.15.2/QtThemeSupport -I/usr/include/qt5/QtGui/5.15.2 -I/usr/include/qt5/QtGui/5.15.2/QtGui -I/usr/include/qt5/QtGui -I/usr/include/qt5/QtNetwork -I/usr/include/qt5/QtConcurrent -I/usr/include/qt5/QtCore/5.15.2 -I/usr/include/qt5/QtCore/5.15.2/QtCore -I/usr/include/qt5/QtDBus -I/usr/include/qt5/QtCore -I.build/moc -I/usr/lib64/qt5/mkspecs/linux-g++ -o .build/obj/LFileInfo.o ../../../libLumina/LFileInfo.cpp
g++ -c -pipe -O2 -flto=auto -ffat-lto-objects -fexceptions -g -grecord-gcc-switches -pipe -Wall -Werror=format-security -Wp,-D_FORTIFY_SOURCE=2 -Wp,-D_GLIBCXX_ASSERTIONS -specs=/usr/lib/rpm/redhat/redhat-hardened-cc1 -fstack-protector-strong -specs=/usr/lib/rpm/redhat/redhat-annobin-cc1 -m64 -mtune=generic -fasynchronous-unwind-tables -fstack-clash-protection -fcf-protection -std=gnu++11 -Wall -Wextra -D_REENTRANT -fPIC -DPREFIX=QString\(\"/usr\"\) -DL_ETCDIR=QString\(\"/etc\"\) -DL_SHAREDIR=QString\(\"/usr/share\"\) -DGIT_VERSION="\"a88ea52f\"" -DQT_NO_DEBUG -DQT_MULTIMEDIAWIDGETS_LIB -DQT_SVG_LIB -DQT_WIDGETS_LIB -DQT_X11EXTRAS_LIB -DQT_MULTIMEDIA_LIB -DQT_QUICK_LIB -DQT_GUI_LIB -DQT_QMLMODELS_LIB -DQT_QML_LIB -DQT_NETWORK_LIB -DQT_CONCURRENT_LIB -DQT_CORE_LIB -I. -I../libLumina -I/usr/include/qt5 -I/usr -I/usr/include -I/home/q5sys/git/lumina/src-qt5/core/lumina-desktop -I../../src-cpp -Isrc-screensaver -I/usr/include/qt5/QtMultimediaWidgets -I/usr/include/qt5/QtSvg -I/usr/include/qt5/QtWidgets -I/usr/include/qt5/QtX11Extras -I/usr/include/qt5/QtMultimedia -I/usr/include/qt5/QtQuick -I/usr/include/qt5/QtGui -I/usr/include/qt5/QtQmlModels -I/usr/include/qt5/QtQml -I/usr/include/qt5/QtNetwork -I/usr/include/qt5/QtConcurrent -I/usr/include/qt5/QtCore -I.build/moc -I.build/ui -I/usr/lib64/qt5/mkspecs/linux-g++ -o .build/obj/LSession.o LSession.cpp
../../../libLumina/LFileInfo.cpp: In member function ‘void LFileInfo::getZfsDataset()’:
../../../libLumina/LFileInfo.cpp:103:80: warning: ‘QStringList QString::split(const QString&, QString::SplitBehavior, Qt::CaseSensitivity) const’ is deprecated: Use Qt::SplitBehavior variant instead [-Wdeprecated-declarations]
  103 |         if(!gplist.isEmpty()){ gplist = gplist.first().replace("\t", " ").split(" ",QString::SkipEmptyParts); gplist.removeAll("groups"); }
      |                                         ~~~~~~~~~~~~~~~~~~~~~~~~~~~~~~~~~~~~~~~^~~~~~~~~~~~~~~~~~~~~~~~~~~~~
In file included from /usr/include/qt5/QtCore/qobject.h:47,
                 from /usr/include/qt5/QtCore/qiodevice.h:45,
                 from /usr/include/qt5/QtCore/qfiledevice.h:43,
                 from /usr/include/qt5/QtCore/qfile.h:44,
                 from /usr/include/qt5/QtCore/QFile:1,
                 from ../../../libLumina/LuminaXDG.h:18,
                 from ../../../libLumina/LFileInfo.h:13,
                 from ../../../libLumina/LFileInfo.cpp:7:
/usr/include/qt5/QtCore/qstring.h:609:17: note: declared here
  609 |     QStringList split(const QString &sep, SplitBehavior behavior,
      |                 ^~~~~
../../../libLumina/LFileInfo.cpp:107:84: warning: ‘QStringList QString::split(const QString&, QString::SplitBehavior, Qt::CaseSensitivity) const’ is deprecated: Use Qt::SplitBehavior variant instead [-Wdeprecated-declarations]
  107 |           zfs_perms << tmp.first().section(" ",2,2,QString::SectionSkipEmpty).split(",",QString::SkipEmptyParts);
      |                        ~~~~~~~~~~~~~~~~~~~~~~~~~~~~~~~~~~~~~~~~~~~~~~~~~~~~~~~~~~~~^~~~~~~~~~~~~~~~~~~~~~~~~~~~~
In file included from /usr/include/qt5/QtCore/qobject.h:47,
                 from /usr/include/qt5/QtCore/qiodevice.h:45,
                 from /usr/include/qt5/QtCore/qfiledevice.h:43,
                 from /usr/include/qt5/QtCore/qfile.h:44,
                 from /usr/include/qt5/QtCore/QFile:1,
                 from ../../../libLumina/LuminaXDG.h:18,
                 from ../../../libLumina/LFileInfo.h:13,
                 from ../../../libLumina/LFileInfo.cpp:7:
/usr/include/qt5/QtCore/qstring.h:609:17: note: declared here
  609 |     QStringList split(const QString &sep, SplitBehavior behavior,
      |                 ^~~~~
In file included from panel-plugins/taskmanager/LTaskButton.h:26,
                 from panel-plugins/taskmanager/LTaskManagerPlugin.h:23,
                 from panel-plugins/NewPP.h:23,
                 from LPanel.h:24,
                 from LDesktop.h:29,
                 from LSession.h:30,
                 from LXcbEventFilter.h:21,
                 from LXcbEventFilter.cpp:7:
panel-plugins/taskmanager/../LTBWidget.h: In member function ‘virtual void LTBWidget::wheelEvent(QWheelEvent*)’:
panel-plugins/taskmanager/../LTBWidget.h:65:36: warning: ‘int QWheelEvent::delta() const’ is deprecated: Use angleDelta() [-Wdeprecated-declarations]
   65 |           int change = event->delta()/120; // 1/15th of a rotation (delta/120) is usually one "click" of the wheel
      |                        ~~~~~~~~~~~~^~
In file included from /usr/include/qt5/QtGui/QMoveEvent:1,
                 from LPanel.h:19,
                 from LDesktop.h:29,
                 from LSession.h:30,
                 from LXcbEventFilter.h:21,
                 from LXcbEventFilter.cpp:7:
/usr/include/qt5/QtGui/qevent.h:219:16: note: declared here
  219 |     inline int delta() const  { return qt4D; }
      |                ^~~~~
In file included from panel-plugins/taskmanager/LTaskManagerPlugin.h:23,
                 from panel-plugins/NewPP.h:23,
                 from LPanel.h:24,
                 from LDesktop.h:29,
                 from LSession.h:30,
                 from LXcbEventFilter.h:21,
                 from LXcbEventFilter.cpp:7:
panel-plugins/taskmanager/LTaskButton.h: In member function ‘virtual void LTaskButton::changeEvent(QEvent*)’:
panel-plugins/taskmanager/LTaskButton.h:76:37: warning: ‘int qrand()’ is deprecated: use QRandomGenerator instead [-Wdeprecated-declarations]
   76 |             QTimer::singleShot(qrand()%100+500, this, SLOT(UpdateButton()) );
      |                                ~~~~~^~
In file included from /usr/include/qt5/QtCore/qnamespace.h:43,
                 from /usr/include/qt5/QtCore/qabstractnativeeventfilter.h:43,
                 from /usr/include/qt5/QtCore/QAbstractNativeEventFilter:1,
                 from LXcbEventFilter.h:12,
                 from LXcbEventFilter.cpp:7:
/usr/include/qt5/QtCore/qglobal.h:1274:80: note: declared here
 1274 | Q_CORE_EXPORT QT_DEPRECATED_VERSION_X_5_15("use QRandomGenerator instead") int qrand();
      |                                                                                ^~~~~
In file included from LDesktop.h:32,
                 from LSession.h:30,
                 from LXcbEventFilter.h:21,
                 from LXcbEventFilter.cpp:7:
LDesktopPluginSpace.h: In member function ‘void LDesktopPluginSpace::RemoveItem(QString)’:
LDesktopPluginSpace.h:184:77: warning: ‘static bool QProcess::startDetached(const QString&)’ is deprecated: Use QProcess::startDetached(const QString &program, const QStringList &arguments) instead [-Wdeprecated-declarations]
  184 |               if(!info.isSymLink() && info.isDir()){ QProcess::startDetached("rm -r \""+info.absoluteFilePath()+"\""); }
      |                                                      ~~~~~~~~~~~~~~~~~~~~~~~^~~~~~~~~~~~~~~~~~~~~~~~~~~~~~~~~~~~~~~~~
In file included from /usr/include/qt5/QtCore/QProcess:1,
                 from ../libLumina/LUtils.h:11,
                 from Globals.h:10,
                 from LSession.h:26,
                 from LXcbEventFilter.h:21,
                 from LXcbEventFilter.cpp:7:
/usr/include/qt5/QtCore/qprocess.h:280:17: note: declared here
  280 |     static bool startDetached(const QString &command);
      |                 ^~~~~~~~~~~~~
In file included from panel-plugins/taskmanager/LTaskButton.h:26,
                 from panel-plugins/taskmanager/LTaskManagerPlugin.h:23,
                 from panel-plugins/NewPP.h:23,
                 from LPanel.h:24,
                 from LDesktop.h:29,
                 from LSession.h:30,
                 from LSession.cpp:7:
panel-plugins/taskmanager/../LTBWidget.h: In member function ‘virtual void LTBWidget::wheelEvent(QWheelEvent*)’:
panel-plugins/taskmanager/../LTBWidget.h:65:36: warning: ‘int QWheelEvent::delta() const’ is deprecated: Use angleDelta() [-Wdeprecated-declarations]
   65 |           int change = event->delta()/120; // 1/15th of a rotation (delta/120) is usually one "click" of the wheel
      |                        ~~~~~~~~~~~~^~
In file included from /usr/include/qt5/QtGui/QMoveEvent:1,
                 from LPanel.h:19,
                 from LDesktop.h:29,
                 from LSession.h:30,
                 from LSession.cpp:7:
/usr/include/qt5/QtGui/qevent.h:219:16: note: declared here
  219 |     inline int delta() const  { return qt4D; }
      |                ^~~~~
In file included from panel-plugins/taskmanager/LTaskManagerPlugin.h:23,
                 from panel-plugins/NewPP.h:23,
                 from LPanel.h:24,
                 from LDesktop.h:29,
                 from LSession.h:30,
                 from LSession.cpp:7:
panel-plugins/taskmanager/LTaskButton.h: In member function ‘virtual void LTaskButton::changeEvent(QEvent*)’:
panel-plugins/taskmanager/LTaskButton.h:76:37: warning: ‘int qrand()’ is deprecated: use QRandomGenerator instead [-Wdeprecated-declarations]
   76 |             QTimer::singleShot(qrand()%100+500, this, SLOT(UpdateButton()) );
      |                                ~~~~~^~
In file included from /usr/include/qt5/QtGui/qtguiglobal.h:43,
                 from /usr/include/qt5/QtWidgets/qtwidgetsglobal.h:43,
                 from /usr/include/qt5/QtWidgets/qapplication.h:43,
                 from /usr/include/qt5/QtWidgets/QApplication:1,
                 from LSession.h:10,
                 from LSession.cpp:7:
/usr/include/qt5/QtCore/qglobal.h:1274:80: note: declared here
 1274 | Q_CORE_EXPORT QT_DEPRECATED_VERSION_X_5_15("use QRandomGenerator instead") int qrand();
      |                                                                                ^~~~~
In file included from LDesktop.h:32,
                 from LSession.h:30,
                 from LSession.cpp:7:
LDesktopPluginSpace.h: In member function ‘void LDesktopPluginSpace::RemoveItem(QString)’:
LDesktopPluginSpace.h:184:77: warning: ‘static bool QProcess::startDetached(const QString&)’ is deprecated: Use QProcess::startDetached(const QString &program, const QStringList &arguments) instead [-Wdeprecated-declarations]
  184 |               if(!info.isSymLink() && info.isDir()){ QProcess::startDetached("rm -r \""+info.absoluteFilePath()+"\""); }
      |                                                      ~~~~~~~~~~~~~~~~~~~~~~~^~~~~~~~~~~~~~~~~~~~~~~~~~~~~~~~~~~~~~~~~
In file included from /usr/include/qt5/QtCore/QProcess:1,
                 from ../libLumina/LUtils.h:11,
                 from Globals.h:10,
                 from LSession.h:26,
                 from LSession.cpp:7:
/usr/include/qt5/QtCore/qprocess.h:280:17: note: declared here
  280 |     static bool startDetached(const QString &command);
      |                 ^~~~~~~~~~~~~
In file included from ./global-includes.h:72,
                 from src-screensaver/LScreenSaver.h:10,
                 from LSession.h:33,
                 from LXcbEventFilter.h:21,
                 from LXcbEventFilter.cpp:7:
../libLumina/ExternalProcess.h: In static member function ‘static void ExternalProcess::launch(QString, QStringList, bool)’:
../libLumina/ExternalProcess.h:84:41: warning: ‘void QProcess::start(const QString&, QIODevice::OpenMode)’ is deprecated: Use QProcess::start(const QString &program, const QStringList &arguments,OpenMode mode = ReadWrite) instead [-Wdeprecated-declarations]
   84 |           if(args.isEmpty()){ tmp->start(program); }
      |                               ~~~~~~~~~~^~~~~~~~~
In file included from /usr/include/qt5/QtCore/QProcess:1,
                 from ../libLumina/LUtils.h:11,
                 from Globals.h:10,
                 from LSession.h:26,
                 from LXcbEventFilter.h:21,
                 from LXcbEventFilter.cpp:7:
/usr/include/qt5/QtCore/qprocess.h:168:10: note: declared here
  168 |     void start(const QString &command, OpenMode mode = ReadWrite);
      |          ^~~~~
In file included from ./global-includes.h:72,
                 from src-screensaver/LScreenSaver.h:10,
                 from LSession.h:33,
                 from LSession.cpp:7:
../libLumina/ExternalProcess.h: In static member function ‘static void ExternalProcess::launch(QString, QStringList, bool)’:
../libLumina/ExternalProcess.h:84:41: warning: ‘void QProcess::start(const QString&, QIODevice::OpenMode)’ is deprecated: Use QProcess::start(const QString &program, const QStringList &arguments,OpenMode mode = ReadWrite) instead [-Wdeprecated-declarations]
   84 |           if(args.isEmpty()){ tmp->start(program); }
      |                               ~~~~~~~~~~^~~~~~~~~
In file included from /usr/include/qt5/QtCore/QProcess:1,
                 from ../libLumina/LUtils.h:11,
                 from Globals.h:10,
                 from LSession.h:26,
                 from LSession.cpp:7:
/usr/include/qt5/QtCore/qprocess.h:168:10: note: declared here
  168 |     void start(const QString &command, OpenMode mode = ReadWrite);
      |          ^~~~~
LSession.cpp: In member function ‘void LSession::setupSession()’:
LSession.cpp:157:9: warning: ‘void qsrand(uint)’ is deprecated: use QRandomGenerator instead [-Wdeprecated-declarations]
  157 |   qsrand( QTime::currentTime().msec() );
      |   ~~~~~~^~~~~~~~~~~~~~~~~~~~~~~~~~~~~~~
In file included from /usr/include/qt5/QtGui/qtguiglobal.h:43,
                 from /usr/include/qt5/QtWidgets/qtwidgetsglobal.h:43,
                 from /usr/include/qt5/QtWidgets/qapplication.h:43,
                 from /usr/include/qt5/QtWidgets/QApplication:1,
                 from LSession.h:10,
                 from LSession.cpp:7:
/usr/include/qt5/QtCore/qglobal.h:1273:81: note: declared here
 1273 | Q_CORE_EXPORT QT_DEPRECATED_VERSION_X_5_15("use QRandomGenerator instead") void qsrand(uint seed);
      |                                                                                 ^~~~~~
LSession.cpp: In member function ‘void LSession::launchStartupApps()’:
LSession.cpp:356:30: warning: ‘static bool QProcess::startDetached(const QString&)’ is deprecated: Use QProcess::startDetached(const QString &program, const QStringList &arguments) instead [-Wdeprecated-declarations]
  356 |       QProcess::startDetached("numlockx on");
      |       ~~~~~~~~~~~~~~~~~~~~~~~^~~~~~~~~~~~~~~
In file included from /usr/include/qt5/QtCore/QProcess:1,
                 from ../libLumina/LUtils.h:11,
                 from Globals.h:10,
                 from LSession.h:26,
                 from LSession.cpp:7:
/usr/include/qt5/QtCore/qprocess.h:280:17: note: declared here
  280 |     static bool startDetached(const QString &command);
      |                 ^~~~~~~~~~~~~
LSession.cpp:358:30: warning: ‘static bool QProcess::startDetached(const QString&)’ is deprecated: Use QProcess::startDetached(const QString &program, const QStringList &arguments) instead [-Wdeprecated-declarations]
  358 |       QProcess::startDetached("numlockx off");
      |       ~~~~~~~~~~~~~~~~~~~~~~~^~~~~~~~~~~~~~~~
In file included from /usr/include/qt5/QtCore/QProcess:1,
                 from ../libLumina/LUtils.h:11,
                 from Globals.h:10,
                 from LSession.h:26,
                 from LSession.cpp:7:
/usr/include/qt5/QtCore/qprocess.h:280:17: note: declared here
  280 |     static bool startDetached(const QString &command);
      |                 ^~~~~~~~~~~~~
g++ -pipe -O2 -flto=auto -ffat-lto-objects -fexceptions -g -grecord-gcc-switches -pipe -Wall -Werror=format-security -Wp,-D_FORTIFY_SOURCE=2 -Wp,-D_GLIBCXX_ASSERTIONS -specs=/usr/lib/rpm/redhat/redhat-hardened-cc1 -fstack-protector-strong -specs=/usr/lib/rpm/redhat/redhat-annobin-cc1 -m64 -mtune=generic -fasynchronous-unwind-tables -fstack-clash-protection -fcf-protection -std=gnu++11 -Wall -Wextra -dM -E -o .build/moc/moc_predefs.h /usr/lib64/qt5/mkspecs/features/data/dummy.cpp
g++ -c -pipe -O2 -flto=auto -ffat-lto-objects -fexceptions -g -grecord-gcc-switches -pipe -Wall -Werror=format-security -Wp,-D_FORTIFY_SOURCE=2 -Wp,-D_GLIBCXX_ASSERTIONS -specs=/usr/lib/rpm/redhat/redhat-hardened-cc1 -fstack-protector-strong -specs=/usr/lib/rpm/redhat/redhat-annobin-cc1 -m64 -mtune=generic -fasynchronous-unwind-tables -fstack-clash-protection -fcf-protection -std=gnu++11 -Wall -Wextra -D_REENTRANT -fPIC -DPREFIX=QString\(\"/usr\"\) -DL_ETCDIR=QString\(\"/etc\"\) -DL_SHAREDIR=QString\(\"/usr/share\"\) -DGIT_VERSION="\"a88ea52f\"" -DLTHEMEENGINE_DATADIR=\"/usr/share\" -DQT_NO_DEBUG -DQT_PLUGIN -DQT_SVG_LIB -DQT_WIDGETS_LIB -DQT_X11EXTRAS_LIB -DQT_MULTIMEDIA_LIB -DQT_THEME_SUPPORT_LIB -DQT_GUI_LIB -DQT_NETWORK_LIB -DQT_CONCURRENT_LIB -DQT_DBUS_LIB -DQT_CORE_LIB -I. -I../../../libLumina -I/usr/include/qt5 -I/usr -I/usr/include -I/home/q5sys/git/lumina/src-qt5/core/lumina-theme-engine/src/lthemeengine-qtplugin -I.. -I/usr/include/qt5/QtSvg -I/usr/include/qt5/QtWidgets -I/usr/include/qt5/QtX11Extras -I/usr/include/qt5/QtMultimedia -I/usr/include/qt5/QtThemeSupport -I/usr/include/qt5/QtThemeSupport/5.15.2 -I/usr/include/qt5/QtThemeSupport/5.15.2/QtThemeSupport -I/usr/include/qt5/QtGui/5.15.2 -I/usr/include/qt5/QtGui/5.15.2/QtGui -I/usr/include/qt5/QtGui -I/usr/include/qt5/QtNetwork -I/usr/include/qt5/QtConcurrent -I/usr/include/qt5/QtCore/5.15.2 -I/usr/include/qt5/QtCore/5.15.2/QtCore -I/usr/include/qt5/QtDBus -I/usr/include/qt5/QtCore -I.build/moc -I/usr/lib64/qt5/mkspecs/linux-g++ -o .build/obj/lthemeengineplatformtheme.o lthemeengineplatformtheme.cpp
g++ -c -pipe -O2 -flto=auto -ffat-lto-objects -fexceptions -g -grecord-gcc-switches -pipe -Wall -Werror=format-security -Wp,-D_FORTIFY_SOURCE=2 -Wp,-D_GLIBCXX_ASSERTIONS -specs=/usr/lib/rpm/redhat/redhat-hardened-cc1 -fstack-protector-strong -specs=/usr/lib/rpm/redhat/redhat-annobin-cc1 -m64 -mtune=generic -fasynchronous-unwind-tables -fstack-clash-protection -fcf-protection -std=gnu++11 -Wall -Wextra -D_REENTRANT -fPIC -DPREFIX=QString\(\"/usr\"\) -DL_ETCDIR=QString\(\"/etc\"\) -DL_SHAREDIR=QString\(\"/usr/share\"\) -DGIT_VERSION="\"a88ea52f\"" -DQT_NO_DEBUG -DQT_MULTIMEDIAWIDGETS_LIB -DQT_SVG_LIB -DQT_WIDGETS_LIB -DQT_X11EXTRAS_LIB -DQT_MULTIMEDIA_LIB -DQT_QUICK_LIB -DQT_GUI_LIB -DQT_QMLMODELS_LIB -DQT_QML_LIB -DQT_NETWORK_LIB -DQT_CONCURRENT_LIB -DQT_CORE_LIB -I. -I../libLumina -I/usr/include/qt5 -I/usr -I/usr/include -I/home/q5sys/git/lumina/src-qt5/core/lumina-desktop -I../../src-cpp -Isrc-screensaver -I/usr/include/qt5/QtMultimediaWidgets -I/usr/include/qt5/QtSvg -I/usr/include/qt5/QtWidgets -I/usr/include/qt5/QtX11Extras -I/usr/include/qt5/QtMultimedia -I/usr/include/qt5/QtQuick -I/usr/include/qt5/QtGui -I/usr/include/qt5/QtQmlModels -I/usr/include/qt5/QtQml -I/usr/include/qt5/QtNetwork -I/usr/include/qt5/QtConcurrent -I/usr/include/qt5/QtCore -I.build/moc -I.build/ui -I/usr/lib64/qt5/mkspecs/linux-g++ -o .build/obj/LDesktop.o LDesktop.cpp
LSession.cpp: In member function ‘void LSession::setupSession()’:
LSession.cpp:234:53: warning: ignoring return value of ‘int system(const char*)’ declared with attribute ‘warn_unused_result’ [-Wunused-result]
  234 |    if(!QFile::exists("/tmp/.autofs_change")){ system("touch /tmp/.autofs_change"); }
      |                                               ~~~~~~^~~~~~~~~~~~~~~~~~~~~~~~~~~~~
g++ -c -pipe -O2 -flto=auto -ffat-lto-objects -fexceptions -g -grecord-gcc-switches -pipe -Wall -Werror=format-security -Wp,-D_FORTIFY_SOURCE=2 -Wp,-D_GLIBCXX_ASSERTIONS -specs=/usr/lib/rpm/redhat/redhat-hardened-cc1 -fstack-protector-strong -specs=/usr/lib/rpm/redhat/redhat-annobin-cc1 -m64 -mtune=generic -fasynchronous-unwind-tables -fstack-clash-protection -fcf-protection -std=gnu++11 -Wall -Wextra -D_REENTRANT -fPIC -DPREFIX=QString\(\"/usr\"\) -DL_ETCDIR=QString\(\"/etc\"\) -DL_SHAREDIR=QString\(\"/usr/share\"\) -DGIT_VERSION="\"a88ea52f\"" -DLTHEMEENGINE_DATADIR=\"/usr/share\" -DQT_NO_DEBUG -DQT_PLUGIN -DQT_SVG_LIB -DQT_WIDGETS_LIB -DQT_X11EXTRAS_LIB -DQT_MULTIMEDIA_LIB -DQT_THEME_SUPPORT_LIB -DQT_GUI_LIB -DQT_NETWORK_LIB -DQT_CONCURRENT_LIB -DQT_DBUS_LIB -DQT_CORE_LIB -I. -I../../../libLumina -I/usr/include/qt5 -I/usr -I/usr/include -I/home/q5sys/git/lumina/src-qt5/core/lumina-theme-engine/src/lthemeengine-qtplugin -I.. -I/usr/include/qt5/QtSvg -I/usr/include/qt5/QtWidgets -I/usr/include/qt5/QtX11Extras -I/usr/include/qt5/QtMultimedia -I/usr/include/qt5/QtThemeSupport -I/usr/include/qt5/QtThemeSupport/5.15.2 -I/usr/include/qt5/QtThemeSupport/5.15.2/QtThemeSupport -I/usr/include/qt5/QtGui/5.15.2 -I/usr/include/qt5/QtGui/5.15.2/QtGui -I/usr/include/qt5/QtGui -I/usr/include/qt5/QtNetwork -I/usr/include/qt5/QtConcurrent -I/usr/include/qt5/QtCore/5.15.2 -I/usr/include/qt5/QtCore/5.15.2/QtCore -I/usr/include/qt5/QtDBus -I/usr/include/qt5/QtCore -I.build/moc -I/usr/lib64/qt5/mkspecs/linux-g++ -o .build/obj/lthemeengine.o ../lthemeengine/lthemeengine.cpp
In file included from panel-plugins/taskmanager/LTaskButton.h:26,
                 from panel-plugins/taskmanager/LTaskManagerPlugin.h:23,
                 from panel-plugins/NewPP.h:23,
                 from LPanel.h:24,
                 from LDesktop.h:29,
                 from LDesktop.cpp:7:
panel-plugins/taskmanager/../LTBWidget.h: In member function ‘virtual void LTBWidget::wheelEvent(QWheelEvent*)’:
panel-plugins/taskmanager/../LTBWidget.h:65:36: warning: ‘int QWheelEvent::delta() const’ is deprecated: Use angleDelta() [-Wdeprecated-declarations]
   65 |           int change = event->delta()/120; // 1/15th of a rotation (delta/120) is usually one "click" of the wheel
      |                        ~~~~~~~~~~~~^~
In file included from /usr/include/qt5/QtGui/QMoveEvent:1,
                 from LPanel.h:19,
                 from LDesktop.h:29,
                 from LDesktop.cpp:7:
/usr/include/qt5/QtGui/qevent.h:219:16: note: declared here
  219 |     inline int delta() const  { return qt4D; }
      |                ^~~~~
In file included from panel-plugins/taskmanager/LTaskManagerPlugin.h:23,
                 from panel-plugins/NewPP.h:23,
                 from LPanel.h:24,
                 from LDesktop.h:29,
                 from LDesktop.cpp:7:
panel-plugins/taskmanager/LTaskButton.h: In member function ‘virtual void LTaskButton::changeEvent(QEvent*)’:
panel-plugins/taskmanager/LTaskButton.h:76:37: warning: ‘int qrand()’ is deprecated: use QRandomGenerator instead [-Wdeprecated-declarations]
   76 |             QTimer::singleShot(qrand()%100+500, this, SLOT(UpdateButton()) );
      |                                ~~~~~^~
In file included from /usr/include/qt5/QtCore/qcoreapplication.h:43,
                 from /usr/include/qt5/QtCore/QCoreApplication:1,
                 from LDesktop.h:10,
                 from LDesktop.cpp:7:
/usr/include/qt5/QtCore/qglobal.h:1274:80: note: declared here
 1274 | Q_CORE_EXPORT QT_DEPRECATED_VERSION_X_5_15("use QRandomGenerator instead") int qrand();
      |                                                                                ^~~~~
In file included from LDesktop.h:32,
                 from LDesktop.cpp:7:
LDesktopPluginSpace.h: In member function ‘void LDesktopPluginSpace::RemoveItem(QString)’:
LDesktopPluginSpace.h:184:77: warning: ‘static bool QProcess::startDetached(const QString&)’ is deprecated: Use QProcess::startDetached(const QString &program, const QStringList &arguments) instead [-Wdeprecated-declarations]
  184 |               if(!info.isSymLink() && info.isDir()){ QProcess::startDetached("rm -r \""+info.absoluteFilePath()+"\""); }
      |                                                      ~~~~~~~~~~~~~~~~~~~~~~~^~~~~~~~~~~~~~~~~~~~~~~~~~~~~~~~~~~~~~~~~
In file included from /usr/include/qt5/QtCore/QProcess:1,
                 from ../libLumina/LuminaOS.h:17,
                 from panel-plugins/userbutton/UserWidget.h:24,
                 from panel-plugins/userbutton/LUserButton.h:28,
                 from panel-plugins/NewPP.h:16,
                 from LPanel.h:24,
                 from LDesktop.h:29,
                 from LDesktop.cpp:7:
/usr/include/qt5/QtCore/qprocess.h:280:17: note: declared here
  280 |     static bool startDetached(const QString &command);
      |                 ^~~~~~~~~~~~~
In file included from ./global-includes.h:72,
                 from src-screensaver/LScreenSaver.h:10,
                 from LSession.h:33,
                 from LDesktop.cpp:8:
../libLumina/ExternalProcess.h: In static member function ‘static void ExternalProcess::launch(QString, QStringList, bool)’:
../libLumina/ExternalProcess.h:84:41: warning: ‘void QProcess::start(const QString&, QIODevice::OpenMode)’ is deprecated: Use QProcess::start(const QString &program, const QStringList &arguments,OpenMode mode = ReadWrite) instead [-Wdeprecated-declarations]
   84 |           if(args.isEmpty()){ tmp->start(program); }
      |                               ~~~~~~~~~~^~~~~~~~~
In file included from /usr/include/qt5/QtCore/QProcess:1,
                 from ../libLumina/LuminaOS.h:17,
                 from panel-plugins/userbutton/UserWidget.h:24,
                 from panel-plugins/userbutton/LUserButton.h:28,
                 from panel-plugins/NewPP.h:16,
                 from LPanel.h:24,
                 from LDesktop.h:29,
                 from LDesktop.cpp:7:
/usr/include/qt5/QtCore/qprocess.h:168:10: note: declared here
  168 |     void start(const QString &command, OpenMode mode = ReadWrite);
      |          ^~~~~
LDesktop.cpp: In member function ‘void LDesktop::UpdateBackground()’:
LDesktop.cpp:590:24: warning: ‘int qrand()’ is deprecated: use QRandomGenerator instead [-Wdeprecated-declarations]
  590 |     int index = ( qrand() % bgL.length() );
      |                   ~~~~~^~
In file included from /usr/include/qt5/QtCore/qcoreapplication.h:43,
                 from /usr/include/qt5/QtCore/QCoreApplication:1,
                 from LDesktop.h:10,
                 from LDesktop.cpp:7:
/usr/include/qt5/QtCore/qglobal.h:1274:80: note: declared here
 1274 | Q_CORE_EXPORT QT_DEPRECATED_VERSION_X_5_15("use QRandomGenerator instead") int qrand();
      |                                                                                ^~~~~
g++ -c -pipe -O2 -flto=auto -ffat-lto-objects -fexceptions -g -grecord-gcc-switches -pipe -Wall -Werror=format-security -Wp,-D_FORTIFY_SOURCE=2 -Wp,-D_GLIBCXX_ASSERTIONS -specs=/usr/lib/rpm/redhat/redhat-hardened-cc1 -fstack-protector-strong -specs=/usr/lib/rpm/redhat/redhat-annobin-cc1 -m64 -mtune=generic -fasynchronous-unwind-tables -fstack-clash-protection -fcf-protection -std=gnu++11 -Wall -Wextra -D_REENTRANT -fPIC -DPREFIX=QString\(\"/usr\"\) -DL_ETCDIR=QString\(\"/etc\"\) -DL_SHAREDIR=QString\(\"/usr/share\"\) -DGIT_VERSION="\"a88ea52f\"" -DQT_NO_DEBUG -DQT_MULTIMEDIAWIDGETS_LIB -DQT_SVG_LIB -DQT_WIDGETS_LIB -DQT_X11EXTRAS_LIB -DQT_MULTIMEDIA_LIB -DQT_QUICK_LIB -DQT_GUI_LIB -DQT_QMLMODELS_LIB -DQT_QML_LIB -DQT_NETWORK_LIB -DQT_CONCURRENT_LIB -DQT_CORE_LIB -I. -I../libLumina -I/usr/include/qt5 -I/usr -I/usr/include -I/home/q5sys/git/lumina/src-qt5/core/lumina-desktop -I../../src-cpp -Isrc-screensaver -I/usr/include/qt5/QtMultimediaWidgets -I/usr/include/qt5/QtSvg -I/usr/include/qt5/QtWidgets -I/usr/include/qt5/QtX11Extras -I/usr/include/qt5/QtMultimedia -I/usr/include/qt5/QtQuick -I/usr/include/qt5/QtGui -I/usr/include/qt5/QtQmlModels -I/usr/include/qt5/QtQml -I/usr/include/qt5/QtNetwork -I/usr/include/qt5/QtConcurrent -I/usr/include/qt5/QtCore -I.build/moc -I.build/ui -I/usr/lib64/qt5/mkspecs/linux-g++ -o .build/obj/LDesktopBackground.o LDesktopBackground.cpp
/usr/lib64/qt5/bin/moc -DPREFIX=QString\(\"/usr\"\) -DL_ETCDIR=QString\(\"/etc\"\) -DL_SHAREDIR=QString\(\"/usr/share\"\) -DGIT_VERSION="\"a88ea52f\"" -DLTHEMEENGINE_DATADIR=\"/usr/share\" -DQT_NO_DEBUG -DQT_PLUGIN -DQT_SVG_LIB -DQT_WIDGETS_LIB -DQT_X11EXTRAS_LIB -DQT_MULTIMEDIA_LIB -DQT_THEME_SUPPORT_LIB -DQT_GUI_LIB -DQT_NETWORK_LIB -DQT_CONCURRENT_LIB -DQT_DBUS_LIB -DQT_CORE_LIB --include /home/q5sys/git/lumina/src-qt5/core/lumina-theme-engine/src/lthemeengine-qtplugin/.build/moc/moc_predefs.h -I/usr/lib64/qt5/mkspecs/linux-g++ -I/home/q5sys/git/lumina/src-qt5/core/lumina-theme-engine/src/lthemeengine-qtplugin -I/home/q5sys/git/lumina/src-qt5/core/libLumina -I/usr/include/qt5 -I/usr -I/usr/include -I'/home/q5sys/git/lumina/src-qt5/core/lumina-theme-engine/src/lthemeengine-qtplugin//home/q5sys/git/lumina/src-qt5/core/lumina-theme-engine/src/lthemeengine-qtplugin' -I/home/q5sys/git/lumina/src-qt5/core/lumina-theme-engine/src -I/usr/include/qt5/QtSvg -I/usr/include/qt5/QtWidgets -I/usr/include/qt5/QtX11Extras -I/usr/include/qt5/QtMultimedia -I/usr/include/qt5/QtThemeSupport -I/usr/include/qt5/QtThemeSupport/5.15.2 -I/usr/include/qt5/QtThemeSupport/5.15.2/QtThemeSupport -I/usr/include/qt5/QtGui/5.15.2 -I/usr/include/qt5/QtGui/5.15.2/QtGui -I/usr/include/qt5/QtGui -I/usr/include/qt5/QtNetwork -I/usr/include/qt5/QtConcurrent -I/usr/include/qt5/QtCore/5.15.2 -I/usr/include/qt5/QtCore/5.15.2/QtCore -I/usr/include/qt5/QtDBus -I/usr/include/qt5/QtCore -I/usr/include/c++/11 -I/usr/include/c++/11/x86_64-redhat-linux -I/usr/include/c++/11/backward -I/usr/lib/gcc/x86_64-redhat-linux/11/include -I/usr/local/include -I/usr/include ../../../libLumina/LuminaThemes.h -o .build/moc/moc_LuminaThemes.cpp
/usr/lib64/qt5/bin/moc -DPREFIX=QString\(\"/usr\"\) -DL_ETCDIR=QString\(\"/etc\"\) -DL_SHAREDIR=QString\(\"/usr/share\"\) -DGIT_VERSION="\"a88ea52f\"" -DLTHEMEENGINE_DATADIR=\"/usr/share\" -DQT_NO_DEBUG -DQT_PLUGIN -DQT_SVG_LIB -DQT_WIDGETS_LIB -DQT_X11EXTRAS_LIB -DQT_MULTIMEDIA_LIB -DQT_THEME_SUPPORT_LIB -DQT_GUI_LIB -DQT_NETWORK_LIB -DQT_CONCURRENT_LIB -DQT_DBUS_LIB -DQT_CORE_LIB --include /home/q5sys/git/lumina/src-qt5/core/lumina-theme-engine/src/lthemeengine-qtplugin/.build/moc/moc_predefs.h -I/usr/lib64/qt5/mkspecs/linux-g++ -I/home/q5sys/git/lumina/src-qt5/core/lumina-theme-engine/src/lthemeengine-qtplugin -I/home/q5sys/git/lumina/src-qt5/core/libLumina -I/usr/include/qt5 -I/usr -I/usr/include -I'/home/q5sys/git/lumina/src-qt5/core/lumina-theme-engine/src/lthemeengine-qtplugin//home/q5sys/git/lumina/src-qt5/core/lumina-theme-engine/src/lthemeengine-qtplugin' -I/home/q5sys/git/lumina/src-qt5/core/lumina-theme-engine/src -I/usr/include/qt5/QtSvg -I/usr/include/qt5/QtWidgets -I/usr/include/qt5/QtX11Extras -I/usr/include/qt5/QtMultimedia -I/usr/include/qt5/QtThemeSupport -I/usr/include/qt5/QtThemeSupport/5.15.2 -I/usr/include/qt5/QtThemeSupport/5.15.2/QtThemeSupport -I/usr/include/qt5/QtGui/5.15.2 -I/usr/include/qt5/QtGui/5.15.2/QtGui -I/usr/include/qt5/QtGui -I/usr/include/qt5/QtNetwork -I/usr/include/qt5/QtConcurrent -I/usr/include/qt5/QtCore/5.15.2 -I/usr/include/qt5/QtCore/5.15.2/QtCore -I/usr/include/qt5/QtDBus -I/usr/include/qt5/QtCore -I/usr/include/c++/11 -I/usr/include/c++/11/x86_64-redhat-linux -I/usr/include/c++/11/backward -I/usr/lib/gcc/x86_64-redhat-linux/11/include -I/usr/local/include -I/usr/include ../../../libLumina/LuminaXDG.h -o .build/moc/moc_LuminaXDG.cpp
/usr/lib64/qt5/bin/moc -DPREFIX=QString\(\"/usr\"\) -DL_ETCDIR=QString\(\"/etc\"\) -DL_SHAREDIR=QString\(\"/usr/share\"\) -DGIT_VERSION="\"a88ea52f\"" -DLTHEMEENGINE_DATADIR=\"/usr/share\" -DQT_NO_DEBUG -DQT_PLUGIN -DQT_SVG_LIB -DQT_WIDGETS_LIB -DQT_X11EXTRAS_LIB -DQT_MULTIMEDIA_LIB -DQT_THEME_SUPPORT_LIB -DQT_GUI_LIB -DQT_NETWORK_LIB -DQT_CONCURRENT_LIB -DQT_DBUS_LIB -DQT_CORE_LIB --include /home/q5sys/git/lumina/src-qt5/core/lumina-theme-engine/src/lthemeengine-qtplugin/.build/moc/moc_predefs.h -I/usr/lib64/qt5/mkspecs/linux-g++ -I/home/q5sys/git/lumina/src-qt5/core/lumina-theme-engine/src/lthemeengine-qtplugin -I/home/q5sys/git/lumina/src-qt5/core/libLumina -I/usr/include/qt5 -I/usr -I/usr/include -I'/home/q5sys/git/lumina/src-qt5/core/lumina-theme-engine/src/lthemeengine-qtplugin//home/q5sys/git/lumina/src-qt5/core/lumina-theme-engine/src/lthemeengine-qtplugin' -I/home/q5sys/git/lumina/src-qt5/core/lumina-theme-engine/src -I/usr/include/qt5/QtSvg -I/usr/include/qt5/QtWidgets -I/usr/include/qt5/QtX11Extras -I/usr/include/qt5/QtMultimedia -I/usr/include/qt5/QtThemeSupport -I/usr/include/qt5/QtThemeSupport/5.15.2 -I/usr/include/qt5/QtThemeSupport/5.15.2/QtThemeSupport -I/usr/include/qt5/QtGui/5.15.2 -I/usr/include/qt5/QtGui/5.15.2/QtGui -I/usr/include/qt5/QtGui -I/usr/include/qt5/QtNetwork -I/usr/include/qt5/QtConcurrent -I/usr/include/qt5/QtCore/5.15.2 -I/usr/include/qt5/QtCore/5.15.2/QtCore -I/usr/include/qt5/QtDBus -I/usr/include/qt5/QtCore -I/usr/include/c++/11 -I/usr/include/c++/11/x86_64-redhat-linux -I/usr/include/c++/11/backward -I/usr/lib/gcc/x86_64-redhat-linux/11/include -I/usr/local/include -I/usr/include lthemeengineplatformtheme.h -o .build/moc/moc_lthemeengineplatformtheme.cpp
/usr/lib64/qt5/bin/moc -DPREFIX=QString\(\"/usr\"\) -DL_ETCDIR=QString\(\"/etc\"\) -DL_SHAREDIR=QString\(\"/usr/share\"\) -DGIT_VERSION="\"a88ea52f\"" -DLTHEMEENGINE_DATADIR=\"/usr/share\" -DQT_NO_DEBUG -DQT_PLUGIN -DQT_SVG_LIB -DQT_WIDGETS_LIB -DQT_X11EXTRAS_LIB -DQT_MULTIMEDIA_LIB -DQT_THEME_SUPPORT_LIB -DQT_GUI_LIB -DQT_NETWORK_LIB -DQT_CONCURRENT_LIB -DQT_DBUS_LIB -DQT_CORE_LIB --include /home/q5sys/git/lumina/src-qt5/core/lumina-theme-engine/src/lthemeengine-qtplugin/.build/moc/moc_predefs.h -I/usr/lib64/qt5/mkspecs/linux-g++ -I/home/q5sys/git/lumina/src-qt5/core/lumina-theme-engine/src/lthemeengine-qtplugin -I/home/q5sys/git/lumina/src-qt5/core/libLumina -I/usr/include/qt5 -I/usr -I/usr/include -I'/home/q5sys/git/lumina/src-qt5/core/lumina-theme-engine/src/lthemeengine-qtplugin//home/q5sys/git/lumina/src-qt5/core/lumina-theme-engine/src/lthemeengine-qtplugin' -I/home/q5sys/git/lumina/src-qt5/core/lumina-theme-engine/src -I/usr/include/qt5/QtSvg -I/usr/include/qt5/QtWidgets -I/usr/include/qt5/QtX11Extras -I/usr/include/qt5/QtMultimedia -I/usr/include/qt5/QtThemeSupport -I/usr/include/qt5/QtThemeSupport/5.15.2 -I/usr/include/qt5/QtThemeSupport/5.15.2/QtThemeSupport -I/usr/include/qt5/QtGui/5.15.2 -I/usr/include/qt5/QtGui/5.15.2/QtGui -I/usr/include/qt5/QtGui -I/usr/include/qt5/QtNetwork -I/usr/include/qt5/QtConcurrent -I/usr/include/qt5/QtCore/5.15.2 -I/usr/include/qt5/QtCore/5.15.2/QtCore -I/usr/include/qt5/QtDBus -I/usr/include/qt5/QtCore -I/usr/include/c++/11 -I/usr/include/c++/11/x86_64-redhat-linux -I/usr/include/c++/11/backward -I/usr/lib/gcc/x86_64-redhat-linux/11/include -I/usr/local/include -I/usr/include main.cpp -o .build/moc/main.moc
g++ -c -pipe -O2 -flto=auto -ffat-lto-objects -fexceptions -g -grecord-gcc-switches -pipe -Wall -Werror=format-security -Wp,-D_FORTIFY_SOURCE=2 -Wp,-D_GLIBCXX_ASSERTIONS -specs=/usr/lib/rpm/redhat/redhat-hardened-cc1 -fstack-protector-strong -specs=/usr/lib/rpm/redhat/redhat-annobin-cc1 -m64 -mtune=generic -fasynchronous-unwind-tables -fstack-clash-protection -fcf-protection -std=gnu++11 -Wall -Wextra -D_REENTRANT -fPIC -DPREFIX=QString\(\"/usr\"\) -DL_ETCDIR=QString\(\"/etc\"\) -DL_SHAREDIR=QString\(\"/usr/share\"\) -DGIT_VERSION="\"a88ea52f\"" -DQT_NO_DEBUG -DQT_MULTIMEDIAWIDGETS_LIB -DQT_SVG_LIB -DQT_WIDGETS_LIB -DQT_X11EXTRAS_LIB -DQT_MULTIMEDIA_LIB -DQT_QUICK_LIB -DQT_GUI_LIB -DQT_QMLMODELS_LIB -DQT_QML_LIB -DQT_NETWORK_LIB -DQT_CONCURRENT_LIB -DQT_CORE_LIB -I. -I../libLumina -I/usr/include/qt5 -I/usr -I/usr/include -I/home/q5sys/git/lumina/src-qt5/core/lumina-desktop -I../../src-cpp -Isrc-screensaver -I/usr/include/qt5/QtMultimediaWidgets -I/usr/include/qt5/QtSvg -I/usr/include/qt5/QtWidgets -I/usr/include/qt5/QtX11Extras -I/usr/include/qt5/QtMultimedia -I/usr/include/qt5/QtQuick -I/usr/include/qt5/QtGui -I/usr/include/qt5/QtQmlModels -I/usr/include/qt5/QtQml -I/usr/include/qt5/QtNetwork -I/usr/include/qt5/QtConcurrent -I/usr/include/qt5/QtCore -I.build/moc -I.build/ui -I/usr/lib64/qt5/mkspecs/linux-g++ -o .build/obj/LDesktopPluginSpace.o LDesktopPluginSpace.cpp
g++ -c -pipe -O2 -flto=auto -ffat-lto-objects -fexceptions -g -grecord-gcc-switches -pipe -Wall -Werror=format-security -Wp,-D_FORTIFY_SOURCE=2 -Wp,-D_GLIBCXX_ASSERTIONS -specs=/usr/lib/rpm/redhat/redhat-hardened-cc1 -fstack-protector-strong -specs=/usr/lib/rpm/redhat/redhat-annobin-cc1 -m64 -mtune=generic -fasynchronous-unwind-tables -fstack-clash-protection -fcf-protection -std=gnu++11 -Wall -Wextra -D_REENTRANT -fPIC -DPREFIX=QString\(\"/usr\"\) -DL_ETCDIR=QString\(\"/etc\"\) -DL_SHAREDIR=QString\(\"/usr/share\"\) -DGIT_VERSION="\"a88ea52f\"" -DLTHEMEENGINE_DATADIR=\"/usr/share\" -DQT_NO_DEBUG -DQT_PLUGIN -DQT_SVG_LIB -DQT_WIDGETS_LIB -DQT_X11EXTRAS_LIB -DQT_MULTIMEDIA_LIB -DQT_THEME_SUPPORT_LIB -DQT_GUI_LIB -DQT_NETWORK_LIB -DQT_CONCURRENT_LIB -DQT_DBUS_LIB -DQT_CORE_LIB -I. -I../../../libLumina -I/usr/include/qt5 -I/usr -I/usr/include -I/home/q5sys/git/lumina/src-qt5/core/lumina-theme-engine/src/lthemeengine-qtplugin -I.. -I/usr/include/qt5/QtSvg -I/usr/include/qt5/QtWidgets -I/usr/include/qt5/QtX11Extras -I/usr/include/qt5/QtMultimedia -I/usr/include/qt5/QtThemeSupport -I/usr/include/qt5/QtThemeSupport/5.15.2 -I/usr/include/qt5/QtThemeSupport/5.15.2/QtThemeSupport -I/usr/include/qt5/QtGui/5.15.2 -I/usr/include/qt5/QtGui/5.15.2/QtGui -I/usr/include/qt5/QtGui -I/usr/include/qt5/QtNetwork -I/usr/include/qt5/QtConcurrent -I/usr/include/qt5/QtCore/5.15.2 -I/usr/include/qt5/QtCore/5.15.2/QtCore -I/usr/include/qt5/QtDBus -I/usr/include/qt5/QtCore -I.build/moc -I/usr/lib64/qt5/mkspecs/linux-g++ -o .build/obj/moc_LuminaThemes.o .build/moc/moc_LuminaThemes.cpp
In file included from panel-plugins/taskmanager/LTaskButton.h:26,
                 from panel-plugins/taskmanager/LTaskManagerPlugin.h:23,
                 from panel-plugins/NewPP.h:23,
                 from LPanel.h:24,
                 from LDesktop.h:29,
                 from LSession.h:30,
                 from LDesktopBackground.cpp:13:
panel-plugins/taskmanager/../LTBWidget.h: In member function ‘virtual void LTBWidget::wheelEvent(QWheelEvent*)’:
panel-plugins/taskmanager/../LTBWidget.h:65:36: warning: ‘int QWheelEvent::delta() const’ is deprecated: Use angleDelta() [-Wdeprecated-declarations]
   65 |           int change = event->delta()/120; // 1/15th of a rotation (delta/120) is usually one "click" of the wheel
      |                        ~~~~~~~~~~~~^~
In file included from /usr/include/qt5/QtGui/QPaintEvent:1,
                 from LDesktopBackground.cpp:10:
/usr/include/qt5/QtGui/qevent.h:219:16: note: declared here
  219 |     inline int delta() const  { return qt4D; }
      |                ^~~~~
In file included from panel-plugins/taskmanager/LTaskManagerPlugin.h:23,
                 from panel-plugins/NewPP.h:23,
                 from LPanel.h:24,
                 from LDesktop.h:29,
                 from LSession.h:30,
                 from LDesktopBackground.cpp:13:
panel-plugins/taskmanager/LTaskButton.h: In member function ‘virtual void LTaskButton::changeEvent(QEvent*)’:
panel-plugins/taskmanager/LTaskButton.h:76:37: warning: ‘int qrand()’ is deprecated: use QRandomGenerator instead [-Wdeprecated-declarations]
   76 |             QTimer::singleShot(qrand()%100+500, this, SLOT(UpdateButton()) );
      |                                ~~~~~^~
In file included from /usr/include/qt5/QtCore/qchar.h:43,
                 from /usr/include/qt5/QtCore/qstring.h:49,
                 from /usr/include/qt5/QtCore/QString:1,
                 from LDesktopBackground.h:10,
                 from LDesktopBackground.cpp:7:
/usr/include/qt5/QtCore/qglobal.h:1274:80: note: declared here
 1274 | Q_CORE_EXPORT QT_DEPRECATED_VERSION_X_5_15("use QRandomGenerator instead") int qrand();
      |                                                                                ^~~~~
In file included from LDesktop.h:32,
                 from LSession.h:30,
                 from LDesktopBackground.cpp:13:
LDesktopPluginSpace.h: In member function ‘void LDesktopPluginSpace::RemoveItem(QString)’:
LDesktopPluginSpace.h:184:77: warning: ‘static bool QProcess::startDetached(const QString&)’ is deprecated: Use QProcess::startDetached(const QString &program, const QStringList &arguments) instead [-Wdeprecated-declarations]
  184 |               if(!info.isSymLink() && info.isDir()){ QProcess::startDetached("rm -r \""+info.absoluteFilePath()+"\""); }
      |                                                      ~~~~~~~~~~~~~~~~~~~~~~~^~~~~~~~~~~~~~~~~~~~~~~~~~~~~~~~~~~~~~~~~
In file included from /usr/include/qt5/QtCore/QProcess:1,
                 from ../libLumina/LUtils.h:11,
                 from Globals.h:10,
                 from LSession.h:26,
                 from LDesktopBackground.cpp:13:
/usr/include/qt5/QtCore/qprocess.h:280:17: note: declared here
  280 |     static bool startDetached(const QString &command);
      |                 ^~~~~~~~~~~~~
In file included from LDesktopPluginSpace.cpp:7:
LDesktopPluginSpace.h: In member function ‘void LDesktopPluginSpace::RemoveItem(QString)’:
LDesktopPluginSpace.h:184:77: warning: ‘static bool QProcess::startDetached(const QString&)’ is deprecated: Use QProcess::startDetached(const QString &program, const QStringList &arguments) instead [-Wdeprecated-declarations]
  184 |               if(!info.isSymLink() && info.isDir()){ QProcess::startDetached("rm -r \""+info.absoluteFilePath()+"\""); }
      |                                                      ~~~~~~~~~~~~~~~~~~~~~~~^~~~~~~~~~~~~~~~~~~~~~~~~~~~~~~~~~~~~~~~~
In file included from /usr/include/qt5/QtCore/QProcess:1,
                 from LDesktopPluginSpace.h:20,
                 from LDesktopPluginSpace.cpp:7:
/usr/include/qt5/QtCore/qprocess.h:280:17: note: declared here
  280 |     static bool startDetached(const QString &command);
      |                 ^~~~~~~~~~~~~
g++ -c -pipe -O2 -flto=auto -ffat-lto-objects -fexceptions -g -grecord-gcc-switches -pipe -Wall -Werror=format-security -Wp,-D_FORTIFY_SOURCE=2 -Wp,-D_GLIBCXX_ASSERTIONS -specs=/usr/lib/rpm/redhat/redhat-hardened-cc1 -fstack-protector-strong -specs=/usr/lib/rpm/redhat/redhat-annobin-cc1 -m64 -mtune=generic -fasynchronous-unwind-tables -fstack-clash-protection -fcf-protection -std=gnu++11 -Wall -Wextra -D_REENTRANT -fPIC -DPREFIX=QString\(\"/usr\"\) -DL_ETCDIR=QString\(\"/etc\"\) -DL_SHAREDIR=QString\(\"/usr/share\"\) -DGIT_VERSION="\"a88ea52f\"" -DLTHEMEENGINE_DATADIR=\"/usr/share\" -DQT_NO_DEBUG -DQT_PLUGIN -DQT_SVG_LIB -DQT_WIDGETS_LIB -DQT_X11EXTRAS_LIB -DQT_MULTIMEDIA_LIB -DQT_THEME_SUPPORT_LIB -DQT_GUI_LIB -DQT_NETWORK_LIB -DQT_CONCURRENT_LIB -DQT_DBUS_LIB -DQT_CORE_LIB -I. -I../../../libLumina -I/usr/include/qt5 -I/usr -I/usr/include -I/home/q5sys/git/lumina/src-qt5/core/lumina-theme-engine/src/lthemeengine-qtplugin -I.. -I/usr/include/qt5/QtSvg -I/usr/include/qt5/QtWidgets -I/usr/include/qt5/QtX11Extras -I/usr/include/qt5/QtMultimedia -I/usr/include/qt5/QtThemeSupport -I/usr/include/qt5/QtThemeSupport/5.15.2 -I/usr/include/qt5/QtThemeSupport/5.15.2/QtThemeSupport -I/usr/include/qt5/QtGui/5.15.2 -I/usr/include/qt5/QtGui/5.15.2/QtGui -I/usr/include/qt5/QtGui -I/usr/include/qt5/QtNetwork -I/usr/include/qt5/QtConcurrent -I/usr/include/qt5/QtCore/5.15.2 -I/usr/include/qt5/QtCore/5.15.2/QtCore -I/usr/include/qt5/QtDBus -I/usr/include/qt5/QtCore -I.build/moc -I/usr/lib64/qt5/mkspecs/linux-g++ -o .build/obj/moc_LuminaXDG.o .build/moc/moc_LuminaXDG.cpp
In file included from panel-plugins/taskmanager/LTaskButton.h:26,
                 from panel-plugins/taskmanager/LTaskManagerPlugin.h:23,
                 from panel-plugins/NewPP.h:23,
                 from LPanel.h:24,
                 from LDesktop.h:29,
                 from LSession.h:30,
                 from LDesktopPluginSpace.cpp:8:
panel-plugins/taskmanager/../LTBWidget.h: In member function ‘virtual void LTBWidget::wheelEvent(QWheelEvent*)’:
panel-plugins/taskmanager/../LTBWidget.h:65:36: warning: ‘int QWheelEvent::delta() const’ is deprecated: Use angleDelta() [-Wdeprecated-declarations]
   65 |           int change = event->delta()/120; // 1/15th of a rotation (delta/120) is usually one "click" of the wheel
      |                        ~~~~~~~~~~~~^~
In file included from /usr/include/qt5/QtGui/QDropEvent:1,
                 from LDesktopPluginSpace.h:11,
                 from LDesktopPluginSpace.cpp:7:
/usr/include/qt5/QtGui/qevent.h:219:16: note: declared here
  219 |     inline int delta() const  { return qt4D; }
      |                ^~~~~
In file included from panel-plugins/taskmanager/LTaskManagerPlugin.h:23,
                 from panel-plugins/NewPP.h:23,
                 from LPanel.h:24,
                 from LDesktop.h:29,
                 from LSession.h:30,
                 from LDesktopPluginSpace.cpp:8:
panel-plugins/taskmanager/LTaskButton.h: In member function ‘virtual void LTaskButton::changeEvent(QEvent*)’:
panel-plugins/taskmanager/LTaskButton.h:76:37: warning: ‘int qrand()’ is deprecated: use QRandomGenerator instead [-Wdeprecated-declarations]
   76 |             QTimer::singleShot(qrand()%100+500, this, SLOT(UpdateButton()) );
      |                                ~~~~~^~
In file included from /usr/include/qt5/QtGui/qtguiglobal.h:43,
                 from /usr/include/qt5/QtWidgets/qtwidgetsglobal.h:43,
                 from /usr/include/qt5/QtWidgets/qlistwidget.h:43,
                 from /usr/include/qt5/QtWidgets/QListWidget:1,
                 from LDesktopPluginSpace.h:10,
                 from LDesktopPluginSpace.cpp:7:
/usr/include/qt5/QtCore/qglobal.h:1274:80: note: declared here
 1274 | Q_CORE_EXPORT QT_DEPRECATED_VERSION_X_5_15("use QRandomGenerator instead") int qrand();
      |                                                                                ^~~~~
In file included from ./global-includes.h:72,
                 from src-screensaver/LScreenSaver.h:10,
                 from LSession.h:33,
                 from LDesktopBackground.cpp:13:
../libLumina/ExternalProcess.h: In static member function ‘static void ExternalProcess::launch(QString, QStringList, bool)’:
../libLumina/ExternalProcess.h:84:41: warning: ‘void QProcess::start(const QString&, QIODevice::OpenMode)’ is deprecated: Use QProcess::start(const QString &program, const QStringList &arguments,OpenMode mode = ReadWrite) instead [-Wdeprecated-declarations]
   84 |           if(args.isEmpty()){ tmp->start(program); }
      |                               ~~~~~~~~~~^~~~~~~~~
In file included from /usr/include/qt5/QtCore/QProcess:1,
                 from ../libLumina/LUtils.h:11,
                 from Globals.h:10,
                 from LSession.h:26,
                 from LDesktopBackground.cpp:13:
/usr/include/qt5/QtCore/qprocess.h:168:10: note: declared here
  168 |     void start(const QString &command, OpenMode mode = ReadWrite);
      |          ^~~~~
g++ -c -pipe -O2 -flto=auto -ffat-lto-objects -fexceptions -g -grecord-gcc-switches -pipe -Wall -Werror=format-security -Wp,-D_FORTIFY_SOURCE=2 -Wp,-D_GLIBCXX_ASSERTIONS -specs=/usr/lib/rpm/redhat/redhat-hardened-cc1 -fstack-protector-strong -specs=/usr/lib/rpm/redhat/redhat-annobin-cc1 -m64 -mtune=generic -fasynchronous-unwind-tables -fstack-clash-protection -fcf-protection -std=gnu++11 -Wall -Wextra -D_REENTRANT -fPIC -DPREFIX=QString\(\"/usr\"\) -DL_ETCDIR=QString\(\"/etc\"\) -DL_SHAREDIR=QString\(\"/usr/share\"\) -DGIT_VERSION="\"a88ea52f\"" -DQT_NO_DEBUG -DQT_MULTIMEDIAWIDGETS_LIB -DQT_SVG_LIB -DQT_WIDGETS_LIB -DQT_X11EXTRAS_LIB -DQT_MULTIMEDIA_LIB -DQT_QUICK_LIB -DQT_GUI_LIB -DQT_QMLMODELS_LIB -DQT_QML_LIB -DQT_NETWORK_LIB -DQT_CONCURRENT_LIB -DQT_CORE_LIB -I. -I../libLumina -I/usr/include/qt5 -I/usr -I/usr/include -I/home/q5sys/git/lumina/src-qt5/core/lumina-desktop -I../../src-cpp -Isrc-screensaver -I/usr/include/qt5/QtMultimediaWidgets -I/usr/include/qt5/QtSvg -I/usr/include/qt5/QtWidgets -I/usr/include/qt5/QtX11Extras -I/usr/include/qt5/QtMultimedia -I/usr/include/qt5/QtQuick -I/usr/include/qt5/QtGui -I/usr/include/qt5/QtQmlModels -I/usr/include/qt5/QtQml -I/usr/include/qt5/QtNetwork -I/usr/include/qt5/QtConcurrent -I/usr/include/qt5/QtCore -I.build/moc -I.build/ui -I/usr/lib64/qt5/mkspecs/linux-g++ -o .build/obj/LPanel.o LPanel.cpp
In file included from ./global-includes.h:72,
                 from src-screensaver/LScreenSaver.h:10,
                 from LSession.h:33,
                 from LDesktopPluginSpace.cpp:8:
../libLumina/ExternalProcess.h: In static member function ‘static void ExternalProcess::launch(QString, QStringList, bool)’:
../libLumina/ExternalProcess.h:84:41: warning: ‘void QProcess::start(const QString&, QIODevice::OpenMode)’ is deprecated: Use QProcess::start(const QString &program, const QStringList &arguments,OpenMode mode = ReadWrite) instead [-Wdeprecated-declarations]
   84 |           if(args.isEmpty()){ tmp->start(program); }
      |                               ~~~~~~~~~~^~~~~~~~~
In file included from /usr/include/qt5/QtCore/QProcess:1,
                 from LDesktopPluginSpace.h:20,
                 from LDesktopPluginSpace.cpp:7:
/usr/include/qt5/QtCore/qprocess.h:168:10: note: declared here
  168 |     void start(const QString &command, OpenMode mode = ReadWrite);
      |          ^~~~~
LDesktopPluginSpace.cpp: In member function ‘void LDesktopPluginSpace::UpdateGeom(int)’:
LDesktopPluginSpace.cpp:85:42: warning: unused parameter ‘oldgrid’ [-Wunused-parameter]
   85 | void LDesktopPluginSpace::UpdateGeom(int oldgrid){
      |                                      ~~~~^~~~~~~
g++ -c -pipe -O2 -flto=auto -ffat-lto-objects -fexceptions -g -grecord-gcc-switches -pipe -Wall -Werror=format-security -Wp,-D_FORTIFY_SOURCE=2 -Wp,-D_GLIBCXX_ASSERTIONS -specs=/usr/lib/rpm/redhat/redhat-hardened-cc1 -fstack-protector-strong -specs=/usr/lib/rpm/redhat/redhat-annobin-cc1 -m64 -mtune=generic -fasynchronous-unwind-tables -fstack-clash-protection -fcf-protection -std=gnu++11 -Wall -Wextra -D_REENTRANT -fPIC -DPREFIX=QString\(\"/usr\"\) -DL_ETCDIR=QString\(\"/etc\"\) -DL_SHAREDIR=QString\(\"/usr/share\"\) -DGIT_VERSION="\"a88ea52f\"" -DLTHEMEENGINE_DATADIR=\"/usr/share\" -DQT_NO_DEBUG -DQT_PLUGIN -DQT_SVG_LIB -DQT_WIDGETS_LIB -DQT_X11EXTRAS_LIB -DQT_MULTIMEDIA_LIB -DQT_THEME_SUPPORT_LIB -DQT_GUI_LIB -DQT_NETWORK_LIB -DQT_CONCURRENT_LIB -DQT_DBUS_LIB -DQT_CORE_LIB -I. -I../../../libLumina -I/usr/include/qt5 -I/usr -I/usr/include -I/home/q5sys/git/lumina/src-qt5/core/lumina-theme-engine/src/lthemeengine-qtplugin -I.. -I/usr/include/qt5/QtSvg -I/usr/include/qt5/QtWidgets -I/usr/include/qt5/QtX11Extras -I/usr/include/qt5/QtMultimedia -I/usr/include/qt5/QtThemeSupport -I/usr/include/qt5/QtThemeSupport/5.15.2 -I/usr/include/qt5/QtThemeSupport/5.15.2/QtThemeSupport -I/usr/include/qt5/QtGui/5.15.2 -I/usr/include/qt5/QtGui/5.15.2/QtGui -I/usr/include/qt5/QtGui -I/usr/include/qt5/QtNetwork -I/usr/include/qt5/QtConcurrent -I/usr/include/qt5/QtCore/5.15.2 -I/usr/include/qt5/QtCore/5.15.2/QtCore -I/usr/include/qt5/QtDBus -I/usr/include/qt5/QtCore -I.build/moc -I/usr/lib64/qt5/mkspecs/linux-g++ -o .build/obj/moc_lthemeengineplatformtheme.o .build/moc/moc_lthemeengineplatformtheme.cpp
g++ -c -pipe -O2 -flto=auto -ffat-lto-objects -fexceptions -g -grecord-gcc-switches -pipe -Wall -Werror=format-security -Wp,-D_FORTIFY_SOURCE=2 -Wp,-D_GLIBCXX_ASSERTIONS -specs=/usr/lib/rpm/redhat/redhat-hardened-cc1 -fstack-protector-strong -specs=/usr/lib/rpm/redhat/redhat-annobin-cc1 -m64 -mtune=generic -fasynchronous-unwind-tables -fstack-clash-protection -fcf-protection -std=gnu++11 -Wall -Wextra -D_REENTRANT -fPIC -DPREFIX=QString\(\"/usr\"\) -DL_ETCDIR=QString\(\"/etc\"\) -DL_SHAREDIR=QString\(\"/usr/share\"\) -DGIT_VERSION="\"a88ea52f\"" -DQT_NO_DEBUG -DQT_MULTIMEDIAWIDGETS_LIB -DQT_SVG_LIB -DQT_WIDGETS_LIB -DQT_X11EXTRAS_LIB -DQT_MULTIMEDIA_LIB -DQT_QUICK_LIB -DQT_GUI_LIB -DQT_QMLMODELS_LIB -DQT_QML_LIB -DQT_NETWORK_LIB -DQT_CONCURRENT_LIB -DQT_CORE_LIB -I. -I../libLumina -I/usr/include/qt5 -I/usr -I/usr/include -I/home/q5sys/git/lumina/src-qt5/core/lumina-desktop -I../../src-cpp -Isrc-screensaver -I/usr/include/qt5/QtMultimediaWidgets -I/usr/include/qt5/QtSvg -I/usr/include/qt5/QtWidgets -I/usr/include/qt5/QtX11Extras -I/usr/include/qt5/QtMultimedia -I/usr/include/qt5/QtQuick -I/usr/include/qt5/QtGui -I/usr/include/qt5/QtQmlModels -I/usr/include/qt5/QtQml -I/usr/include/qt5/QtNetwork -I/usr/include/qt5/QtConcurrent -I/usr/include/qt5/QtCore -I.build/moc -I.build/ui -I/usr/lib64/qt5/mkspecs/linux-g++ -o .build/obj/LWinInfo.o LWinInfo.cpp
In file included from panel-plugins/taskmanager/LTaskButton.h:26,
                 from panel-plugins/taskmanager/LTaskManagerPlugin.h:23,
                 from panel-plugins/NewPP.h:23,
                 from LPanel.h:24,
                 from LPanel.cpp:7:
panel-plugins/taskmanager/../LTBWidget.h: In member function ‘virtual void LTBWidget::wheelEvent(QWheelEvent*)’:
panel-plugins/taskmanager/../LTBWidget.h:65:36: warning: ‘int QWheelEvent::delta() const’ is deprecated: Use angleDelta() [-Wdeprecated-declarations]
   65 |           int change = event->delta()/120; // 1/15th of a rotation (delta/120) is usually one "click" of the wheel
      |                        ~~~~~~~~~~~~^~
In file included from /usr/include/qt5/QtGui/QMoveEvent:1,
                 from LPanel.h:19,
                 from LPanel.cpp:7:
/usr/include/qt5/QtGui/qevent.h:219:16: note: declared here
  219 |     inline int delta() const  { return qt4D; }
      |                ^~~~~
In file included from panel-plugins/taskmanager/LTaskManagerPlugin.h:23,
                 from panel-plugins/NewPP.h:23,
                 from LPanel.h:24,
                 from LPanel.cpp:7:
panel-plugins/taskmanager/LTaskButton.h: In member function ‘virtual void LTaskButton::changeEvent(QEvent*)’:
panel-plugins/taskmanager/LTaskButton.h:76:37: warning: ‘int qrand()’ is deprecated: use QRandomGenerator instead [-Wdeprecated-declarations]
   76 |             QTimer::singleShot(qrand()%100+500, this, SLOT(UpdateButton()) );
      |                                ~~~~~^~
In file included from /usr/include/qt5/QtGui/qtguiglobal.h:43,
                 from /usr/include/qt5/QtWidgets/qtwidgetsglobal.h:43,
                 from /usr/include/qt5/QtWidgets/qwidget.h:43,
                 from /usr/include/qt5/QtWidgets/QWidget:1,
                 from LPanel.h:13,
                 from LPanel.cpp:7:
/usr/include/qt5/QtCore/qglobal.h:1274:80: note: declared here
 1274 | Q_CORE_EXPORT QT_DEPRECATED_VERSION_X_5_15("use QRandomGenerator instead") int qrand();
      |                                                                                ^~~~~
In file included from LDesktop.h:32,
                 from LSession.h:30,
                 from LPanel.cpp:8:
LDesktopPluginSpace.h: In member function ‘void LDesktopPluginSpace::RemoveItem(QString)’:
LDesktopPluginSpace.h:184:77: warning: ‘static bool QProcess::startDetached(const QString&)’ is deprecated: Use QProcess::startDetached(const QString &program, const QStringList &arguments) instead [-Wdeprecated-declarations]
  184 |               if(!info.isSymLink() && info.isDir()){ QProcess::startDetached("rm -r \""+info.absoluteFilePath()+"\""); }
      |                                                      ~~~~~~~~~~~~~~~~~~~~~~~^~~~~~~~~~~~~~~~~~~~~~~~~~~~~~~~~~~~~~~~~
In file included from /usr/include/qt5/QtCore/QProcess:1,
                 from ../libLumina/LuminaOS.h:17,
                 from panel-plugins/userbutton/UserWidget.h:24,
                 from panel-plugins/userbutton/LUserButton.h:28,
                 from panel-plugins/NewPP.h:16,
                 from LPanel.h:24,
                 from LPanel.cpp:7:
/usr/include/qt5/QtCore/qprocess.h:280:17: note: declared here
  280 |     static bool startDetached(const QString &command);
      |                 ^~~~~~~~~~~~~
g++ -c -pipe -O2 -flto=auto -ffat-lto-objects -fexceptions -g -grecord-gcc-switches -pipe -Wall -Werror=format-security -Wp,-D_FORTIFY_SOURCE=2 -Wp,-D_GLIBCXX_ASSERTIONS -specs=/usr/lib/rpm/redhat/redhat-hardened-cc1 -fstack-protector-strong -specs=/usr/lib/rpm/redhat/redhat-annobin-cc1 -m64 -mtune=generic -fasynchronous-unwind-tables -fstack-clash-protection -fcf-protection -std=gnu++11 -Wall -Wextra -D_REENTRANT -fPIC -DPREFIX=QString\(\"/usr\"\) -DL_ETCDIR=QString\(\"/etc\"\) -DL_SHAREDIR=QString\(\"/usr/share\"\) -DGIT_VERSION="\"a88ea52f\"" -DLTHEMEENGINE_DATADIR=\"/usr/share\" -DQT_NO_DEBUG -DQT_PLUGIN -DQT_SVG_LIB -DQT_WIDGETS_LIB -DQT_X11EXTRAS_LIB -DQT_MULTIMEDIA_LIB -DQT_THEME_SUPPORT_LIB -DQT_GUI_LIB -DQT_NETWORK_LIB -DQT_CONCURRENT_LIB -DQT_DBUS_LIB -DQT_CORE_LIB -I. -I../../../libLumina -I/usr/include/qt5 -I/usr -I/usr/include -I/home/q5sys/git/lumina/src-qt5/core/lumina-theme-engine/src/lthemeengine-qtplugin -I.. -I/usr/include/qt5/QtSvg -I/usr/include/qt5/QtWidgets -I/usr/include/qt5/QtX11Extras -I/usr/include/qt5/QtMultimedia -I/usr/include/qt5/QtThemeSupport -I/usr/include/qt5/QtThemeSupport/5.15.2 -I/usr/include/qt5/QtThemeSupport/5.15.2/QtThemeSupport -I/usr/include/qt5/QtGui/5.15.2 -I/usr/include/qt5/QtGui/5.15.2/QtGui -I/usr/include/qt5/QtGui -I/usr/include/qt5/QtNetwork -I/usr/include/qt5/QtConcurrent -I/usr/include/qt5/QtCore/5.15.2 -I/usr/include/qt5/QtCore/5.15.2/QtCore -I/usr/include/qt5/QtDBus -I/usr/include/qt5/QtCore -I.build/moc -I/usr/lib64/qt5/mkspecs/linux-g++ -o .build/obj/main.o main.cpp
In file included from panel-plugins/taskmanager/LTaskButton.h:26,
                 from panel-plugins/taskmanager/LTaskManagerPlugin.h:23,
                 from panel-plugins/NewPP.h:23,
                 from LPanel.h:24,
                 from LDesktop.h:29,
                 from LSession.h:30,
                 from LWinInfo.cpp:11:
panel-plugins/taskmanager/../LTBWidget.h: In member function ‘virtual void LTBWidget::wheelEvent(QWheelEvent*)’:
panel-plugins/taskmanager/../LTBWidget.h:65:36: warning: ‘int QWheelEvent::delta() const’ is deprecated: Use angleDelta() [-Wdeprecated-declarations]
   65 |           int change = event->delta()/120; // 1/15th of a rotation (delta/120) is usually one "click" of the wheel
      |                        ~~~~~~~~~~~~^~
In file included from /usr/include/qt5/QtGui/QMoveEvent:1,
                 from LPanel.h:19,
                 from LDesktop.h:29,
                 from LSession.h:30,
                 from LWinInfo.cpp:11:
/usr/include/qt5/QtGui/qevent.h:219:16: note: declared here
  219 |     inline int delta() const  { return qt4D; }
      |                ^~~~~
In file included from panel-plugins/taskmanager/LTaskManagerPlugin.h:23,
                 from panel-plugins/NewPP.h:23,
                 from LPanel.h:24,
                 from LDesktop.h:29,
                 from LSession.h:30,
                 from LWinInfo.cpp:11:
panel-plugins/taskmanager/LTaskButton.h: In member function ‘virtual void LTaskButton::changeEvent(QEvent*)’:
panel-plugins/taskmanager/LTaskButton.h:76:37: warning: ‘int qrand()’ is deprecated: use QRandomGenerator instead [-Wdeprecated-declarations]
   76 |             QTimer::singleShot(qrand()%100+500, this, SLOT(UpdateButton()) );
      |                                ~~~~~^~
In file included from /usr/include/qt5/QtCore/qchar.h:43,
                 from /usr/include/qt5/QtCore/qstring.h:49,
                 from /usr/include/qt5/QtCore/QString:1,
                 from LWinInfo.h:11,
                 from LWinInfo.cpp:7:
/usr/include/qt5/QtCore/qglobal.h:1274:80: note: declared here
 1274 | Q_CORE_EXPORT QT_DEPRECATED_VERSION_X_5_15("use QRandomGenerator instead") int qrand();
      |                                                                                ^~~~~
In file included from LDesktop.h:32,
                 from LSession.h:30,
                 from LWinInfo.cpp:11:
LDesktopPluginSpace.h: In member function ‘void LDesktopPluginSpace::RemoveItem(QString)’:
LDesktopPluginSpace.h:184:77: warning: ‘static bool QProcess::startDetached(const QString&)’ is deprecated: Use QProcess::startDetached(const QString &program, const QStringList &arguments) instead [-Wdeprecated-declarations]
  184 |               if(!info.isSymLink() && info.isDir()){ QProcess::startDetached("rm -r \""+info.absoluteFilePath()+"\""); }
      |                                                      ~~~~~~~~~~~~~~~~~~~~~~~^~~~~~~~~~~~~~~~~~~~~~~~~~~~~~~~~~~~~~~~~
In file included from /usr/include/qt5/QtCore/QProcess:1,
                 from ../libLumina/LUtils.h:11,
                 from Globals.h:10,
                 from LSession.h:26,
                 from LWinInfo.cpp:11:
/usr/include/qt5/QtCore/qprocess.h:280:17: note: declared here
  280 |     static bool startDetached(const QString &command);
      |                 ^~~~~~~~~~~~~
In file included from ./global-includes.h:72,
                 from src-screensaver/LScreenSaver.h:10,
                 from LSession.h:33,
                 from LPanel.cpp:8:
../libLumina/ExternalProcess.h: In static member function ‘static void ExternalProcess::launch(QString, QStringList, bool)’:
../libLumina/ExternalProcess.h:84:41: warning: ‘void QProcess::start(const QString&, QIODevice::OpenMode)’ is deprecated: Use QProcess::start(const QString &program, const QStringList &arguments,OpenMode mode = ReadWrite) instead [-Wdeprecated-declarations]
   84 |           if(args.isEmpty()){ tmp->start(program); }
      |                               ~~~~~~~~~~^~~~~~~~~
In file included from /usr/include/qt5/QtCore/QProcess:1,
                 from ../libLumina/LuminaOS.h:17,
                 from panel-plugins/userbutton/UserWidget.h:24,
                 from panel-plugins/userbutton/LUserButton.h:28,
                 from panel-plugins/NewPP.h:16,
                 from LPanel.h:24,
                 from LPanel.cpp:7:
/usr/include/qt5/QtCore/qprocess.h:168:10: note: declared here
  168 |     void start(const QString &command, OpenMode mode = ReadWrite);
      |          ^~~~~
g++ -c -pipe -O2 -flto=auto -ffat-lto-objects -fexceptions -g -grecord-gcc-switches -pipe -Wall -Werror=format-security -Wp,-D_FORTIFY_SOURCE=2 -Wp,-D_GLIBCXX_ASSERTIONS -specs=/usr/lib/rpm/redhat/redhat-hardened-cc1 -fstack-protector-strong -specs=/usr/lib/rpm/redhat/redhat-annobin-cc1 -m64 -mtune=generic -fasynchronous-unwind-tables -fstack-clash-protection -fcf-protection -std=gnu++11 -Wall -Wextra -D_REENTRANT -fPIC -DPREFIX=QString\(\"/usr\"\) -DL_ETCDIR=QString\(\"/etc\"\) -DL_SHAREDIR=QString\(\"/usr/share\"\) -DGIT_VERSION="\"a88ea52f\"" -DQT_NO_DEBUG -DQT_MULTIMEDIAWIDGETS_LIB -DQT_SVG_LIB -DQT_WIDGETS_LIB -DQT_X11EXTRAS_LIB -DQT_MULTIMEDIA_LIB -DQT_QUICK_LIB -DQT_GUI_LIB -DQT_QMLMODELS_LIB -DQT_QML_LIB -DQT_NETWORK_LIB -DQT_CONCURRENT_LIB -DQT_CORE_LIB -I. -I../libLumina -I/usr/include/qt5 -I/usr -I/usr/include -I/home/q5sys/git/lumina/src-qt5/core/lumina-desktop -I../../src-cpp -Isrc-screensaver -I/usr/include/qt5/QtMultimediaWidgets -I/usr/include/qt5/QtSvg -I/usr/include/qt5/QtWidgets -I/usr/include/qt5/QtX11Extras -I/usr/include/qt5/QtMultimedia -I/usr/include/qt5/QtQuick -I/usr/include/qt5/QtGui -I/usr/include/qt5/QtQmlModels -I/usr/include/qt5/QtQml -I/usr/include/qt5/QtNetwork -I/usr/include/qt5/QtConcurrent -I/usr/include/qt5/QtCore -I.build/moc -I.build/ui -I/usr/lib64/qt5/mkspecs/linux-g++ -o .build/obj/AppMenu.o AppMenu.cpp
In file included from ./global-includes.h:72,
                 from src-screensaver/LScreenSaver.h:10,
                 from LSession.h:33,
                 from LWinInfo.cpp:11:
../libLumina/ExternalProcess.h: In static member function ‘static void ExternalProcess::launch(QString, QStringList, bool)’:
../libLumina/ExternalProcess.h:84:41: warning: ‘void QProcess::start(const QString&, QIODevice::OpenMode)’ is deprecated: Use QProcess::start(const QString &program, const QStringList &arguments,OpenMode mode = ReadWrite) instead [-Wdeprecated-declarations]
   84 |           if(args.isEmpty()){ tmp->start(program); }
      |                               ~~~~~~~~~~^~~~~~~~~
In file included from /usr/include/qt5/QtCore/QProcess:1,
                 from ../libLumina/LUtils.h:11,
                 from Globals.h:10,
                 from LSession.h:26,
                 from LWinInfo.cpp:11:
/usr/include/qt5/QtCore/qprocess.h:168:10: note: declared here
  168 |     void start(const QString &command, OpenMode mode = ReadWrite);
      |          ^~~~~
rm -f liblthemeengine.so
g++ -Wl,--as-needed -Wl,-z,relro -Wl,--as-needed -Wl,-z,now -specs=/usr/lib/rpm/redhat/redhat-hardened-ld -shared -o liblthemeengine.so .build/obj/LDesktopUtils.o .build/obj/LuminaOS-Linux.o .build/obj/LUtils.o .build/obj/LuminaThemes.o .build/obj/LuminaXDG.o .build/obj/LFileInfo.o .build/obj/main.o .build/obj/lthemeengineplatformtheme.o .build/obj/lthemeengine.o .build/obj/moc_LuminaThemes.o .build/obj/moc_LuminaXDG.o .build/obj/moc_lthemeengineplatformtheme.o  -L/home/q5sys/git/lumina/src-qt5/core/libLumina -L/usr/lib64 -L/usr/lib64/qt5 -L/usr/local/lib -L/usr/lib -L/lib -lXcursor /usr/lib64/libQt5Svg.so /usr/lib64/libQt5Widgets.so /usr/lib64/libQt5X11Extras.so /usr/lib64/libQt5Multimedia.so /usr/lib64/libQt5ThemeSupport.a /usr/lib64/libQt5Gui.so /usr/lib64/libQt5Network.so /usr/lib64/libQt5Concurrent.so /usr/lib64/libQt5DBus.so /usr/lib64/libQt5Core.so -lGL -lpthread    
g++ -c -pipe -O2 -flto=auto -ffat-lto-objects -fexceptions -g -grecord-gcc-switches -pipe -Wall -Werror=format-security -Wp,-D_FORTIFY_SOURCE=2 -Wp,-D_GLIBCXX_ASSERTIONS -specs=/usr/lib/rpm/redhat/redhat-hardened-cc1 -fstack-protector-strong -specs=/usr/lib/rpm/redhat/redhat-annobin-cc1 -m64 -mtune=generic -fasynchronous-unwind-tables -fstack-clash-protection -fcf-protection -std=gnu++11 -Wall -Wextra -D_REENTRANT -fPIC -DPREFIX=QString\(\"/usr\"\) -DL_ETCDIR=QString\(\"/etc\"\) -DL_SHAREDIR=QString\(\"/usr/share\"\) -DGIT_VERSION="\"a88ea52f\"" -DQT_NO_DEBUG -DQT_MULTIMEDIAWIDGETS_LIB -DQT_SVG_LIB -DQT_WIDGETS_LIB -DQT_X11EXTRAS_LIB -DQT_MULTIMEDIA_LIB -DQT_QUICK_LIB -DQT_GUI_LIB -DQT_QMLMODELS_LIB -DQT_QML_LIB -DQT_NETWORK_LIB -DQT_CONCURRENT_LIB -DQT_CORE_LIB -I. -I../libLumina -I/usr/include/qt5 -I/usr -I/usr/include -I/home/q5sys/git/lumina/src-qt5/core/lumina-desktop -I../../src-cpp -Isrc-screensaver -I/usr/include/qt5/QtMultimediaWidgets -I/usr/include/qt5/QtSvg -I/usr/include/qt5/QtWidgets -I/usr/include/qt5/QtX11Extras -I/usr/include/qt5/QtMultimedia -I/usr/include/qt5/QtQuick -I/usr/include/qt5/QtGui -I/usr/include/qt5/QtQmlModels -I/usr/include/qt5/QtQml -I/usr/include/qt5/QtNetwork -I/usr/include/qt5/QtConcurrent -I/usr/include/qt5/QtCore -I.build/moc -I.build/ui -I/usr/lib64/qt5/mkspecs/linux-g++ -o .build/obj/SettingsMenu.o SettingsMenu.cpp
In file included from panel-plugins/taskmanager/LTaskButton.h:26,
                 from panel-plugins/taskmanager/LTaskManagerPlugin.h:23,
                 from panel-plugins/NewPP.h:23,
                 from LPanel.h:24,
                 from LDesktop.h:29,
                 from LSession.h:30,
                 from AppMenu.cpp:8:
panel-plugins/taskmanager/../LTBWidget.h: In member function ‘virtual void LTBWidget::wheelEvent(QWheelEvent*)’:
panel-plugins/taskmanager/../LTBWidget.h:65:36: warning: ‘int QWheelEvent::delta() const’ is deprecated: Use angleDelta() [-Wdeprecated-declarations]
   65 |           int change = event->delta()/120; // 1/15th of a rotation (delta/120) is usually one "click" of the wheel
      |                        ~~~~~~~~~~~~^~
In file included from /usr/include/qt5/QtGui/QMoveEvent:1,
                 from LPanel.h:19,
                 from LDesktop.h:29,
                 from LSession.h:30,
                 from AppMenu.cpp:8:
/usr/include/qt5/QtGui/qevent.h:219:16: note: declared here
  219 |     inline int delta() const  { return qt4D; }
      |                ^~~~~
In file included from panel-plugins/taskmanager/LTaskManagerPlugin.h:23,
                 from panel-plugins/NewPP.h:23,
                 from LPanel.h:24,
                 from LDesktop.h:29,
                 from LSession.h:30,
                 from AppMenu.cpp:8:
panel-plugins/taskmanager/LTaskButton.h: In member function ‘virtual void LTaskButton::changeEvent(QEvent*)’:
panel-plugins/taskmanager/LTaskButton.h:76:37: warning: ‘int qrand()’ is deprecated: use QRandomGenerator instead [-Wdeprecated-declarations]
   76 |             QTimer::singleShot(qrand()%100+500, this, SLOT(UpdateButton()) );
      |                                ~~~~~^~
In file included from /usr/include/qt5/QtGui/qtguiglobal.h:43,
                 from /usr/include/qt5/QtWidgets/qtwidgetsglobal.h:43,
                 from /usr/include/qt5/QtWidgets/qmenu.h:43,
                 from /usr/include/qt5/QtWidgets/QMenu:1,
                 from AppMenu.h:14,
                 from AppMenu.cpp:7:
/usr/include/qt5/QtCore/qglobal.h:1274:80: note: declared here
 1274 | Q_CORE_EXPORT QT_DEPRECATED_VERSION_X_5_15("use QRandomGenerator instead") int qrand();
      |                                                                                ^~~~~
In file included from LDesktop.h:32,
                 from LSession.h:30,
                 from AppMenu.cpp:8:
LDesktopPluginSpace.h: In member function ‘void LDesktopPluginSpace::RemoveItem(QString)’:
LDesktopPluginSpace.h:184:77: warning: ‘static bool QProcess::startDetached(const QString&)’ is deprecated: Use QProcess::startDetached(const QString &program, const QStringList &arguments) instead [-Wdeprecated-declarations]
  184 |               if(!info.isSymLink() && info.isDir()){ QProcess::startDetached("rm -r \""+info.absoluteFilePath()+"\""); }
      |                                                      ~~~~~~~~~~~~~~~~~~~~~~~^~~~~~~~~~~~~~~~~~~~~~~~~~~~~~~~~~~~~~~~~
In file included from /usr/include/qt5/QtCore/QProcess:1,
                 from ../libLumina/LUtils.h:11,
                 from Globals.h:10,
                 from LSession.h:26,
                 from AppMenu.cpp:8:
/usr/include/qt5/QtCore/qprocess.h:280:17: note: declared here
  280 |     static bool startDetached(const QString &command);
      |                 ^~~~~~~~~~~~~
g++ -c -pipe -O2 -flto=auto -ffat-lto-objects -fexceptions -g -grecord-gcc-switches -pipe -Wall -Werror=format-security -Wp,-D_FORTIFY_SOURCE=2 -Wp,-D_GLIBCXX_ASSERTIONS -specs=/usr/lib/rpm/redhat/redhat-hardened-cc1 -fstack-protector-strong -specs=/usr/lib/rpm/redhat/redhat-annobin-cc1 -m64 -mtune=generic -fasynchronous-unwind-tables -fstack-clash-protection -fcf-protection -std=gnu++11 -Wall -Wextra -D_REENTRANT -fPIC -DPREFIX=QString\(\"/usr\"\) -DL_ETCDIR=QString\(\"/etc\"\) -DL_SHAREDIR=QString\(\"/usr/share\"\) -DGIT_VERSION="\"a88ea52f\"" -DQT_NO_DEBUG -DQT_MULTIMEDIAWIDGETS_LIB -DQT_SVG_LIB -DQT_WIDGETS_LIB -DQT_X11EXTRAS_LIB -DQT_MULTIMEDIA_LIB -DQT_QUICK_LIB -DQT_GUI_LIB -DQT_QMLMODELS_LIB -DQT_QML_LIB -DQT_NETWORK_LIB -DQT_CONCURRENT_LIB -DQT_CORE_LIB -I. -I../libLumina -I/usr/include/qt5 -I/usr -I/usr/include -I/home/q5sys/git/lumina/src-qt5/core/lumina-desktop -I../../src-cpp -Isrc-screensaver -I/usr/include/qt5/QtMultimediaWidgets -I/usr/include/qt5/QtSvg -I/usr/include/qt5/QtWidgets -I/usr/include/qt5/QtX11Extras -I/usr/include/qt5/QtMultimedia -I/usr/include/qt5/QtQuick -I/usr/include/qt5/QtGui -I/usr/include/qt5/QtQmlModels -I/usr/include/qt5/QtQml -I/usr/include/qt5/QtNetwork -I/usr/include/qt5/QtConcurrent -I/usr/include/qt5/QtCore -I.build/moc -I.build/ui -I/usr/lib64/qt5/mkspecs/linux-g++ -o .build/obj/SystemWindow.o SystemWindow.cpp
In file included from ./global-includes.h:72,
                 from src-screensaver/LScreenSaver.h:10,
                 from LSession.h:33,
                 from AppMenu.cpp:8:
../libLumina/ExternalProcess.h: In static member function ‘static void ExternalProcess::launch(QString, QStringList, bool)’:
../libLumina/ExternalProcess.h:84:41: warning: ‘void QProcess::start(const QString&, QIODevice::OpenMode)’ is deprecated: Use QProcess::start(const QString &program, const QStringList &arguments,OpenMode mode = ReadWrite) instead [-Wdeprecated-declarations]
   84 |           if(args.isEmpty()){ tmp->start(program); }
      |                               ~~~~~~~~~~^~~~~~~~~
In file included from /usr/include/qt5/QtCore/QProcess:1,
                 from ../libLumina/LUtils.h:11,
                 from Globals.h:10,
                 from LSession.h:26,
                 from AppMenu.cpp:8:
/usr/include/qt5/QtCore/qprocess.h:168:10: note: declared here
  168 |     void start(const QString &command, OpenMode mode = ReadWrite);
      |          ^~~~~
In file included from panel-plugins/taskmanager/LTaskButton.h:26,
                 from panel-plugins/taskmanager/LTaskManagerPlugin.h:23,
                 from panel-plugins/NewPP.h:23,
                 from LPanel.h:24,
                 from LDesktop.h:29,
                 from LSession.h:30,
                 from SettingsMenu.cpp:8:
panel-plugins/taskmanager/../LTBWidget.h: In member function ‘virtual void LTBWidget::wheelEvent(QWheelEvent*)’:
panel-plugins/taskmanager/../LTBWidget.h:65:36: warning: ‘int QWheelEvent::delta() const’ is deprecated: Use angleDelta() [-Wdeprecated-declarations]
   65 |           int change = event->delta()/120; // 1/15th of a rotation (delta/120) is usually one "click" of the wheel
      |                        ~~~~~~~~~~~~^~
In file included from /usr/include/qt5/QtGui/QMoveEvent:1,
                 from LPanel.h:19,
                 from LDesktop.h:29,
                 from LSession.h:30,
                 from SettingsMenu.cpp:8:
/usr/include/qt5/QtGui/qevent.h:219:16: note: declared here
  219 |     inline int delta() const  { return qt4D; }
      |                ^~~~~
In file included from panel-plugins/taskmanager/LTaskManagerPlugin.h:23,
                 from panel-plugins/NewPP.h:23,
                 from LPanel.h:24,
                 from LDesktop.h:29,
                 from LSession.h:30,
                 from SettingsMenu.cpp:8:
panel-plugins/taskmanager/LTaskButton.h: In member function ‘virtual void LTaskButton::changeEvent(QEvent*)’:
panel-plugins/taskmanager/LTaskButton.h:76:37: warning: ‘int qrand()’ is deprecated: use QRandomGenerator instead [-Wdeprecated-declarations]
   76 |             QTimer::singleShot(qrand()%100+500, this, SLOT(UpdateButton()) );
      |                                ~~~~~^~
In file included from /usr/include/qt5/QtGui/qtguiglobal.h:43,
                 from /usr/include/qt5/QtWidgets/qtwidgetsglobal.h:43,
                 from /usr/include/qt5/QtWidgets/qmenu.h:43,
                 from /usr/include/qt5/QtWidgets/QMenu:1,
                 from SettingsMenu.h:10,
                 from SettingsMenu.cpp:7:
/usr/include/qt5/QtCore/qglobal.h:1274:80: note: declared here
 1274 | Q_CORE_EXPORT QT_DEPRECATED_VERSION_X_5_15("use QRandomGenerator instead") int qrand();
      |                                                                                ^~~~~
In file included from LDesktop.h:32,
                 from LSession.h:30,
                 from SettingsMenu.cpp:8:
LDesktopPluginSpace.h: In member function ‘void LDesktopPluginSpace::RemoveItem(QString)’:
LDesktopPluginSpace.h:184:77: warning: ‘static bool QProcess::startDetached(const QString&)’ is deprecated: Use QProcess::startDetached(const QString &program, const QStringList &arguments) instead [-Wdeprecated-declarations]
  184 |               if(!info.isSymLink() && info.isDir()){ QProcess::startDetached("rm -r \""+info.absoluteFilePath()+"\""); }
      |                                                      ~~~~~~~~~~~~~~~~~~~~~~~^~~~~~~~~~~~~~~~~~~~~~~~~~~~~~~~~~~~~~~~~
In file included from /usr/include/qt5/QtCore/QProcess:1,
                 from SettingsMenu.h:11,
                 from SettingsMenu.cpp:7:
/usr/include/qt5/QtCore/qprocess.h:280:17: note: declared here
  280 |     static bool startDetached(const QString &command);
      |                 ^~~~~~~~~~~~~
In file included from panel-plugins/taskmanager/LTaskButton.h:26,
                 from panel-plugins/taskmanager/LTaskManagerPlugin.h:23,
                 from panel-plugins/NewPP.h:23,
                 from LPanel.h:24,
                 from LDesktop.h:29,
                 from LSession.h:30,
                 from SystemWindow.cpp:4:
panel-plugins/taskmanager/../LTBWidget.h: In member function ‘virtual void LTBWidget::wheelEvent(QWheelEvent*)’:
panel-plugins/taskmanager/../LTBWidget.h:65:36: warning: ‘int QWheelEvent::delta() const’ is deprecated: Use angleDelta() [-Wdeprecated-declarations]
   65 |           int change = event->delta()/120; // 1/15th of a rotation (delta/120) is usually one "click" of the wheel
      |                        ~~~~~~~~~~~~^~
In file included from /usr/include/qt5/QtGui/QMoveEvent:1,
                 from LPanel.h:19,
                 from LDesktop.h:29,
                 from LSession.h:30,
                 from SystemWindow.cpp:4:
/usr/include/qt5/QtGui/qevent.h:219:16: note: declared here
  219 |     inline int delta() const  { return qt4D; }
      |                ^~~~~
In file included from panel-plugins/taskmanager/LTaskManagerPlugin.h:23,
                 from panel-plugins/NewPP.h:23,
                 from LPanel.h:24,
                 from LDesktop.h:29,
                 from LSession.h:30,
                 from SystemWindow.cpp:4:
panel-plugins/taskmanager/LTaskButton.h: In member function ‘virtual void LTaskButton::changeEvent(QEvent*)’:
panel-plugins/taskmanager/LTaskButton.h:76:37: warning: ‘int qrand()’ is deprecated: use QRandomGenerator instead [-Wdeprecated-declarations]
   76 |             QTimer::singleShot(qrand()%100+500, this, SLOT(UpdateButton()) );
      |                                ~~~~~^~
In file included from /usr/include/qt5/QtGui/qtguiglobal.h:43,
                 from /usr/include/qt5/QtWidgets/qtwidgetsglobal.h:43,
                 from /usr/include/qt5/QtWidgets/qdialog.h:43,
                 from /usr/include/qt5/QtWidgets/QDialog:1,
                 from SystemWindow.h:4,
                 from SystemWindow.cpp:1:
/usr/include/qt5/QtCore/qglobal.h:1274:80: note: declared here
 1274 | Q_CORE_EXPORT QT_DEPRECATED_VERSION_X_5_15("use QRandomGenerator instead") int qrand();
      |                                                                                ^~~~~
In file included from LDesktop.h:32,
                 from LSession.h:30,
                 from SystemWindow.cpp:4:
LDesktopPluginSpace.h: In member function ‘void LDesktopPluginSpace::RemoveItem(QString)’:
LDesktopPluginSpace.h:184:77: warning: ‘static bool QProcess::startDetached(const QString&)’ is deprecated: Use QProcess::startDetached(const QString &program, const QStringList &arguments) instead [-Wdeprecated-declarations]
  184 |               if(!info.isSymLink() && info.isDir()){ QProcess::startDetached("rm -r \""+info.absoluteFilePath()+"\""); }
      |                                                      ~~~~~~~~~~~~~~~~~~~~~~~^~~~~~~~~~~~~~~~~~~~~~~~~~~~~~~~~~~~~~~~~
In file included from /usr/include/qt5/QtCore/QProcess:1,
                 from ../libLumina/LUtils.h:11,
                 from Globals.h:10,
                 from LSession.h:26,
                 from SystemWindow.cpp:4:
/usr/include/qt5/QtCore/qprocess.h:280:17: note: declared here
  280 |     static bool startDetached(const QString &command);
      |                 ^~~~~~~~~~~~~
In file included from ./global-includes.h:72,
                 from src-screensaver/LScreenSaver.h:10,
                 from LSession.h:33,
                 from SettingsMenu.cpp:8:
../libLumina/ExternalProcess.h: In static member function ‘static void ExternalProcess::launch(QString, QStringList, bool)’:
../libLumina/ExternalProcess.h:84:41: warning: ‘void QProcess::start(const QString&, QIODevice::OpenMode)’ is deprecated: Use QProcess::start(const QString &program, const QStringList &arguments,OpenMode mode = ReadWrite) instead [-Wdeprecated-declarations]
   84 |           if(args.isEmpty()){ tmp->start(program); }
      |                               ~~~~~~~~~~^~~~~~~~~
In file included from /usr/include/qt5/QtCore/QProcess:1,
                 from SettingsMenu.h:11,
                 from SettingsMenu.cpp:7:
/usr/include/qt5/QtCore/qprocess.h:168:10: note: declared here
  168 |     void start(const QString &command, OpenMode mode = ReadWrite);
      |          ^~~~~
g++ -c -pipe -O2 -flto=auto -ffat-lto-objects -fexceptions -g -grecord-gcc-switches -pipe -Wall -Werror=format-security -Wp,-D_FORTIFY_SOURCE=2 -Wp,-D_GLIBCXX_ASSERTIONS -specs=/usr/lib/rpm/redhat/redhat-hardened-cc1 -fstack-protector-strong -specs=/usr/lib/rpm/redhat/redhat-annobin-cc1 -m64 -mtune=generic -fasynchronous-unwind-tables -fstack-clash-protection -fcf-protection -std=gnu++11 -Wall -Wextra -D_REENTRANT -fPIC -DPREFIX=QString\(\"/usr\"\) -DL_ETCDIR=QString\(\"/etc\"\) -DL_SHAREDIR=QString\(\"/usr/share\"\) -DGIT_VERSION="\"a88ea52f\"" -DQT_NO_DEBUG -DQT_MULTIMEDIAWIDGETS_LIB -DQT_SVG_LIB -DQT_WIDGETS_LIB -DQT_X11EXTRAS_LIB -DQT_MULTIMEDIA_LIB -DQT_QUICK_LIB -DQT_GUI_LIB -DQT_QMLMODELS_LIB -DQT_QML_LIB -DQT_NETWORK_LIB -DQT_CONCURRENT_LIB -DQT_CORE_LIB -I. -I../libLumina -I/usr/include/qt5 -I/usr -I/usr/include -I/home/q5sys/git/lumina/src-qt5/core/lumina-desktop -I../../src-cpp -Isrc-screensaver -I/usr/include/qt5/QtMultimediaWidgets -I/usr/include/qt5/QtSvg -I/usr/include/qt5/QtWidgets -I/usr/include/qt5/QtX11Extras -I/usr/include/qt5/QtMultimedia -I/usr/include/qt5/QtQuick -I/usr/include/qt5/QtGui -I/usr/include/qt5/QtQmlModels -I/usr/include/qt5/QtQml -I/usr/include/qt5/QtNetwork -I/usr/include/qt5/QtConcurrent -I/usr/include/qt5/QtCore -I.build/moc -I.build/ui -I/usr/lib64/qt5/mkspecs/linux-g++ -o .build/obj/BootSplash.o BootSplash.cpp
In file included from ./global-includes.h:72,
                 from src-screensaver/LScreenSaver.h:10,
                 from LSession.h:33,
                 from SystemWindow.cpp:4:
../libLumina/ExternalProcess.h: In static member function ‘static void ExternalProcess::launch(QString, QStringList, bool)’:
../libLumina/ExternalProcess.h:84:41: warning: ‘void QProcess::start(const QString&, QIODevice::OpenMode)’ is deprecated: Use QProcess::start(const QString &program, const QStringList &arguments,OpenMode mode = ReadWrite) instead [-Wdeprecated-declarations]
   84 |           if(args.isEmpty()){ tmp->start(program); }
      |                               ~~~~~~~~~~^~~~~~~~~
In file included from /usr/include/qt5/QtCore/QProcess:1,
                 from ../libLumina/LUtils.h:11,
                 from Globals.h:10,
                 from LSession.h:26,
                 from SystemWindow.cpp:4:
/usr/include/qt5/QtCore/qprocess.h:168:10: note: declared here
  168 |     void start(const QString &command, OpenMode mode = ReadWrite);
      |          ^~~~~
g++ -c -pipe -O2 -flto=auto -ffat-lto-objects -fexceptions -g -grecord-gcc-switches -pipe -Wall -Werror=format-security -Wp,-D_FORTIFY_SOURCE=2 -Wp,-D_GLIBCXX_ASSERTIONS -specs=/usr/lib/rpm/redhat/redhat-hardened-cc1 -fstack-protector-strong -specs=/usr/lib/rpm/redhat/redhat-annobin-cc1 -m64 -mtune=generic -fasynchronous-unwind-tables -fstack-clash-protection -fcf-protection -std=gnu++11 -Wall -Wextra -D_REENTRANT -fPIC -DPREFIX=QString\(\"/usr\"\) -DL_ETCDIR=QString\(\"/etc\"\) -DL_SHAREDIR=QString\(\"/usr/share\"\) -DGIT_VERSION="\"a88ea52f\"" -DQT_NO_DEBUG -DQT_MULTIMEDIAWIDGETS_LIB -DQT_SVG_LIB -DQT_WIDGETS_LIB -DQT_X11EXTRAS_LIB -DQT_MULTIMEDIA_LIB -DQT_QUICK_LIB -DQT_GUI_LIB -DQT_QMLMODELS_LIB -DQT_QML_LIB -DQT_NETWORK_LIB -DQT_CONCURRENT_LIB -DQT_CORE_LIB -I. -I../libLumina -I/usr/include/qt5 -I/usr -I/usr/include -I/home/q5sys/git/lumina/src-qt5/core/lumina-desktop -I../../src-cpp -Isrc-screensaver -I/usr/include/qt5/QtMultimediaWidgets -I/usr/include/qt5/QtSvg -I/usr/include/qt5/QtWidgets -I/usr/include/qt5/QtX11Extras -I/usr/include/qt5/QtMultimedia -I/usr/include/qt5/QtQuick -I/usr/include/qt5/QtGui -I/usr/include/qt5/QtQmlModels -I/usr/include/qt5/QtQml -I/usr/include/qt5/QtNetwork -I/usr/include/qt5/QtConcurrent -I/usr/include/qt5/QtCore -I.build/moc -I.build/ui -I/usr/lib64/qt5/mkspecs/linux-g++ -o .build/obj/LDPlugin.o desktop-plugins/LDPlugin.cpp
BootSplash.cpp: In member function ‘void BootSplash::generateTipOfTheDay()’:
BootSplash.cpp:45:23: warning: ‘int qrand()’ is deprecated: use QRandomGenerator instead [-Wdeprecated-declarations]
   45 |      int index = qrand()%46; //Make sure this number matches the length of the case below (max value +1)
      |                  ~~~~~^~
In file included from /usr/include/qt5/QtGui/qtguiglobal.h:43,
                 from /usr/include/qt5/QtWidgets/qtwidgetsglobal.h:43,
                 from /usr/include/qt5/QtWidgets/qwidget.h:43,
                 from /usr/include/qt5/QtWidgets/QWidget:1,
                 from BootSplash.h:4,
                 from BootSplash.cpp:1:
/usr/include/qt5/QtCore/qglobal.h:1274:80: note: declared here
 1274 | Q_CORE_EXPORT QT_DEPRECATED_VERSION_X_5_15("use QRandomGenerator instead") int qrand();
      |                                                                                ^~~~~
g++ -c -pipe -O2 -flto=auto -ffat-lto-objects -fexceptions -g -grecord-gcc-switches -pipe -Wall -Werror=format-security -Wp,-D_FORTIFY_SOURCE=2 -Wp,-D_GLIBCXX_ASSERTIONS -specs=/usr/lib/rpm/redhat/redhat-hardened-cc1 -fstack-protector-strong -specs=/usr/lib/rpm/redhat/redhat-annobin-cc1 -m64 -mtune=generic -fasynchronous-unwind-tables -fstack-clash-protection -fcf-protection -std=gnu++11 -Wall -Wextra -D_REENTRANT -fPIC -DPREFIX=QString\(\"/usr\"\) -DL_ETCDIR=QString\(\"/etc\"\) -DL_SHAREDIR=QString\(\"/usr/share\"\) -DGIT_VERSION="\"a88ea52f\"" -DQT_NO_DEBUG -DQT_MULTIMEDIAWIDGETS_LIB -DQT_SVG_LIB -DQT_WIDGETS_LIB -DQT_X11EXTRAS_LIB -DQT_MULTIMEDIA_LIB -DQT_QUICK_LIB -DQT_GUI_LIB -DQT_QMLMODELS_LIB -DQT_QML_LIB -DQT_NETWORK_LIB -DQT_CONCURRENT_LIB -DQT_CORE_LIB -I. -I../libLumina -I/usr/include/qt5 -I/usr -I/usr/include -I/home/q5sys/git/lumina/src-qt5/core/lumina-desktop -I../../src-cpp -Isrc-screensaver -I/usr/include/qt5/QtMultimediaWidgets -I/usr/include/qt5/QtSvg -I/usr/include/qt5/QtWidgets -I/usr/include/qt5/QtX11Extras -I/usr/include/qt5/QtMultimedia -I/usr/include/qt5/QtQuick -I/usr/include/qt5/QtGui -I/usr/include/qt5/QtQmlModels -I/usr/include/qt5/QtQml -I/usr/include/qt5/QtNetwork -I/usr/include/qt5/QtConcurrent -I/usr/include/qt5/QtCore -I.build/moc -I.build/ui -I/usr/lib64/qt5/mkspecs/linux-g++ -o .build/obj/plugins-base.o ../../src-cpp/plugins-base.cpp
In file included from desktop-plugins/../panel-plugins/taskmanager/LTaskButton.h:26,
                 from desktop-plugins/../panel-plugins/taskmanager/LTaskManagerPlugin.h:23,
                 from desktop-plugins/../panel-plugins/NewPP.h:23,
                 from desktop-plugins/../LPanel.h:24,
                 from desktop-plugins/../LDesktop.h:29,
                 from desktop-plugins/../LSession.h:30,
                 from desktop-plugins/LDPlugin.cpp:9:
desktop-plugins/../panel-plugins/taskmanager/../LTBWidget.h: In member function ‘virtual void LTBWidget::wheelEvent(QWheelEvent*)’:
desktop-plugins/../panel-plugins/taskmanager/../LTBWidget.h:65:36: warning: ‘int QWheelEvent::delta() const’ is deprecated: Use angleDelta() [-Wdeprecated-declarations]
   65 |           int change = event->delta()/120; // 1/15th of a rotation (delta/120) is usually one "click" of the wheel
      |                        ~~~~~~~~~~~~^~
In file included from /usr/include/qt5/QtGui/QMoveEvent:1,
                 from desktop-plugins/LDPlugin.h:24,
                 from desktop-plugins/LDPlugin.cpp:7:
/usr/include/qt5/QtGui/qevent.h:219:16: note: declared here
  219 |     inline int delta() const  { return qt4D; }
      |                ^~~~~
In file included from desktop-plugins/../panel-plugins/taskmanager/LTaskManagerPlugin.h:23,
                 from desktop-plugins/../panel-plugins/NewPP.h:23,
                 from desktop-plugins/../LPanel.h:24,
                 from desktop-plugins/../LDesktop.h:29,
                 from desktop-plugins/../LSession.h:30,
                 from desktop-plugins/LDPlugin.cpp:9:
desktop-plugins/../panel-plugins/taskmanager/LTaskButton.h: In member function ‘virtual void LTaskButton::changeEvent(QEvent*)’:
desktop-plugins/../panel-plugins/taskmanager/LTaskButton.h:76:37: warning: ‘int qrand()’ is deprecated: use QRandomGenerator instead [-Wdeprecated-declarations]
   76 |             QTimer::singleShot(qrand()%100+500, this, SLOT(UpdateButton()) );
      |                                ~~~~~^~
In file included from /usr/include/qt5/QtCore/qnamespace.h:43,
                 from /usr/include/qt5/QtCore/qobjectdefs.h:48,
                 from /usr/include/qt5/QtCore/qobject.h:46,
                 from /usr/include/qt5/QtCore/QObject:1,
                 from desktop-plugins/LDPlugin.h:18,
                 from desktop-plugins/LDPlugin.cpp:7:
/usr/include/qt5/QtCore/qglobal.h:1274:80: note: declared here
 1274 | Q_CORE_EXPORT QT_DEPRECATED_VERSION_X_5_15("use QRandomGenerator instead") int qrand();
      |                                                                                ^~~~~
g++ -c -pipe -O2 -flto=auto -ffat-lto-objects -fexceptions -g -grecord-gcc-switches -pipe -Wall -Werror=format-security -Wp,-D_FORTIFY_SOURCE=2 -Wp,-D_GLIBCXX_ASSERTIONS -specs=/usr/lib/rpm/redhat/redhat-hardened-cc1 -fstack-protector-strong -specs=/usr/lib/rpm/redhat/redhat-annobin-cc1 -m64 -mtune=generic -fasynchronous-unwind-tables -fstack-clash-protection -fcf-protection -std=gnu++11 -Wall -Wextra -D_REENTRANT -fPIC -DPREFIX=QString\(\"/usr\"\) -DL_ETCDIR=QString\(\"/etc\"\) -DL_SHAREDIR=QString\(\"/usr/share\"\) -DGIT_VERSION="\"a88ea52f\"" -DQT_NO_DEBUG -DQT_MULTIMEDIAWIDGETS_LIB -DQT_SVG_LIB -DQT_WIDGETS_LIB -DQT_X11EXTRAS_LIB -DQT_MULTIMEDIA_LIB -DQT_QUICK_LIB -DQT_GUI_LIB -DQT_QMLMODELS_LIB -DQT_QML_LIB -DQT_NETWORK_LIB -DQT_CONCURRENT_LIB -DQT_CORE_LIB -I. -I../libLumina -I/usr/include/qt5 -I/usr -I/usr/include -I/home/q5sys/git/lumina/src-qt5/core/lumina-desktop -I../../src-cpp -Isrc-screensaver -I/usr/include/qt5/QtMultimediaWidgets -I/usr/include/qt5/QtSvg -I/usr/include/qt5/QtWidgets -I/usr/include/qt5/QtX11Extras -I/usr/include/qt5/QtMultimedia -I/usr/include/qt5/QtQuick -I/usr/include/qt5/QtGui -I/usr/include/qt5/QtQmlModels -I/usr/include/qt5/QtQml -I/usr/include/qt5/QtNetwork -I/usr/include/qt5/QtConcurrent -I/usr/include/qt5/QtCore -I.build/moc -I.build/ui -I/usr/lib64/qt5/mkspecs/linux-g++ -o .build/obj/plugins-screensaver.o ../../src-cpp/plugins-screensaver.cpp
In file included from desktop-plugins/../LDesktop.h:32,
                 from desktop-plugins/../LSession.h:30,
                 from desktop-plugins/LDPlugin.cpp:9:
desktop-plugins/../LDesktopPluginSpace.h: In member function ‘void LDesktopPluginSpace::RemoveItem(QString)’:
desktop-plugins/../LDesktopPluginSpace.h:184:77: warning: ‘static bool QProcess::startDetached(const QString&)’ is deprecated: Use QProcess::startDetached(const QString &program, const QStringList &arguments) instead [-Wdeprecated-declarations]
  184 |               if(!info.isSymLink() && info.isDir()){ QProcess::startDetached("rm -r \""+info.absoluteFilePath()+"\""); }
      |                                                      ~~~~~~~~~~~~~~~~~~~~~~~^~~~~~~~~~~~~~~~~~~~~~~~~~~~~~~~~~~~~~~~~
In file included from /usr/include/qt5/QtCore/QProcess:1,
                 from ../libLumina/LUtils.h:11,
                 from desktop-plugins/../Globals.h:10,
                 from desktop-plugins/../LSession.h:26,
                 from desktop-plugins/LDPlugin.cpp:9:
/usr/include/qt5/QtCore/qprocess.h:280:17: note: declared here
  280 |     static bool startDetached(const QString &command);
      |                 ^~~~~~~~~~~~~
g++ -c -pipe -O2 -flto=auto -ffat-lto-objects -fexceptions -g -grecord-gcc-switches -pipe -Wall -Werror=format-security -Wp,-D_FORTIFY_SOURCE=2 -Wp,-D_GLIBCXX_ASSERTIONS -specs=/usr/lib/rpm/redhat/redhat-hardened-cc1 -fstack-protector-strong -specs=/usr/lib/rpm/redhat/redhat-annobin-cc1 -m64 -mtune=generic -fasynchronous-unwind-tables -fstack-clash-protection -fcf-protection -std=gnu++11 -Wall -Wextra -D_REENTRANT -fPIC -DPREFIX=QString\(\"/usr\"\) -DL_ETCDIR=QString\(\"/etc\"\) -DL_SHAREDIR=QString\(\"/usr/share\"\) -DGIT_VERSION="\"a88ea52f\"" -DQT_NO_DEBUG -DQT_MULTIMEDIAWIDGETS_LIB -DQT_SVG_LIB -DQT_WIDGETS_LIB -DQT_X11EXTRAS_LIB -DQT_MULTIMEDIA_LIB -DQT_QUICK_LIB -DQT_GUI_LIB -DQT_QMLMODELS_LIB -DQT_QML_LIB -DQT_NETWORK_LIB -DQT_CONCURRENT_LIB -DQT_CORE_LIB -I. -I../libLumina -I/usr/include/qt5 -I/usr -I/usr/include -I/home/q5sys/git/lumina/src-qt5/core/lumina-desktop -I../../src-cpp -Isrc-screensaver -I/usr/include/qt5/QtMultimediaWidgets -I/usr/include/qt5/QtSvg -I/usr/include/qt5/QtWidgets -I/usr/include/qt5/QtX11Extras -I/usr/include/qt5/QtMultimedia -I/usr/include/qt5/QtQuick -I/usr/include/qt5/QtGui -I/usr/include/qt5/QtQmlModels -I/usr/include/qt5/QtQml -I/usr/include/qt5/QtNetwork -I/usr/include/qt5/QtConcurrent -I/usr/include/qt5/QtCore -I.build/moc -I.build/ui -I/usr/lib64/qt5/mkspecs/linux-g++ -o .build/obj/plugins-desktop.o ../../src-cpp/plugins-desktop.cpp
In file included from ./global-includes.h:72,
                 from src-screensaver/LScreenSaver.h:10,
                 from desktop-plugins/../LSession.h:33,
                 from desktop-plugins/LDPlugin.cpp:9:
../libLumina/ExternalProcess.h: In static member function ‘static void ExternalProcess::launch(QString, QStringList, bool)’:
../libLumina/ExternalProcess.h:84:41: warning: ‘void QProcess::start(const QString&, QIODevice::OpenMode)’ is deprecated: Use QProcess::start(const QString &program, const QStringList &arguments,OpenMode mode = ReadWrite) instead [-Wdeprecated-declarations]
   84 |           if(args.isEmpty()){ tmp->start(program); }
      |                               ~~~~~~~~~~^~~~~~~~~
In file included from /usr/include/qt5/QtCore/QProcess:1,
                 from ../libLumina/LUtils.h:11,
                 from desktop-plugins/../Globals.h:10,
                 from desktop-plugins/../LSession.h:26,
                 from desktop-plugins/LDPlugin.cpp:9:
/usr/include/qt5/QtCore/qprocess.h:168:10: note: declared here
  168 |     void start(const QString &command, OpenMode mode = ReadWrite);
      |          ^~~~~
g++ -c -pipe -O2 -flto=auto -ffat-lto-objects -fexceptions -g -grecord-gcc-switches -pipe -Wall -Werror=format-security -Wp,-D_FORTIFY_SOURCE=2 -Wp,-D_GLIBCXX_ASSERTIONS -specs=/usr/lib/rpm/redhat/redhat-hardened-cc1 -fstack-protector-strong -specs=/usr/lib/rpm/redhat/redhat-annobin-cc1 -m64 -mtune=generic -fasynchronous-unwind-tables -fstack-clash-protection -fcf-protection -std=gnu++11 -Wall -Wextra -D_REENTRANT -fPIC -DPREFIX=QString\(\"/usr\"\) -DL_ETCDIR=QString\(\"/etc\"\) -DL_SHAREDIR=QString\(\"/usr/share\"\) -DGIT_VERSION="\"a88ea52f\"" -DQT_NO_DEBUG -DQT_MULTIMEDIAWIDGETS_LIB -DQT_SVG_LIB -DQT_WIDGETS_LIB -DQT_X11EXTRAS_LIB -DQT_MULTIMEDIA_LIB -DQT_QUICK_LIB -DQT_GUI_LIB -DQT_QMLMODELS_LIB -DQT_QML_LIB -DQT_NETWORK_LIB -DQT_CONCURRENT_LIB -DQT_CORE_LIB -I. -I../libLumina -I/usr/include/qt5 -I/usr -I/usr/include -I/home/q5sys/git/lumina/src-qt5/core/lumina-desktop -I../../src-cpp -Isrc-screensaver -I/usr/include/qt5/QtMultimediaWidgets -I/usr/include/qt5/QtSvg -I/usr/include/qt5/QtWidgets -I/usr/include/qt5/QtX11Extras -I/usr/include/qt5/QtMultimedia -I/usr/include/qt5/QtQuick -I/usr/include/qt5/QtGui -I/usr/include/qt5/QtQmlModels -I/usr/include/qt5/QtQml -I/usr/include/qt5/QtNetwork -I/usr/include/qt5/QtConcurrent -I/usr/include/qt5/QtCore -I.build/moc -I.build/ui -I/usr/lib64/qt5/mkspecs/linux-g++ -o .build/obj/LLockScreen.o src-screensaver/LLockScreen.cpp
g++ -c -pipe -O2 -flto=auto -ffat-lto-objects -fexceptions -g -grecord-gcc-switches -pipe -Wall -Werror=format-security -Wp,-D_FORTIFY_SOURCE=2 -Wp,-D_GLIBCXX_ASSERTIONS -specs=/usr/lib/rpm/redhat/redhat-hardened-cc1 -fstack-protector-strong -specs=/usr/lib/rpm/redhat/redhat-annobin-cc1 -m64 -mtune=generic -fasynchronous-unwind-tables -fstack-clash-protection -fcf-protection -std=gnu++11 -Wall -Wextra -D_REENTRANT -fPIC -DPREFIX=QString\(\"/usr\"\) -DL_ETCDIR=QString\(\"/etc\"\) -DL_SHAREDIR=QString\(\"/usr/share\"\) -DGIT_VERSION="\"a88ea52f\"" -DQT_NO_DEBUG -DQT_MULTIMEDIAWIDGETS_LIB -DQT_SVG_LIB -DQT_WIDGETS_LIB -DQT_X11EXTRAS_LIB -DQT_MULTIMEDIA_LIB -DQT_QUICK_LIB -DQT_GUI_LIB -DQT_QMLMODELS_LIB -DQT_QML_LIB -DQT_NETWORK_LIB -DQT_CONCURRENT_LIB -DQT_CORE_LIB -I. -I../libLumina -I/usr/include/qt5 -I/usr -I/usr/include -I/home/q5sys/git/lumina/src-qt5/core/lumina-desktop -I../../src-cpp -Isrc-screensaver -I/usr/include/qt5/QtMultimediaWidgets -I/usr/include/qt5/QtSvg -I/usr/include/qt5/QtWidgets -I/usr/include/qt5/QtX11Extras -I/usr/include/qt5/QtMultimedia -I/usr/include/qt5/QtQuick -I/usr/include/qt5/QtGui -I/usr/include/qt5/QtQmlModels -I/usr/include/qt5/QtQml -I/usr/include/qt5/QtNetwork -I/usr/include/qt5/QtConcurrent -I/usr/include/qt5/QtCore -I.build/moc -I.build/ui -I/usr/lib64/qt5/mkspecs/linux-g++ -o .build/obj/LScreenSaver.o src-screensaver/LScreenSaver.cpp
g++ -c -pipe -O2 -flto=auto -ffat-lto-objects -fexceptions -g -grecord-gcc-switches -pipe -Wall -Werror=format-security -Wp,-D_FORTIFY_SOURCE=2 -Wp,-D_GLIBCXX_ASSERTIONS -specs=/usr/lib/rpm/redhat/redhat-hardened-cc1 -fstack-protector-strong -specs=/usr/lib/rpm/redhat/redhat-annobin-cc1 -m64 -mtune=generic -fasynchronous-unwind-tables -fstack-clash-protection -fcf-protection -std=gnu++11 -Wall -Wextra -D_REENTRANT -fPIC -DPREFIX=QString\(\"/usr\"\) -DL_ETCDIR=QString\(\"/etc\"\) -DL_SHAREDIR=QString\(\"/usr/share\"\) -DGIT_VERSION="\"a88ea52f\"" -DQT_NO_DEBUG -DQT_MULTIMEDIAWIDGETS_LIB -DQT_SVG_LIB -DQT_WIDGETS_LIB -DQT_X11EXTRAS_LIB -DQT_MULTIMEDIA_LIB -DQT_QUICK_LIB -DQT_GUI_LIB -DQT_QMLMODELS_LIB -DQT_QML_LIB -DQT_NETWORK_LIB -DQT_CONCURRENT_LIB -DQT_CORE_LIB -I. -I../libLumina -I/usr/include/qt5 -I/usr -I/usr/include -I/home/q5sys/git/lumina/src-qt5/core/lumina-desktop -I../../src-cpp -Isrc-screensaver -I/usr/include/qt5/QtMultimediaWidgets -I/usr/include/qt5/QtSvg -I/usr/include/qt5/QtWidgets -I/usr/include/qt5/QtX11Extras -I/usr/include/qt5/QtMultimedia -I/usr/include/qt5/QtQuick -I/usr/include/qt5/QtGui -I/usr/include/qt5/QtQmlModels -I/usr/include/qt5/QtQml -I/usr/include/qt5/QtNetwork -I/usr/include/qt5/QtConcurrent -I/usr/include/qt5/QtCore -I.build/moc -I.build/ui -I/usr/lib64/qt5/mkspecs/linux-g++ -o .build/obj/SSBaseWidget.o src-screensaver/SSBaseWidget.cpp
make[4]: Leaving directory '/home/q5sys/git/lumina/src-qt5/core/lumina-theme-engine/src/lthemeengine-qtplugin'
cd src/lthemeengine-style/ && ( test -e Makefile || /usr/lib64/qt5/bin/qmake -o Makefile /home/q5sys/git/lumina/src-qt5/core/lumina-theme-engine/src/lthemeengine-style/lthemeengine-style.pro 'QMAKE_CFLAGS_DEBUG=-O2 -flto=auto -ffat-lto-objects -fexceptions -g -grecord-gcc-switches -pipe -Wall -Werror=format-security -Wp,-D_FORTIFY_SOURCE=2 -Wp,-D_GLIBCXX_ASSERTIONS -specs=/usr/lib/rpm/redhat/redhat-hardened-cc1 -fstack-protector-strong -specs=/usr/lib/rpm/redhat/redhat-annobin-cc1  -m64  -mtune=generic -fasynchronous-unwind-tables -fstack-clash-protection -fcf-protection ' 'QMAKE_CFLAGS_RELEASE=-O2 -flto=auto -ffat-lto-objects -fexceptions -g -grecord-gcc-switches -pipe -Wall -Werror=format-security -Wp,-D_FORTIFY_SOURCE=2 -Wp,-D_GLIBCXX_ASSERTIONS -specs=/usr/lib/rpm/redhat/redhat-hardened-cc1 -fstack-protector-strong -specs=/usr/lib/rpm/redhat/redhat-annobin-cc1  -m64  -mtune=generic -fasynchronous-unwind-tables -fstack-clash-protection -fcf-protection ' 'QMAKE_CXXFLAGS_DEBUG=-O2 -flto=auto -ffat-lto-objects -fexceptions -g -grecord-gcc-switches -pipe -Wall -Werror=format-security -Wp,-D_FORTIFY_SOURCE=2 -Wp,-D_GLIBCXX_ASSERTIONS -specs=/usr/lib/rpm/redhat/redhat-hardened-cc1 -fstack-protector-strong -specs=/usr/lib/rpm/redhat/redhat-annobin-cc1  -m64  -mtune=generic -fasynchronous-unwind-tables -fstack-clash-protection -fcf-protection ' 'QMAKE_CXXFLAGS_RELEASE=-O2 -flto=auto -ffat-lto-objects -fexceptions -g -grecord-gcc-switches -pipe -Wall -Werror=format-security -Wp,-D_FORTIFY_SOURCE=2 -Wp,-D_GLIBCXX_ASSERTIONS -specs=/usr/lib/rpm/redhat/redhat-hardened-cc1 -fstack-protector-strong -specs=/usr/lib/rpm/redhat/redhat-annobin-cc1  -m64  -mtune=generic -fasynchronous-unwind-tables -fstack-clash-protection -fcf-protection ' 'QMAKE_LFLAGS_DEBUG=-Wl,-z,relro -Wl,--as-needed  -Wl,-z,now -specs=/usr/lib/rpm/redhat/redhat-hardened-ld ' 'QMAKE_LFLAGS_RELEASE=-Wl,-z,relro -Wl,--as-needed  -Wl,-z,now -specs=/usr/lib/rpm/redhat/redhat-hardened-ld ' QMAKE_STRIP= CONFIG+=configure LIBPREFIX=/usr/lib64 L_BINDIR=/usr/bin L_LIBDIR=/usr/lib64 L_SHAREDIR=/usr/share L_ETCDIR=/etc L_INCLUDEDIR=/usr/include L_MANDIR=/usr/share/man QT5LIBDIR=/usr QMAKE_LFLAGS+=-Wl,--as-needed ) && make -f Makefile 
Project MESSAGE: Build OS Info: Linux, x86_64, #1 SMP Wed Jun 23 16:18:11 UTC 2021
Project MESSAGE:  - Detected Qt Version: 5.15.2
Project MESSAGE: Build Settings Loaded: Linux -
make[4]: Entering directory '/home/q5sys/git/lumina/src-qt5/core/lumina-theme-engine/src/lthemeengine-style'
g++ -c -pipe -O2 -flto=auto -ffat-lto-objects -fexceptions -g -grecord-gcc-switches -pipe -Wall -Werror=format-security -Wp,-D_FORTIFY_SOURCE=2 -Wp,-D_GLIBCXX_ASSERTIONS -specs=/usr/lib/rpm/redhat/redhat-hardened-cc1 -fstack-protector-strong -specs=/usr/lib/rpm/redhat/redhat-annobin-cc1 -m64 -mtune=generic -fasynchronous-unwind-tables -fstack-clash-protection -fcf-protection -std=gnu++11 -Wall -Wextra -D_REENTRANT -fPIC -DPREFIX=QString\(\"/usr\"\) -DL_ETCDIR=QString\(\"/etc\"\) -DL_SHAREDIR=QString\(\"/usr/share\"\) -DGIT_VERSION="\"a88ea52f\"" -DLTHEMEENGINE_DATADIR=\"/usr/share\" -DQT_NO_DEBUG -DQT_PLUGIN -DQT_SVG_LIB -DQT_WIDGETS_LIB -DQT_X11EXTRAS_LIB -DQT_MULTIMEDIA_LIB -DQT_GUI_LIB -DQT_NETWORK_LIB -DQT_CONCURRENT_LIB -DQT_CORE_LIB -I. -I../../../libLumina -I/usr/include/qt5 -I/usr -I/usr/include -I/home/q5sys/git/lumina/src-qt5/core/lumina-theme-engine/src/lthemeengine-style -I.. -I/usr/include/qt5/QtSvg -I/usr/include/qt5/QtWidgets -I/usr/include/qt5/QtX11Extras -I/usr/include/qt5/QtMultimedia -I/usr/include/qt5/QtGui -I/usr/include/qt5/QtNetwork -I/usr/include/qt5/QtConcurrent -I/usr/include/qt5/QtCore -I.build/moc -I/usr/lib64/qt5/mkspecs/linux-g++ -o .build/obj/LDesktopUtils.o ../../../libLumina/LDesktopUtils.cpp
In file included from ./global-includes.h:72,
                 from src-screensaver/LLockScreen.h:10,
                 from src-screensaver/LLockScreen.cpp:7:
../libLumina/ExternalProcess.h: In static member function ‘static void ExternalProcess::launch(QString, QStringList, bool)’:
../libLumina/ExternalProcess.h:84:41: warning: ‘void QProcess::start(const QString&, QIODevice::OpenMode)’ is deprecated: Use QProcess::start(const QString &program, const QStringList &arguments,OpenMode mode = ReadWrite) instead [-Wdeprecated-declarations]
   84 |           if(args.isEmpty()){ tmp->start(program); }
      |                               ~~~~~~~~~~^~~~~~~~~
In file included from /usr/include/qt5/QtCore/QtCore:170,
                 from /usr/include/qt5/QtConcurrent/QtConcurrentDepends:3,
                 from /usr/include/qt5/QtConcurrent/QtConcurrent:3,
                 from ./global-includes.h:61,
                 from src-screensaver/LLockScreen.h:10,
                 from src-screensaver/LLockScreen.cpp:7:
/usr/include/qt5/QtCore/qprocess.h:168:10: note: declared here
  168 |     void start(const QString &command, OpenMode mode = ReadWrite);
      |          ^~~~~
In file included from ./global-includes.h:72,
                 from src-screensaver/LScreenSaver.h:10,
                 from src-screensaver/LScreenSaver.cpp:7:
../libLumina/ExternalProcess.h: In static member function ‘static void ExternalProcess::launch(QString, QStringList, bool)’:
../libLumina/ExternalProcess.h:84:41: warning: ‘void QProcess::start(const QString&, QIODevice::OpenMode)’ is deprecated: Use QProcess::start(const QString &program, const QStringList &arguments,OpenMode mode = ReadWrite) instead [-Wdeprecated-declarations]
   84 |           if(args.isEmpty()){ tmp->start(program); }
      |                               ~~~~~~~~~~^~~~~~~~~
In file included from /usr/include/qt5/QtCore/QtCore:170,
                 from /usr/include/qt5/QtConcurrent/QtConcurrentDepends:3,
                 from /usr/include/qt5/QtConcurrent/QtConcurrent:3,
                 from ./global-includes.h:61,
                 from src-screensaver/LScreenSaver.h:10,
                 from src-screensaver/LScreenSaver.cpp:7:
/usr/include/qt5/QtCore/qprocess.h:168:10: note: declared here
  168 |     void start(const QString &command, OpenMode mode = ReadWrite);
      |          ^~~~~
In file included from ./panel-plugins/taskmanager/LTaskButton.h:26,
                 from ./panel-plugins/taskmanager/LTaskManagerPlugin.h:23,
                 from ./panel-plugins/NewPP.h:23,
                 from ./LPanel.h:24,
                 from ./LDesktop.h:29,
                 from ./LSession.h:30,
                 from src-screensaver/LScreenSaver.cpp:11:
./panel-plugins/taskmanager/../LTBWidget.h: In member function ‘virtual void LTBWidget::wheelEvent(QWheelEvent*)’:
./panel-plugins/taskmanager/../LTBWidget.h:65:36: warning: ‘int QWheelEvent::delta() const’ is deprecated: Use angleDelta() [-Wdeprecated-declarations]
   65 |           int change = event->delta()/120; // 1/15th of a rotation (delta/120) is usually one "click" of the wheel
      |                        ~~~~~~~~~~~~^~
In file included from /usr/include/qt5/QtGui/QMouseEvent:1,
                 from ./global-includes.h:19,
                 from src-screensaver/LScreenSaver.h:10,
                 from src-screensaver/LScreenSaver.cpp:7:
/usr/include/qt5/QtGui/qevent.h:219:16: note: declared here
  219 |     inline int delta() const  { return qt4D; }
      |                ^~~~~
In file included from ./panel-plugins/taskmanager/LTaskManagerPlugin.h:23,
                 from ./panel-plugins/NewPP.h:23,
                 from ./LPanel.h:24,
                 from ./LDesktop.h:29,
                 from ./LSession.h:30,
                 from src-screensaver/LScreenSaver.cpp:11:
./panel-plugins/taskmanager/LTaskButton.h: In member function ‘virtual void LTaskButton::changeEvent(QEvent*)’:
./panel-plugins/taskmanager/LTaskButton.h:76:37: warning: ‘int qrand()’ is deprecated: use QRandomGenerator instead [-Wdeprecated-declarations]
   76 |             QTimer::singleShot(qrand()%100+500, this, SLOT(UpdateButton()) );
      |                                ~~~~~^~
In file included from /usr/include/qt5/QtCore/qnamespace.h:43,
                 from /usr/include/qt5/QtCore/qobjectdefs.h:48,
                 from /usr/include/qt5/QtCore/qobject.h:46,
                 from /usr/include/qt5/QtCore/QObject:1,
                 from ./global-includes.h:13,
                 from src-screensaver/LScreenSaver.h:10,
                 from src-screensaver/LScreenSaver.cpp:7:
/usr/include/qt5/QtCore/qglobal.h:1274:80: note: declared here
 1274 | Q_CORE_EXPORT QT_DEPRECATED_VERSION_X_5_15("use QRandomGenerator instead") int qrand();
      |                                                                                ^~~~~
In file included from ./LDesktop.h:32,
                 from ./LSession.h:30,
                 from src-screensaver/LScreenSaver.cpp:11:
./LDesktopPluginSpace.h: In member function ‘void LDesktopPluginSpace::RemoveItem(QString)’:
./LDesktopPluginSpace.h:184:77: warning: ‘static bool QProcess::startDetached(const QString&)’ is deprecated: Use QProcess::startDetached(const QString &program, const QStringList &arguments) instead [-Wdeprecated-declarations]
  184 |               if(!info.isSymLink() && info.isDir()){ QProcess::startDetached("rm -r \""+info.absoluteFilePath()+"\""); }
      |                                                      ~~~~~~~~~~~~~~~~~~~~~~~^~~~~~~~~~~~~~~~~~~~~~~~~~~~~~~~~~~~~~~~~
In file included from /usr/include/qt5/QtCore/QtCore:170,
                 from /usr/include/qt5/QtConcurrent/QtConcurrentDepends:3,
                 from /usr/include/qt5/QtConcurrent/QtConcurrent:3,
                 from ./global-includes.h:61,
                 from src-screensaver/LScreenSaver.h:10,
                 from src-screensaver/LScreenSaver.cpp:7:
/usr/include/qt5/QtCore/qprocess.h:280:17: note: declared here
  280 |     static bool startDetached(const QString &command);
      |                 ^~~~~~~~~~~~~
In file included from ./global-includes.h:72,
                 from src-screensaver/SSBaseWidget.h:12,
                 from src-screensaver/SSBaseWidget.cpp:8:
../libLumina/ExternalProcess.h: In static member function ‘static void ExternalProcess::launch(QString, QStringList, bool)’:
../libLumina/ExternalProcess.h:84:41: warning: ‘void QProcess::start(const QString&, QIODevice::OpenMode)’ is deprecated: Use QProcess::start(const QString &program, const QStringList &arguments,OpenMode mode = ReadWrite) instead [-Wdeprecated-declarations]
   84 |           if(args.isEmpty()){ tmp->start(program); }
      |                               ~~~~~~~~~~^~~~~~~~~
In file included from /usr/include/qt5/QtCore/QtCore:170,
                 from /usr/include/qt5/QtConcurrent/QtConcurrentDepends:3,
                 from /usr/include/qt5/QtConcurrent/QtConcurrent:3,
                 from ./global-includes.h:61,
                 from src-screensaver/SSBaseWidget.h:12,
                 from src-screensaver/SSBaseWidget.cpp:8:
/usr/include/qt5/QtCore/qprocess.h:168:10: note: declared here
  168 |     void start(const QString &command, OpenMode mode = ReadWrite);
      |          ^~~~~
src-screensaver/SSBaseWidget.cpp: In member function ‘void SSBaseWidget::startPainting()’:
src-screensaver/SSBaseWidget.cpp:46:47: warning: ‘int qrand()’ is deprecated: use QRandomGenerator instead [-Wdeprecated-declarations]
   46 |     if(!valid.isEmpty()){ cplug = valid[ qrand()%valid.length() ]; } //grab a random plugin
      |                                          ~~~~~^~
In file included from /usr/include/qt5/QtCore/qnamespace.h:43,
                 from /usr/include/qt5/QtCore/qobjectdefs.h:48,
                 from /usr/include/qt5/QtCore/qobject.h:46,
                 from /usr/include/qt5/QtCore/QObject:1,
                 from ./global-includes.h:13,
                 from src-screensaver/SSBaseWidget.h:12,
                 from src-screensaver/SSBaseWidget.cpp:8:
/usr/include/qt5/QtCore/qglobal.h:1274:80: note: declared here
 1274 | Q_CORE_EXPORT QT_DEPRECATED_VERSION_X_5_15("use QRandomGenerator instead") int qrand();
      |                                                                                ^~~~~
../../../libLumina/LDesktopUtils.cpp: In static member function ‘static void LDesktopUtils::LoadSystemDefaults(bool)’:
../../../libLumina/LDesktopUtils.cpp:405:70: warning: ‘QStringList QString::split(const QString&, QString::SplitBehavior, Qt::CaseSensitivity) const’ is deprecated: Use Qt::SplitBehavior variant instead [-Wdeprecated-declarations]
  405 |     else if(var=="theme_styles"){ LTHEME::setCurrentStyles( val.split(",",QString::SkipEmptyParts) ); }
      |                                                             ~~~~~~~~~^~~~~~~~~~~~~~~~~~~~~~~~~~~~~
In file included from /usr/include/qt5/QtCore/QString:1,
                 from ../../../libLumina/LDesktopUtils.h:10,
                 from ../../../libLumina/LDesktopUtils.cpp:7:
/usr/include/qt5/QtCore/qstring.h:609:17: note: declared here
  609 |     QStringList split(const QString &sep, SplitBehavior behavior,
      |                 ^~~~~
../../../libLumina/LDesktopUtils.cpp:474:24: warning: ‘static int QProcess::execute(const QString&)’ is deprecated: Use QProcess::execute(const QString &program, const QStringList &arguments) instead [-Wdeprecated-declarations]
  474 |       QProcess::execute(val);
      |       ~~~~~~~~~~~~~~~~~^~~~~
In file included from /usr/include/qt5/QtCore/QProcess:1,
                 from ../../../libLumina/LUtils.h:11,
                 from ../../../libLumina/LDesktopUtils.h:18,
                 from ../../../libLumina/LDesktopUtils.cpp:7:
/usr/include/qt5/QtCore/qprocess.h:265:16: note: declared here
  265 |     static int execute(const QString &command);
      |                ^~~~~~~
g++ -c -pipe -O2 -flto=auto -ffat-lto-objects -fexceptions -g -grecord-gcc-switches -pipe -Wall -Werror=format-security -Wp,-D_FORTIFY_SOURCE=2 -Wp,-D_GLIBCXX_ASSERTIONS -specs=/usr/lib/rpm/redhat/redhat-hardened-cc1 -fstack-protector-strong -specs=/usr/lib/rpm/redhat/redhat-annobin-cc1 -m64 -mtune=generic -fasynchronous-unwind-tables -fstack-clash-protection -fcf-protection -std=gnu++11 -Wall -Wextra -D_REENTRANT -fPIC -DPREFIX=QString\(\"/usr\"\) -DL_ETCDIR=QString\(\"/etc\"\) -DL_SHAREDIR=QString\(\"/usr/share\"\) -DGIT_VERSION="\"a88ea52f\"" -DQT_NO_DEBUG -DQT_MULTIMEDIAWIDGETS_LIB -DQT_SVG_LIB -DQT_WIDGETS_LIB -DQT_X11EXTRAS_LIB -DQT_MULTIMEDIA_LIB -DQT_QUICK_LIB -DQT_GUI_LIB -DQT_QMLMODELS_LIB -DQT_QML_LIB -DQT_NETWORK_LIB -DQT_CONCURRENT_LIB -DQT_CORE_LIB -I. -I../libLumina -I/usr/include/qt5 -I/usr -I/usr/include -I/home/q5sys/git/lumina/src-qt5/core/lumina-desktop -I../../src-cpp -Isrc-screensaver -I/usr/include/qt5/QtMultimediaWidgets -I/usr/include/qt5/QtSvg -I/usr/include/qt5/QtWidgets -I/usr/include/qt5/QtX11Extras -I/usr/include/qt5/QtMultimedia -I/usr/include/qt5/QtQuick -I/usr/include/qt5/QtGui -I/usr/include/qt5/QtQmlModels -I/usr/include/qt5/QtQml -I/usr/include/qt5/QtNetwork -I/usr/include/qt5/QtConcurrent -I/usr/include/qt5/QtCore -I.build/moc -I.build/ui -I/usr/lib64/qt5/mkspecs/linux-g++ -o .build/obj/LUserButton.o panel-plugins/userbutton/LUserButton.cpp
../../../libLumina/LDesktopUtils.cpp: In static member function ‘static bool LDesktopUtils::checkUserFiles(QString, QString)’:
../../../libLumina/LDesktopUtils.cpp:517:58: warning: ignoring return value of ‘int system(const char*)’ declared with attribute ‘warn_unused_result’ [-Wunused-result]
  517 |     if( oldversion < 100000 && nversion>=100000 ){ system("rm -rf ~/.lumina"); qDebug() << "Current desktop settings obsolete: Re-implementing defaults"; }
      |                                                    ~~~~~~^~~~~~~~~~~~~~~~~~~~
g++ -c -pipe -O2 -flto=auto -ffat-lto-objects -fexceptions -g -grecord-gcc-switches -pipe -Wall -Werror=format-security -Wp,-D_FORTIFY_SOURCE=2 -Wp,-D_GLIBCXX_ASSERTIONS -specs=/usr/lib/rpm/redhat/redhat-hardened-cc1 -fstack-protector-strong -specs=/usr/lib/rpm/redhat/redhat-annobin-cc1 -m64 -mtune=generic -fasynchronous-unwind-tables -fstack-clash-protection -fcf-protection -std=gnu++11 -Wall -Wextra -D_REENTRANT -fPIC -DPREFIX=QString\(\"/usr\"\) -DL_ETCDIR=QString\(\"/etc\"\) -DL_SHAREDIR=QString\(\"/usr/share\"\) -DGIT_VERSION="\"a88ea52f\"" -DQT_NO_DEBUG -DQT_MULTIMEDIAWIDGETS_LIB -DQT_SVG_LIB -DQT_WIDGETS_LIB -DQT_X11EXTRAS_LIB -DQT_MULTIMEDIA_LIB -DQT_QUICK_LIB -DQT_GUI_LIB -DQT_QMLMODELS_LIB -DQT_QML_LIB -DQT_NETWORK_LIB -DQT_CONCURRENT_LIB -DQT_CORE_LIB -I. -I../libLumina -I/usr/include/qt5 -I/usr -I/usr/include -I/home/q5sys/git/lumina/src-qt5/core/lumina-desktop -I../../src-cpp -Isrc-screensaver -I/usr/include/qt5/QtMultimediaWidgets -I/usr/include/qt5/QtSvg -I/usr/include/qt5/QtWidgets -I/usr/include/qt5/QtX11Extras -I/usr/include/qt5/QtMultimedia -I/usr/include/qt5/QtQuick -I/usr/include/qt5/QtGui -I/usr/include/qt5/QtQmlModels -I/usr/include/qt5/QtQml -I/usr/include/qt5/QtNetwork -I/usr/include/qt5/QtConcurrent -I/usr/include/qt5/QtCore -I.build/moc -I.build/ui -I/usr/lib64/qt5/mkspecs/linux-g++ -o .build/obj/UserWidget.o panel-plugins/userbutton/UserWidget.cpp
g++ -c -pipe -O2 -flto=auto -ffat-lto-objects -fexceptions -g -grecord-gcc-switches -pipe -Wall -Werror=format-security -Wp,-D_FORTIFY_SOURCE=2 -Wp,-D_GLIBCXX_ASSERTIONS -specs=/usr/lib/rpm/redhat/redhat-hardened-cc1 -fstack-protector-strong -specs=/usr/lib/rpm/redhat/redhat-annobin-cc1 -m64 -mtune=generic -fasynchronous-unwind-tables -fstack-clash-protection -fcf-protection -std=gnu++11 -Wall -Wextra -D_REENTRANT -fPIC -DPREFIX=QString\(\"/usr\"\) -DL_ETCDIR=QString\(\"/etc\"\) -DL_SHAREDIR=QString\(\"/usr/share\"\) -DGIT_VERSION="\"a88ea52f\"" -DQT_NO_DEBUG -DQT_MULTIMEDIAWIDGETS_LIB -DQT_SVG_LIB -DQT_WIDGETS_LIB -DQT_X11EXTRAS_LIB -DQT_MULTIMEDIA_LIB -DQT_QUICK_LIB -DQT_GUI_LIB -DQT_QMLMODELS_LIB -DQT_QML_LIB -DQT_NETWORK_LIB -DQT_CONCURRENT_LIB -DQT_CORE_LIB -I. -I../libLumina -I/usr/include/qt5 -I/usr -I/usr/include -I/home/q5sys/git/lumina/src-qt5/core/lumina-desktop -I../../src-cpp -Isrc-screensaver -I/usr/include/qt5/QtMultimediaWidgets -I/usr/include/qt5/QtSvg -I/usr/include/qt5/QtWidgets -I/usr/include/qt5/QtX11Extras -I/usr/include/qt5/QtMultimedia -I/usr/include/qt5/QtQuick -I/usr/include/qt5/QtGui -I/usr/include/qt5/QtQmlModels -I/usr/include/qt5/QtQml -I/usr/include/qt5/QtNetwork -I/usr/include/qt5/QtConcurrent -I/usr/include/qt5/QtCore -I.build/moc -I.build/ui -I/usr/lib64/qt5/mkspecs/linux-g++ -o .build/obj/UserItemWidget.o panel-plugins/userbutton/UserItemWidget.cpp
In file included from panel-plugins/userbutton/../../panel-plugins/taskmanager/LTaskButton.h:26,
                 from panel-plugins/userbutton/../../panel-plugins/taskmanager/LTaskManagerPlugin.h:23,
                 from panel-plugins/userbutton/../../panel-plugins/NewPP.h:23,
                 from panel-plugins/userbutton/../../LPanel.h:24,
                 from panel-plugins/userbutton/../../LDesktop.h:29,
                 from panel-plugins/userbutton/../../LSession.h:30,
                 from panel-plugins/userbutton/LUserButton.cpp:8:
panel-plugins/userbutton/../../panel-plugins/taskmanager/../LTBWidget.h: In member function ‘virtual void LTBWidget::wheelEvent(QWheelEvent*)’:
panel-plugins/userbutton/../../panel-plugins/taskmanager/../LTBWidget.h:65:36: warning: ‘int QWheelEvent::delta() const’ is deprecated: Use angleDelta() [-Wdeprecated-declarations]
   65 |           int change = event->delta()/120; // 1/15th of a rotation (delta/120) is usually one "click" of the wheel
      |                        ~~~~~~~~~~~~^~
In file included from /usr/include/qt5/QtGui/QMouseEvent:1,
                 from panel-plugins/userbutton/UserWidget.h:20,
                 from panel-plugins/userbutton/LUserButton.h:28,
                 from panel-plugins/userbutton/LUserButton.cpp:7:
/usr/include/qt5/QtGui/qevent.h:219:16: note: declared here
  219 |     inline int delta() const  { return qt4D; }
      |                ^~~~~
In file included from panel-plugins/userbutton/../../panel-plugins/taskmanager/LTaskManagerPlugin.h:23,
                 from panel-plugins/userbutton/../../panel-plugins/NewPP.h:23,
                 from panel-plugins/userbutton/../../LPanel.h:24,
                 from panel-plugins/userbutton/../../LDesktop.h:29,
                 from panel-plugins/userbutton/../../LSession.h:30,
                 from panel-plugins/userbutton/LUserButton.cpp:8:
panel-plugins/userbutton/../../panel-plugins/taskmanager/LTaskButton.h: In member function ‘virtual void LTaskButton::changeEvent(QEvent*)’:
panel-plugins/userbutton/../../panel-plugins/taskmanager/LTaskButton.h:76:37: warning: ‘int qrand()’ is deprecated: use QRandomGenerator instead [-Wdeprecated-declarations]
   76 |             QTimer::singleShot(qrand()%100+500, this, SLOT(UpdateButton()) );
      |                                ~~~~~^~
In file included from /usr/include/qt5/QtGui/qtguiglobal.h:43,
                 from /usr/include/qt5/QtWidgets/qtwidgetsglobal.h:43,
                 from /usr/include/qt5/QtWidgets/qmenu.h:43,
                 from /usr/include/qt5/QtWidgets/QMenu:1,
                 from panel-plugins/userbutton/LUserButton.h:14,
                 from panel-plugins/userbutton/LUserButton.cpp:7:
/usr/include/qt5/QtCore/qglobal.h:1274:80: note: declared here
 1274 | Q_CORE_EXPORT QT_DEPRECATED_VERSION_X_5_15("use QRandomGenerator instead") int qrand();
      |                                                                                ^~~~~
In file included from panel-plugins/userbutton/../../LDesktop.h:32,
                 from panel-plugins/userbutton/../../LSession.h:30,
                 from panel-plugins/userbutton/LUserButton.cpp:8:
panel-plugins/userbutton/../../LDesktopPluginSpace.h: In member function ‘void LDesktopPluginSpace::RemoveItem(QString)’:
panel-plugins/userbutton/../../LDesktopPluginSpace.h:184:77: warning: ‘static bool QProcess::startDetached(const QString&)’ is deprecated: Use QProcess::startDetached(const QString &program, const QStringList &arguments) instead [-Wdeprecated-declarations]
  184 |               if(!info.isSymLink() && info.isDir()){ QProcess::startDetached("rm -r \""+info.absoluteFilePath()+"\""); }
      |                                                      ~~~~~~~~~~~~~~~~~~~~~~~^~~~~~~~~~~~~~~~~~~~~~~~~~~~~~~~~~~~~~~~~
In file included from /usr/include/qt5/QtCore/QProcess:1,
                 from ../libLumina/LuminaOS.h:17,
                 from panel-plugins/userbutton/UserWidget.h:24,
                 from panel-plugins/userbutton/LUserButton.h:28,
                 from panel-plugins/userbutton/LUserButton.cpp:7:
/usr/include/qt5/QtCore/qprocess.h:280:17: note: declared here
  280 |     static bool startDetached(const QString &command);
      |                 ^~~~~~~~~~~~~
panel-plugins/userbutton/UserItemWidget.cpp: In member function ‘void UserItemWidget::buttonClicked()’:
panel-plugins/userbutton/UserItemWidget.cpp:182:32: warning: ‘static bool QProcess::startDetached(const QString&)’ is deprecated: Use QProcess::startDetached(const QString &program, const QStringList &arguments) instead [-Wdeprecated-declarations]
  182 |         QProcess::startDetached("rm -r \""+icon->whatsThis()+"\"");
      |         ~~~~~~~~~~~~~~~~~~~~~~~^~~~~~~~~~~~~~~~~~~~~~~~~~~~~~~~~~~
In file included from /usr/include/qt5/QtCore/QProcess:1,
                 from ../libLumina/LUtils.h:11,
                 from panel-plugins/userbutton/UserItemWidget.cpp:8:
/usr/include/qt5/QtCore/qprocess.h:280:17: note: declared here
  280 |     static bool startDetached(const QString &command);
      |                 ^~~~~~~~~~~~~
In file included from panel-plugins/userbutton/../../panel-plugins/taskmanager/LTaskButton.h:26,
                 from panel-plugins/userbutton/../../panel-plugins/taskmanager/LTaskManagerPlugin.h:23,
                 from panel-plugins/userbutton/../../panel-plugins/NewPP.h:23,
                 from panel-plugins/userbutton/../../LPanel.h:24,
                 from panel-plugins/userbutton/../../LDesktop.h:29,
                 from panel-plugins/userbutton/../../LSession.h:30,
                 from panel-plugins/userbutton/UserWidget.cpp:9:
panel-plugins/userbutton/../../panel-plugins/taskmanager/../LTBWidget.h: In member function ‘virtual void LTBWidget::wheelEvent(QWheelEvent*)’:
panel-plugins/userbutton/../../panel-plugins/taskmanager/../LTBWidget.h:65:36: warning: ‘int QWheelEvent::delta() const’ is deprecated: Use angleDelta() [-Wdeprecated-declarations]
   65 |           int change = event->delta()/120; // 1/15th of a rotation (delta/120) is usually one "click" of the wheel
      |                        ~~~~~~~~~~~~^~
In file included from /usr/include/qt5/QtGui/QMouseEvent:1,
                 from panel-plugins/userbutton/UserWidget.h:20,
                 from panel-plugins/userbutton/UserWidget.cpp:7:
/usr/include/qt5/QtGui/qevent.h:219:16: note: declared here
  219 |     inline int delta() const  { return qt4D; }
      |                ^~~~~
In file included from panel-plugins/userbutton/../../panel-plugins/taskmanager/LTaskManagerPlugin.h:23,
                 from panel-plugins/userbutton/../../panel-plugins/NewPP.h:23,
                 from panel-plugins/userbutton/../../LPanel.h:24,
                 from panel-plugins/userbutton/../../LDesktop.h:29,
                 from panel-plugins/userbutton/../../LSession.h:30,
                 from panel-plugins/userbutton/UserWidget.cpp:9:
panel-plugins/userbutton/../../panel-plugins/taskmanager/LTaskButton.h: In member function ‘virtual void LTaskButton::changeEvent(QEvent*)’:
panel-plugins/userbutton/../../panel-plugins/taskmanager/LTaskButton.h:76:37: warning: ‘int qrand()’ is deprecated: use QRandomGenerator instead [-Wdeprecated-declarations]
   76 |             QTimer::singleShot(qrand()%100+500, this, SLOT(UpdateButton()) );
      |                                ~~~~~^~
In file included from /usr/include/qt5/QtGui/qtguiglobal.h:43,
                 from /usr/include/qt5/QtWidgets/qtwidgetsglobal.h:43,
                 from /usr/include/qt5/QtWidgets/qwidget.h:43,
                 from /usr/include/qt5/QtWidgets/QWidget:1,
                 from panel-plugins/userbutton/UserWidget.h:12,
                 from panel-plugins/userbutton/UserWidget.cpp:7:
/usr/include/qt5/QtCore/qglobal.h:1274:80: note: declared here
 1274 | Q_CORE_EXPORT QT_DEPRECATED_VERSION_X_5_15("use QRandomGenerator instead") int qrand();
      |                                                                                ^~~~~
In file included from panel-plugins/userbutton/../../LDesktop.h:32,
                 from panel-plugins/userbutton/../../LSession.h:30,
                 from panel-plugins/userbutton/UserWidget.cpp:9:
panel-plugins/userbutton/../../LDesktopPluginSpace.h: In member function ‘void LDesktopPluginSpace::RemoveItem(QString)’:
panel-plugins/userbutton/../../LDesktopPluginSpace.h:184:77: warning: ‘static bool QProcess::startDetached(const QString&)’ is deprecated: Use QProcess::startDetached(const QString &program, const QStringList &arguments) instead [-Wdeprecated-declarations]
  184 |               if(!info.isSymLink() && info.isDir()){ QProcess::startDetached("rm -r \""+info.absoluteFilePath()+"\""); }
      |                                                      ~~~~~~~~~~~~~~~~~~~~~~~^~~~~~~~~~~~~~~~~~~~~~~~~~~~~~~~~~~~~~~~~
In file included from /usr/include/qt5/QtCore/QProcess:1,
                 from ../libLumina/LuminaOS.h:17,
                 from panel-plugins/userbutton/UserWidget.h:24,
                 from panel-plugins/userbutton/UserWidget.cpp:7:
/usr/include/qt5/QtCore/qprocess.h:280:17: note: declared here
  280 |     static bool startDetached(const QString &command);
      |                 ^~~~~~~~~~~~~
In file included from ./global-includes.h:72,
                 from src-screensaver/LScreenSaver.h:10,
                 from panel-plugins/userbutton/../../LSession.h:33,
                 from panel-plugins/userbutton/LUserButton.cpp:8:
../libLumina/ExternalProcess.h: In static member function ‘static void ExternalProcess::launch(QString, QStringList, bool)’:
../libLumina/ExternalProcess.h:84:41: warning: ‘void QProcess::start(const QString&, QIODevice::OpenMode)’ is deprecated: Use QProcess::start(const QString &program, const QStringList &arguments,OpenMode mode = ReadWrite) instead [-Wdeprecated-declarations]
   84 |           if(args.isEmpty()){ tmp->start(program); }
      |                               ~~~~~~~~~~^~~~~~~~~
In file included from /usr/include/qt5/QtCore/QProcess:1,
                 from ../libLumina/LuminaOS.h:17,
                 from panel-plugins/userbutton/UserWidget.h:24,
                 from panel-plugins/userbutton/LUserButton.h:28,
                 from panel-plugins/userbutton/LUserButton.cpp:7:
/usr/include/qt5/QtCore/qprocess.h:168:10: note: declared here
  168 |     void start(const QString &command, OpenMode mode = ReadWrite);
      |          ^~~~~
g++ -c -pipe -O2 -flto=auto -ffat-lto-objects -fexceptions -g -grecord-gcc-switches -pipe -Wall -Werror=format-security -Wp,-D_FORTIFY_SOURCE=2 -Wp,-D_GLIBCXX_ASSERTIONS -specs=/usr/lib/rpm/redhat/redhat-hardened-cc1 -fstack-protector-strong -specs=/usr/lib/rpm/redhat/redhat-annobin-cc1 -m64 -mtune=generic -fasynchronous-unwind-tables -fstack-clash-protection -fcf-protection -std=gnu++11 -Wall -Wextra -D_REENTRANT -fPIC -DPREFIX=QString\(\"/usr\"\) -DL_ETCDIR=QString\(\"/etc\"\) -DL_SHAREDIR=QString\(\"/usr/share\"\) -DGIT_VERSION="\"a88ea52f\"" -DLTHEMEENGINE_DATADIR=\"/usr/share\" -DQT_NO_DEBUG -DQT_PLUGIN -DQT_SVG_LIB -DQT_WIDGETS_LIB -DQT_X11EXTRAS_LIB -DQT_MULTIMEDIA_LIB -DQT_GUI_LIB -DQT_NETWORK_LIB -DQT_CONCURRENT_LIB -DQT_CORE_LIB -I. -I../../../libLumina -I/usr/include/qt5 -I/usr -I/usr/include -I/home/q5sys/git/lumina/src-qt5/core/lumina-theme-engine/src/lthemeengine-style -I.. -I/usr/include/qt5/QtSvg -I/usr/include/qt5/QtWidgets -I/usr/include/qt5/QtX11Extras -I/usr/include/qt5/QtMultimedia -I/usr/include/qt5/QtGui -I/usr/include/qt5/QtNetwork -I/usr/include/qt5/QtConcurrent -I/usr/include/qt5/QtCore -I.build/moc -I/usr/lib64/qt5/mkspecs/linux-g++ -o .build/obj/LuminaOS-Linux.o ../../../libLumina/LuminaOS-Linux.cpp
In file included from ./global-includes.h:72,
                 from src-screensaver/LScreenSaver.h:10,
                 from panel-plugins/userbutton/../../LSession.h:33,
                 from panel-plugins/userbutton/UserWidget.cpp:9:
../libLumina/ExternalProcess.h: In static member function ‘static void ExternalProcess::launch(QString, QStringList, bool)’:
../libLumina/ExternalProcess.h:84:41: warning: ‘void QProcess::start(const QString&, QIODevice::OpenMode)’ is deprecated: Use QProcess::start(const QString &program, const QStringList &arguments,OpenMode mode = ReadWrite) instead [-Wdeprecated-declarations]
   84 |           if(args.isEmpty()){ tmp->start(program); }
      |                               ~~~~~~~~~~^~~~~~~~~
In file included from /usr/include/qt5/QtCore/QProcess:1,
                 from ../libLumina/LuminaOS.h:17,
                 from panel-plugins/userbutton/UserWidget.h:24,
                 from panel-plugins/userbutton/UserWidget.cpp:7:
/usr/include/qt5/QtCore/qprocess.h:168:10: note: declared here
  168 |     void start(const QString &command, OpenMode mode = ReadWrite);
      |          ^~~~~
g++ -c -pipe -O2 -flto=auto -ffat-lto-objects -fexceptions -g -grecord-gcc-switches -pipe -Wall -Werror=format-security -Wp,-D_FORTIFY_SOURCE=2 -Wp,-D_GLIBCXX_ASSERTIONS -specs=/usr/lib/rpm/redhat/redhat-hardened-cc1 -fstack-protector-strong -specs=/usr/lib/rpm/redhat/redhat-annobin-cc1 -m64 -mtune=generic -fasynchronous-unwind-tables -fstack-clash-protection -fcf-protection -std=gnu++11 -Wall -Wextra -D_REENTRANT -fPIC -DPREFIX=QString\(\"/usr\"\) -DL_ETCDIR=QString\(\"/etc\"\) -DL_SHAREDIR=QString\(\"/usr/share\"\) -DGIT_VERSION="\"a88ea52f\"" -DQT_NO_DEBUG -DQT_MULTIMEDIAWIDGETS_LIB -DQT_SVG_LIB -DQT_WIDGETS_LIB -DQT_X11EXTRAS_LIB -DQT_MULTIMEDIA_LIB -DQT_QUICK_LIB -DQT_GUI_LIB -DQT_QMLMODELS_LIB -DQT_QML_LIB -DQT_NETWORK_LIB -DQT_CONCURRENT_LIB -DQT_CORE_LIB -I. -I../libLumina -I/usr/include/qt5 -I/usr -I/usr/include -I/home/q5sys/git/lumina/src-qt5/core/lumina-desktop -I../../src-cpp -Isrc-screensaver -I/usr/include/qt5/QtMultimediaWidgets -I/usr/include/qt5/QtSvg -I/usr/include/qt5/QtWidgets -I/usr/include/qt5/QtX11Extras -I/usr/include/qt5/QtMultimedia -I/usr/include/qt5/QtQuick -I/usr/include/qt5/QtGui -I/usr/include/qt5/QtQmlModels -I/usr/include/qt5/QtQml -I/usr/include/qt5/QtNetwork -I/usr/include/qt5/QtConcurrent -I/usr/include/qt5/QtCore -I.build/moc -I.build/ui -I/usr/lib64/qt5/mkspecs/linux-g++ -o .build/obj/LDeskBar.o panel-plugins/desktopbar/LDeskBar.cpp
g++ -c -pipe -O2 -flto=auto -ffat-lto-objects -fexceptions -g -grecord-gcc-switches -pipe -Wall -Werror=format-security -Wp,-D_FORTIFY_SOURCE=2 -Wp,-D_GLIBCXX_ASSERTIONS -specs=/usr/lib/rpm/redhat/redhat-hardened-cc1 -fstack-protector-strong -specs=/usr/lib/rpm/redhat/redhat-annobin-cc1 -m64 -mtune=generic -fasynchronous-unwind-tables -fstack-clash-protection -fcf-protection -std=gnu++11 -Wall -Wextra -D_REENTRANT -fPIC -DPREFIX=QString\(\"/usr\"\) -DL_ETCDIR=QString\(\"/etc\"\) -DL_SHAREDIR=QString\(\"/usr/share\"\) -DGIT_VERSION="\"a88ea52f\"" -DQT_NO_DEBUG -DQT_MULTIMEDIAWIDGETS_LIB -DQT_SVG_LIB -DQT_WIDGETS_LIB -DQT_X11EXTRAS_LIB -DQT_MULTIMEDIA_LIB -DQT_QUICK_LIB -DQT_GUI_LIB -DQT_QMLMODELS_LIB -DQT_QML_LIB -DQT_NETWORK_LIB -DQT_CONCURRENT_LIB -DQT_CORE_LIB -I. -I../libLumina -I/usr/include/qt5 -I/usr -I/usr/include -I/home/q5sys/git/lumina/src-qt5/core/lumina-desktop -I../../src-cpp -Isrc-screensaver -I/usr/include/qt5/QtMultimediaWidgets -I/usr/include/qt5/QtSvg -I/usr/include/qt5/QtWidgets -I/usr/include/qt5/QtX11Extras -I/usr/include/qt5/QtMultimedia -I/usr/include/qt5/QtQuick -I/usr/include/qt5/QtGui -I/usr/include/qt5/QtQmlModels -I/usr/include/qt5/QtQml -I/usr/include/qt5/QtNetwork -I/usr/include/qt5/QtConcurrent -I/usr/include/qt5/QtCore -I.build/moc -I.build/ui -I/usr/lib64/qt5/mkspecs/linux-g++ -o .build/obj/LTaskManagerPlugin.o panel-plugins/taskmanager/LTaskManagerPlugin.cpp
../../../libLumina/LuminaOS-Linux.cpp: In static member function ‘static void LOS::startMixerUtility()’:
../../../libLumina/LuminaOS-Linux.cpp:134:26: warning: ‘static bool QProcess::startDetached(const QString&)’ is deprecated: Use QProcess::startDetached(const QString &program, const QStringList &arguments) instead [-Wdeprecated-declarations]
  134 |   QProcess::startDetached(LOS::AppPrefix() + "bin/pavucontrol");
      |   ~~~~~~~~~~~~~~~~~~~~~~~^~~~~~~~~~~~~~~~~~~~~~~~~~~~~~~~~~~~~~
In file included from /usr/include/qt5/QtCore/QProcess:1,
                 from ../../../libLumina/LuminaOS.h:17,
                 from ../../../libLumina/LuminaOS-Linux.cpp:9:
/usr/include/qt5/QtCore/qprocess.h:280:17: note: declared here
  280 |     static bool startDetached(const QString &command);
      |                 ^~~~~~~~~~~~~
../../../libLumina/LuminaOS-Linux.cpp: In static member function ‘static void LOS::systemShutdown(bool)’:
../../../libLumina/LuminaOS-Linux.cpp:155:26: warning: ‘static bool QProcess::startDetached(const QString&)’ is deprecated: Use QProcess::startDetached(const QString &program, const QStringList &arguments) instead [-Wdeprecated-declarations]
  155 |   QProcess::startDetached("shutdown -P -h now");
      |   ~~~~~~~~~~~~~~~~~~~~~~~^~~~~~~~~~~~~~~~~~~~~~
In file included from /usr/include/qt5/QtCore/QProcess:1,
                 from ../../../libLumina/LuminaOS.h:17,
                 from ../../../libLumina/LuminaOS-Linux.cpp:9:
/usr/include/qt5/QtCore/qprocess.h:280:17: note: declared here
  280 |     static bool startDetached(const QString &command);
      |                 ^~~~~~~~~~~~~
../../../libLumina/LuminaOS-Linux.cpp: In static member function ‘static void LOS::systemRestart(bool)’:
../../../libLumina/LuminaOS-Linux.cpp:161:26: warning: ‘static bool QProcess::startDetached(const QString&)’ is deprecated: Use QProcess::startDetached(const QString &program, const QStringList &arguments) instead [-Wdeprecated-declarations]
  161 |   QProcess::startDetached("shutdown -r now");
      |   ~~~~~~~~~~~~~~~~~~~~~~~^~~~~~~~~~~~~~~~~~~
In file included from /usr/include/qt5/QtCore/QProcess:1,
                 from ../../../libLumina/LuminaOS.h:17,
                 from ../../../libLumina/LuminaOS-Linux.cpp:9:
/usr/include/qt5/QtCore/qprocess.h:280:17: note: declared here
  280 |     static bool startDetached(const QString &command);
      |                 ^~~~~~~~~~~~~
In file included from panel-plugins/desktopbar/../../panel-plugins/taskmanager/LTaskButton.h:26,
                 from panel-plugins/desktopbar/../../panel-plugins/taskmanager/LTaskManagerPlugin.h:23,
                 from panel-plugins/desktopbar/../../panel-plugins/NewPP.h:23,
                 from panel-plugins/desktopbar/../../LPanel.h:24,
                 from panel-plugins/desktopbar/../../LDesktop.h:29,
                 from panel-plugins/desktopbar/../../LSession.h:30,
                 from panel-plugins/desktopbar/LDeskBar.cpp:8:
panel-plugins/desktopbar/../../panel-plugins/taskmanager/../LTBWidget.h: In member function ‘virtual void LTBWidget::wheelEvent(QWheelEvent*)’:
panel-plugins/desktopbar/../../panel-plugins/taskmanager/../LTBWidget.h:65:36: warning: ‘int QWheelEvent::delta() const’ is deprecated: Use angleDelta() [-Wdeprecated-declarations]
   65 |           int change = event->delta()/120; // 1/15th of a rotation (delta/120) is usually one "click" of the wheel
      |                        ~~~~~~~~~~~~^~
In file included from /usr/include/qt5/QtGui/QMoveEvent:1,
                 from panel-plugins/desktopbar/../../LPanel.h:19,
                 from panel-plugins/desktopbar/../../LDesktop.h:29,
                 from panel-plugins/desktopbar/../../LSession.h:30,
                 from panel-plugins/desktopbar/LDeskBar.cpp:8:
/usr/include/qt5/QtGui/qevent.h:219:16: note: declared here
  219 |     inline int delta() const  { return qt4D; }
      |                ^~~~~
In file included from panel-plugins/desktopbar/../../panel-plugins/taskmanager/LTaskManagerPlugin.h:23,
                 from panel-plugins/desktopbar/../../panel-plugins/NewPP.h:23,
                 from panel-plugins/desktopbar/../../LPanel.h:24,
                 from panel-plugins/desktopbar/../../LDesktop.h:29,
                 from panel-plugins/desktopbar/../../LSession.h:30,
                 from panel-plugins/desktopbar/LDeskBar.cpp:8:
panel-plugins/desktopbar/../../panel-plugins/taskmanager/LTaskButton.h: In member function ‘virtual void LTaskButton::changeEvent(QEvent*)’:
panel-plugins/desktopbar/../../panel-plugins/taskmanager/LTaskButton.h:76:37: warning: ‘int qrand()’ is deprecated: use QRandomGenerator instead [-Wdeprecated-declarations]
   76 |             QTimer::singleShot(qrand()%100+500, this, SLOT(UpdateButton()) );
      |                                ~~~~~^~
In file included from /usr/include/qt5/QtGui/qtguiglobal.h:43,
                 from /usr/include/qt5/QtWidgets/qtwidgetsglobal.h:43,
                 from /usr/include/qt5/QtWidgets/qwidget.h:43,
                 from /usr/include/qt5/QtWidgets/QWidget:1,
                 from panel-plugins/desktopbar/LDeskBar.h:14,
                 from panel-plugins/desktopbar/LDeskBar.cpp:7:
/usr/include/qt5/QtCore/qglobal.h:1274:80: note: declared here
 1274 | Q_CORE_EXPORT QT_DEPRECATED_VERSION_X_5_15("use QRandomGenerator instead") int qrand();
      |                                                                                ^~~~~
In file included from panel-plugins/desktopbar/../../LDesktop.h:32,
                 from panel-plugins/desktopbar/../../LSession.h:30,
                 from panel-plugins/desktopbar/LDeskBar.cpp:8:
panel-plugins/desktopbar/../../LDesktopPluginSpace.h: In member function ‘void LDesktopPluginSpace::RemoveItem(QString)’:
panel-plugins/desktopbar/../../LDesktopPluginSpace.h:184:77: warning: ‘static bool QProcess::startDetached(const QString&)’ is deprecated: Use QProcess::startDetached(const QString &program, const QStringList &arguments) instead [-Wdeprecated-declarations]
  184 |               if(!info.isSymLink() && info.isDir()){ QProcess::startDetached("rm -r \""+info.absoluteFilePath()+"\""); }
      |                                                      ~~~~~~~~~~~~~~~~~~~~~~~^~~~~~~~~~~~~~~~~~~~~~~~~~~~~~~~~~~~~~~~~
In file included from /usr/include/qt5/QtCore/QProcess:1,
                 from panel-plugins/desktopbar/LDeskBar.h:18,
                 from panel-plugins/desktopbar/LDeskBar.cpp:7:
/usr/include/qt5/QtCore/qprocess.h:280:17: note: declared here
  280 |     static bool startDetached(const QString &command);
      |                 ^~~~~~~~~~~~~
In file included from panel-plugins/taskmanager/LTaskButton.h:26,
                 from panel-plugins/taskmanager/LTaskManagerPlugin.h:23,
                 from panel-plugins/taskmanager/LTaskManagerPlugin.cpp:7:
panel-plugins/taskmanager/../LTBWidget.h: In member function ‘virtual void LTBWidget::wheelEvent(QWheelEvent*)’:
panel-plugins/taskmanager/../LTBWidget.h:65:36: warning: ‘int QWheelEvent::delta() const’ is deprecated: Use angleDelta() [-Wdeprecated-declarations]
   65 |           int change = event->delta()/120; // 1/15th of a rotation (delta/120) is usually one "click" of the wheel
      |                        ~~~~~~~~~~~~^~
In file included from /usr/include/qt5/QtGui/QWheelEvent:1,
                 from panel-plugins/taskmanager/../LTBWidget.h:12,
                 from panel-plugins/taskmanager/LTaskButton.h:26,
                 from panel-plugins/taskmanager/LTaskManagerPlugin.h:23,
                 from panel-plugins/taskmanager/LTaskManagerPlugin.cpp:7:
/usr/include/qt5/QtGui/qevent.h:219:16: note: declared here
  219 |     inline int delta() const  { return qt4D; }
      |                ^~~~~
In file included from panel-plugins/taskmanager/LTaskManagerPlugin.h:23,
                 from panel-plugins/taskmanager/LTaskManagerPlugin.cpp:7:
panel-plugins/taskmanager/LTaskButton.h: In member function ‘virtual void LTaskButton::changeEvent(QEvent*)’:
panel-plugins/taskmanager/LTaskButton.h:76:37: warning: ‘int qrand()’ is deprecated: use QRandomGenerator instead [-Wdeprecated-declarations]
   76 |             QTimer::singleShot(qrand()%100+500, this, SLOT(UpdateButton()) );
      |                                ~~~~~^~
In file included from /usr/include/qt5/QtGui/qtguiglobal.h:43,
                 from /usr/include/qt5/QtWidgets/qtwidgetsglobal.h:43,
                 from /usr/include/qt5/QtWidgets/qwidget.h:43,
                 from /usr/include/qt5/QtWidgets/QWidget:1,
                 from panel-plugins/taskmanager/LTaskManagerPlugin.h:11,
                 from panel-plugins/taskmanager/LTaskManagerPlugin.cpp:7:
/usr/include/qt5/QtCore/qglobal.h:1274:80: note: declared here
 1274 | Q_CORE_EXPORT QT_DEPRECATED_VERSION_X_5_15("use QRandomGenerator instead") int qrand();
      |                                                                                ^~~~~
g++ -c -pipe -O2 -flto=auto -ffat-lto-objects -fexceptions -g -grecord-gcc-switches -pipe -Wall -Werror=format-security -Wp,-D_FORTIFY_SOURCE=2 -Wp,-D_GLIBCXX_ASSERTIONS -specs=/usr/lib/rpm/redhat/redhat-hardened-cc1 -fstack-protector-strong -specs=/usr/lib/rpm/redhat/redhat-annobin-cc1 -m64 -mtune=generic -fasynchronous-unwind-tables -fstack-clash-protection -fcf-protection -std=gnu++11 -Wall -Wextra -D_REENTRANT -fPIC -DPREFIX=QString\(\"/usr\"\) -DL_ETCDIR=QString\(\"/etc\"\) -DL_SHAREDIR=QString\(\"/usr/share\"\) -DGIT_VERSION="\"a88ea52f\"" -DLTHEMEENGINE_DATADIR=\"/usr/share\" -DQT_NO_DEBUG -DQT_PLUGIN -DQT_SVG_LIB -DQT_WIDGETS_LIB -DQT_X11EXTRAS_LIB -DQT_MULTIMEDIA_LIB -DQT_GUI_LIB -DQT_NETWORK_LIB -DQT_CONCURRENT_LIB -DQT_CORE_LIB -I. -I../../../libLumina -I/usr/include/qt5 -I/usr -I/usr/include -I/home/q5sys/git/lumina/src-qt5/core/lumina-theme-engine/src/lthemeengine-style -I.. -I/usr/include/qt5/QtSvg -I/usr/include/qt5/QtWidgets -I/usr/include/qt5/QtX11Extras -I/usr/include/qt5/QtMultimedia -I/usr/include/qt5/QtGui -I/usr/include/qt5/QtNetwork -I/usr/include/qt5/QtConcurrent -I/usr/include/qt5/QtCore -I.build/moc -I/usr/lib64/qt5/mkspecs/linux-g++ -o .build/obj/LUtils.o ../../../libLumina/LUtils.cpp
In file included from panel-plugins/taskmanager/../../LDesktop.h:32,
                 from panel-plugins/taskmanager/../../LSession.h:30,
                 from panel-plugins/taskmanager/LTaskManagerPlugin.cpp:8:
panel-plugins/taskmanager/../../LDesktopPluginSpace.h: In member function ‘void LDesktopPluginSpace::RemoveItem(QString)’:
panel-plugins/taskmanager/../../LDesktopPluginSpace.h:184:77: warning: ‘static bool QProcess::startDetached(const QString&)’ is deprecated: Use QProcess::startDetached(const QString &program, const QStringList &arguments) instead [-Wdeprecated-declarations]
  184 |               if(!info.isSymLink() && info.isDir()){ QProcess::startDetached("rm -r \""+info.absoluteFilePath()+"\""); }
      |                                                      ~~~~~~~~~~~~~~~~~~~~~~~^~~~~~~~~~~~~~~~~~~~~~~~~~~~~~~~~~~~~~~~~
In file included from /usr/include/qt5/QtCore/QProcess:1,
                 from ../libLumina/LUtils.h:11,
                 from ./Globals.h:10,
                 from panel-plugins/taskmanager/../LTBWidget.h:14,
                 from panel-plugins/taskmanager/LTaskButton.h:26,
                 from panel-plugins/taskmanager/LTaskManagerPlugin.h:23,
                 from panel-plugins/taskmanager/LTaskManagerPlugin.cpp:7:
/usr/include/qt5/QtCore/qprocess.h:280:17: note: declared here
  280 |     static bool startDetached(const QString &command);
      |                 ^~~~~~~~~~~~~
In file included from ./global-includes.h:72,
                 from src-screensaver/LScreenSaver.h:10,
                 from panel-plugins/desktopbar/../../LSession.h:33,
                 from panel-plugins/desktopbar/LDeskBar.cpp:8:
../libLumina/ExternalProcess.h: In static member function ‘static void ExternalProcess::launch(QString, QStringList, bool)’:
../libLumina/ExternalProcess.h:84:41: warning: ‘void QProcess::start(const QString&, QIODevice::OpenMode)’ is deprecated: Use QProcess::start(const QString &program, const QStringList &arguments,OpenMode mode = ReadWrite) instead [-Wdeprecated-declarations]
   84 |           if(args.isEmpty()){ tmp->start(program); }
      |                               ~~~~~~~~~~^~~~~~~~~
In file included from /usr/include/qt5/QtCore/QProcess:1,
                 from panel-plugins/desktopbar/LDeskBar.h:18,
                 from panel-plugins/desktopbar/LDeskBar.cpp:7:
/usr/include/qt5/QtCore/qprocess.h:168:10: note: declared here
  168 |     void start(const QString &command, OpenMode mode = ReadWrite);
      |          ^~~~~
panel-plugins/desktopbar/LDeskBar.cpp: In constructor ‘LDeskBarPlugin::LDeskBarPlugin(QWidget*, QString, bool)’:
panel-plugins/desktopbar/LDeskBar.cpp:18:45: warning: ‘static int QProcess::execute(const QString&)’ is deprecated: Use QProcess::execute(const QString &program, const QStringList &arguments) instead [-Wdeprecated-declarations]
   18 |   if(!QFile::exists(fav)){ QProcess::execute("touch \""+fav+"\""); }
      |                            ~~~~~~~~~~~~~~~~~^~~~~~~~~~~~~~~~~~~~~
In file included from /usr/include/qt5/QtCore/QProcess:1,
                 from panel-plugins/desktopbar/LDeskBar.h:18,
                 from panel-plugins/desktopbar/LDeskBar.cpp:7:
/usr/include/qt5/QtCore/qprocess.h:265:16: note: declared here
  265 |     static int execute(const QString &command);
      |                ^~~~~~~
panel-plugins/desktopbar/LDeskBar.cpp: In member function ‘void LDeskBarPlugin::updateFiles()’:
panel-plugins/desktopbar/LDeskBar.cpp:132:12: warning: unused variable ‘ok’ [-Wunused-variable]
  132 |       bool ok = false;
      |            ^~
g++ -c -pipe -O2 -flto=auto -ffat-lto-objects -fexceptions -g -grecord-gcc-switches -pipe -Wall -Werror=format-security -Wp,-D_FORTIFY_SOURCE=2 -Wp,-D_GLIBCXX_ASSERTIONS -specs=/usr/lib/rpm/redhat/redhat-hardened-cc1 -fstack-protector-strong -specs=/usr/lib/rpm/redhat/redhat-annobin-cc1 -m64 -mtune=generic -fasynchronous-unwind-tables -fstack-clash-protection -fcf-protection -std=gnu++11 -Wall -Wextra -D_REENTRANT -fPIC -DPREFIX=QString\(\"/usr\"\) -DL_ETCDIR=QString\(\"/etc\"\) -DL_SHAREDIR=QString\(\"/usr/share\"\) -DGIT_VERSION="\"a88ea52f\"" -DQT_NO_DEBUG -DQT_MULTIMEDIAWIDGETS_LIB -DQT_SVG_LIB -DQT_WIDGETS_LIB -DQT_X11EXTRAS_LIB -DQT_MULTIMEDIA_LIB -DQT_QUICK_LIB -DQT_GUI_LIB -DQT_QMLMODELS_LIB -DQT_QML_LIB -DQT_NETWORK_LIB -DQT_CONCURRENT_LIB -DQT_CORE_LIB -I. -I../libLumina -I/usr/include/qt5 -I/usr -I/usr/include -I/home/q5sys/git/lumina/src-qt5/core/lumina-desktop -I../../src-cpp -Isrc-screensaver -I/usr/include/qt5/QtMultimediaWidgets -I/usr/include/qt5/QtSvg -I/usr/include/qt5/QtWidgets -I/usr/include/qt5/QtX11Extras -I/usr/include/qt5/QtMultimedia -I/usr/include/qt5/QtQuick -I/usr/include/qt5/QtGui -I/usr/include/qt5/QtQmlModels -I/usr/include/qt5/QtQml -I/usr/include/qt5/QtNetwork -I/usr/include/qt5/QtConcurrent -I/usr/include/qt5/QtCore -I.build/moc -I.build/ui -I/usr/lib64/qt5/mkspecs/linux-g++ -o .build/obj/LTaskButton.o panel-plugins/taskmanager/LTaskButton.cpp
In file included from ./global-includes.h:72,
                 from src-screensaver/LScreenSaver.h:10,
                 from panel-plugins/taskmanager/../../LSession.h:33,
                 from panel-plugins/taskmanager/LTaskManagerPlugin.cpp:8:
../libLumina/ExternalProcess.h: In static member function ‘static void ExternalProcess::launch(QString, QStringList, bool)’:
../libLumina/ExternalProcess.h:84:41: warning: ‘void QProcess::start(const QString&, QIODevice::OpenMode)’ is deprecated: Use QProcess::start(const QString &program, const QStringList &arguments,OpenMode mode = ReadWrite) instead [-Wdeprecated-declarations]
   84 |           if(args.isEmpty()){ tmp->start(program); }
      |                               ~~~~~~~~~~^~~~~~~~~
In file included from /usr/include/qt5/QtCore/QProcess:1,
                 from ../libLumina/LUtils.h:11,
                 from ./Globals.h:10,
                 from panel-plugins/taskmanager/../LTBWidget.h:14,
                 from panel-plugins/taskmanager/LTaskButton.h:26,
                 from panel-plugins/taskmanager/LTaskManagerPlugin.h:23,
                 from panel-plugins/taskmanager/LTaskManagerPlugin.cpp:7:
/usr/include/qt5/QtCore/qprocess.h:168:10: note: declared here
  168 |     void start(const QString &command, OpenMode mode = ReadWrite);
      |          ^~~~~
../../../libLumina/LUtils.cpp: In static member function ‘static QString LUtils::runCommand(bool&, QString, QStringList, QString, QStringList)’:
../../../libLumina/LUtils.cpp:130:38: warning: ‘void QProcess::start(const QString&, QIODevice::OpenMode)’ is deprecated: Use QProcess::start(const QString &program, const QStringList &arguments,OpenMode mode = ReadWrite) instead [-Wdeprecated-declarations]
  130 |   if(arguments.isEmpty()){ proc.start(command); }
      |                            ~~~~~~~~~~^~~~~~~~~
In file included from /usr/include/qt5/QtCore/QProcess:1,
                 from ../../../libLumina/LUtils.h:11,
                 from ../../../libLumina/LUtils.cpp:7:
/usr/include/qt5/QtCore/qprocess.h:168:10: note: declared here
  168 |     void start(const QString &command, OpenMode mode = ReadWrite);
      |          ^~~~~
g++ -c -pipe -O2 -flto=auto -ffat-lto-objects -fexceptions -g -grecord-gcc-switches -pipe -Wall -Werror=format-security -Wp,-D_FORTIFY_SOURCE=2 -Wp,-D_GLIBCXX_ASSERTIONS -specs=/usr/lib/rpm/redhat/redhat-hardened-cc1 -fstack-protector-strong -specs=/usr/lib/rpm/redhat/redhat-annobin-cc1 -m64 -mtune=generic -fasynchronous-unwind-tables -fstack-clash-protection -fcf-protection -std=gnu++11 -Wall -Wextra -D_REENTRANT -fPIC -DPREFIX=QString\(\"/usr\"\) -DL_ETCDIR=QString\(\"/etc\"\) -DL_SHAREDIR=QString\(\"/usr/share\"\) -DGIT_VERSION="\"a88ea52f\"" -DQT_NO_DEBUG -DQT_MULTIMEDIAWIDGETS_LIB -DQT_SVG_LIB -DQT_WIDGETS_LIB -DQT_X11EXTRAS_LIB -DQT_MULTIMEDIA_LIB -DQT_QUICK_LIB -DQT_GUI_LIB -DQT_QMLMODELS_LIB -DQT_QML_LIB -DQT_NETWORK_LIB -DQT_CONCURRENT_LIB -DQT_CORE_LIB -I. -I../libLumina -I/usr/include/qt5 -I/usr -I/usr/include -I/home/q5sys/git/lumina/src-qt5/core/lumina-desktop -I../../src-cpp -Isrc-screensaver -I/usr/include/qt5/QtMultimediaWidgets -I/usr/include/qt5/QtSvg -I/usr/include/qt5/QtWidgets -I/usr/include/qt5/QtX11Extras -I/usr/include/qt5/QtMultimedia -I/usr/include/qt5/QtQuick -I/usr/include/qt5/QtGui -I/usr/include/qt5/QtQmlModels -I/usr/include/qt5/QtQml -I/usr/include/qt5/QtNetwork -I/usr/include/qt5/QtConcurrent -I/usr/include/qt5/QtCore -I.build/moc -I.build/ui -I/usr/lib64/qt5/mkspecs/linux-g++ -o .build/obj/LSysTray.o panel-plugins/systemtray/LSysTray.cpp
In file included from panel-plugins/taskmanager/LTaskButton.h:26,
                 from panel-plugins/taskmanager/LTaskButton.cpp:7:
panel-plugins/taskmanager/../LTBWidget.h: In member function ‘virtual void LTBWidget::wheelEvent(QWheelEvent*)’:
panel-plugins/taskmanager/../LTBWidget.h:65:36: warning: ‘int QWheelEvent::delta() const’ is deprecated: Use angleDelta() [-Wdeprecated-declarations]
   65 |           int change = event->delta()/120; // 1/15th of a rotation (delta/120) is usually one "click" of the wheel
      |                        ~~~~~~~~~~~~^~
In file included from /usr/include/qt5/QtGui/QWheelEvent:1,
                 from panel-plugins/taskmanager/../LTBWidget.h:12,
                 from panel-plugins/taskmanager/LTaskButton.h:26,
                 from panel-plugins/taskmanager/LTaskButton.cpp:7:
/usr/include/qt5/QtGui/qevent.h:219:16: note: declared here
  219 |     inline int delta() const  { return qt4D; }
      |                ^~~~~
In file included from panel-plugins/taskmanager/LTaskButton.cpp:7:
panel-plugins/taskmanager/LTaskButton.h: In member function ‘virtual void LTaskButton::changeEvent(QEvent*)’:
panel-plugins/taskmanager/LTaskButton.h:76:37: warning: ‘int qrand()’ is deprecated: use QRandomGenerator instead [-Wdeprecated-declarations]
   76 |             QTimer::singleShot(qrand()%100+500, this, SLOT(UpdateButton()) );
      |                                ~~~~~^~
In file included from /usr/include/qt5/QtGui/qtguiglobal.h:43,
                 from /usr/include/qt5/QtWidgets/qtwidgetsglobal.h:43,
                 from /usr/include/qt5/QtWidgets/qwidget.h:43,
                 from /usr/include/qt5/QtWidgets/QWidget:1,
                 from panel-plugins/taskmanager/LTaskButton.h:11,
                 from panel-plugins/taskmanager/LTaskButton.cpp:7:
/usr/include/qt5/QtCore/qglobal.h:1274:80: note: declared here
 1274 | Q_CORE_EXPORT QT_DEPRECATED_VERSION_X_5_15("use QRandomGenerator instead") int qrand();
      |                                                                                ^~~~~
g++ -c -pipe -O2 -flto=auto -ffat-lto-objects -fexceptions -g -grecord-gcc-switches -pipe -Wall -Werror=format-security -Wp,-D_FORTIFY_SOURCE=2 -Wp,-D_GLIBCXX_ASSERTIONS -specs=/usr/lib/rpm/redhat/redhat-hardened-cc1 -fstack-protector-strong -specs=/usr/lib/rpm/redhat/redhat-annobin-cc1 -m64 -mtune=generic -fasynchronous-unwind-tables -fstack-clash-protection -fcf-protection -std=gnu++11 -Wall -Wextra -D_REENTRANT -fPIC -DPREFIX=QString\(\"/usr\"\) -DL_ETCDIR=QString\(\"/etc\"\) -DL_SHAREDIR=QString\(\"/usr/share\"\) -DGIT_VERSION="\"a88ea52f\"" -DQT_NO_DEBUG -DQT_MULTIMEDIAWIDGETS_LIB -DQT_SVG_LIB -DQT_WIDGETS_LIB -DQT_X11EXTRAS_LIB -DQT_MULTIMEDIA_LIB -DQT_QUICK_LIB -DQT_GUI_LIB -DQT_QMLMODELS_LIB -DQT_QML_LIB -DQT_NETWORK_LIB -DQT_CONCURRENT_LIB -DQT_CORE_LIB -I. -I../libLumina -I/usr/include/qt5 -I/usr -I/usr/include -I/home/q5sys/git/lumina/src-qt5/core/lumina-desktop -I../../src-cpp -Isrc-screensaver -I/usr/include/qt5/QtMultimediaWidgets -I/usr/include/qt5/QtSvg -I/usr/include/qt5/QtWidgets -I/usr/include/qt5/QtX11Extras -I/usr/include/qt5/QtMultimedia -I/usr/include/qt5/QtQuick -I/usr/include/qt5/QtGui -I/usr/include/qt5/QtQmlModels -I/usr/include/qt5/QtQml -I/usr/include/qt5/QtNetwork -I/usr/include/qt5/QtConcurrent -I/usr/include/qt5/QtCore -I.build/moc -I.build/ui -I/usr/lib64/qt5/mkspecs/linux-g++ -o .build/obj/TrayIcon.o panel-plugins/systemtray/TrayIcon.cpp
In file included from ./LDesktop.h:32,
                 from ./LSession.h:30,
                 from panel-plugins/taskmanager/LTaskButton.cpp:8:
./LDesktopPluginSpace.h: In member function ‘void LDesktopPluginSpace::RemoveItem(QString)’:
./LDesktopPluginSpace.h:184:77: warning: ‘static bool QProcess::startDetached(const QString&)’ is deprecated: Use QProcess::startDetached(const QString &program, const QStringList &arguments) instead [-Wdeprecated-declarations]
  184 |               if(!info.isSymLink() && info.isDir()){ QProcess::startDetached("rm -r \""+info.absoluteFilePath()+"\""); }
      |                                                      ~~~~~~~~~~~~~~~~~~~~~~~^~~~~~~~~~~~~~~~~~~~~~~~~~~~~~~~~~~~~~~~~
In file included from /usr/include/qt5/QtCore/QProcess:1,
                 from ../libLumina/LUtils.h:11,
                 from ./Globals.h:10,
                 from panel-plugins/taskmanager/../LTBWidget.h:14,
                 from panel-plugins/taskmanager/LTaskButton.h:26,
                 from panel-plugins/taskmanager/LTaskButton.cpp:7:
/usr/include/qt5/QtCore/qprocess.h:280:17: note: declared here
  280 |     static bool startDetached(const QString &command);
      |                 ^~~~~~~~~~~~~
In file included from ./global-includes.h:72,
                 from src-screensaver/LScreenSaver.h:10,
                 from ./LSession.h:33,
                 from panel-plugins/taskmanager/LTaskButton.cpp:8:
../libLumina/ExternalProcess.h: In static member function ‘static void ExternalProcess::launch(QString, QStringList, bool)’:
../libLumina/ExternalProcess.h:84:41: warning: ‘void QProcess::start(const QString&, QIODevice::OpenMode)’ is deprecated: Use QProcess::start(const QString &program, const QStringList &arguments,OpenMode mode = ReadWrite) instead [-Wdeprecated-declarations]
   84 |           if(args.isEmpty()){ tmp->start(program); }
      |                               ~~~~~~~~~~^~~~~~~~~
In file included from /usr/include/qt5/QtCore/QProcess:1,
                 from ../libLumina/LUtils.h:11,
                 from ./Globals.h:10,
                 from panel-plugins/taskmanager/../LTBWidget.h:14,
                 from panel-plugins/taskmanager/LTaskButton.h:26,
                 from panel-plugins/taskmanager/LTaskButton.cpp:7:
/usr/include/qt5/QtCore/qprocess.h:168:10: note: declared here
  168 |     void start(const QString &command, OpenMode mode = ReadWrite);
      |          ^~~~~
In file included from panel-plugins/systemtray/../../panel-plugins/taskmanager/LTaskButton.h:26,
                 from panel-plugins/systemtray/../../panel-plugins/taskmanager/LTaskManagerPlugin.h:23,
                 from panel-plugins/systemtray/../../panel-plugins/NewPP.h:23,
                 from panel-plugins/systemtray/../../LPanel.h:24,
                 from panel-plugins/systemtray/../../LDesktop.h:29,
                 from panel-plugins/systemtray/../../LSession.h:30,
                 from panel-plugins/systemtray/LSysTray.cpp:8:
panel-plugins/systemtray/../../panel-plugins/taskmanager/../LTBWidget.h: In member function ‘virtual void LTBWidget::wheelEvent(QWheelEvent*)’:
panel-plugins/systemtray/../../panel-plugins/taskmanager/../LTBWidget.h:65:36: warning: ‘int QWheelEvent::delta() const’ is deprecated: Use angleDelta() [-Wdeprecated-declarations]
   65 |           int change = event->delta()/120; // 1/15th of a rotation (delta/120) is usually one "click" of the wheel
      |                        ~~~~~~~~~~~~^~
In file included from /usr/include/qt5/QtGui/QPaintEvent:1,
                 from panel-plugins/systemtray/TrayIcon.h:17,
                 from panel-plugins/systemtray/LSysTray.h:19,
                 from panel-plugins/systemtray/LSysTray.cpp:7:
/usr/include/qt5/QtGui/qevent.h:219:16: note: declared here
  219 |     inline int delta() const  { return qt4D; }
      |                ^~~~~
In file included from panel-plugins/systemtray/../../panel-plugins/taskmanager/LTaskManagerPlugin.h:23,
                 from panel-plugins/systemtray/../../panel-plugins/NewPP.h:23,
                 from panel-plugins/systemtray/../../LPanel.h:24,
                 from panel-plugins/systemtray/../../LDesktop.h:29,
                 from panel-plugins/systemtray/../../LSession.h:30,
                 from panel-plugins/systemtray/LSysTray.cpp:8:
panel-plugins/systemtray/../../panel-plugins/taskmanager/LTaskButton.h: In member function ‘virtual void LTaskButton::changeEvent(QEvent*)’:
panel-plugins/systemtray/../../panel-plugins/taskmanager/LTaskButton.h:76:37: warning: ‘int qrand()’ is deprecated: use QRandomGenerator instead [-Wdeprecated-declarations]
   76 |             QTimer::singleShot(qrand()%100+500, this, SLOT(UpdateButton()) );
      |                                ~~~~~^~
In file included from /usr/include/qt5/QtGui/qtguiglobal.h:43,
                 from /usr/include/qt5/QtWidgets/qtwidgetsglobal.h:43,
                 from /usr/include/qt5/QtWidgets/qframe.h:43,
                 from /usr/include/qt5/QtWidgets/QFrame:1,
                 from panel-plugins/systemtray/LSysTray.h:11,
                 from panel-plugins/systemtray/LSysTray.cpp:7:
/usr/include/qt5/QtCore/qglobal.h:1274:80: note: declared here
 1274 | Q_CORE_EXPORT QT_DEPRECATED_VERSION_X_5_15("use QRandomGenerator instead") int qrand();
      |                                                                                ^~~~~
In file included from panel-plugins/systemtray/../../LDesktop.h:32,
                 from panel-plugins/systemtray/../../LSession.h:30,
                 from panel-plugins/systemtray/LSysTray.cpp:8:
panel-plugins/systemtray/../../LDesktopPluginSpace.h: In member function ‘void LDesktopPluginSpace::RemoveItem(QString)’:
panel-plugins/systemtray/../../LDesktopPluginSpace.h:184:77: warning: ‘static bool QProcess::startDetached(const QString&)’ is deprecated: Use QProcess::startDetached(const QString &program, const QStringList &arguments) instead [-Wdeprecated-declarations]
  184 |               if(!info.isSymLink() && info.isDir()){ QProcess::startDetached("rm -r \""+info.absoluteFilePath()+"\""); }
      |                                                      ~~~~~~~~~~~~~~~~~~~~~~~^~~~~~~~~~~~~~~~~~~~~~~~~~~~~~~~~~~~~~~~~
In file included from /usr/include/qt5/QtCore/QProcess:1,
                 from ../libLumina/LUtils.h:11,
                 from panel-plugins/systemtray/../../Globals.h:10,
                 from panel-plugins/systemtray/../../LSession.h:26,
                 from panel-plugins/systemtray/LSysTray.cpp:8:
/usr/include/qt5/QtCore/qprocess.h:280:17: note: declared here
  280 |     static bool startDetached(const QString &command);
      |                 ^~~~~~~~~~~~~
In file included from ./panel-plugins/taskmanager/LTaskButton.h:26,
                 from ./panel-plugins/taskmanager/LTaskManagerPlugin.h:23,
                 from ./panel-plugins/NewPP.h:23,
                 from ./LPanel.h:24,
                 from ./LDesktop.h:29,
                 from ./LSession.h:30,
                 from panel-plugins/systemtray/TrayIcon.cpp:9:
./panel-plugins/taskmanager/../LTBWidget.h: In member function ‘virtual void LTBWidget::wheelEvent(QWheelEvent*)’:
./panel-plugins/taskmanager/../LTBWidget.h:65:36: warning: ‘int QWheelEvent::delta() const’ is deprecated: Use angleDelta() [-Wdeprecated-declarations]
   65 |           int change = event->delta()/120; // 1/15th of a rotation (delta/120) is usually one "click" of the wheel
      |                        ~~~~~~~~~~~~^~
In file included from /usr/include/qt5/QtGui/QPaintEvent:1,
                 from panel-plugins/systemtray/TrayIcon.h:17,
                 from panel-plugins/systemtray/TrayIcon.cpp:7:
/usr/include/qt5/QtGui/qevent.h:219:16: note: declared here
  219 |     inline int delta() const  { return qt4D; }
      |                ^~~~~
In file included from ./panel-plugins/taskmanager/LTaskManagerPlugin.h:23,
                 from ./panel-plugins/NewPP.h:23,
                 from ./LPanel.h:24,
                 from ./LDesktop.h:29,
                 from ./LSession.h:30,
                 from panel-plugins/systemtray/TrayIcon.cpp:9:
./panel-plugins/taskmanager/LTaskButton.h: In member function ‘virtual void LTaskButton::changeEvent(QEvent*)’:
./panel-plugins/taskmanager/LTaskButton.h:76:37: warning: ‘int qrand()’ is deprecated: use QRandomGenerator instead [-Wdeprecated-declarations]
   76 |             QTimer::singleShot(qrand()%100+500, this, SLOT(UpdateButton()) );
      |                                ~~~~~^~
In file included from /usr/include/qt5/QtGui/qtguiglobal.h:43,
                 from /usr/include/qt5/QtWidgets/qtwidgetsglobal.h:43,
                 from /usr/include/qt5/QtWidgets/qwidget.h:43,
                 from /usr/include/qt5/QtWidgets/QWidget:1,
                 from panel-plugins/systemtray/TrayIcon.h:15,
                 from panel-plugins/systemtray/TrayIcon.cpp:7:
/usr/include/qt5/QtCore/qglobal.h:1274:80: note: declared here
 1274 | Q_CORE_EXPORT QT_DEPRECATED_VERSION_X_5_15("use QRandomGenerator instead") int qrand();
      |                                                                                ^~~~~
In file included from ./LDesktop.h:32,
                 from ./LSession.h:30,
                 from panel-plugins/systemtray/TrayIcon.cpp:9:
./LDesktopPluginSpace.h: In member function ‘void LDesktopPluginSpace::RemoveItem(QString)’:
./LDesktopPluginSpace.h:184:77: warning: ‘static bool QProcess::startDetached(const QString&)’ is deprecated: Use QProcess::startDetached(const QString &program, const QStringList &arguments) instead [-Wdeprecated-declarations]
  184 |               if(!info.isSymLink() && info.isDir()){ QProcess::startDetached("rm -r \""+info.absoluteFilePath()+"\""); }
      |                                                      ~~~~~~~~~~~~~~~~~~~~~~~^~~~~~~~~~~~~~~~~~~~~~~~~~~~~~~~~~~~~~~~~
In file included from /usr/include/qt5/QtCore/QProcess:1,
                 from ../libLumina/LUtils.h:11,
                 from ./Globals.h:10,
                 from ./LSession.h:26,
                 from panel-plugins/systemtray/TrayIcon.cpp:9:
/usr/include/qt5/QtCore/qprocess.h:280:17: note: declared here
  280 |     static bool startDetached(const QString &command);
      |                 ^~~~~~~~~~~~~
g++ -c -pipe -O2 -flto=auto -ffat-lto-objects -fexceptions -g -grecord-gcc-switches -pipe -Wall -Werror=format-security -Wp,-D_FORTIFY_SOURCE=2 -Wp,-D_GLIBCXX_ASSERTIONS -specs=/usr/lib/rpm/redhat/redhat-hardened-cc1 -fstack-protector-strong -specs=/usr/lib/rpm/redhat/redhat-annobin-cc1 -m64 -mtune=generic -fasynchronous-unwind-tables -fstack-clash-protection -fcf-protection -std=gnu++11 -Wall -Wextra -D_REENTRANT -fPIC -DPREFIX=QString\(\"/usr\"\) -DL_ETCDIR=QString\(\"/etc\"\) -DL_SHAREDIR=QString\(\"/usr/share\"\) -DGIT_VERSION="\"a88ea52f\"" -DLTHEMEENGINE_DATADIR=\"/usr/share\" -DQT_NO_DEBUG -DQT_PLUGIN -DQT_SVG_LIB -DQT_WIDGETS_LIB -DQT_X11EXTRAS_LIB -DQT_MULTIMEDIA_LIB -DQT_GUI_LIB -DQT_NETWORK_LIB -DQT_CONCURRENT_LIB -DQT_CORE_LIB -I. -I../../../libLumina -I/usr/include/qt5 -I/usr -I/usr/include -I/home/q5sys/git/lumina/src-qt5/core/lumina-theme-engine/src/lthemeengine-style -I.. -I/usr/include/qt5/QtSvg -I/usr/include/qt5/QtWidgets -I/usr/include/qt5/QtX11Extras -I/usr/include/qt5/QtMultimedia -I/usr/include/qt5/QtGui -I/usr/include/qt5/QtNetwork -I/usr/include/qt5/QtConcurrent -I/usr/include/qt5/QtCore -I.build/moc -I/usr/lib64/qt5/mkspecs/linux-g++ -o .build/obj/LuminaThemes.o ../../../libLumina/LuminaThemes.cpp
In file included from ./global-includes.h:72,
                 from src-screensaver/LScreenSaver.h:10,
                 from panel-plugins/systemtray/../../LSession.h:33,
                 from panel-plugins/systemtray/LSysTray.cpp:8:
../libLumina/ExternalProcess.h: In static member function ‘static void ExternalProcess::launch(QString, QStringList, bool)’:
../libLumina/ExternalProcess.h:84:41: warning: ‘void QProcess::start(const QString&, QIODevice::OpenMode)’ is deprecated: Use QProcess::start(const QString &program, const QStringList &arguments,OpenMode mode = ReadWrite) instead [-Wdeprecated-declarations]
   84 |           if(args.isEmpty()){ tmp->start(program); }
      |                               ~~~~~~~~~~^~~~~~~~~
In file included from /usr/include/qt5/QtCore/QProcess:1,
                 from ../libLumina/LUtils.h:11,
                 from panel-plugins/systemtray/../../Globals.h:10,
                 from panel-plugins/systemtray/../../LSession.h:26,
                 from panel-plugins/systemtray/LSysTray.cpp:8:
/usr/include/qt5/QtCore/qprocess.h:168:10: note: declared here
  168 |     void start(const QString &command, OpenMode mode = ReadWrite);
      |          ^~~~~
g++ -c -pipe -O2 -flto=auto -ffat-lto-objects -fexceptions -g -grecord-gcc-switches -pipe -Wall -Werror=format-security -Wp,-D_FORTIFY_SOURCE=2 -Wp,-D_GLIBCXX_ASSERTIONS -specs=/usr/lib/rpm/redhat/redhat-hardened-cc1 -fstack-protector-strong -specs=/usr/lib/rpm/redhat/redhat-annobin-cc1 -m64 -mtune=generic -fasynchronous-unwind-tables -fstack-clash-protection -fcf-protection -std=gnu++11 -Wall -Wextra -D_REENTRANT -fPIC -DPREFIX=QString\(\"/usr\"\) -DL_ETCDIR=QString\(\"/etc\"\) -DL_SHAREDIR=QString\(\"/usr/share\"\) -DGIT_VERSION="\"a88ea52f\"" -DQT_NO_DEBUG -DQT_MULTIMEDIAWIDGETS_LIB -DQT_SVG_LIB -DQT_WIDGETS_LIB -DQT_X11EXTRAS_LIB -DQT_MULTIMEDIA_LIB -DQT_QUICK_LIB -DQT_GUI_LIB -DQT_QMLMODELS_LIB -DQT_QML_LIB -DQT_NETWORK_LIB -DQT_CONCURRENT_LIB -DQT_CORE_LIB -I. -I../libLumina -I/usr/include/qt5 -I/usr -I/usr/include -I/home/q5sys/git/lumina/src-qt5/core/lumina-desktop -I../../src-cpp -Isrc-screensaver -I/usr/include/qt5/QtMultimediaWidgets -I/usr/include/qt5/QtSvg -I/usr/include/qt5/QtWidgets -I/usr/include/qt5/QtX11Extras -I/usr/include/qt5/QtMultimedia -I/usr/include/qt5/QtQuick -I/usr/include/qt5/QtGui -I/usr/include/qt5/QtQmlModels -I/usr/include/qt5/QtQml -I/usr/include/qt5/QtNetwork -I/usr/include/qt5/QtConcurrent -I/usr/include/qt5/QtCore -I.build/moc -I.build/ui -I/usr/lib64/qt5/mkspecs/linux-g++ -o .build/obj/LClock.o panel-plugins/clock/LClock.cpp
In file included from ./global-includes.h:72,
                 from src-screensaver/LScreenSaver.h:10,
                 from ./LSession.h:33,
                 from panel-plugins/systemtray/TrayIcon.cpp:9:
../libLumina/ExternalProcess.h: In static member function ‘static void ExternalProcess::launch(QString, QStringList, bool)’:
../libLumina/ExternalProcess.h:84:41: warning: ‘void QProcess::start(const QString&, QIODevice::OpenMode)’ is deprecated: Use QProcess::start(const QString &program, const QStringList &arguments,OpenMode mode = ReadWrite) instead [-Wdeprecated-declarations]
   84 |           if(args.isEmpty()){ tmp->start(program); }
      |                               ~~~~~~~~~~^~~~~~~~~
In file included from /usr/include/qt5/QtCore/QProcess:1,
                 from ../libLumina/LUtils.h:11,
                 from ./Globals.h:10,
                 from ./LSession.h:26,
                 from panel-plugins/systemtray/TrayIcon.cpp:9:
/usr/include/qt5/QtCore/qprocess.h:168:10: note: declared here
  168 |     void start(const QString &command, OpenMode mode = ReadWrite);
      |          ^~~~~
g++ -c -pipe -O2 -flto=auto -ffat-lto-objects -fexceptions -g -grecord-gcc-switches -pipe -Wall -Werror=format-security -Wp,-D_FORTIFY_SOURCE=2 -Wp,-D_GLIBCXX_ASSERTIONS -specs=/usr/lib/rpm/redhat/redhat-hardened-cc1 -fstack-protector-strong -specs=/usr/lib/rpm/redhat/redhat-annobin-cc1 -m64 -mtune=generic -fasynchronous-unwind-tables -fstack-clash-protection -fcf-protection -std=gnu++11 -Wall -Wextra -D_REENTRANT -fPIC -DPREFIX=QString\(\"/usr\"\) -DL_ETCDIR=QString\(\"/etc\"\) -DL_SHAREDIR=QString\(\"/usr/share\"\) -DGIT_VERSION="\"a88ea52f\"" -DQT_NO_DEBUG -DQT_MULTIMEDIAWIDGETS_LIB -DQT_SVG_LIB -DQT_WIDGETS_LIB -DQT_X11EXTRAS_LIB -DQT_MULTIMEDIA_LIB -DQT_QUICK_LIB -DQT_GUI_LIB -DQT_QMLMODELS_LIB -DQT_QML_LIB -DQT_NETWORK_LIB -DQT_CONCURRENT_LIB -DQT_CORE_LIB -I. -I../libLumina -I/usr/include/qt5 -I/usr -I/usr/include -I/home/q5sys/git/lumina/src-qt5/core/lumina-desktop -I../../src-cpp -Isrc-screensaver -I/usr/include/qt5/QtMultimediaWidgets -I/usr/include/qt5/QtSvg -I/usr/include/qt5/QtWidgets -I/usr/include/qt5/QtX11Extras -I/usr/include/qt5/QtMultimedia -I/usr/include/qt5/QtQuick -I/usr/include/qt5/QtGui -I/usr/include/qt5/QtQmlModels -I/usr/include/qt5/QtQml -I/usr/include/qt5/QtNetwork -I/usr/include/qt5/QtConcurrent -I/usr/include/qt5/QtCore -I.build/moc -I.build/ui -I/usr/lib64/qt5/mkspecs/linux-g++ -o .build/obj/LBattery.o panel-plugins/battery/LBattery.cpp
g++ -c -pipe -O2 -flto=auto -ffat-lto-objects -fexceptions -g -grecord-gcc-switches -pipe -Wall -Werror=format-security -Wp,-D_FORTIFY_SOURCE=2 -Wp,-D_GLIBCXX_ASSERTIONS -specs=/usr/lib/rpm/redhat/redhat-hardened-cc1 -fstack-protector-strong -specs=/usr/lib/rpm/redhat/redhat-annobin-cc1 -m64 -mtune=generic -fasynchronous-unwind-tables -fstack-clash-protection -fcf-protection -std=gnu++11 -Wall -Wextra -D_REENTRANT -fPIC -DPREFIX=QString\(\"/usr\"\) -DL_ETCDIR=QString\(\"/etc\"\) -DL_SHAREDIR=QString\(\"/usr/share\"\) -DGIT_VERSION="\"a88ea52f\"" -DLTHEMEENGINE_DATADIR=\"/usr/share\" -DQT_NO_DEBUG -DQT_PLUGIN -DQT_SVG_LIB -DQT_WIDGETS_LIB -DQT_X11EXTRAS_LIB -DQT_MULTIMEDIA_LIB -DQT_GUI_LIB -DQT_NETWORK_LIB -DQT_CONCURRENT_LIB -DQT_CORE_LIB -I. -I../../../libLumina -I/usr/include/qt5 -I/usr -I/usr/include -I/home/q5sys/git/lumina/src-qt5/core/lumina-theme-engine/src/lthemeengine-style -I.. -I/usr/include/qt5/QtSvg -I/usr/include/qt5/QtWidgets -I/usr/include/qt5/QtX11Extras -I/usr/include/qt5/QtMultimedia -I/usr/include/qt5/QtGui -I/usr/include/qt5/QtNetwork -I/usr/include/qt5/QtConcurrent -I/usr/include/qt5/QtCore -I.build/moc -I/usr/lib64/qt5/mkspecs/linux-g++ -o .build/obj/LuminaXDG.o ../../../libLumina/LuminaXDG.cpp
In file included from ./panel-plugins/taskmanager/LTaskButton.h:26,
                 from ./panel-plugins/taskmanager/LTaskManagerPlugin.h:23,
                 from ./panel-plugins/NewPP.h:23,
                 from ./LPanel.h:24,
                 from ./LDesktop.h:29,
                 from ./LSession.h:30,
                 from panel-plugins/clock/LClock.cpp:8:
./panel-plugins/taskmanager/../LTBWidget.h: In member function ‘virtual void LTBWidget::wheelEvent(QWheelEvent*)’:
./panel-plugins/taskmanager/../LTBWidget.h:65:36: warning: ‘int QWheelEvent::delta() const’ is deprecated: Use angleDelta() [-Wdeprecated-declarations]
   65 |           int change = event->delta()/120; // 1/15th of a rotation (delta/120) is usually one "click" of the wheel
      |                        ~~~~~~~~~~~~^~
In file included from /usr/include/qt5/QtGui/QMoveEvent:1,
                 from ./LPanel.h:19,
                 from ./LDesktop.h:29,
                 from ./LSession.h:30,
                 from panel-plugins/clock/LClock.cpp:8:
/usr/include/qt5/QtGui/qevent.h:219:16: note: declared here
  219 |     inline int delta() const  { return qt4D; }
      |                ^~~~~
In file included from ./panel-plugins/taskmanager/LTaskManagerPlugin.h:23,
                 from ./panel-plugins/NewPP.h:23,
                 from ./LPanel.h:24,
                 from ./LDesktop.h:29,
                 from ./LSession.h:30,
                 from panel-plugins/clock/LClock.cpp:8:
./panel-plugins/taskmanager/LTaskButton.h: In member function ‘virtual void LTaskButton::changeEvent(QEvent*)’:
./panel-plugins/taskmanager/LTaskButton.h:76:37: warning: ‘int qrand()’ is deprecated: use QRandomGenerator instead [-Wdeprecated-declarations]
   76 |             QTimer::singleShot(qrand()%100+500, this, SLOT(UpdateButton()) );
      |                                ~~~~~^~
In file included from /usr/include/qt5/QtCore/qtimer.h:43,
                 from /usr/include/qt5/QtCore/QTimer:1,
                 from panel-plugins/clock/LClock.h:10,
                 from panel-plugins/clock/LClock.cpp:7:
/usr/include/qt5/QtCore/qglobal.h:1274:80: note: declared here
 1274 | Q_CORE_EXPORT QT_DEPRECATED_VERSION_X_5_15("use QRandomGenerator instead") int qrand();
      |                                                                                ^~~~~
In file included from ./LDesktop.h:32,
                 from ./LSession.h:30,
                 from panel-plugins/clock/LClock.cpp:8:
./LDesktopPluginSpace.h: In member function ‘void LDesktopPluginSpace::RemoveItem(QString)’:
./LDesktopPluginSpace.h:184:77: warning: ‘static bool QProcess::startDetached(const QString&)’ is deprecated: Use QProcess::startDetached(const QString &program, const QStringList &arguments) instead [-Wdeprecated-declarations]
  184 |               if(!info.isSymLink() && info.isDir()){ QProcess::startDetached("rm -r \""+info.absoluteFilePath()+"\""); }
      |                                                      ~~~~~~~~~~~~~~~~~~~~~~~^~~~~~~~~~~~~~~~~~~~~~~~~~~~~~~~~~~~~~~~~
In file included from /usr/include/qt5/QtCore/QProcess:1,
                 from ../libLumina/LUtils.h:11,
                 from ./Globals.h:10,
                 from ./LSession.h:26,
                 from panel-plugins/clock/LClock.cpp:8:
/usr/include/qt5/QtCore/qprocess.h:280:17: note: declared here
  280 |     static bool startDetached(const QString &command);
      |                 ^~~~~~~~~~~~~
../../../libLumina/LuminaXDG.cpp: In member function ‘void XDGDesktop::sync()’:
../../../libLumina/LuminaXDG.cpp:117:65: warning: ‘QStringList QString::split(const QString&, QString::SplitBehavior, Qt::CaseSensitivity) const’ is deprecated: Use Qt::SplitBehavior variant instead [-Wdeprecated-declarations]
  117 |     else if(var=="Categories" && insection){ catList = val.split(";",QString::SkipEmptyParts); }
      |                                                        ~~~~~~~~~^~~~~~~~~~~~~~~~~~~~~~~~~~~~~
In file included from /usr/include/qt5/QtCore/qobject.h:47,
                 from /usr/include/qt5/QtCore/qiodevice.h:45,
                 from /usr/include/qt5/QtCore/qfiledevice.h:43,
                 from /usr/include/qt5/QtCore/qfile.h:44,
                 from /usr/include/qt5/QtCore/QFile:1,
                 from ../../../libLumina/LuminaXDG.h:18,
                 from ../../../libLumina/LuminaXDG.cpp:7:
/usr/include/qt5/QtCore/qstring.h:609:17: note: declared here
  609 |     QStringList split(const QString &sep, SplitBehavior behavior,
      |                 ^~~~~
../../../libLumina/LuminaXDG.cpp:118:68: warning: ‘QStringList QString::split(const QString&, QString::SplitBehavior, Qt::CaseSensitivity) const’ is deprecated: Use Qt::SplitBehavior variant instead [-Wdeprecated-declarations]
  118 |     else if(var=="OnlyShowIn" && insection){ showInList = val.split(";",QString::SkipEmptyParts); }
      |                                                           ~~~~~~~~~^~~~~~~~~~~~~~~~~~~~~~~~~~~~~
In file included from /usr/include/qt5/QtCore/qobject.h:47,
                 from /usr/include/qt5/QtCore/qiodevice.h:45,
                 from /usr/include/qt5/QtCore/qfiledevice.h:43,
                 from /usr/include/qt5/QtCore/qfile.h:44,
                 from /usr/include/qt5/QtCore/QFile:1,
                 from ../../../libLumina/LuminaXDG.h:18,
                 from ../../../libLumina/LuminaXDG.cpp:7:
/usr/include/qt5/QtCore/qstring.h:609:17: note: declared here
  609 |     QStringList split(const QString &sep, SplitBehavior behavior,
      |                 ^~~~~
../../../libLumina/LuminaXDG.cpp:119:70: warning: ‘QStringList QString::split(const QString&, QString::SplitBehavior, Qt::CaseSensitivity) const’ is deprecated: Use Qt::SplitBehavior variant instead [-Wdeprecated-declarations]
  119 |     else if(var=="NotShowIn" && insection){ notShowInList = val.split(";",QString::SkipEmptyParts); }
      |                                                             ~~~~~~~~~^~~~~~~~~~~~~~~~~~~~~~~~~~~~~
In file included from /usr/include/qt5/QtCore/qobject.h:47,
                 from /usr/include/qt5/QtCore/qiodevice.h:45,
                 from /usr/include/qt5/QtCore/qfiledevice.h:43,
                 from /usr/include/qt5/QtCore/qfile.h:44,
                 from /usr/include/qt5/QtCore/QFile:1,
                 from ../../../libLumina/LuminaXDG.h:18,
                 from ../../../libLumina/LuminaXDG.cpp:7:
/usr/include/qt5/QtCore/qstring.h:609:17: note: declared here
  609 |     QStringList split(const QString &sep, SplitBehavior behavior,
      |                 ^~~~~
../../../libLumina/LuminaXDG.cpp:121:65: warning: ‘QStringList QString::split(const QString&, QString::SplitBehavior, Qt::CaseSensitivity) const’ is deprecated: Use Qt::SplitBehavior variant instead [-Wdeprecated-declarations]
  121 |     else if(var=="Actions" && insection){ actionList = val.split(";",QString::SkipEmptyParts); }
      |                                                        ~~~~~~~~~^~~~~~~~~~~~~~~~~~~~~~~~~~~~~
In file included from /usr/include/qt5/QtCore/qobject.h:47,
                 from /usr/include/qt5/QtCore/qiodevice.h:45,
                 from /usr/include/qt5/QtCore/qfiledevice.h:43,
                 from /usr/include/qt5/QtCore/qfile.h:44,
                 from /usr/include/qt5/QtCore/QFile:1,
                 from ../../../libLumina/LuminaXDG.h:18,
                 from ../../../libLumina/LuminaXDG.cpp:7:
/usr/include/qt5/QtCore/qstring.h:609:17: note: declared here
  609 |     QStringList split(const QString &sep, SplitBehavior behavior,
      |                 ^~~~~
../../../libLumina/LuminaXDG.cpp:122:64: warning: ‘QStringList QString::split(const QString&, QString::SplitBehavior, Qt::CaseSensitivity) const’ is deprecated: Use Qt::SplitBehavior variant instead [-Wdeprecated-declarations]
  122 |     else if(var=="MimeType" && insection){ mimeList = val.split(";",QString::SkipEmptyParts); }
      |                                                       ~~~~~~~~~^~~~~~~~~~~~~~~~~~~~~~~~~~~~~
In file included from /usr/include/qt5/QtCore/qobject.h:47,
                 from /usr/include/qt5/QtCore/qiodevice.h:45,
                 from /usr/include/qt5/QtCore/qfiledevice.h:43,
                 from /usr/include/qt5/QtCore/qfile.h:44,
                 from /usr/include/qt5/QtCore/QFile:1,
                 from ../../../libLumina/LuminaXDG.h:18,
                 from ../../../libLumina/LuminaXDG.cpp:7:
/usr/include/qt5/QtCore/qstring.h:609:17: note: declared here
  609 |     QStringList split(const QString &sep, SplitBehavior behavior,
      |                 ^~~~~
../../../libLumina/LuminaXDG.cpp:124:66: warning: ‘QStringList QString::split(const QString&, QString::SplitBehavior, Qt::CaseSensitivity) const’ is deprecated: Use Qt::SplitBehavior variant instead [-Wdeprecated-declarations]
  124 |       if(keyList.isEmpty() && loc.isEmpty()){ keyList = val.split(";",QString::SkipEmptyParts); }
      |                                                         ~~~~~~~~~^~~~~~~~~~~~~~~~~~~~~~~~~~~~~
In file included from /usr/include/qt5/QtCore/qobject.h:47,
                 from /usr/include/qt5/QtCore/qiodevice.h:45,
                 from /usr/include/qt5/QtCore/qfiledevice.h:43,
                 from /usr/include/qt5/QtCore/qfile.h:44,
                 from /usr/include/qt5/QtCore/QFile:1,
                 from ../../../libLumina/LuminaXDG.h:18,
                 from ../../../libLumina/LuminaXDG.cpp:7:
/usr/include/qt5/QtCore/qstring.h:609:17: note: declared here
  609 |     QStringList split(const QString &sep, SplitBehavior behavior,
      |                 ^~~~~
../../../libLumina/LuminaXDG.cpp:125:48: warning: ‘QStringList QString::split(const QString&, QString::SplitBehavior, Qt::CaseSensitivity) const’ is deprecated: Use Qt::SplitBehavior variant instead [-Wdeprecated-declarations]
  125 |       else if(loc == lang){ keyList = val.split(";",QString::SkipEmptyParts); }
      |                                       ~~~~~~~~~^~~~~~~~~~~~~~~~~~~~~~~~~~~~~
In file included from /usr/include/qt5/QtCore/qobject.h:47,
                 from /usr/include/qt5/QtCore/qiodevice.h:45,
                 from /usr/include/qt5/QtCore/qfiledevice.h:43,
                 from /usr/include/qt5/QtCore/qfile.h:44,
                 from /usr/include/qt5/QtCore/QFile:1,
                 from ../../../libLumina/LuminaXDG.h:18,
                 from ../../../libLumina/LuminaXDG.cpp:7:
/usr/include/qt5/QtCore/qstring.h:609:17: note: declared here
  609 |     QStringList split(const QString &sep, SplitBehavior behavior,
      |                 ^~~~~
../../../libLumina/LuminaXDG.cpp: In static member function ‘static QStringList LXDG::getIconThemeDepChain(QString, QStringList)’:
../../../libLumina/LuminaXDG.cpp:1042:52: warning: ‘QStringList QString::split(const QString&, QString::SplitBehavior, Qt::CaseSensitivity) const’ is deprecated: Use Qt::SplitBehavior variant instead [-Wdeprecated-declarations]
 1042 |         deps = deps.first().section("=",1,-1).split(";",QString::SkipEmptyParts);
      |                ~~~~~~~~~~~~~~~~~~~~~~~~~~~~~~~~~~~~^~~~~~~~~~~~~~~~~~~~~~~~~~~~~
In file included from /usr/include/qt5/QtCore/qobject.h:47,
                 from /usr/include/qt5/QtCore/qiodevice.h:45,
                 from /usr/include/qt5/QtCore/qfiledevice.h:43,
                 from /usr/include/qt5/QtCore/qfile.h:44,
                 from /usr/include/qt5/QtCore/QFile:1,
                 from ../../../libLumina/LuminaXDG.h:18,
                 from ../../../libLumina/LuminaXDG.cpp:7:
/usr/include/qt5/QtCore/qstring.h:609:17: note: declared here
  609 |     QStringList split(const QString &sep, SplitBehavior behavior,
      |                 ^~~~~
../../../libLumina/LuminaXDG.cpp: In static member function ‘static QStringList LXDG::findAvailableAppsForMime(QString)’:
../../../libLumina/LuminaXDG.cpp:1310:62: warning: ‘QStringList QString::split(const QString&, QString::SplitBehavior, Qt::CaseSensitivity) const’ is deprecated: Use Qt::SplitBehavior variant instead [-Wdeprecated-declarations]
 1310 |         QStringList files = matches[j].section("=",1,1).split(";",QString::SkipEmptyParts);
      |                             ~~~~~~~~~~~~~~~~~~~~~~~~~~~~~~~~~^~~~~~~~~~~~~~~~~~~~~~~~~~~~~
In file included from /usr/include/qt5/QtCore/qobject.h:47,
                 from /usr/include/qt5/QtCore/qiodevice.h:45,
                 from /usr/include/qt5/QtCore/qfiledevice.h:43,
                 from /usr/include/qt5/QtCore/qfile.h:44,
                 from /usr/include/qt5/QtCore/QFile:1,
                 from ../../../libLumina/LuminaXDG.h:18,
                 from ../../../libLumina/LuminaXDG.cpp:7:
/usr/include/qt5/QtCore/qstring.h:609:17: note: declared here
  609 |     QStringList split(const QString &sep, SplitBehavior behavior,
      |                 ^~~~~
In file included from ./global-includes.h:72,
                 from src-screensaver/LScreenSaver.h:10,
                 from ./LSession.h:33,
                 from panel-plugins/clock/LClock.cpp:8:
../libLumina/ExternalProcess.h: In static member function ‘static void ExternalProcess::launch(QString, QStringList, bool)’:
../libLumina/ExternalProcess.h:84:41: warning: ‘void QProcess::start(const QString&, QIODevice::OpenMode)’ is deprecated: Use QProcess::start(const QString &program, const QStringList &arguments,OpenMode mode = ReadWrite) instead [-Wdeprecated-declarations]
   84 |           if(args.isEmpty()){ tmp->start(program); }
      |                               ~~~~~~~~~~^~~~~~~~~
In file included from /usr/include/qt5/QtCore/QProcess:1,
                 from ../libLumina/LUtils.h:11,
                 from ./Globals.h:10,
                 from ./LSession.h:26,
                 from panel-plugins/clock/LClock.cpp:8:
/usr/include/qt5/QtCore/qprocess.h:168:10: note: declared here
  168 |     void start(const QString &command, OpenMode mode = ReadWrite);
      |          ^~~~~
In file included from ./panel-plugins/taskmanager/LTaskButton.h:26,
                 from ./panel-plugins/taskmanager/LTaskManagerPlugin.h:23,
                 from ./panel-plugins/NewPP.h:23,
                 from ./LPanel.h:24,
                 from ./LDesktop.h:29,
                 from ./LSession.h:30,
                 from panel-plugins/battery/LBattery.cpp:8:
./panel-plugins/taskmanager/../LTBWidget.h: In member function ‘virtual void LTBWidget::wheelEvent(QWheelEvent*)’:
./panel-plugins/taskmanager/../LTBWidget.h:65:36: warning: ‘int QWheelEvent::delta() const’ is deprecated: Use angleDelta() [-Wdeprecated-declarations]
   65 |           int change = event->delta()/120; // 1/15th of a rotation (delta/120) is usually one "click" of the wheel
      |                        ~~~~~~~~~~~~^~
In file included from /usr/include/qt5/QtGui/QMoveEvent:1,
                 from ./LPanel.h:19,
                 from ./LDesktop.h:29,
                 from ./LSession.h:30,
                 from panel-plugins/battery/LBattery.cpp:8:
/usr/include/qt5/QtGui/qevent.h:219:16: note: declared here
  219 |     inline int delta() const  { return qt4D; }
      |                ^~~~~
In file included from ./panel-plugins/taskmanager/LTaskManagerPlugin.h:23,
                 from ./panel-plugins/NewPP.h:23,
                 from ./LPanel.h:24,
                 from ./LDesktop.h:29,
                 from ./LSession.h:30,
                 from panel-plugins/battery/LBattery.cpp:8:
./panel-plugins/taskmanager/LTaskButton.h: In member function ‘virtual void LTaskButton::changeEvent(QEvent*)’:
./panel-plugins/taskmanager/LTaskButton.h:76:37: warning: ‘int qrand()’ is deprecated: use QRandomGenerator instead [-Wdeprecated-declarations]
   76 |             QTimer::singleShot(qrand()%100+500, this, SLOT(UpdateButton()) );
      |                                ~~~~~^~
In file included from /usr/include/qt5/QtCore/qtimer.h:43,
                 from /usr/include/qt5/QtCore/QTimer:1,
                 from panel-plugins/battery/LBattery.h:10,
                 from panel-plugins/battery/LBattery.cpp:7:
/usr/include/qt5/QtCore/qglobal.h:1274:80: note: declared here
 1274 | Q_CORE_EXPORT QT_DEPRECATED_VERSION_X_5_15("use QRandomGenerator instead") int qrand();
      |                                                                                ^~~~~
In file included from ./LDesktop.h:32,
                 from ./LSession.h:30,
                 from panel-plugins/battery/LBattery.cpp:8:
./LDesktopPluginSpace.h: In member function ‘void LDesktopPluginSpace::RemoveItem(QString)’:
./LDesktopPluginSpace.h:184:77: warning: ‘static bool QProcess::startDetached(const QString&)’ is deprecated: Use QProcess::startDetached(const QString &program, const QStringList &arguments) instead [-Wdeprecated-declarations]
  184 |               if(!info.isSymLink() && info.isDir()){ QProcess::startDetached("rm -r \""+info.absoluteFilePath()+"\""); }
      |                                                      ~~~~~~~~~~~~~~~~~~~~~~~^~~~~~~~~~~~~~~~~~~~~~~~~~~~~~~~~~~~~~~~~
In file included from /usr/include/qt5/QtCore/QProcess:1,
                 from ../libLumina/LUtils.h:11,
                 from panel-plugins/battery/LBattery.h:15,
                 from panel-plugins/battery/LBattery.cpp:7:
/usr/include/qt5/QtCore/qprocess.h:280:17: note: declared here
  280 |     static bool startDetached(const QString &command);
      |                 ^~~~~~~~~~~~~
g++ -c -pipe -O2 -flto=auto -ffat-lto-objects -fexceptions -g -grecord-gcc-switches -pipe -Wall -Werror=format-security -Wp,-D_FORTIFY_SOURCE=2 -Wp,-D_GLIBCXX_ASSERTIONS -specs=/usr/lib/rpm/redhat/redhat-hardened-cc1 -fstack-protector-strong -specs=/usr/lib/rpm/redhat/redhat-annobin-cc1 -m64 -mtune=generic -fasynchronous-unwind-tables -fstack-clash-protection -fcf-protection -std=gnu++11 -Wall -Wextra -D_REENTRANT -fPIC -DPREFIX=QString\(\"/usr\"\) -DL_ETCDIR=QString\(\"/etc\"\) -DL_SHAREDIR=QString\(\"/usr/share\"\) -DGIT_VERSION="\"a88ea52f\"" -DLTHEMEENGINE_DATADIR=\"/usr/share\" -DQT_NO_DEBUG -DQT_PLUGIN -DQT_SVG_LIB -DQT_WIDGETS_LIB -DQT_X11EXTRAS_LIB -DQT_MULTIMEDIA_LIB -DQT_GUI_LIB -DQT_NETWORK_LIB -DQT_CONCURRENT_LIB -DQT_CORE_LIB -I. -I../../../libLumina -I/usr/include/qt5 -I/usr -I/usr/include -I/home/q5sys/git/lumina/src-qt5/core/lumina-theme-engine/src/lthemeengine-style -I.. -I/usr/include/qt5/QtSvg -I/usr/include/qt5/QtWidgets -I/usr/include/qt5/QtX11Extras -I/usr/include/qt5/QtMultimedia -I/usr/include/qt5/QtGui -I/usr/include/qt5/QtNetwork -I/usr/include/qt5/QtConcurrent -I/usr/include/qt5/QtCore -I.build/moc -I/usr/lib64/qt5/mkspecs/linux-g++ -o .build/obj/LFileInfo.o ../../../libLumina/LFileInfo.cpp
In file included from ./global-includes.h:72,
                 from src-screensaver/LScreenSaver.h:10,
                 from ./LSession.h:33,
                 from panel-plugins/battery/LBattery.cpp:8:
../libLumina/ExternalProcess.h: In static member function ‘static void ExternalProcess::launch(QString, QStringList, bool)’:
../libLumina/ExternalProcess.h:84:41: warning: ‘void QProcess::start(const QString&, QIODevice::OpenMode)’ is deprecated: Use QProcess::start(const QString &program, const QStringList &arguments,OpenMode mode = ReadWrite) instead [-Wdeprecated-declarations]
   84 |           if(args.isEmpty()){ tmp->start(program); }
      |                               ~~~~~~~~~~^~~~~~~~~
In file included from /usr/include/qt5/QtCore/QProcess:1,
                 from ../libLumina/LUtils.h:11,
                 from panel-plugins/battery/LBattery.h:15,
                 from panel-plugins/battery/LBattery.cpp:7:
/usr/include/qt5/QtCore/qprocess.h:168:10: note: declared here
  168 |     void start(const QString &command, OpenMode mode = ReadWrite);
      |          ^~~~~
panel-plugins/battery/LBattery.cpp: In member function ‘void LBattery::updateBattery(bool)’:
panel-plugins/battery/LBattery.cpp:31:35: warning: unused parameter ‘force’ [-Wunused-parameter]
   31 | void LBattery::updateBattery(bool force){
      |                              ~~~~~^~~~~
../../../libLumina/LFileInfo.cpp: In member function ‘void LFileInfo::getZfsDataset()’:
../../../libLumina/LFileInfo.cpp:103:80: warning: ‘QStringList QString::split(const QString&, QString::SplitBehavior, Qt::CaseSensitivity) const’ is deprecated: Use Qt::SplitBehavior variant instead [-Wdeprecated-declarations]
  103 |         if(!gplist.isEmpty()){ gplist = gplist.first().replace("\t", " ").split(" ",QString::SkipEmptyParts); gplist.removeAll("groups"); }
      |                                         ~~~~~~~~~~~~~~~~~~~~~~~~~~~~~~~~~~~~~~~^~~~~~~~~~~~~~~~~~~~~~~~~~~~~
In file included from /usr/include/qt5/QtCore/qobject.h:47,
                 from /usr/include/qt5/QtCore/qiodevice.h:45,
                 from /usr/include/qt5/QtCore/qfiledevice.h:43,
                 from /usr/include/qt5/QtCore/qfile.h:44,
                 from /usr/include/qt5/QtCore/QFile:1,
                 from ../../../libLumina/LuminaXDG.h:18,
                 from ../../../libLumina/LFileInfo.h:13,
                 from ../../../libLumina/LFileInfo.cpp:7:
/usr/include/qt5/QtCore/qstring.h:609:17: note: declared here
  609 |     QStringList split(const QString &sep, SplitBehavior behavior,
      |                 ^~~~~
../../../libLumina/LFileInfo.cpp:107:84: warning: ‘QStringList QString::split(const QString&, QString::SplitBehavior, Qt::CaseSensitivity) const’ is deprecated: Use Qt::SplitBehavior variant instead [-Wdeprecated-declarations]
  107 |           zfs_perms << tmp.first().section(" ",2,2,QString::SectionSkipEmpty).split(",",QString::SkipEmptyParts);
      |                        ~~~~~~~~~~~~~~~~~~~~~~~~~~~~~~~~~~~~~~~~~~~~~~~~~~~~~~~~~~~~^~~~~~~~~~~~~~~~~~~~~~~~~~~~~
In file included from /usr/include/qt5/QtCore/qobject.h:47,
                 from /usr/include/qt5/QtCore/qiodevice.h:45,
                 from /usr/include/qt5/QtCore/qfiledevice.h:43,
                 from /usr/include/qt5/QtCore/qfile.h:44,
                 from /usr/include/qt5/QtCore/QFile:1,
                 from ../../../libLumina/LuminaXDG.h:18,
                 from ../../../libLumina/LFileInfo.h:13,
                 from ../../../libLumina/LFileInfo.cpp:7:
/usr/include/qt5/QtCore/qstring.h:609:17: note: declared here
  609 |     QStringList split(const QString &sep, SplitBehavior behavior,
      |                 ^~~~~
g++ -c -pipe -O2 -flto=auto -ffat-lto-objects -fexceptions -g -grecord-gcc-switches -pipe -Wall -Werror=format-security -Wp,-D_FORTIFY_SOURCE=2 -Wp,-D_GLIBCXX_ASSERTIONS -specs=/usr/lib/rpm/redhat/redhat-hardened-cc1 -fstack-protector-strong -specs=/usr/lib/rpm/redhat/redhat-annobin-cc1 -m64 -mtune=generic -fasynchronous-unwind-tables -fstack-clash-protection -fcf-protection -std=gnu++11 -Wall -Wextra -D_REENTRANT -fPIC -DPREFIX=QString\(\"/usr\"\) -DL_ETCDIR=QString\(\"/etc\"\) -DL_SHAREDIR=QString\(\"/usr/share\"\) -DGIT_VERSION="\"a88ea52f\"" -DQT_NO_DEBUG -DQT_MULTIMEDIAWIDGETS_LIB -DQT_SVG_LIB -DQT_WIDGETS_LIB -DQT_X11EXTRAS_LIB -DQT_MULTIMEDIA_LIB -DQT_QUICK_LIB -DQT_GUI_LIB -DQT_QMLMODELS_LIB -DQT_QML_LIB -DQT_NETWORK_LIB -DQT_CONCURRENT_LIB -DQT_CORE_LIB -I. -I../libLumina -I/usr/include/qt5 -I/usr -I/usr/include -I/home/q5sys/git/lumina/src-qt5/core/lumina-desktop -I../../src-cpp -Isrc-screensaver -I/usr/include/qt5/QtMultimediaWidgets -I/usr/include/qt5/QtSvg -I/usr/include/qt5/QtWidgets -I/usr/include/qt5/QtX11Extras -I/usr/include/qt5/QtMultimedia -I/usr/include/qt5/QtQuick -I/usr/include/qt5/QtGui -I/usr/include/qt5/QtQmlModels -I/usr/include/qt5/QtQml -I/usr/include/qt5/QtNetwork -I/usr/include/qt5/QtConcurrent -I/usr/include/qt5/QtCore -I.build/moc -I.build/ui -I/usr/lib64/qt5/mkspecs/linux-g++ -o .build/obj/LDesktopSwitcher.o panel-plugins/desktopswitcher/LDesktopSwitcher.cpp
g++ -c -pipe -O2 -flto=auto -ffat-lto-objects -fexceptions -g -grecord-gcc-switches -pipe -Wall -Werror=format-security -Wp,-D_FORTIFY_SOURCE=2 -Wp,-D_GLIBCXX_ASSERTIONS -specs=/usr/lib/rpm/redhat/redhat-hardened-cc1 -fstack-protector-strong -specs=/usr/lib/rpm/redhat/redhat-annobin-cc1 -m64 -mtune=generic -fasynchronous-unwind-tables -fstack-clash-protection -fcf-protection -std=gnu++11 -Wall -Wextra -D_REENTRANT -fPIC -DPREFIX=QString\(\"/usr\"\) -DL_ETCDIR=QString\(\"/etc\"\) -DL_SHAREDIR=QString\(\"/usr/share\"\) -DGIT_VERSION="\"a88ea52f\"" -DQT_NO_DEBUG -DQT_MULTIMEDIAWIDGETS_LIB -DQT_SVG_LIB -DQT_WIDGETS_LIB -DQT_X11EXTRAS_LIB -DQT_MULTIMEDIA_LIB -DQT_QUICK_LIB -DQT_GUI_LIB -DQT_QMLMODELS_LIB -DQT_QML_LIB -DQT_NETWORK_LIB -DQT_CONCURRENT_LIB -DQT_CORE_LIB -I. -I../libLumina -I/usr/include/qt5 -I/usr -I/usr/include -I/home/q5sys/git/lumina/src-qt5/core/lumina-desktop -I../../src-cpp -Isrc-screensaver -I/usr/include/qt5/QtMultimediaWidgets -I/usr/include/qt5/QtSvg -I/usr/include/qt5/QtWidgets -I/usr/include/qt5/QtX11Extras -I/usr/include/qt5/QtMultimedia -I/usr/include/qt5/QtQuick -I/usr/include/qt5/QtGui -I/usr/include/qt5/QtQmlModels -I/usr/include/qt5/QtQml -I/usr/include/qt5/QtNetwork -I/usr/include/qt5/QtConcurrent -I/usr/include/qt5/QtCore -I.build/moc -I.build/ui -I/usr/lib64/qt5/mkspecs/linux-g++ -o .build/obj/LSysDashboard.o panel-plugins/systemdashboard/LSysDashboard.cpp
In file included from ./panel-plugins/taskmanager/LTaskButton.h:26,
                 from ./panel-plugins/taskmanager/LTaskManagerPlugin.h:23,
                 from ./panel-plugins/NewPP.h:23,
                 from ./LPanel.h:24,
                 from ./LDesktop.h:29,
                 from ./LSession.h:30,
                 from panel-plugins/desktopswitcher/LDesktopSwitcher.cpp:8:
./panel-plugins/taskmanager/../LTBWidget.h: In member function ‘virtual void LTBWidget::wheelEvent(QWheelEvent*)’:
./panel-plugins/taskmanager/../LTBWidget.h:65:36: warning: ‘int QWheelEvent::delta() const’ is deprecated: Use angleDelta() [-Wdeprecated-declarations]
   65 |           int change = event->delta()/120; // 1/15th of a rotation (delta/120) is usually one "click" of the wheel
      |                        ~~~~~~~~~~~~^~
In file included from /usr/include/qt5/QtGui/QMoveEvent:1,
                 from ./LPanel.h:19,
                 from ./LDesktop.h:29,
                 from ./LSession.h:30,
                 from panel-plugins/desktopswitcher/LDesktopSwitcher.cpp:8:
/usr/include/qt5/QtGui/qevent.h:219:16: note: declared here
  219 |     inline int delta() const  { return qt4D; }
      |                ^~~~~
In file included from ./panel-plugins/taskmanager/LTaskManagerPlugin.h:23,
                 from ./panel-plugins/NewPP.h:23,
                 from ./LPanel.h:24,
                 from ./LDesktop.h:29,
                 from ./LSession.h:30,
                 from panel-plugins/desktopswitcher/LDesktopSwitcher.cpp:8:
./panel-plugins/taskmanager/LTaskButton.h: In member function ‘virtual void LTaskButton::changeEvent(QEvent*)’:
./panel-plugins/taskmanager/LTaskButton.h:76:37: warning: ‘int qrand()’ is deprecated: use QRandomGenerator instead [-Wdeprecated-declarations]
   76 |             QTimer::singleShot(qrand()%100+500, this, SLOT(UpdateButton()) );
      |                                ~~~~~^~
In file included from /usr/include/qt5/QtCore/qtimer.h:43,
                 from /usr/include/qt5/QtCore/QTimer:1,
                 from panel-plugins/desktopswitcher/LDesktopSwitcher.h:10,
                 from panel-plugins/desktopswitcher/LDesktopSwitcher.cpp:7:
/usr/include/qt5/QtCore/qglobal.h:1274:80: note: declared here
 1274 | Q_CORE_EXPORT QT_DEPRECATED_VERSION_X_5_15("use QRandomGenerator instead") int qrand();
      |                                                                                ^~~~~
In file included from ./LDesktop.h:32,
                 from ./LSession.h:30,
                 from panel-plugins/desktopswitcher/LDesktopSwitcher.cpp:8:
./LDesktopPluginSpace.h: In member function ‘void LDesktopPluginSpace::RemoveItem(QString)’:
./LDesktopPluginSpace.h:184:77: warning: ‘static bool QProcess::startDetached(const QString&)’ is deprecated: Use QProcess::startDetached(const QString &program, const QStringList &arguments) instead [-Wdeprecated-declarations]
  184 |               if(!info.isSymLink() && info.isDir()){ QProcess::startDetached("rm -r \""+info.absoluteFilePath()+"\""); }
      |                                                      ~~~~~~~~~~~~~~~~~~~~~~~^~~~~~~~~~~~~~~~~~~~~~~~~~~~~~~~~~~~~~~~~
In file included from /usr/include/qt5/QtCore/QProcess:1,
                 from ../libLumina/LUtils.h:11,
                 from panel-plugins/desktopswitcher/LDesktopSwitcher.h:17,
                 from panel-plugins/desktopswitcher/LDesktopSwitcher.cpp:7:
/usr/include/qt5/QtCore/qprocess.h:280:17: note: declared here
  280 |     static bool startDetached(const QString &command);
      |                 ^~~~~~~~~~~~~
g++ -pipe -O2 -flto=auto -ffat-lto-objects -fexceptions -g -grecord-gcc-switches -pipe -Wall -Werror=format-security -Wp,-D_FORTIFY_SOURCE=2 -Wp,-D_GLIBCXX_ASSERTIONS -specs=/usr/lib/rpm/redhat/redhat-hardened-cc1 -fstack-protector-strong -specs=/usr/lib/rpm/redhat/redhat-annobin-cc1 -m64 -mtune=generic -fasynchronous-unwind-tables -fstack-clash-protection -fcf-protection -std=gnu++11 -Wall -Wextra -dM -E -o .build/moc/moc_predefs.h /usr/lib64/qt5/mkspecs/features/data/dummy.cpp
g++ -c -pipe -O2 -flto=auto -ffat-lto-objects -fexceptions -g -grecord-gcc-switches -pipe -Wall -Werror=format-security -Wp,-D_FORTIFY_SOURCE=2 -Wp,-D_GLIBCXX_ASSERTIONS -specs=/usr/lib/rpm/redhat/redhat-hardened-cc1 -fstack-protector-strong -specs=/usr/lib/rpm/redhat/redhat-annobin-cc1 -m64 -mtune=generic -fasynchronous-unwind-tables -fstack-clash-protection -fcf-protection -std=gnu++11 -Wall -Wextra -D_REENTRANT -fPIC -DPREFIX=QString\(\"/usr\"\) -DL_ETCDIR=QString\(\"/etc\"\) -DL_SHAREDIR=QString\(\"/usr/share\"\) -DGIT_VERSION="\"a88ea52f\"" -DLTHEMEENGINE_DATADIR=\"/usr/share\" -DQT_NO_DEBUG -DQT_PLUGIN -DQT_SVG_LIB -DQT_WIDGETS_LIB -DQT_X11EXTRAS_LIB -DQT_MULTIMEDIA_LIB -DQT_GUI_LIB -DQT_NETWORK_LIB -DQT_CONCURRENT_LIB -DQT_CORE_LIB -I. -I../../../libLumina -I/usr/include/qt5 -I/usr -I/usr/include -I/home/q5sys/git/lumina/src-qt5/core/lumina-theme-engine/src/lthemeengine-style -I.. -I/usr/include/qt5/QtSvg -I/usr/include/qt5/QtWidgets -I/usr/include/qt5/QtX11Extras -I/usr/include/qt5/QtMultimedia -I/usr/include/qt5/QtGui -I/usr/include/qt5/QtNetwork -I/usr/include/qt5/QtConcurrent -I/usr/include/qt5/QtCore -I.build/moc -I/usr/lib64/qt5/mkspecs/linux-g++ -o .build/obj/lthemeengineproxystyle.o lthemeengineproxystyle.cpp
g++ -c -pipe -O2 -flto=auto -ffat-lto-objects -fexceptions -g -grecord-gcc-switches -pipe -Wall -Werror=format-security -Wp,-D_FORTIFY_SOURCE=2 -Wp,-D_GLIBCXX_ASSERTIONS -specs=/usr/lib/rpm/redhat/redhat-hardened-cc1 -fstack-protector-strong -specs=/usr/lib/rpm/redhat/redhat-annobin-cc1 -m64 -mtune=generic -fasynchronous-unwind-tables -fstack-clash-protection -fcf-protection -std=gnu++11 -Wall -Wextra -D_REENTRANT -fPIC -DPREFIX=QString\(\"/usr\"\) -DL_ETCDIR=QString\(\"/etc\"\) -DL_SHAREDIR=QString\(\"/usr/share\"\) -DGIT_VERSION="\"a88ea52f\"" -DQT_NO_DEBUG -DQT_MULTIMEDIAWIDGETS_LIB -DQT_SVG_LIB -DQT_WIDGETS_LIB -DQT_X11EXTRAS_LIB -DQT_MULTIMEDIA_LIB -DQT_QUICK_LIB -DQT_GUI_LIB -DQT_QMLMODELS_LIB -DQT_QML_LIB -DQT_NETWORK_LIB -DQT_CONCURRENT_LIB -DQT_CORE_LIB -I. -I../libLumina -I/usr/include/qt5 -I/usr -I/usr/include -I/home/q5sys/git/lumina/src-qt5/core/lumina-desktop -I../../src-cpp -Isrc-screensaver -I/usr/include/qt5/QtMultimediaWidgets -I/usr/include/qt5/QtSvg -I/usr/include/qt5/QtWidgets -I/usr/include/qt5/QtX11Extras -I/usr/include/qt5/QtMultimedia -I/usr/include/qt5/QtQuick -I/usr/include/qt5/QtGui -I/usr/include/qt5/QtQmlModels -I/usr/include/qt5/QtQml -I/usr/include/qt5/QtNetwork -I/usr/include/qt5/QtConcurrent -I/usr/include/qt5/QtCore -I.build/moc -I.build/ui -I/usr/lib64/qt5/mkspecs/linux-g++ -o .build/obj/SysMenuQuick.o panel-plugins/systemdashboard/SysMenuQuick.cpp
g++ -c -pipe -O2 -flto=auto -ffat-lto-objects -fexceptions -g -grecord-gcc-switches -pipe -Wall -Werror=format-security -Wp,-D_FORTIFY_SOURCE=2 -Wp,-D_GLIBCXX_ASSERTIONS -specs=/usr/lib/rpm/redhat/redhat-hardened-cc1 -fstack-protector-strong -specs=/usr/lib/rpm/redhat/redhat-annobin-cc1 -m64 -mtune=generic -fasynchronous-unwind-tables -fstack-clash-protection -fcf-protection -std=gnu++11 -Wall -Wextra -D_REENTRANT -fPIC -DPREFIX=QString\(\"/usr\"\) -DL_ETCDIR=QString\(\"/etc\"\) -DL_SHAREDIR=QString\(\"/usr/share\"\) -DGIT_VERSION="\"a88ea52f\"" -DLTHEMEENGINE_DATADIR=\"/usr/share\" -DQT_NO_DEBUG -DQT_PLUGIN -DQT_SVG_LIB -DQT_WIDGETS_LIB -DQT_X11EXTRAS_LIB -DQT_MULTIMEDIA_LIB -DQT_GUI_LIB -DQT_NETWORK_LIB -DQT_CONCURRENT_LIB -DQT_CORE_LIB -I. -I../../../libLumina -I/usr/include/qt5 -I/usr -I/usr/include -I/home/q5sys/git/lumina/src-qt5/core/lumina-theme-engine/src/lthemeengine-style -I.. -I/usr/include/qt5/QtSvg -I/usr/include/qt5/QtWidgets -I/usr/include/qt5/QtX11Extras -I/usr/include/qt5/QtMultimedia -I/usr/include/qt5/QtGui -I/usr/include/qt5/QtNetwork -I/usr/include/qt5/QtConcurrent -I/usr/include/qt5/QtCore -I.build/moc -I/usr/lib64/qt5/mkspecs/linux-g++ -o .build/obj/lthemeengine.o ../lthemeengine/lthemeengine.cpp
In file included from ./global-includes.h:72,
                 from src-screensaver/LScreenSaver.h:10,
                 from ./LSession.h:33,
                 from panel-plugins/desktopswitcher/LDesktopSwitcher.cpp:8:
../libLumina/ExternalProcess.h: In static member function ‘static void ExternalProcess::launch(QString, QStringList, bool)’:
../libLumina/ExternalProcess.h:84:41: warning: ‘void QProcess::start(const QString&, QIODevice::OpenMode)’ is deprecated: Use QProcess::start(const QString &program, const QStringList &arguments,OpenMode mode = ReadWrite) instead [-Wdeprecated-declarations]
   84 |           if(args.isEmpty()){ tmp->start(program); }
      |                               ~~~~~~~~~~^~~~~~~~~
In file included from /usr/include/qt5/QtCore/QProcess:1,
                 from ../libLumina/LUtils.h:11,
                 from panel-plugins/desktopswitcher/LDesktopSwitcher.h:17,
                 from panel-plugins/desktopswitcher/LDesktopSwitcher.cpp:7:
/usr/include/qt5/QtCore/qprocess.h:168:10: note: declared here
  168 |     void start(const QString &command, OpenMode mode = ReadWrite);
      |          ^~~~~
/usr/lib64/qt5/bin/moc -DPREFIX=QString\(\"/usr\"\) -DL_ETCDIR=QString\(\"/etc\"\) -DL_SHAREDIR=QString\(\"/usr/share\"\) -DGIT_VERSION="\"a88ea52f\"" -DLTHEMEENGINE_DATADIR=\"/usr/share\" -DQT_NO_DEBUG -DQT_PLUGIN -DQT_SVG_LIB -DQT_WIDGETS_LIB -DQT_X11EXTRAS_LIB -DQT_MULTIMEDIA_LIB -DQT_GUI_LIB -DQT_NETWORK_LIB -DQT_CONCURRENT_LIB -DQT_CORE_LIB --include /home/q5sys/git/lumina/src-qt5/core/lumina-theme-engine/src/lthemeengine-style/.build/moc/moc_predefs.h -I/usr/lib64/qt5/mkspecs/linux-g++ -I/home/q5sys/git/lumina/src-qt5/core/lumina-theme-engine/src/lthemeengine-style -I/home/q5sys/git/lumina/src-qt5/core/libLumina -I/usr/include/qt5 -I/usr -I/usr/include -I'/home/q5sys/git/lumina/src-qt5/core/lumina-theme-engine/src/lthemeengine-style//home/q5sys/git/lumina/src-qt5/core/lumina-theme-engine/src/lthemeengine-style' -I/home/q5sys/git/lumina/src-qt5/core/lumina-theme-engine/src -I/usr/include/qt5/QtSvg -I/usr/include/qt5/QtWidgets -I/usr/include/qt5/QtX11Extras -I/usr/include/qt5/QtMultimedia -I/usr/include/qt5/QtGui -I/usr/include/qt5/QtNetwork -I/usr/include/qt5/QtConcurrent -I/usr/include/qt5/QtCore -I/usr/include/c++/11 -I/usr/include/c++/11/x86_64-redhat-linux -I/usr/include/c++/11/backward -I/usr/lib/gcc/x86_64-redhat-linux/11/include -I/usr/local/include -I/usr/include ../../../libLumina/LuminaThemes.h -o .build/moc/moc_LuminaThemes.cpp
/usr/lib64/qt5/bin/moc -DPREFIX=QString\(\"/usr\"\) -DL_ETCDIR=QString\(\"/etc\"\) -DL_SHAREDIR=QString\(\"/usr/share\"\) -DGIT_VERSION="\"a88ea52f\"" -DLTHEMEENGINE_DATADIR=\"/usr/share\" -DQT_NO_DEBUG -DQT_PLUGIN -DQT_SVG_LIB -DQT_WIDGETS_LIB -DQT_X11EXTRAS_LIB -DQT_MULTIMEDIA_LIB -DQT_GUI_LIB -DQT_NETWORK_LIB -DQT_CONCURRENT_LIB -DQT_CORE_LIB --include /home/q5sys/git/lumina/src-qt5/core/lumina-theme-engine/src/lthemeengine-style/.build/moc/moc_predefs.h -I/usr/lib64/qt5/mkspecs/linux-g++ -I/home/q5sys/git/lumina/src-qt5/core/lumina-theme-engine/src/lthemeengine-style -I/home/q5sys/git/lumina/src-qt5/core/libLumina -I/usr/include/qt5 -I/usr -I/usr/include -I'/home/q5sys/git/lumina/src-qt5/core/lumina-theme-engine/src/lthemeengine-style//home/q5sys/git/lumina/src-qt5/core/lumina-theme-engine/src/lthemeengine-style' -I/home/q5sys/git/lumina/src-qt5/core/lumina-theme-engine/src -I/usr/include/qt5/QtSvg -I/usr/include/qt5/QtWidgets -I/usr/include/qt5/QtX11Extras -I/usr/include/qt5/QtMultimedia -I/usr/include/qt5/QtGui -I/usr/include/qt5/QtNetwork -I/usr/include/qt5/QtConcurrent -I/usr/include/qt5/QtCore -I/usr/include/c++/11 -I/usr/include/c++/11/x86_64-redhat-linux -I/usr/include/c++/11/backward -I/usr/lib/gcc/x86_64-redhat-linux/11/include -I/usr/local/include -I/usr/include ../../../libLumina/LuminaXDG.h -o .build/moc/moc_LuminaXDG.cpp
/usr/lib64/qt5/bin/moc -DPREFIX=QString\(\"/usr\"\) -DL_ETCDIR=QString\(\"/etc\"\) -DL_SHAREDIR=QString\(\"/usr/share\"\) -DGIT_VERSION="\"a88ea52f\"" -DLTHEMEENGINE_DATADIR=\"/usr/share\" -DQT_NO_DEBUG -DQT_PLUGIN -DQT_SVG_LIB -DQT_WIDGETS_LIB -DQT_X11EXTRAS_LIB -DQT_MULTIMEDIA_LIB -DQT_GUI_LIB -DQT_NETWORK_LIB -DQT_CONCURRENT_LIB -DQT_CORE_LIB --include /home/q5sys/git/lumina/src-qt5/core/lumina-theme-engine/src/lthemeengine-style/.build/moc/moc_predefs.h -I/usr/lib64/qt5/mkspecs/linux-g++ -I/home/q5sys/git/lumina/src-qt5/core/lumina-theme-engine/src/lthemeengine-style -I/home/q5sys/git/lumina/src-qt5/core/libLumina -I/usr/include/qt5 -I/usr -I/usr/include -I'/home/q5sys/git/lumina/src-qt5/core/lumina-theme-engine/src/lthemeengine-style//home/q5sys/git/lumina/src-qt5/core/lumina-theme-engine/src/lthemeengine-style' -I/home/q5sys/git/lumina/src-qt5/core/lumina-theme-engine/src -I/usr/include/qt5/QtSvg -I/usr/include/qt5/QtWidgets -I/usr/include/qt5/QtX11Extras -I/usr/include/qt5/QtMultimedia -I/usr/include/qt5/QtGui -I/usr/include/qt5/QtNetwork -I/usr/include/qt5/QtConcurrent -I/usr/include/qt5/QtCore -I/usr/include/c++/11 -I/usr/include/c++/11/x86_64-redhat-linux -I/usr/include/c++/11/backward -I/usr/lib/gcc/x86_64-redhat-linux/11/include -I/usr/local/include -I/usr/include lthemeengineproxystyle.h -o .build/moc/moc_lthemeengineproxystyle.cpp
g++ -c -pipe -O2 -flto=auto -ffat-lto-objects -fexceptions -g -grecord-gcc-switches -pipe -Wall -Werror=format-security -Wp,-D_FORTIFY_SOURCE=2 -Wp,-D_GLIBCXX_ASSERTIONS -specs=/usr/lib/rpm/redhat/redhat-hardened-cc1 -fstack-protector-strong -specs=/usr/lib/rpm/redhat/redhat-annobin-cc1 -m64 -mtune=generic -fasynchronous-unwind-tables -fstack-clash-protection -fcf-protection -std=gnu++11 -Wall -Wextra -D_REENTRANT -fPIC -DPREFIX=QString\(\"/usr\"\) -DL_ETCDIR=QString\(\"/etc\"\) -DL_SHAREDIR=QString\(\"/usr/share\"\) -DGIT_VERSION="\"a88ea52f\"" -DQT_NO_DEBUG -DQT_MULTIMEDIAWIDGETS_LIB -DQT_SVG_LIB -DQT_WIDGETS_LIB -DQT_X11EXTRAS_LIB -DQT_MULTIMEDIA_LIB -DQT_QUICK_LIB -DQT_GUI_LIB -DQT_QMLMODELS_LIB -DQT_QML_LIB -DQT_NETWORK_LIB -DQT_CONCURRENT_LIB -DQT_CORE_LIB -I. -I../libLumina -I/usr/include/qt5 -I/usr -I/usr/include -I/home/q5sys/git/lumina/src-qt5/core/lumina-desktop -I../../src-cpp -Isrc-screensaver -I/usr/include/qt5/QtMultimediaWidgets -I/usr/include/qt5/QtSvg -I/usr/include/qt5/QtWidgets -I/usr/include/qt5/QtX11Extras -I/usr/include/qt5/QtMultimedia -I/usr/include/qt5/QtQuick -I/usr/include/qt5/QtGui -I/usr/include/qt5/QtQmlModels -I/usr/include/qt5/QtQml -I/usr/include/qt5/QtNetwork -I/usr/include/qt5/QtConcurrent -I/usr/include/qt5/QtCore -I.build/moc -I.build/ui -I/usr/lib64/qt5/mkspecs/linux-g++ -o .build/obj/LHomeButton.o panel-plugins/showdesktop/LHomeButton.cpp
/usr/lib64/qt5/bin/moc -DPREFIX=QString\(\"/usr\"\) -DL_ETCDIR=QString\(\"/etc\"\) -DL_SHAREDIR=QString\(\"/usr/share\"\) -DGIT_VERSION="\"a88ea52f\"" -DLTHEMEENGINE_DATADIR=\"/usr/share\" -DQT_NO_DEBUG -DQT_PLUGIN -DQT_SVG_LIB -DQT_WIDGETS_LIB -DQT_X11EXTRAS_LIB -DQT_MULTIMEDIA_LIB -DQT_GUI_LIB -DQT_NETWORK_LIB -DQT_CONCURRENT_LIB -DQT_CORE_LIB --include /home/q5sys/git/lumina/src-qt5/core/lumina-theme-engine/src/lthemeengine-style/.build/moc/moc_predefs.h -I/usr/lib64/qt5/mkspecs/linux-g++ -I/home/q5sys/git/lumina/src-qt5/core/lumina-theme-engine/src/lthemeengine-style -I/home/q5sys/git/lumina/src-qt5/core/libLumina -I/usr/include/qt5 -I/usr -I/usr/include -I'/home/q5sys/git/lumina/src-qt5/core/lumina-theme-engine/src/lthemeengine-style//home/q5sys/git/lumina/src-qt5/core/lumina-theme-engine/src/lthemeengine-style' -I/home/q5sys/git/lumina/src-qt5/core/lumina-theme-engine/src -I/usr/include/qt5/QtSvg -I/usr/include/qt5/QtWidgets -I/usr/include/qt5/QtX11Extras -I/usr/include/qt5/QtMultimedia -I/usr/include/qt5/QtGui -I/usr/include/qt5/QtNetwork -I/usr/include/qt5/QtConcurrent -I/usr/include/qt5/QtCore -I/usr/include/c++/11 -I/usr/include/c++/11/x86_64-redhat-linux -I/usr/include/c++/11/backward -I/usr/lib/gcc/x86_64-redhat-linux/11/include -I/usr/local/include -I/usr/include plugin.cpp -o .build/moc/plugin.moc
In file included from panel-plugins/systemdashboard/../../panel-plugins/taskmanager/LTaskButton.h:26,
                 from panel-plugins/systemdashboard/../../panel-plugins/taskmanager/LTaskManagerPlugin.h:23,
                 from panel-plugins/systemdashboard/../../panel-plugins/NewPP.h:23,
                 from panel-plugins/systemdashboard/../../LPanel.h:24,
                 from panel-plugins/systemdashboard/../../LDesktop.h:29,
                 from panel-plugins/systemdashboard/../../LSession.h:30,
                 from panel-plugins/systemdashboard/SysMenuQuick.cpp:10:
panel-plugins/systemdashboard/../../panel-plugins/taskmanager/../LTBWidget.h: In member function ‘virtual void LTBWidget::wheelEvent(QWheelEvent*)’:
panel-plugins/systemdashboard/../../panel-plugins/taskmanager/../LTBWidget.h:65:36: warning: ‘int QWheelEvent::delta() const’ is deprecated: Use angleDelta() [-Wdeprecated-declarations]
   65 |           int change = event->delta()/120; // 1/15th of a rotation (delta/120) is usually one "click" of the wheel
      |                        ~~~~~~~~~~~~^~
In file included from /usr/include/qt5/QtGui/QMoveEvent:1,
                 from panel-plugins/systemdashboard/../../LPanel.h:19,
                 from panel-plugins/systemdashboard/../../LDesktop.h:29,
                 from panel-plugins/systemdashboard/../../LSession.h:30,
                 from panel-plugins/systemdashboard/SysMenuQuick.cpp:10:
/usr/include/qt5/QtGui/qevent.h:219:16: note: declared here
  219 |     inline int delta() const  { return qt4D; }
      |                ^~~~~
In file included from panel-plugins/systemdashboard/../../panel-plugins/taskmanager/LTaskManagerPlugin.h:23,
                 from panel-plugins/systemdashboard/../../panel-plugins/NewPP.h:23,
                 from panel-plugins/systemdashboard/../../LPanel.h:24,
                 from panel-plugins/systemdashboard/../../LDesktop.h:29,
                 from panel-plugins/systemdashboard/../../LSession.h:30,
                 from panel-plugins/systemdashboard/SysMenuQuick.cpp:10:
panel-plugins/systemdashboard/../../panel-plugins/taskmanager/LTaskButton.h: In member function ‘virtual void LTaskButton::changeEvent(QEvent*)’:
panel-plugins/systemdashboard/../../panel-plugins/taskmanager/LTaskButton.h:76:37: warning: ‘int qrand()’ is deprecated: use QRandomGenerator instead [-Wdeprecated-declarations]
   76 |             QTimer::singleShot(qrand()%100+500, this, SLOT(UpdateButton()) );
      |                                ~~~~~^~
In file included from /usr/include/qt5/QtGui/qtguiglobal.h:43,
                 from /usr/include/qt5/QtWidgets/qtwidgetsglobal.h:43,
                 from /usr/include/qt5/QtWidgets/qwidget.h:43,
                 from /usr/include/qt5/QtWidgets/QWidget:1,
                 from panel-plugins/systemdashboard/SysMenuQuick.h:13,
                 from panel-plugins/systemdashboard/SysMenuQuick.cpp:7:
/usr/include/qt5/QtCore/qglobal.h:1274:80: note: declared here
 1274 | Q_CORE_EXPORT QT_DEPRECATED_VERSION_X_5_15("use QRandomGenerator instead") int qrand();
      |                                                                                ^~~~~
g++ -c -pipe -O2 -flto=auto -ffat-lto-objects -fexceptions -g -grecord-gcc-switches -pipe -Wall -Werror=format-security -Wp,-D_FORTIFY_SOURCE=2 -Wp,-D_GLIBCXX_ASSERTIONS -specs=/usr/lib/rpm/redhat/redhat-hardened-cc1 -fstack-protector-strong -specs=/usr/lib/rpm/redhat/redhat-annobin-cc1 -m64 -mtune=generic -fasynchronous-unwind-tables -fstack-clash-protection -fcf-protection -std=gnu++11 -Wall -Wextra -D_REENTRANT -fPIC -DPREFIX=QString\(\"/usr\"\) -DL_ETCDIR=QString\(\"/etc\"\) -DL_SHAREDIR=QString\(\"/usr/share\"\) -DGIT_VERSION="\"a88ea52f\"" -DLTHEMEENGINE_DATADIR=\"/usr/share\" -DQT_NO_DEBUG -DQT_PLUGIN -DQT_SVG_LIB -DQT_WIDGETS_LIB -DQT_X11EXTRAS_LIB -DQT_MULTIMEDIA_LIB -DQT_GUI_LIB -DQT_NETWORK_LIB -DQT_CONCURRENT_LIB -DQT_CORE_LIB -I. -I../../../libLumina -I/usr/include/qt5 -I/usr -I/usr/include -I/home/q5sys/git/lumina/src-qt5/core/lumina-theme-engine/src/lthemeengine-style -I.. -I/usr/include/qt5/QtSvg -I/usr/include/qt5/QtWidgets -I/usr/include/qt5/QtX11Extras -I/usr/include/qt5/QtMultimedia -I/usr/include/qt5/QtGui -I/usr/include/qt5/QtNetwork -I/usr/include/qt5/QtConcurrent -I/usr/include/qt5/QtCore -I.build/moc -I/usr/lib64/qt5/mkspecs/linux-g++ -o .build/obj/moc_LuminaThemes.o .build/moc/moc_LuminaThemes.cpp
In file included from panel-plugins/systemdashboard/../../LDesktop.h:32,
                 from panel-plugins/systemdashboard/../../LSession.h:30,
                 from panel-plugins/systemdashboard/SysMenuQuick.cpp:10:
panel-plugins/systemdashboard/../../LDesktopPluginSpace.h: In member function ‘void LDesktopPluginSpace::RemoveItem(QString)’:
panel-plugins/systemdashboard/../../LDesktopPluginSpace.h:184:77: warning: ‘static bool QProcess::startDetached(const QString&)’ is deprecated: Use QProcess::startDetached(const QString &program, const QStringList &arguments) instead [-Wdeprecated-declarations]
  184 |               if(!info.isSymLink() && info.isDir()){ QProcess::startDetached("rm -r \""+info.absoluteFilePath()+"\""); }
      |                                                      ~~~~~~~~~~~~~~~~~~~~~~~^~~~~~~~~~~~~~~~~~~~~~~~~~~~~~~~~~~~~~~~~
In file included from /usr/include/qt5/QtCore/QProcess:1,
                 from ../libLumina/LuminaOS.h:17,
                 from panel-plugins/systemdashboard/SysMenuQuick.h:17,
                 from panel-plugins/systemdashboard/SysMenuQuick.cpp:7:
/usr/include/qt5/QtCore/qprocess.h:280:17: note: declared here
  280 |     static bool startDetached(const QString &command);
      |                 ^~~~~~~~~~~~~
In file included from ./global-includes.h:72,
                 from src-screensaver/LScreenSaver.h:10,
                 from panel-plugins/systemdashboard/../../LSession.h:33,
                 from panel-plugins/systemdashboard/SysMenuQuick.cpp:10:
../libLumina/ExternalProcess.h: In static member function ‘static void ExternalProcess::launch(QString, QStringList, bool)’:
../libLumina/ExternalProcess.h:84:41: warning: ‘void QProcess::start(const QString&, QIODevice::OpenMode)’ is deprecated: Use QProcess::start(const QString &program, const QStringList &arguments,OpenMode mode = ReadWrite) instead [-Wdeprecated-declarations]
   84 |           if(args.isEmpty()){ tmp->start(program); }
      |                               ~~~~~~~~~~^~~~~~~~~
In file included from /usr/include/qt5/QtCore/QProcess:1,
                 from ../libLumina/LuminaOS.h:17,
                 from panel-plugins/systemdashboard/SysMenuQuick.h:17,
                 from panel-plugins/systemdashboard/SysMenuQuick.cpp:7:
/usr/include/qt5/QtCore/qprocess.h:168:10: note: declared here
  168 |     void start(const QString &command, OpenMode mode = ReadWrite);
      |          ^~~~~
g++ -c -pipe -O2 -flto=auto -ffat-lto-objects -fexceptions -g -grecord-gcc-switches -pipe -Wall -Werror=format-security -Wp,-D_FORTIFY_SOURCE=2 -Wp,-D_GLIBCXX_ASSERTIONS -specs=/usr/lib/rpm/redhat/redhat-hardened-cc1 -fstack-protector-strong -specs=/usr/lib/rpm/redhat/redhat-annobin-cc1 -m64 -mtune=generic -fasynchronous-unwind-tables -fstack-clash-protection -fcf-protection -std=gnu++11 -Wall -Wextra -D_REENTRANT -fPIC -DPREFIX=QString\(\"/usr\"\) -DL_ETCDIR=QString\(\"/etc\"\) -DL_SHAREDIR=QString\(\"/usr/share\"\) -DGIT_VERSION="\"a88ea52f\"" -DLTHEMEENGINE_DATADIR=\"/usr/share\" -DQT_NO_DEBUG -DQT_PLUGIN -DQT_SVG_LIB -DQT_WIDGETS_LIB -DQT_X11EXTRAS_LIB -DQT_MULTIMEDIA_LIB -DQT_GUI_LIB -DQT_NETWORK_LIB -DQT_CONCURRENT_LIB -DQT_CORE_LIB -I. -I../../../libLumina -I/usr/include/qt5 -I/usr -I/usr/include -I/home/q5sys/git/lumina/src-qt5/core/lumina-theme-engine/src/lthemeengine-style -I.. -I/usr/include/qt5/QtSvg -I/usr/include/qt5/QtWidgets -I/usr/include/qt5/QtX11Extras -I/usr/include/qt5/QtMultimedia -I/usr/include/qt5/QtGui -I/usr/include/qt5/QtNetwork -I/usr/include/qt5/QtConcurrent -I/usr/include/qt5/QtCore -I.build/moc -I/usr/lib64/qt5/mkspecs/linux-g++ -o .build/obj/moc_LuminaXDG.o .build/moc/moc_LuminaXDG.cpp
g++ -c -pipe -O2 -flto=auto -ffat-lto-objects -fexceptions -g -grecord-gcc-switches -pipe -Wall -Werror=format-security -Wp,-D_FORTIFY_SOURCE=2 -Wp,-D_GLIBCXX_ASSERTIONS -specs=/usr/lib/rpm/redhat/redhat-hardened-cc1 -fstack-protector-strong -specs=/usr/lib/rpm/redhat/redhat-annobin-cc1 -m64 -mtune=generic -fasynchronous-unwind-tables -fstack-clash-protection -fcf-protection -std=gnu++11 -Wall -Wextra -D_REENTRANT -fPIC -DPREFIX=QString\(\"/usr\"\) -DL_ETCDIR=QString\(\"/etc\"\) -DL_SHAREDIR=QString\(\"/usr/share\"\) -DGIT_VERSION="\"a88ea52f\"" -DLTHEMEENGINE_DATADIR=\"/usr/share\" -DQT_NO_DEBUG -DQT_PLUGIN -DQT_SVG_LIB -DQT_WIDGETS_LIB -DQT_X11EXTRAS_LIB -DQT_MULTIMEDIA_LIB -DQT_GUI_LIB -DQT_NETWORK_LIB -DQT_CONCURRENT_LIB -DQT_CORE_LIB -I. -I../../../libLumina -I/usr/include/qt5 -I/usr -I/usr/include -I/home/q5sys/git/lumina/src-qt5/core/lumina-theme-engine/src/lthemeengine-style -I.. -I/usr/include/qt5/QtSvg -I/usr/include/qt5/QtWidgets -I/usr/include/qt5/QtX11Extras -I/usr/include/qt5/QtMultimedia -I/usr/include/qt5/QtGui -I/usr/include/qt5/QtNetwork -I/usr/include/qt5/QtConcurrent -I/usr/include/qt5/QtCore -I.build/moc -I/usr/lib64/qt5/mkspecs/linux-g++ -o .build/obj/moc_lthemeengineproxystyle.o .build/moc/moc_lthemeengineproxystyle.cpp
In file included from panel-plugins/showdesktop/../../panel-plugins/taskmanager/LTaskButton.h:26,
                 from panel-plugins/showdesktop/../../panel-plugins/taskmanager/LTaskManagerPlugin.h:23,
                 from panel-plugins/showdesktop/../../panel-plugins/NewPP.h:23,
                 from panel-plugins/showdesktop/../../LPanel.h:24,
                 from panel-plugins/showdesktop/../../LDesktop.h:29,
                 from panel-plugins/showdesktop/../../LSession.h:30,
                 from panel-plugins/showdesktop/LHomeButton.cpp:8:
panel-plugins/showdesktop/../../panel-plugins/taskmanager/../LTBWidget.h: In member function ‘virtual void LTBWidget::wheelEvent(QWheelEvent*)’:
panel-plugins/showdesktop/../../panel-plugins/taskmanager/../LTBWidget.h:65:36: warning: ‘int QWheelEvent::delta() const’ is deprecated: Use angleDelta() [-Wdeprecated-declarations]
   65 |           int change = event->delta()/120; // 1/15th of a rotation (delta/120) is usually one "click" of the wheel
      |                        ~~~~~~~~~~~~^~
In file included from /usr/include/qt5/QtGui/QMoveEvent:1,
                 from panel-plugins/showdesktop/../../LPanel.h:19,
                 from panel-plugins/showdesktop/../../LDesktop.h:29,
                 from panel-plugins/showdesktop/../../LSession.h:30,
                 from panel-plugins/showdesktop/LHomeButton.cpp:8:
/usr/include/qt5/QtGui/qevent.h:219:16: note: declared here
  219 |     inline int delta() const  { return qt4D; }
      |                ^~~~~
In file included from panel-plugins/showdesktop/../../panel-plugins/taskmanager/LTaskManagerPlugin.h:23,
                 from panel-plugins/showdesktop/../../panel-plugins/NewPP.h:23,
                 from panel-plugins/showdesktop/../../LPanel.h:24,
                 from panel-plugins/showdesktop/../../LDesktop.h:29,
                 from panel-plugins/showdesktop/../../LSession.h:30,
                 from panel-plugins/showdesktop/LHomeButton.cpp:8:
panel-plugins/showdesktop/../../panel-plugins/taskmanager/LTaskButton.h: In member function ‘virtual void LTaskButton::changeEvent(QEvent*)’:
panel-plugins/showdesktop/../../panel-plugins/taskmanager/LTaskButton.h:76:37: warning: ‘int qrand()’ is deprecated: use QRandomGenerator instead [-Wdeprecated-declarations]
   76 |             QTimer::singleShot(qrand()%100+500, this, SLOT(UpdateButton()) );
      |                                ~~~~~^~
In file included from /usr/include/qt5/QtGui/qtguiglobal.h:43,
                 from /usr/include/qt5/QtWidgets/qtwidgetsglobal.h:43,
                 from /usr/include/qt5/QtWidgets/qtoolbutton.h:43,
                 from /usr/include/qt5/QtWidgets/QToolButton:1,
                 from panel-plugins/showdesktop/LHomeButton.h:13,
                 from panel-plugins/showdesktop/LHomeButton.cpp:7:
/usr/include/qt5/QtCore/qglobal.h:1274:80: note: declared here
 1274 | Q_CORE_EXPORT QT_DEPRECATED_VERSION_X_5_15("use QRandomGenerator instead") int qrand();
      |                                                                                ^~~~~
In file included from panel-plugins/showdesktop/../../LDesktop.h:32,
                 from panel-plugins/showdesktop/../../LSession.h:30,
                 from panel-plugins/showdesktop/LHomeButton.cpp:8:
panel-plugins/showdesktop/../../LDesktopPluginSpace.h: In member function ‘void LDesktopPluginSpace::RemoveItem(QString)’:
panel-plugins/showdesktop/../../LDesktopPluginSpace.h:184:77: warning: ‘static bool QProcess::startDetached(const QString&)’ is deprecated: Use QProcess::startDetached(const QString &program, const QStringList &arguments) instead [-Wdeprecated-declarations]
  184 |               if(!info.isSymLink() && info.isDir()){ QProcess::startDetached("rm -r \""+info.absoluteFilePath()+"\""); }
      |                                                      ~~~~~~~~~~~~~~~~~~~~~~~^~~~~~~~~~~~~~~~~~~~~~~~~~~~~~~~~~~~~~~~~
In file included from /usr/include/qt5/QtCore/QProcess:1,
                 from ../libLumina/LUtils.h:11,
                 from panel-plugins/showdesktop/../../Globals.h:10,
                 from panel-plugins/showdesktop/../../LSession.h:26,
                 from panel-plugins/showdesktop/LHomeButton.cpp:8:
/usr/include/qt5/QtCore/qprocess.h:280:17: note: declared here
  280 |     static bool startDetached(const QString &command);
      |                 ^~~~~~~~~~~~~
g++ -c -pipe -O2 -flto=auto -ffat-lto-objects -fexceptions -g -grecord-gcc-switches -pipe -Wall -Werror=format-security -Wp,-D_FORTIFY_SOURCE=2 -Wp,-D_GLIBCXX_ASSERTIONS -specs=/usr/lib/rpm/redhat/redhat-hardened-cc1 -fstack-protector-strong -specs=/usr/lib/rpm/redhat/redhat-annobin-cc1 -m64 -mtune=generic -fasynchronous-unwind-tables -fstack-clash-protection -fcf-protection -std=gnu++11 -Wall -Wextra -D_REENTRANT -fPIC -DPREFIX=QString\(\"/usr\"\) -DL_ETCDIR=QString\(\"/etc\"\) -DL_SHAREDIR=QString\(\"/usr/share\"\) -DGIT_VERSION="\"a88ea52f\"" -DLTHEMEENGINE_DATADIR=\"/usr/share\" -DQT_NO_DEBUG -DQT_PLUGIN -DQT_SVG_LIB -DQT_WIDGETS_LIB -DQT_X11EXTRAS_LIB -DQT_MULTIMEDIA_LIB -DQT_GUI_LIB -DQT_NETWORK_LIB -DQT_CONCURRENT_LIB -DQT_CORE_LIB -I. -I../../../libLumina -I/usr/include/qt5 -I/usr -I/usr/include -I/home/q5sys/git/lumina/src-qt5/core/lumina-theme-engine/src/lthemeengine-style -I.. -I/usr/include/qt5/QtSvg -I/usr/include/qt5/QtWidgets -I/usr/include/qt5/QtX11Extras -I/usr/include/qt5/QtMultimedia -I/usr/include/qt5/QtGui -I/usr/include/qt5/QtNetwork -I/usr/include/qt5/QtConcurrent -I/usr/include/qt5/QtCore -I.build/moc -I/usr/lib64/qt5/mkspecs/linux-g++ -o .build/obj/plugin.o plugin.cpp
In file included from ./global-includes.h:72,
                 from src-screensaver/LScreenSaver.h:10,
                 from panel-plugins/showdesktop/../../LSession.h:33,
                 from panel-plugins/showdesktop/LHomeButton.cpp:8:
../libLumina/ExternalProcess.h: In static member function ‘static void ExternalProcess::launch(QString, QStringList, bool)’:
../libLumina/ExternalProcess.h:84:41: warning: ‘void QProcess::start(const QString&, QIODevice::OpenMode)’ is deprecated: Use QProcess::start(const QString &program, const QStringList &arguments,OpenMode mode = ReadWrite) instead [-Wdeprecated-declarations]
   84 |           if(args.isEmpty()){ tmp->start(program); }
      |                               ~~~~~~~~~~^~~~~~~~~
In file included from /usr/include/qt5/QtCore/QProcess:1,
                 from ../libLumina/LUtils.h:11,
                 from panel-plugins/showdesktop/../../Globals.h:10,
                 from panel-plugins/showdesktop/../../LSession.h:26,
                 from panel-plugins/showdesktop/LHomeButton.cpp:8:
/usr/include/qt5/QtCore/qprocess.h:168:10: note: declared here
  168 |     void start(const QString &command, OpenMode mode = ReadWrite);
      |          ^~~~~
g++ -c -pipe -O2 -flto=auto -ffat-lto-objects -fexceptions -g -grecord-gcc-switches -pipe -Wall -Werror=format-security -Wp,-D_FORTIFY_SOURCE=2 -Wp,-D_GLIBCXX_ASSERTIONS -specs=/usr/lib/rpm/redhat/redhat-hardened-cc1 -fstack-protector-strong -specs=/usr/lib/rpm/redhat/redhat-annobin-cc1 -m64 -mtune=generic -fasynchronous-unwind-tables -fstack-clash-protection -fcf-protection -std=gnu++11 -Wall -Wextra -D_REENTRANT -fPIC -DPREFIX=QString\(\"/usr\"\) -DL_ETCDIR=QString\(\"/etc\"\) -DL_SHAREDIR=QString\(\"/usr/share\"\) -DGIT_VERSION="\"a88ea52f\"" -DQT_NO_DEBUG -DQT_MULTIMEDIAWIDGETS_LIB -DQT_SVG_LIB -DQT_WIDGETS_LIB -DQT_X11EXTRAS_LIB -DQT_MULTIMEDIA_LIB -DQT_QUICK_LIB -DQT_GUI_LIB -DQT_QMLMODELS_LIB -DQT_QML_LIB -DQT_NETWORK_LIB -DQT_CONCURRENT_LIB -DQT_CORE_LIB -I. -I../libLumina -I/usr/include/qt5 -I/usr -I/usr/include -I/home/q5sys/git/lumina/src-qt5/core/lumina-desktop -I../../src-cpp -Isrc-screensaver -I/usr/include/qt5/QtMultimediaWidgets -I/usr/include/qt5/QtSvg -I/usr/include/qt5/QtWidgets -I/usr/include/qt5/QtX11Extras -I/usr/include/qt5/QtMultimedia -I/usr/include/qt5/QtQuick -I/usr/include/qt5/QtGui -I/usr/include/qt5/QtQmlModels -I/usr/include/qt5/QtQml -I/usr/include/qt5/QtNetwork -I/usr/include/qt5/QtConcurrent -I/usr/include/qt5/QtCore -I.build/moc -I.build/ui -I/usr/lib64/qt5/mkspecs/linux-g++ -o .build/obj/LAppMenuPlugin.o panel-plugins/appmenu/LAppMenuPlugin.cpp
g++ -c -pipe -O2 -flto=auto -ffat-lto-objects -fexceptions -g -grecord-gcc-switches -pipe -Wall -Werror=format-security -Wp,-D_FORTIFY_SOURCE=2 -Wp,-D_GLIBCXX_ASSERTIONS -specs=/usr/lib/rpm/redhat/redhat-hardened-cc1 -fstack-protector-strong -specs=/usr/lib/rpm/redhat/redhat-annobin-cc1 -m64 -mtune=generic -fasynchronous-unwind-tables -fstack-clash-protection -fcf-protection -std=gnu++11 -Wall -Wextra -D_REENTRANT -fPIC -DPREFIX=QString\(\"/usr\"\) -DL_ETCDIR=QString\(\"/etc\"\) -DL_SHAREDIR=QString\(\"/usr/share\"\) -DGIT_VERSION="\"a88ea52f\"" -DQT_NO_DEBUG -DQT_MULTIMEDIAWIDGETS_LIB -DQT_SVG_LIB -DQT_WIDGETS_LIB -DQT_X11EXTRAS_LIB -DQT_MULTIMEDIA_LIB -DQT_QUICK_LIB -DQT_GUI_LIB -DQT_QMLMODELS_LIB -DQT_QML_LIB -DQT_NETWORK_LIB -DQT_CONCURRENT_LIB -DQT_CORE_LIB -I. -I../libLumina -I/usr/include/qt5 -I/usr -I/usr/include -I/home/q5sys/git/lumina/src-qt5/core/lumina-desktop -I../../src-cpp -Isrc-screensaver -I/usr/include/qt5/QtMultimediaWidgets -I/usr/include/qt5/QtSvg -I/usr/include/qt5/QtWidgets -I/usr/include/qt5/QtX11Extras -I/usr/include/qt5/QtMultimedia -I/usr/include/qt5/QtQuick -I/usr/include/qt5/QtGui -I/usr/include/qt5/QtQmlModels -I/usr/include/qt5/QtQml -I/usr/include/qt5/QtNetwork -I/usr/include/qt5/QtConcurrent -I/usr/include/qt5/QtCore -I.build/moc -I.build/ui -I/usr/lib64/qt5/mkspecs/linux-g++ -o .build/obj/AppLaunchButton.o panel-plugins/applauncher/AppLaunchButton.cpp
g++ -c -pipe -O2 -flto=auto -ffat-lto-objects -fexceptions -g -grecord-gcc-switches -pipe -Wall -Werror=format-security -Wp,-D_FORTIFY_SOURCE=2 -Wp,-D_GLIBCXX_ASSERTIONS -specs=/usr/lib/rpm/redhat/redhat-hardened-cc1 -fstack-protector-strong -specs=/usr/lib/rpm/redhat/redhat-annobin-cc1 -m64 -mtune=generic -fasynchronous-unwind-tables -fstack-clash-protection -fcf-protection -std=gnu++11 -Wall -Wextra -D_REENTRANT -fPIC -DPREFIX=QString\(\"/usr\"\) -DL_ETCDIR=QString\(\"/etc\"\) -DL_SHAREDIR=QString\(\"/usr/share\"\) -DGIT_VERSION="\"a88ea52f\"" -DQT_NO_DEBUG -DQT_MULTIMEDIAWIDGETS_LIB -DQT_SVG_LIB -DQT_WIDGETS_LIB -DQT_X11EXTRAS_LIB -DQT_MULTIMEDIA_LIB -DQT_QUICK_LIB -DQT_GUI_LIB -DQT_QMLMODELS_LIB -DQT_QML_LIB -DQT_NETWORK_LIB -DQT_CONCURRENT_LIB -DQT_CORE_LIB -I. -I../libLumina -I/usr/include/qt5 -I/usr -I/usr/include -I/home/q5sys/git/lumina/src-qt5/core/lumina-desktop -I../../src-cpp -Isrc-screensaver -I/usr/include/qt5/QtMultimediaWidgets -I/usr/include/qt5/QtSvg -I/usr/include/qt5/QtWidgets -I/usr/include/qt5/QtX11Extras -I/usr/include/qt5/QtMultimedia -I/usr/include/qt5/QtQuick -I/usr/include/qt5/QtGui -I/usr/include/qt5/QtQmlModels -I/usr/include/qt5/QtQml -I/usr/include/qt5/QtNetwork -I/usr/include/qt5/QtConcurrent -I/usr/include/qt5/QtCore -I.build/moc -I.build/ui -I/usr/lib64/qt5/mkspecs/linux-g++ -o .build/obj/LStartButton.o panel-plugins/systemstart/LStartButton.cpp
rm -f liblthemeengine-style.so
g++ -Wl,--as-needed -Wl,-z,relro -Wl,--as-needed -Wl,-z,now -specs=/usr/lib/rpm/redhat/redhat-hardened-ld -Wl,-rpath-link,/usr/lib64 -shared -o liblthemeengine-style.so .build/obj/LDesktopUtils.o .build/obj/LuminaOS-Linux.o .build/obj/LUtils.o .build/obj/LuminaThemes.o .build/obj/LuminaXDG.o .build/obj/LFileInfo.o .build/obj/plugin.o .build/obj/lthemeengineproxystyle.o .build/obj/lthemeengine.o .build/obj/moc_LuminaThemes.o .build/obj/moc_LuminaXDG.o .build/obj/moc_lthemeengineproxystyle.o  -L/home/q5sys/git/lumina/src-qt5/core/libLumina -L/usr/lib64 -L/usr/lib64/qt5 -L/usr/local/lib -L/usr/lib -L/lib /usr/lib64/libQt5Svg.so /usr/lib64/libQt5Widgets.so /usr/lib64/libQt5X11Extras.so /usr/lib64/libQt5Multimedia.so /usr/lib64/libQt5Gui.so /usr/lib64/libQt5Network.so /usr/lib64/libQt5Concurrent.so /usr/lib64/libQt5Core.so -lGL -lpthread    
In file included from panel-plugins/appmenu/../../panel-plugins/taskmanager/LTaskButton.h:26,
                 from panel-plugins/appmenu/../../panel-plugins/taskmanager/LTaskManagerPlugin.h:23,
                 from panel-plugins/appmenu/../../panel-plugins/NewPP.h:23,
                 from panel-plugins/appmenu/../../LPanel.h:24,
                 from panel-plugins/appmenu/../../LDesktop.h:29,
                 from panel-plugins/appmenu/../../LSession.h:30,
                 from panel-plugins/appmenu/LAppMenuPlugin.cpp:8:
panel-plugins/appmenu/../../panel-plugins/taskmanager/../LTBWidget.h: In member function ‘virtual void LTBWidget::wheelEvent(QWheelEvent*)’:
panel-plugins/appmenu/../../panel-plugins/taskmanager/../LTBWidget.h:65:36: warning: ‘int QWheelEvent::delta() const’ is deprecated: Use angleDelta() [-Wdeprecated-declarations]
   65 |           int change = event->delta()/120; // 1/15th of a rotation (delta/120) is usually one "click" of the wheel
      |                        ~~~~~~~~~~~~^~
In file included from /usr/include/qt5/QtGui/QMoveEvent:1,
                 from panel-plugins/appmenu/../../LPanel.h:19,
                 from panel-plugins/appmenu/../../LDesktop.h:29,
                 from panel-plugins/appmenu/../../LSession.h:30,
                 from panel-plugins/appmenu/LAppMenuPlugin.cpp:8:
/usr/include/qt5/QtGui/qevent.h:219:16: note: declared here
  219 |     inline int delta() const  { return qt4D; }
      |                ^~~~~
In file included from panel-plugins/appmenu/../../panel-plugins/taskmanager/LTaskManagerPlugin.h:23,
                 from panel-plugins/appmenu/../../panel-plugins/NewPP.h:23,
                 from panel-plugins/appmenu/../../LPanel.h:24,
                 from panel-plugins/appmenu/../../LDesktop.h:29,
                 from panel-plugins/appmenu/../../LSession.h:30,
                 from panel-plugins/appmenu/LAppMenuPlugin.cpp:8:
panel-plugins/appmenu/../../panel-plugins/taskmanager/LTaskButton.h: In member function ‘virtual void LTaskButton::changeEvent(QEvent*)’:
panel-plugins/appmenu/../../panel-plugins/taskmanager/LTaskButton.h:76:37: warning: ‘int qrand()’ is deprecated: use QRandomGenerator instead [-Wdeprecated-declarations]
   76 |             QTimer::singleShot(qrand()%100+500, this, SLOT(UpdateButton()) );
      |                                ~~~~~^~
In file included from /usr/include/qt5/QtGui/qtguiglobal.h:43,
                 from /usr/include/qt5/QtWidgets/qtwidgetsglobal.h:43,
                 from /usr/include/qt5/QtWidgets/qmenu.h:43,
                 from /usr/include/qt5/QtWidgets/QMenu:1,
                 from panel-plugins/appmenu/LAppMenuPlugin.h:13,
                 from panel-plugins/appmenu/LAppMenuPlugin.cpp:7:
/usr/include/qt5/QtCore/qglobal.h:1274:80: note: declared here
 1274 | Q_CORE_EXPORT QT_DEPRECATED_VERSION_X_5_15("use QRandomGenerator instead") int qrand();
      |                                                                                ^~~~~
In file included from panel-plugins/appmenu/../../LDesktop.h:32,
                 from panel-plugins/appmenu/../../LSession.h:30,
                 from panel-plugins/appmenu/LAppMenuPlugin.cpp:8:
panel-plugins/appmenu/../../LDesktopPluginSpace.h: In member function ‘void LDesktopPluginSpace::RemoveItem(QString)’:
panel-plugins/appmenu/../../LDesktopPluginSpace.h:184:77: warning: ‘static bool QProcess::startDetached(const QString&)’ is deprecated: Use QProcess::startDetached(const QString &program, const QStringList &arguments) instead [-Wdeprecated-declarations]
  184 |               if(!info.isSymLink() && info.isDir()){ QProcess::startDetached("rm -r \""+info.absoluteFilePath()+"\""); }
      |                                                      ~~~~~~~~~~~~~~~~~~~~~~~^~~~~~~~~~~~~~~~~~~~~~~~~~~~~~~~~~~~~~~~~
In file included from /usr/include/qt5/QtCore/QProcess:1,
                 from ../libLumina/LUtils.h:11,
                 from panel-plugins/appmenu/../../Globals.h:10,
                 from panel-plugins/appmenu/../../LSession.h:26,
                 from panel-plugins/appmenu/LAppMenuPlugin.cpp:8:
/usr/include/qt5/QtCore/qprocess.h:280:17: note: declared here
  280 |     static bool startDetached(const QString &command);
      |                 ^~~~~~~~~~~~~
In file included from panel-plugins/applauncher/../../panel-plugins/taskmanager/LTaskButton.h:26,
                 from panel-plugins/applauncher/../../panel-plugins/taskmanager/LTaskManagerPlugin.h:23,
                 from panel-plugins/applauncher/../../panel-plugins/NewPP.h:23,
                 from panel-plugins/applauncher/../../LPanel.h:24,
                 from panel-plugins/applauncher/../../LDesktop.h:29,
                 from panel-plugins/applauncher/../../LSession.h:30,
                 from panel-plugins/applauncher/AppLaunchButton.cpp:8:
panel-plugins/applauncher/../../panel-plugins/taskmanager/../LTBWidget.h: In member function ‘virtual void LTBWidget::wheelEvent(QWheelEvent*)’:
panel-plugins/applauncher/../../panel-plugins/taskmanager/../LTBWidget.h:65:36: warning: ‘int QWheelEvent::delta() const’ is deprecated: Use angleDelta() [-Wdeprecated-declarations]
   65 |           int change = event->delta()/120; // 1/15th of a rotation (delta/120) is usually one "click" of the wheel
      |                        ~~~~~~~~~~~~^~
In file included from /usr/include/qt5/QtGui/QMoveEvent:1,
                 from panel-plugins/applauncher/../../LPanel.h:19,
                 from panel-plugins/applauncher/../../LDesktop.h:29,
                 from panel-plugins/applauncher/../../LSession.h:30,
                 from panel-plugins/applauncher/AppLaunchButton.cpp:8:
/usr/include/qt5/QtGui/qevent.h:219:16: note: declared here
  219 |     inline int delta() const  { return qt4D; }
      |                ^~~~~
In file included from panel-plugins/applauncher/../../panel-plugins/taskmanager/LTaskManagerPlugin.h:23,
                 from panel-plugins/applauncher/../../panel-plugins/NewPP.h:23,
                 from panel-plugins/applauncher/../../LPanel.h:24,
                 from panel-plugins/applauncher/../../LDesktop.h:29,
                 from panel-plugins/applauncher/../../LSession.h:30,
                 from panel-plugins/applauncher/AppLaunchButton.cpp:8:
panel-plugins/applauncher/../../panel-plugins/taskmanager/LTaskButton.h: In member function ‘virtual void LTaskButton::changeEvent(QEvent*)’:
panel-plugins/applauncher/../../panel-plugins/taskmanager/LTaskButton.h:76:37: warning: ‘int qrand()’ is deprecated: use QRandomGenerator instead [-Wdeprecated-declarations]
   76 |             QTimer::singleShot(qrand()%100+500, this, SLOT(UpdateButton()) );
      |                                ~~~~~^~
In file included from /usr/include/qt5/QtGui/qtguiglobal.h:43,
                 from /usr/include/qt5/QtWidgets/qtwidgetsglobal.h:43,
                 from /usr/include/qt5/QtWidgets/qtoolbutton.h:43,
                 from /usr/include/qt5/QtWidgets/QToolButton:1,
                 from panel-plugins/applauncher/AppLaunchButton.h:13,
                 from panel-plugins/applauncher/AppLaunchButton.cpp:7:
/usr/include/qt5/QtCore/qglobal.h:1274:80: note: declared here
 1274 | Q_CORE_EXPORT QT_DEPRECATED_VERSION_X_5_15("use QRandomGenerator instead") int qrand();
      |                                                                                ^~~~~
In file included from panel-plugins/applauncher/../../LDesktop.h:32,
                 from panel-plugins/applauncher/../../LSession.h:30,
                 from panel-plugins/applauncher/AppLaunchButton.cpp:8:
panel-plugins/applauncher/../../LDesktopPluginSpace.h: In member function ‘void LDesktopPluginSpace::RemoveItem(QString)’:
panel-plugins/applauncher/../../LDesktopPluginSpace.h:184:77: warning: ‘static bool QProcess::startDetached(const QString&)’ is deprecated: Use QProcess::startDetached(const QString &program, const QStringList &arguments) instead [-Wdeprecated-declarations]
  184 |               if(!info.isSymLink() && info.isDir()){ QProcess::startDetached("rm -r \""+info.absoluteFilePath()+"\""); }
      |                                                      ~~~~~~~~~~~~~~~~~~~~~~~^~~~~~~~~~~~~~~~~~~~~~~~~~~~~~~~~~~~~~~~~
In file included from /usr/include/qt5/QtCore/QProcess:1,
                 from ../libLumina/LUtils.h:11,
                 from panel-plugins/applauncher/../../Globals.h:10,
                 from panel-plugins/applauncher/../../LSession.h:26,
                 from panel-plugins/applauncher/AppLaunchButton.cpp:8:
/usr/include/qt5/QtCore/qprocess.h:280:17: note: declared here
  280 |     static bool startDetached(const QString &command);
      |                 ^~~~~~~~~~~~~
In file included from panel-plugins/systemstart/../../panel-plugins/taskmanager/LTaskButton.h:26,
                 from panel-plugins/systemstart/../../panel-plugins/taskmanager/LTaskManagerPlugin.h:23,
                 from panel-plugins/systemstart/../../panel-plugins/NewPP.h:23,
                 from panel-plugins/systemstart/../../LPanel.h:24,
                 from panel-plugins/systemstart/../../LDesktop.h:29,
                 from panel-plugins/systemstart/../../LSession.h:30,
                 from panel-plugins/systemstart/LStartButton.cpp:8:
panel-plugins/systemstart/../../panel-plugins/taskmanager/../LTBWidget.h: In member function ‘virtual void LTBWidget::wheelEvent(QWheelEvent*)’:
panel-plugins/systemstart/../../panel-plugins/taskmanager/../LTBWidget.h:65:36: warning: ‘int QWheelEvent::delta() const’ is deprecated: Use angleDelta() [-Wdeprecated-declarations]
   65 |           int change = event->delta()/120; // 1/15th of a rotation (delta/120) is usually one "click" of the wheel
      |                        ~~~~~~~~~~~~^~
In file included from /usr/include/qt5/QtGui/QMouseEvent:1,
                 from ../libLumina/ResizeMenu.h:12,
                 from panel-plugins/systemstart/LStartButton.h:28,
                 from panel-plugins/systemstart/LStartButton.cpp:7:
/usr/include/qt5/QtGui/qevent.h:219:16: note: declared here
  219 |     inline int delta() const  { return qt4D; }
      |                ^~~~~
In file included from panel-plugins/systemstart/../../panel-plugins/taskmanager/LTaskManagerPlugin.h:23,
                 from panel-plugins/systemstart/../../panel-plugins/NewPP.h:23,
                 from panel-plugins/systemstart/../../LPanel.h:24,
                 from panel-plugins/systemstart/../../LDesktop.h:29,
                 from panel-plugins/systemstart/../../LSession.h:30,
                 from panel-plugins/systemstart/LStartButton.cpp:8:
panel-plugins/systemstart/../../panel-plugins/taskmanager/LTaskButton.h: In member function ‘virtual void LTaskButton::changeEvent(QEvent*)’:
panel-plugins/systemstart/../../panel-plugins/taskmanager/LTaskButton.h:76:37: warning: ‘int qrand()’ is deprecated: use QRandomGenerator instead [-Wdeprecated-declarations]
   76 |             QTimer::singleShot(qrand()%100+500, this, SLOT(UpdateButton()) );
      |                                ~~~~~^~
In file included from /usr/include/qt5/QtGui/qtguiglobal.h:43,
                 from /usr/include/qt5/QtWidgets/qtwidgetsglobal.h:43,
                 from /usr/include/qt5/QtWidgets/qmenu.h:43,
                 from /usr/include/qt5/QtWidgets/QMenu:1,
                 from panel-plugins/systemstart/LStartButton.h:14,
                 from panel-plugins/systemstart/LStartButton.cpp:7:
/usr/include/qt5/QtCore/qglobal.h:1274:80: note: declared here
 1274 | Q_CORE_EXPORT QT_DEPRECATED_VERSION_X_5_15("use QRandomGenerator instead") int qrand();
      |                                                                                ^~~~~
In file included from ./global-includes.h:72,
                 from src-screensaver/LScreenSaver.h:10,
                 from panel-plugins/appmenu/../../LSession.h:33,
                 from panel-plugins/appmenu/LAppMenuPlugin.cpp:8:
../libLumina/ExternalProcess.h: In static member function ‘static void ExternalProcess::launch(QString, QStringList, bool)’:
../libLumina/ExternalProcess.h:84:41: warning: ‘void QProcess::start(const QString&, QIODevice::OpenMode)’ is deprecated: Use QProcess::start(const QString &program, const QStringList &arguments,OpenMode mode = ReadWrite) instead [-Wdeprecated-declarations]
   84 |           if(args.isEmpty()){ tmp->start(program); }
      |                               ~~~~~~~~~~^~~~~~~~~
In file included from /usr/include/qt5/QtCore/QProcess:1,
                 from ../libLumina/LUtils.h:11,
                 from panel-plugins/appmenu/../../Globals.h:10,
                 from panel-plugins/appmenu/../../LSession.h:26,
                 from panel-plugins/appmenu/LAppMenuPlugin.cpp:8:
/usr/include/qt5/QtCore/qprocess.h:168:10: note: declared here
  168 |     void start(const QString &command, OpenMode mode = ReadWrite);
      |          ^~~~~
In file included from panel-plugins/systemstart/../../LDesktop.h:32,
                 from panel-plugins/systemstart/../../LSession.h:30,
                 from panel-plugins/systemstart/LStartButton.cpp:8:
panel-plugins/systemstart/../../LDesktopPluginSpace.h: In member function ‘void LDesktopPluginSpace::RemoveItem(QString)’:
panel-plugins/systemstart/../../LDesktopPluginSpace.h:184:77: warning: ‘static bool QProcess::startDetached(const QString&)’ is deprecated: Use QProcess::startDetached(const QString &program, const QStringList &arguments) instead [-Wdeprecated-declarations]
  184 |               if(!info.isSymLink() && info.isDir()){ QProcess::startDetached("rm -r \""+info.absoluteFilePath()+"\""); }
      |                                                      ~~~~~~~~~~~~~~~~~~~~~~~^~~~~~~~~~~~~~~~~~~~~~~~~~~~~~~~~~~~~~~~~
In file included from /usr/include/qt5/QtCore/QProcess:1,
                 from ../libLumina/LUtils.h:11,
                 from panel-plugins/systemstart/LStartButton.h:27,
                 from panel-plugins/systemstart/LStartButton.cpp:7:
/usr/include/qt5/QtCore/qprocess.h:280:17: note: declared here
  280 |     static bool startDetached(const QString &command);
      |                 ^~~~~~~~~~~~~
In file included from ./global-includes.h:72,
                 from src-screensaver/LScreenSaver.h:10,
                 from panel-plugins/applauncher/../../LSession.h:33,
                 from panel-plugins/applauncher/AppLaunchButton.cpp:8:
../libLumina/ExternalProcess.h: In static member function ‘static void ExternalProcess::launch(QString, QStringList, bool)’:
../libLumina/ExternalProcess.h:84:41: warning: ‘void QProcess::start(const QString&, QIODevice::OpenMode)’ is deprecated: Use QProcess::start(const QString &program, const QStringList &arguments,OpenMode mode = ReadWrite) instead [-Wdeprecated-declarations]
   84 |           if(args.isEmpty()){ tmp->start(program); }
      |                               ~~~~~~~~~~^~~~~~~~~
In file included from /usr/include/qt5/QtCore/QProcess:1,
                 from ../libLumina/LUtils.h:11,
                 from panel-plugins/applauncher/../../Globals.h:10,
                 from panel-plugins/applauncher/../../LSession.h:26,
                 from panel-plugins/applauncher/AppLaunchButton.cpp:8:
/usr/include/qt5/QtCore/qprocess.h:168:10: note: declared here
  168 |     void start(const QString &command, OpenMode mode = ReadWrite);
      |          ^~~~~
In file included from ./global-includes.h:72,
                 from src-screensaver/LScreenSaver.h:10,
                 from panel-plugins/systemstart/../../LSession.h:33,
                 from panel-plugins/systemstart/LStartButton.cpp:8:
../libLumina/ExternalProcess.h: In static member function ‘static void ExternalProcess::launch(QString, QStringList, bool)’:
../libLumina/ExternalProcess.h:84:41: warning: ‘void QProcess::start(const QString&, QIODevice::OpenMode)’ is deprecated: Use QProcess::start(const QString &program, const QStringList &arguments,OpenMode mode = ReadWrite) instead [-Wdeprecated-declarations]
   84 |           if(args.isEmpty()){ tmp->start(program); }
      |                               ~~~~~~~~~~^~~~~~~~~
In file included from /usr/include/qt5/QtCore/QProcess:1,
                 from ../libLumina/LUtils.h:11,
                 from panel-plugins/systemstart/LStartButton.h:27,
                 from panel-plugins/systemstart/LStartButton.cpp:7:
/usr/include/qt5/QtCore/qprocess.h:168:10: note: declared here
  168 |     void start(const QString &command, OpenMode mode = ReadWrite);
      |          ^~~~~
g++ -c -pipe -O2 -flto=auto -ffat-lto-objects -fexceptions -g -grecord-gcc-switches -pipe -Wall -Werror=format-security -Wp,-D_FORTIFY_SOURCE=2 -Wp,-D_GLIBCXX_ASSERTIONS -specs=/usr/lib/rpm/redhat/redhat-hardened-cc1 -fstack-protector-strong -specs=/usr/lib/rpm/redhat/redhat-annobin-cc1 -m64 -mtune=generic -fasynchronous-unwind-tables -fstack-clash-protection -fcf-protection -std=gnu++11 -Wall -Wextra -D_REENTRANT -fPIC -DPREFIX=QString\(\"/usr\"\) -DL_ETCDIR=QString\(\"/etc\"\) -DL_SHAREDIR=QString\(\"/usr/share\"\) -DGIT_VERSION="\"a88ea52f\"" -DQT_NO_DEBUG -DQT_MULTIMEDIAWIDGETS_LIB -DQT_SVG_LIB -DQT_WIDGETS_LIB -DQT_X11EXTRAS_LIB -DQT_MULTIMEDIA_LIB -DQT_QUICK_LIB -DQT_GUI_LIB -DQT_QMLMODELS_LIB -DQT_QML_LIB -DQT_NETWORK_LIB -DQT_CONCURRENT_LIB -DQT_CORE_LIB -I. -I../libLumina -I/usr/include/qt5 -I/usr -I/usr/include -I/home/q5sys/git/lumina/src-qt5/core/lumina-desktop -I../../src-cpp -Isrc-screensaver -I/usr/include/qt5/QtMultimediaWidgets -I/usr/include/qt5/QtSvg -I/usr/include/qt5/QtWidgets -I/usr/include/qt5/QtX11Extras -I/usr/include/qt5/QtMultimedia -I/usr/include/qt5/QtQuick -I/usr/include/qt5/QtGui -I/usr/include/qt5/QtQmlModels -I/usr/include/qt5/QtQml -I/usr/include/qt5/QtNetwork -I/usr/include/qt5/QtConcurrent -I/usr/include/qt5/QtCore -I.build/moc -I.build/ui -I/usr/lib64/qt5/mkspecs/linux-g++ -o .build/obj/StartMenu.o panel-plugins/systemstart/StartMenu.cpp
g++ -c -pipe -O2 -flto=auto -ffat-lto-objects -fexceptions -g -grecord-gcc-switches -pipe -Wall -Werror=format-security -Wp,-D_FORTIFY_SOURCE=2 -Wp,-D_GLIBCXX_ASSERTIONS -specs=/usr/lib/rpm/redhat/redhat-hardened-cc1 -fstack-protector-strong -specs=/usr/lib/rpm/redhat/redhat-annobin-cc1 -m64 -mtune=generic -fasynchronous-unwind-tables -fstack-clash-protection -fcf-protection -std=gnu++11 -Wall -Wextra -D_REENTRANT -fPIC -DPREFIX=QString\(\"/usr\"\) -DL_ETCDIR=QString\(\"/etc\"\) -DL_SHAREDIR=QString\(\"/usr/share\"\) -DGIT_VERSION="\"a88ea52f\"" -DQT_NO_DEBUG -DQT_MULTIMEDIAWIDGETS_LIB -DQT_SVG_LIB -DQT_WIDGETS_LIB -DQT_X11EXTRAS_LIB -DQT_MULTIMEDIA_LIB -DQT_QUICK_LIB -DQT_GUI_LIB -DQT_QMLMODELS_LIB -DQT_QML_LIB -DQT_NETWORK_LIB -DQT_CONCURRENT_LIB -DQT_CORE_LIB -I. -I../libLumina -I/usr/include/qt5 -I/usr -I/usr/include -I/home/q5sys/git/lumina/src-qt5/core/lumina-desktop -I../../src-cpp -Isrc-screensaver -I/usr/include/qt5/QtMultimediaWidgets -I/usr/include/qt5/QtSvg -I/usr/include/qt5/QtWidgets -I/usr/include/qt5/QtX11Extras -I/usr/include/qt5/QtMultimedia -I/usr/include/qt5/QtQuick -I/usr/include/qt5/QtGui -I/usr/include/qt5/QtQmlModels -I/usr/include/qt5/QtQml -I/usr/include/qt5/QtNetwork -I/usr/include/qt5/QtConcurrent -I/usr/include/qt5/QtCore -I.build/moc -I.build/ui -I/usr/lib64/qt5/mkspecs/linux-g++ -o .build/obj/ItemWidget.o panel-plugins/systemstart/ItemWidget.cpp
g++ -c -pipe -O2 -flto=auto -ffat-lto-objects -fexceptions -g -grecord-gcc-switches -pipe -Wall -Werror=format-security -Wp,-D_FORTIFY_SOURCE=2 -Wp,-D_GLIBCXX_ASSERTIONS -specs=/usr/lib/rpm/redhat/redhat-hardened-cc1 -fstack-protector-strong -specs=/usr/lib/rpm/redhat/redhat-annobin-cc1 -m64 -mtune=generic -fasynchronous-unwind-tables -fstack-clash-protection -fcf-protection -std=gnu++11 -Wall -Wextra -D_REENTRANT -fPIC -DPREFIX=QString\(\"/usr\"\) -DL_ETCDIR=QString\(\"/etc\"\) -DL_SHAREDIR=QString\(\"/usr/share\"\) -DGIT_VERSION="\"a88ea52f\"" -DQT_NO_DEBUG -DQT_MULTIMEDIAWIDGETS_LIB -DQT_SVG_LIB -DQT_WIDGETS_LIB -DQT_X11EXTRAS_LIB -DQT_MULTIMEDIA_LIB -DQT_QUICK_LIB -DQT_GUI_LIB -DQT_QMLMODELS_LIB -DQT_QML_LIB -DQT_NETWORK_LIB -DQT_CONCURRENT_LIB -DQT_CORE_LIB -I. -I../libLumina -I/usr/include/qt5 -I/usr -I/usr/include -I/home/q5sys/git/lumina/src-qt5/core/lumina-desktop -I../../src-cpp -Isrc-screensaver -I/usr/include/qt5/QtMultimediaWidgets -I/usr/include/qt5/QtSvg -I/usr/include/qt5/QtWidgets -I/usr/include/qt5/QtX11Extras -I/usr/include/qt5/QtMultimedia -I/usr/include/qt5/QtQuick -I/usr/include/qt5/QtGui -I/usr/include/qt5/QtQmlModels -I/usr/include/qt5/QtQml -I/usr/include/qt5/QtNetwork -I/usr/include/qt5/QtConcurrent -I/usr/include/qt5/QtCore -I.build/moc -I.build/ui -I/usr/lib64/qt5/mkspecs/linux-g++ -o .build/obj/LPAudioPlayer.o panel-plugins/audioplayer/LPAudioPlayer.cpp
In file included from panel-plugins/systemstart/../../panel-plugins/taskmanager/LTaskButton.h:26,
                 from panel-plugins/systemstart/../../panel-plugins/taskmanager/LTaskManagerPlugin.h:23,
                 from panel-plugins/systemstart/../../panel-plugins/NewPP.h:23,
                 from panel-plugins/systemstart/../../LPanel.h:24,
                 from panel-plugins/systemstart/../../LDesktop.h:29,
                 from panel-plugins/systemstart/../../LSession.h:30,
                 from panel-plugins/systemstart/StartMenu.cpp:10:
panel-plugins/systemstart/../../panel-plugins/taskmanager/../LTBWidget.h: In member function ‘virtual void LTBWidget::wheelEvent(QWheelEvent*)’:
panel-plugins/systemstart/../../panel-plugins/taskmanager/../LTBWidget.h:65:36: warning: ‘int QWheelEvent::delta() const’ is deprecated: Use angleDelta() [-Wdeprecated-declarations]
   65 |           int change = event->delta()/120; // 1/15th of a rotation (delta/120) is usually one "click" of the wheel
      |                        ~~~~~~~~~~~~^~
In file included from /usr/include/qt5/QtGui/QMouseEvent:1,
                 from panel-plugins/systemstart/StartMenu.h:12,
                 from panel-plugins/systemstart/StartMenu.cpp:5:
/usr/include/qt5/QtGui/qevent.h:219:16: note: declared here
  219 |     inline int delta() const  { return qt4D; }
      |                ^~~~~
In file included from panel-plugins/systemstart/../../panel-plugins/taskmanager/LTaskManagerPlugin.h:23,
                 from panel-plugins/systemstart/../../panel-plugins/NewPP.h:23,
                 from panel-plugins/systemstart/../../LPanel.h:24,
                 from panel-plugins/systemstart/../../LDesktop.h:29,
                 from panel-plugins/systemstart/../../LSession.h:30,
                 from panel-plugins/systemstart/StartMenu.cpp:10:
panel-plugins/systemstart/../../panel-plugins/taskmanager/LTaskButton.h: In member function ‘virtual void LTaskButton::changeEvent(QEvent*)’:
panel-plugins/systemstart/../../panel-plugins/taskmanager/LTaskButton.h:76:37: warning: ‘int qrand()’ is deprecated: use QRandomGenerator instead [-Wdeprecated-declarations]
   76 |             QTimer::singleShot(qrand()%100+500, this, SLOT(UpdateButton()) );
      |                                ~~~~~^~
In file included from /usr/include/qt5/QtGui/qtguiglobal.h:43,
                 from /usr/include/qt5/QtWidgets/qtwidgetsglobal.h:43,
                 from /usr/include/qt5/QtWidgets/qwidget.h:43,
                 from /usr/include/qt5/QtWidgets/QWidget:1,
                 from panel-plugins/systemstart/StartMenu.h:10,
                 from panel-plugins/systemstart/StartMenu.cpp:5:
/usr/include/qt5/QtCore/qglobal.h:1274:80: note: declared here
 1274 | Q_CORE_EXPORT QT_DEPRECATED_VERSION_X_5_15("use QRandomGenerator instead") int qrand();
      |                                                                                ^~~~~
In file included from panel-plugins/systemstart/../../LDesktop.h:32,
                 from panel-plugins/systemstart/../../LSession.h:30,
                 from panel-plugins/systemstart/StartMenu.cpp:10:
panel-plugins/systemstart/../../LDesktopPluginSpace.h: In member function ‘void LDesktopPluginSpace::RemoveItem(QString)’:
panel-plugins/systemstart/../../LDesktopPluginSpace.h:184:77: warning: ‘static bool QProcess::startDetached(const QString&)’ is deprecated: Use QProcess::startDetached(const QString &program, const QStringList &arguments) instead [-Wdeprecated-declarations]
  184 |               if(!info.isSymLink() && info.isDir()){ QProcess::startDetached("rm -r \""+info.absoluteFilePath()+"\""); }
      |                                                      ~~~~~~~~~~~~~~~~~~~~~~~^~~~~~~~~~~~~~~~~~~~~~~~~~~~~~~~~~~~~~~~~
In file included from /usr/include/qt5/QtCore/QProcess:1,
                 from ../libLumina/LuminaOS.h:17,
                 from panel-plugins/systemstart/StartMenu.cpp:9:
/usr/include/qt5/QtCore/qprocess.h:280:17: note: declared here
  280 |     static bool startDetached(const QString &command);
      |                 ^~~~~~~~~~~~~
In file included from panel-plugins/systemstart/../../panel-plugins/taskmanager/LTaskButton.h:26,
                 from panel-plugins/systemstart/../../panel-plugins/taskmanager/LTaskManagerPlugin.h:23,
                 from panel-plugins/systemstart/../../panel-plugins/NewPP.h:23,
                 from panel-plugins/systemstart/../../LPanel.h:24,
                 from panel-plugins/systemstart/../../LDesktop.h:29,
                 from panel-plugins/systemstart/../../LSession.h:30,
                 from panel-plugins/systemstart/ItemWidget.cpp:10:
panel-plugins/systemstart/../../panel-plugins/taskmanager/../LTBWidget.h: In member function ‘virtual void LTBWidget::wheelEvent(QWheelEvent*)’:
panel-plugins/systemstart/../../panel-plugins/taskmanager/../LTBWidget.h:65:36: warning: ‘int QWheelEvent::delta() const’ is deprecated: Use angleDelta() [-Wdeprecated-declarations]
   65 |           int change = event->delta()/120; // 1/15th of a rotation (delta/120) is usually one "click" of the wheel
      |                        ~~~~~~~~~~~~^~
In file included from /usr/include/qt5/QtGui/QMouseEvent:1,
                 from panel-plugins/systemstart/ItemWidget.h:20,
                 from panel-plugins/systemstart/ItemWidget.cpp:7:
/usr/include/qt5/QtGui/qevent.h:219:16: note: declared here
  219 |     inline int delta() const  { return qt4D; }
      |                ^~~~~
In file included from panel-plugins/systemstart/../../panel-plugins/taskmanager/LTaskManagerPlugin.h:23,
                 from panel-plugins/systemstart/../../panel-plugins/NewPP.h:23,
                 from panel-plugins/systemstart/../../LPanel.h:24,
                 from panel-plugins/systemstart/../../LDesktop.h:29,
                 from panel-plugins/systemstart/../../LSession.h:30,
                 from panel-plugins/systemstart/ItemWidget.cpp:10:
panel-plugins/systemstart/../../panel-plugins/taskmanager/LTaskButton.h: In member function ‘virtual void LTaskButton::changeEvent(QEvent*)’:
panel-plugins/systemstart/../../panel-plugins/taskmanager/LTaskButton.h:76:37: warning: ‘int qrand()’ is deprecated: use QRandomGenerator instead [-Wdeprecated-declarations]
   76 |             QTimer::singleShot(qrand()%100+500, this, SLOT(UpdateButton()) );
      |                                ~~~~~^~
In file included from /usr/include/qt5/QtGui/qtguiglobal.h:43,
                 from /usr/include/qt5/QtWidgets/qtwidgetsglobal.h:43,
                 from /usr/include/qt5/QtWidgets/qframe.h:43,
                 from /usr/include/qt5/QtWidgets/QFrame:1,
                 from panel-plugins/systemstart/ItemWidget.h:12,
                 from panel-plugins/systemstart/ItemWidget.cpp:7:
/usr/include/qt5/QtCore/qglobal.h:1274:80: note: declared here
 1274 | Q_CORE_EXPORT QT_DEPRECATED_VERSION_X_5_15("use QRandomGenerator instead") int qrand();
      |                                                                                ^~~~~
In file included from panel-plugins/audioplayer/LPAudioPlayer.h:11,
                 from panel-plugins/audioplayer/LPAudioPlayer.cpp:7:
panel-plugins/audioplayer/../LTBWidget.h: In member function ‘virtual void LTBWidget::wheelEvent(QWheelEvent*)’:
panel-plugins/audioplayer/../LTBWidget.h:65:36: warning: ‘int QWheelEvent::delta() const’ is deprecated: Use angleDelta() [-Wdeprecated-declarations]
   65 |           int change = event->delta()/120; // 1/15th of a rotation (delta/120) is usually one "click" of the wheel
      |                        ~~~~~~~~~~~~^~
In file included from /usr/include/qt5/QtGui/QWheelEvent:1,
                 from panel-plugins/audioplayer/../LTBWidget.h:12,
                 from panel-plugins/audioplayer/LPAudioPlayer.h:11,
                 from panel-plugins/audioplayer/LPAudioPlayer.cpp:7:
/usr/include/qt5/QtGui/qevent.h:219:16: note: declared here
  219 |     inline int delta() const  { return qt4D; }
      |                ^~~~~
In file included from panel-plugins/systemstart/../../LDesktop.h:32,
                 from panel-plugins/systemstart/../../LSession.h:30,
                 from panel-plugins/systemstart/ItemWidget.cpp:10:
panel-plugins/systemstart/../../LDesktopPluginSpace.h: In member function ‘void LDesktopPluginSpace::RemoveItem(QString)’:
panel-plugins/systemstart/../../LDesktopPluginSpace.h:184:77: warning: ‘static bool QProcess::startDetached(const QString&)’ is deprecated: Use QProcess::startDetached(const QString &program, const QStringList &arguments) instead [-Wdeprecated-declarations]
  184 |               if(!info.isSymLink() && info.isDir()){ QProcess::startDetached("rm -r \""+info.absoluteFilePath()+"\""); }
      |                                                      ~~~~~~~~~~~~~~~~~~~~~~~^~~~~~~~~~~~~~~~~~~~~~~~~~~~~~~~~~~~~~~~~
In file included from /usr/include/qt5/QtCore/QProcess:1,
                 from ../libLumina/LUtils.h:11,
                 from panel-plugins/systemstart/ItemWidget.cpp:8:
/usr/include/qt5/QtCore/qprocess.h:280:17: note: declared here
  280 |     static bool startDetached(const QString &command);
      |                 ^~~~~~~~~~~~~
In file included from ./panel-plugins/taskmanager/LTaskManagerPlugin.h:23,
                 from ./panel-plugins/NewPP.h:23,
                 from ./LPanel.h:24,
                 from ./LDesktop.h:29,
                 from ./LSession.h:30,
                 from panel-plugins/audioplayer/LPAudioPlayer.cpp:8:
./panel-plugins/taskmanager/LTaskButton.h: In member function ‘virtual void LTaskButton::changeEvent(QEvent*)’:
./panel-plugins/taskmanager/LTaskButton.h:76:37: warning: ‘int qrand()’ is deprecated: use QRandomGenerator instead [-Wdeprecated-declarations]
   76 |             QTimer::singleShot(qrand()%100+500, this, SLOT(UpdateButton()) );
      |                                ~~~~~^~
In file included from /usr/include/qt5/QtCore/qcoreapplication.h:43,
                 from /usr/include/qt5/QtCore/QCoreApplication:1,
                 from ../libLumina/LUtils.h:10,
                 from panel-plugins/audioplayer/../../Globals.h:10,
                 from panel-plugins/audioplayer/LPAudioPlayer.h:10,
                 from panel-plugins/audioplayer/LPAudioPlayer.cpp:7:
/usr/include/qt5/QtCore/qglobal.h:1274:80: note: declared here
 1274 | Q_CORE_EXPORT QT_DEPRECATED_VERSION_X_5_15("use QRandomGenerator instead") int qrand();
      |                                                                                ^~~~~
In file included from ./LDesktop.h:32,
                 from ./LSession.h:30,
                 from panel-plugins/audioplayer/LPAudioPlayer.cpp:8:
./LDesktopPluginSpace.h: In member function ‘void LDesktopPluginSpace::RemoveItem(QString)’:
./LDesktopPluginSpace.h:184:77: warning: ‘static bool QProcess::startDetached(const QString&)’ is deprecated: Use QProcess::startDetached(const QString &program, const QStringList &arguments) instead [-Wdeprecated-declarations]
  184 |               if(!info.isSymLink() && info.isDir()){ QProcess::startDetached("rm -r \""+info.absoluteFilePath()+"\""); }
      |                                                      ~~~~~~~~~~~~~~~~~~~~~~~^~~~~~~~~~~~~~~~~~~~~~~~~~~~~~~~~~~~~~~~~
In file included from /usr/include/qt5/QtCore/QProcess:1,
                 from ../libLumina/LUtils.h:11,
                 from panel-plugins/audioplayer/../../Globals.h:10,
                 from panel-plugins/audioplayer/LPAudioPlayer.h:10,
                 from panel-plugins/audioplayer/LPAudioPlayer.cpp:7:
/usr/include/qt5/QtCore/qprocess.h:280:17: note: declared here
  280 |     static bool startDetached(const QString &command);
      |                 ^~~~~~~~~~~~~
In file included from ./global-includes.h:72,
                 from src-screensaver/LScreenSaver.h:10,
                 from panel-plugins/systemstart/../../LSession.h:33,
                 from panel-plugins/systemstart/StartMenu.cpp:10:
../libLumina/ExternalProcess.h: In static member function ‘static void ExternalProcess::launch(QString, QStringList, bool)’:
../libLumina/ExternalProcess.h:84:41: warning: ‘void QProcess::start(const QString&, QIODevice::OpenMode)’ is deprecated: Use QProcess::start(const QString &program, const QStringList &arguments,OpenMode mode = ReadWrite) instead [-Wdeprecated-declarations]
   84 |           if(args.isEmpty()){ tmp->start(program); }
      |                               ~~~~~~~~~~^~~~~~~~~
In file included from /usr/include/qt5/QtCore/QProcess:1,
                 from ../libLumina/LuminaOS.h:17,
                 from panel-plugins/systemstart/StartMenu.cpp:9:
/usr/include/qt5/QtCore/qprocess.h:168:10: note: declared here
  168 |     void start(const QString &command, OpenMode mode = ReadWrite);
      |          ^~~~~
In file included from ./global-includes.h:72,
                 from src-screensaver/LScreenSaver.h:10,
                 from panel-plugins/systemstart/../../LSession.h:33,
                 from panel-plugins/systemstart/ItemWidget.cpp:10:
../libLumina/ExternalProcess.h: In static member function ‘static void ExternalProcess::launch(QString, QStringList, bool)’:
../libLumina/ExternalProcess.h:84:41: warning: ‘void QProcess::start(const QString&, QIODevice::OpenMode)’ is deprecated: Use QProcess::start(const QString &program, const QStringList &arguments,OpenMode mode = ReadWrite) instead [-Wdeprecated-declarations]
   84 |           if(args.isEmpty()){ tmp->start(program); }
      |                               ~~~~~~~~~~^~~~~~~~~
In file included from /usr/include/qt5/QtCore/QProcess:1,
                 from ../libLumina/LUtils.h:11,
                 from panel-plugins/systemstart/ItemWidget.cpp:8:
/usr/include/qt5/QtCore/qprocess.h:168:10: note: declared here
  168 |     void start(const QString &command, OpenMode mode = ReadWrite);
      |          ^~~~~
panel-plugins/systemstart/ItemWidget.cpp: In member function ‘void ItemWidget::updateItems()’:
panel-plugins/systemstart/ItemWidget.cpp:242:18: warning: ‘const QPixmap* QLabel::pixmap() const’ is deprecated: Use the other overload which returns QPixmap by-value [-Wdeprecated-declarations]
  242 |   if(icon->pixmap()!=0){
      |      ~~~~~~~~~~~~^~
In file included from /usr/include/qt5/QtWidgets/QLabel:1,
                 from panel-plugins/systemstart/ItemWidget.h:13,
                 from panel-plugins/systemstart/ItemWidget.cpp:7:
/usr/include/qt5/QtWidgets/qlabel.h:78:20: note: declared here
   78 |     const QPixmap *pixmap() const; // ### Qt 7: Remove function
      |                    ^~~~~~
panel-plugins/systemstart/ItemWidget.cpp:243:20: warning: ‘const QPixmap* QLabel::pixmap() const’ is deprecated: Use the other overload which returns QPixmap by-value [-Wdeprecated-declarations]
  243 |     if(icon->pixmap()->size().height() < H ){
      |        ~~~~~~~~~~~~^~
In file included from /usr/include/qt5/QtWidgets/QLabel:1,
                 from panel-plugins/systemstart/ItemWidget.h:13,
                 from panel-plugins/systemstart/ItemWidget.cpp:7:
/usr/include/qt5/QtWidgets/qlabel.h:78:20: note: declared here
   78 |     const QPixmap *pixmap() const; // ### Qt 7: Remove function
      |                    ^~~~~~
panel-plugins/systemstart/ItemWidget.cpp:255:26: warning: ‘const QPixmap* QLabel::pixmap() const’ is deprecated: Use the other overload which returns QPixmap by-value [-Wdeprecated-declarations]
  255 |     }else if(icon->pixmap()->size().height() > H ){
      |              ~~~~~~~~~~~~^~
In file included from /usr/include/qt5/QtWidgets/QLabel:1,
                 from panel-plugins/systemstart/ItemWidget.h:13,
                 from panel-plugins/systemstart/ItemWidget.cpp:7:
/usr/include/qt5/QtWidgets/qlabel.h:78:20: note: declared here
   78 |     const QPixmap *pixmap() const; // ### Qt 7: Remove function
      |                    ^~~~~~
panel-plugins/systemstart/ItemWidget.cpp:256:36: warning: ‘const QPixmap* QLabel::pixmap() const’ is deprecated: Use the other overload which returns QPixmap by-value [-Wdeprecated-declarations]
  256 |       icon->setPixmap( icon->pixmap()->scaled(H, H, Qt::IgnoreAspectRatio, Qt::SmoothTransformation) );
      |                        ~~~~~~~~~~~~^~
In file included from /usr/include/qt5/QtWidgets/QLabel:1,
                 from panel-plugins/systemstart/ItemWidget.h:13,
                 from panel-plugins/systemstart/ItemWidget.cpp:7:
/usr/include/qt5/QtWidgets/qlabel.h:78:20: note: declared here
   78 |     const QPixmap *pixmap() const; // ### Qt 7: Remove function
      |                    ^~~~~~
In file included from ./global-includes.h:72,
                 from src-screensaver/LScreenSaver.h:10,
                 from ./LSession.h:33,
                 from panel-plugins/audioplayer/LPAudioPlayer.cpp:8:
../libLumina/ExternalProcess.h: In static member function ‘static void ExternalProcess::launch(QString, QStringList, bool)’:
../libLumina/ExternalProcess.h:84:41: warning: ‘void QProcess::start(const QString&, QIODevice::OpenMode)’ is deprecated: Use QProcess::start(const QString &program, const QStringList &arguments,OpenMode mode = ReadWrite) instead [-Wdeprecated-declarations]
   84 |           if(args.isEmpty()){ tmp->start(program); }
      |                               ~~~~~~~~~~^~~~~~~~~
In file included from /usr/include/qt5/QtCore/QProcess:1,
                 from ../libLumina/LUtils.h:11,
                 from panel-plugins/audioplayer/../../Globals.h:10,
                 from panel-plugins/audioplayer/LPAudioPlayer.h:10,
                 from panel-plugins/audioplayer/LPAudioPlayer.cpp:7:
/usr/include/qt5/QtCore/qprocess.h:168:10: note: declared here
  168 |     void start(const QString &command, OpenMode mode = ReadWrite);
      |          ^~~~~
g++ -c -pipe -O2 -flto=auto -ffat-lto-objects -fexceptions -g -grecord-gcc-switches -pipe -Wall -Werror=format-security -Wp,-D_FORTIFY_SOURCE=2 -Wp,-D_GLIBCXX_ASSERTIONS -specs=/usr/lib/rpm/redhat/redhat-hardened-cc1 -fstack-protector-strong -specs=/usr/lib/rpm/redhat/redhat-annobin-cc1 -m64 -mtune=generic -fasynchronous-unwind-tables -fstack-clash-protection -fcf-protection -std=gnu++11 -Wall -Wextra -D_REENTRANT -fPIC -DPREFIX=QString\(\"/usr\"\) -DL_ETCDIR=QString\(\"/etc\"\) -DL_SHAREDIR=QString\(\"/usr/share\"\) -DGIT_VERSION="\"a88ea52f\"" -DQT_NO_DEBUG -DQT_MULTIMEDIAWIDGETS_LIB -DQT_SVG_LIB -DQT_WIDGETS_LIB -DQT_X11EXTRAS_LIB -DQT_MULTIMEDIA_LIB -DQT_QUICK_LIB -DQT_GUI_LIB -DQT_QMLMODELS_LIB -DQT_QML_LIB -DQT_NETWORK_LIB -DQT_CONCURRENT_LIB -DQT_CORE_LIB -I. -I../libLumina -I/usr/include/qt5 -I/usr -I/usr/include -I/home/q5sys/git/lumina/src-qt5/core/lumina-desktop -I../../src-cpp -Isrc-screensaver -I/usr/include/qt5/QtMultimediaWidgets -I/usr/include/qt5/QtSvg -I/usr/include/qt5/QtWidgets -I/usr/include/qt5/QtX11Extras -I/usr/include/qt5/QtMultimedia -I/usr/include/qt5/QtQuick -I/usr/include/qt5/QtGui -I/usr/include/qt5/QtQmlModels -I/usr/include/qt5/QtQml -I/usr/include/qt5/QtNetwork -I/usr/include/qt5/QtConcurrent -I/usr/include/qt5/QtCore -I.build/moc -I.build/ui -I/usr/lib64/qt5/mkspecs/linux-g++ -o .build/obj/PPlayerWidget.o panel-plugins/audioplayer/PPlayerWidget.cpp
g++ -c -pipe -O2 -flto=auto -ffat-lto-objects -fexceptions -g -grecord-gcc-switches -pipe -Wall -Werror=format-security -Wp,-D_FORTIFY_SOURCE=2 -Wp,-D_GLIBCXX_ASSERTIONS -specs=/usr/lib/rpm/redhat/redhat-hardened-cc1 -fstack-protector-strong -specs=/usr/lib/rpm/redhat/redhat-annobin-cc1 -m64 -mtune=generic -fasynchronous-unwind-tables -fstack-clash-protection -fcf-protection -std=gnu++11 -Wall -Wextra -D_REENTRANT -fPIC -DPREFIX=QString\(\"/usr\"\) -DL_ETCDIR=QString\(\"/etc\"\) -DL_SHAREDIR=QString\(\"/usr/share\"\) -DGIT_VERSION="\"a88ea52f\"" -DQT_NO_DEBUG -DQT_MULTIMEDIAWIDGETS_LIB -DQT_SVG_LIB -DQT_WIDGETS_LIB -DQT_X11EXTRAS_LIB -DQT_MULTIMEDIA_LIB -DQT_QUICK_LIB -DQT_GUI_LIB -DQT_QMLMODELS_LIB -DQT_QML_LIB -DQT_NETWORK_LIB -DQT_CONCURRENT_LIB -DQT_CORE_LIB -I. -I../libLumina -I/usr/include/qt5 -I/usr -I/usr/include -I/home/q5sys/git/lumina/src-qt5/core/lumina-desktop -I../../src-cpp -Isrc-screensaver -I/usr/include/qt5/QtMultimediaWidgets -I/usr/include/qt5/QtSvg -I/usr/include/qt5/QtWidgets -I/usr/include/qt5/QtX11Extras -I/usr/include/qt5/QtMultimedia -I/usr/include/qt5/QtQuick -I/usr/include/qt5/QtGui -I/usr/include/qt5/QtQmlModels -I/usr/include/qt5/QtQml -I/usr/include/qt5/QtNetwork -I/usr/include/qt5/QtConcurrent -I/usr/include/qt5/QtCore -I.build/moc -I.build/ui -I/usr/lib64/qt5/mkspecs/linux-g++ -o .build/obj/PPJsonMenu.o panel-plugins/jsonmenu/PPJsonMenu.cpp
panel-plugins/audioplayer/PPlayerWidget.cpp: In member function ‘void PPlayerWidget::playlistChanged()’:
panel-plugins/audioplayer/PPlayerWidget.cpp:225:47: warning: ‘QUrl QMediaContent::canonicalUrl() const’ is deprecated: Use QMediaContent::request().url() [-Wdeprecated-declarations]
  225 |     QUrl url = PLAYLIST->media(i).canonicalUrl();
      |                ~~~~~~~~~~~~~~~~~~~~~~~~~~~~~~~^~
In file included from /usr/include/qt5/QtMultimedia/qmediaplaylist.h:45,
                 from /usr/include/qt5/QtMultimedia/QMediaPlaylist:1,
                 from panel-plugins/audioplayer/PPlayerWidget.h:12,
                 from panel-plugins/audioplayer/PPlayerWidget.cpp:7:
/usr/include/qt5/QtMultimedia/qmediacontent.h:78:64: note: declared here
   78 |     QT_DEPRECATED_X("Use QMediaContent::request().url()") QUrl canonicalUrl() const;
      |                                                                ^~~~~~~~~~~~
g++ -c -pipe -O2 -flto=auto -ffat-lto-objects -fexceptions -g -grecord-gcc-switches -pipe -Wall -Werror=format-security -Wp,-D_FORTIFY_SOURCE=2 -Wp,-D_GLIBCXX_ASSERTIONS -specs=/usr/lib/rpm/redhat/redhat-hardened-cc1 -fstack-protector-strong -specs=/usr/lib/rpm/redhat/redhat-annobin-cc1 -m64 -mtune=generic -fasynchronous-unwind-tables -fstack-clash-protection -fcf-protection -std=gnu++11 -Wall -Wextra -D_REENTRANT -fPIC -DPREFIX=QString\(\"/usr\"\) -DL_ETCDIR=QString\(\"/etc\"\) -DL_SHAREDIR=QString\(\"/usr/share\"\) -DGIT_VERSION="\"a88ea52f\"" -DQT_NO_DEBUG -DQT_MULTIMEDIAWIDGETS_LIB -DQT_SVG_LIB -DQT_WIDGETS_LIB -DQT_X11EXTRAS_LIB -DQT_MULTIMEDIA_LIB -DQT_QUICK_LIB -DQT_GUI_LIB -DQT_QMLMODELS_LIB -DQT_QML_LIB -DQT_NETWORK_LIB -DQT_CONCURRENT_LIB -DQT_CORE_LIB -I. -I../libLumina -I/usr/include/qt5 -I/usr -I/usr/include -I/home/q5sys/git/lumina/src-qt5/core/lumina-desktop -I../../src-cpp -Isrc-screensaver -I/usr/include/qt5/QtMultimediaWidgets -I/usr/include/qt5/QtSvg -I/usr/include/qt5/QtWidgets -I/usr/include/qt5/QtX11Extras -I/usr/include/qt5/QtMultimedia -I/usr/include/qt5/QtQuick -I/usr/include/qt5/QtGui -I/usr/include/qt5/QtQmlModels -I/usr/include/qt5/QtQml -I/usr/include/qt5/QtNetwork -I/usr/include/qt5/QtConcurrent -I/usr/include/qt5/QtCore -I.build/moc -I.build/ui -I/usr/lib64/qt5/mkspecs/linux-g++ -o .build/obj/AppLauncherPlugin.o desktop-plugins/applauncher/AppLauncherPlugin.cpp
make[4]: Leaving directory '/home/q5sys/git/lumina/src-qt5/core/lumina-theme-engine/src/lthemeengine-style'
cd src/lthemeengine/ && ( test -e Makefile || /usr/lib64/qt5/bin/qmake -o Makefile /home/q5sys/git/lumina/src-qt5/core/lumina-theme-engine/src/lthemeengine/lthemeengine.pro 'QMAKE_CFLAGS_DEBUG=-O2 -flto=auto -ffat-lto-objects -fexceptions -g -grecord-gcc-switches -pipe -Wall -Werror=format-security -Wp,-D_FORTIFY_SOURCE=2 -Wp,-D_GLIBCXX_ASSERTIONS -specs=/usr/lib/rpm/redhat/redhat-hardened-cc1 -fstack-protector-strong -specs=/usr/lib/rpm/redhat/redhat-annobin-cc1  -m64  -mtune=generic -fasynchronous-unwind-tables -fstack-clash-protection -fcf-protection ' 'QMAKE_CFLAGS_RELEASE=-O2 -flto=auto -ffat-lto-objects -fexceptions -g -grecord-gcc-switches -pipe -Wall -Werror=format-security -Wp,-D_FORTIFY_SOURCE=2 -Wp,-D_GLIBCXX_ASSERTIONS -specs=/usr/lib/rpm/redhat/redhat-hardened-cc1 -fstack-protector-strong -specs=/usr/lib/rpm/redhat/redhat-annobin-cc1  -m64  -mtune=generic -fasynchronous-unwind-tables -fstack-clash-protection -fcf-protection ' 'QMAKE_CXXFLAGS_DEBUG=-O2 -flto=auto -ffat-lto-objects -fexceptions -g -grecord-gcc-switches -pipe -Wall -Werror=format-security -Wp,-D_FORTIFY_SOURCE=2 -Wp,-D_GLIBCXX_ASSERTIONS -specs=/usr/lib/rpm/redhat/redhat-hardened-cc1 -fstack-protector-strong -specs=/usr/lib/rpm/redhat/redhat-annobin-cc1  -m64  -mtune=generic -fasynchronous-unwind-tables -fstack-clash-protection -fcf-protection ' 'QMAKE_CXXFLAGS_RELEASE=-O2 -flto=auto -ffat-lto-objects -fexceptions -g -grecord-gcc-switches -pipe -Wall -Werror=format-security -Wp,-D_FORTIFY_SOURCE=2 -Wp,-D_GLIBCXX_ASSERTIONS -specs=/usr/lib/rpm/redhat/redhat-hardened-cc1 -fstack-protector-strong -specs=/usr/lib/rpm/redhat/redhat-annobin-cc1  -m64  -mtune=generic -fasynchronous-unwind-tables -fstack-clash-protection -fcf-protection ' 'QMAKE_LFLAGS_DEBUG=-Wl,-z,relro -Wl,--as-needed  -Wl,-z,now -specs=/usr/lib/rpm/redhat/redhat-hardened-ld ' 'QMAKE_LFLAGS_RELEASE=-Wl,-z,relro -Wl,--as-needed  -Wl,-z,now -specs=/usr/lib/rpm/redhat/redhat-hardened-ld ' QMAKE_STRIP= CONFIG+=configure LIBPREFIX=/usr/lib64 L_BINDIR=/usr/bin L_LIBDIR=/usr/lib64 L_SHAREDIR=/usr/share L_ETCDIR=/etc L_INCLUDEDIR=/usr/include L_MANDIR=/usr/share/man QT5LIBDIR=/usr QMAKE_LFLAGS+=-Wl,--as-needed ) && make -f Makefile 
Project MESSAGE: Build OS Info: Linux, x86_64, #1 SMP Wed Jun 23 16:18:11 UTC 2021
Project MESSAGE:  - Detected Qt Version: 5.15.2
Project MESSAGE: Build Settings Loaded: Linux -
In file included from panel-plugins/jsonmenu/../../panel-plugins/taskmanager/LTaskButton.h:26,
                 from panel-plugins/jsonmenu/../../panel-plugins/taskmanager/LTaskManagerPlugin.h:23,
                 from panel-plugins/jsonmenu/../../panel-plugins/NewPP.h:23,
                 from panel-plugins/jsonmenu/../../LPanel.h:24,
                 from panel-plugins/jsonmenu/../../LDesktop.h:29,
                 from panel-plugins/jsonmenu/../../LSession.h:30,
                 from panel-plugins/jsonmenu/../../JsonMenu.h:21,
                 from panel-plugins/jsonmenu/PPJsonMenu.cpp:8:
panel-plugins/jsonmenu/../../panel-plugins/taskmanager/../LTBWidget.h: In member function ‘virtual void LTBWidget::wheelEvent(QWheelEvent*)’:
panel-plugins/jsonmenu/../../panel-plugins/taskmanager/../LTBWidget.h:65:36: warning: ‘int QWheelEvent::delta() const’ is deprecated: Use angleDelta() [-Wdeprecated-declarations]
   65 |           int change = event->delta()/120; // 1/15th of a rotation (delta/120) is usually one "click" of the wheel
      |                        ~~~~~~~~~~~~^~
In file included from /usr/include/qt5/QtGui/QMoveEvent:1,
                 from panel-plugins/jsonmenu/../../LPanel.h:19,
                 from panel-plugins/jsonmenu/../../LDesktop.h:29,
                 from panel-plugins/jsonmenu/../../LSession.h:30,
                 from panel-plugins/jsonmenu/../../JsonMenu.h:21,
                 from panel-plugins/jsonmenu/PPJsonMenu.cpp:8:
/usr/include/qt5/QtGui/qevent.h:219:16: note: declared here
  219 |     inline int delta() const  { return qt4D; }
      |                ^~~~~
In file included from panel-plugins/jsonmenu/../../panel-plugins/taskmanager/LTaskManagerPlugin.h:23,
                 from panel-plugins/jsonmenu/../../panel-plugins/NewPP.h:23,
                 from panel-plugins/jsonmenu/../../LPanel.h:24,
                 from panel-plugins/jsonmenu/../../LDesktop.h:29,
                 from panel-plugins/jsonmenu/../../LSession.h:30,
                 from panel-plugins/jsonmenu/../../JsonMenu.h:21,
                 from panel-plugins/jsonmenu/PPJsonMenu.cpp:8:
panel-plugins/jsonmenu/../../panel-plugins/taskmanager/LTaskButton.h: In member function ‘virtual void LTaskButton::changeEvent(QEvent*)’:
panel-plugins/jsonmenu/../../panel-plugins/taskmanager/LTaskButton.h:76:37: warning: ‘int qrand()’ is deprecated: use QRandomGenerator instead [-Wdeprecated-declarations]
   76 |             QTimer::singleShot(qrand()%100+500, this, SLOT(UpdateButton()) );
      |                                ~~~~~^~
In file included from /usr/include/qt5/QtCore/qcoreapplication.h:43,
                 from /usr/include/qt5/QtCore/QCoreApplication:1,
                 from ../libLumina/LUtils.h:10,
                 from panel-plugins/jsonmenu/../../Globals.h:10,
                 from panel-plugins/jsonmenu/PPJsonMenu.h:10,
                 from panel-plugins/jsonmenu/PPJsonMenu.cpp:7:
/usr/include/qt5/QtCore/qglobal.h:1274:80: note: declared here
 1274 | Q_CORE_EXPORT QT_DEPRECATED_VERSION_X_5_15("use QRandomGenerator instead") int qrand();
      |                                                                                ^~~~~
In file included from panel-plugins/jsonmenu/../../LDesktop.h:32,
                 from panel-plugins/jsonmenu/../../LSession.h:30,
                 from panel-plugins/jsonmenu/../../JsonMenu.h:21,
                 from panel-plugins/jsonmenu/PPJsonMenu.cpp:8:
panel-plugins/jsonmenu/../../LDesktopPluginSpace.h: In member function ‘void LDesktopPluginSpace::RemoveItem(QString)’:
panel-plugins/jsonmenu/../../LDesktopPluginSpace.h:184:77: warning: ‘static bool QProcess::startDetached(const QString&)’ is deprecated: Use QProcess::startDetached(const QString &program, const QStringList &arguments) instead [-Wdeprecated-declarations]
  184 |               if(!info.isSymLink() && info.isDir()){ QProcess::startDetached("rm -r \""+info.absoluteFilePath()+"\""); }
      |                                                      ~~~~~~~~~~~~~~~~~~~~~~~^~~~~~~~~~~~~~~~~~~~~~~~~~~~~~~~~~~~~~~~~
In file included from /usr/include/qt5/QtCore/QProcess:1,
                 from ../libLumina/LUtils.h:11,
                 from panel-plugins/jsonmenu/../../Globals.h:10,
                 from panel-plugins/jsonmenu/PPJsonMenu.h:10,
                 from panel-plugins/jsonmenu/PPJsonMenu.cpp:7:
/usr/include/qt5/QtCore/qprocess.h:280:17: note: declared here
  280 |     static bool startDetached(const QString &command);
      |                 ^~~~~~~~~~~~~
make[4]: Entering directory '/home/q5sys/git/lumina/src-qt5/core/lumina-theme-engine/src/lthemeengine'
/usr/lib64/qt5/bin/uic mainwindow.ui -o .build/ui/ui_mainwindow.h
/usr/lib64/qt5/bin/uic appearancepage.ui -o .build/ui/ui_appearancepage.h
/usr/lib64/qt5/bin/uic fontspage.ui -o .build/ui/ui_fontspage.h
g++ -c -pipe -O2 -flto=auto -ffat-lto-objects -fexceptions -g -grecord-gcc-switches -pipe -Wall -Werror=format-security -Wp,-D_FORTIFY_SOURCE=2 -Wp,-D_GLIBCXX_ASSERTIONS -specs=/usr/lib/rpm/redhat/redhat-hardened-cc1 -fstack-protector-strong -specs=/usr/lib/rpm/redhat/redhat-annobin-cc1 -m64 -mtune=generic -fasynchronous-unwind-tables -fstack-clash-protection -fcf-protection -std=gnu++11 -Wall -Wextra -D_REENTRANT -fPIC -DPREFIX=QString\(\"/usr\"\) -DL_ETCDIR=QString\(\"/etc\"\) -DL_SHAREDIR=QString\(\"/usr/share\"\) -DGIT_VERSION="\"a88ea52f\"" -DQT_NO_DEBUG -DQT_MULTIMEDIAWIDGETS_LIB -DQT_SVG_LIB -DQT_WIDGETS_LIB -DQT_X11EXTRAS_LIB -DQT_MULTIMEDIA_LIB -DQT_QUICK_LIB -DQT_GUI_LIB -DQT_QMLMODELS_LIB -DQT_QML_LIB -DQT_NETWORK_LIB -DQT_CONCURRENT_LIB -DQT_CORE_LIB -I. -I../libLumina -I/usr/include/qt5 -I/usr -I/usr/include -I/home/q5sys/git/lumina/src-qt5/core/lumina-desktop -I../../src-cpp -Isrc-screensaver -I/usr/include/qt5/QtMultimediaWidgets -I/usr/include/qt5/QtSvg -I/usr/include/qt5/QtWidgets -I/usr/include/qt5/QtX11Extras -I/usr/include/qt5/QtMultimedia -I/usr/include/qt5/QtQuick -I/usr/include/qt5/QtGui -I/usr/include/qt5/QtQmlModels -I/usr/include/qt5/QtQml -I/usr/include/qt5/QtNetwork -I/usr/include/qt5/QtConcurrent -I/usr/include/qt5/QtCore -I.build/moc -I.build/ui -I/usr/lib64/qt5/mkspecs/linux-g++ -o .build/obj/DesktopViewPlugin.o desktop-plugins/desktopview/DesktopViewPlugin.cpp
/usr/lib64/qt5/bin/uic paletteeditdialog.ui -o .build/ui/ui_paletteeditdialog.h
/usr/lib64/qt5/bin/uic iconthemepage.ui -o .build/ui/ui_iconthemepage.h
/usr/lib64/qt5/bin/uic interfacepage.ui -o .build/ui/ui_interfacepage.h
/usr/lib64/qt5/bin/uic fontconfigdialog.ui -o .build/ui/ui_fontconfigdialog.h
/usr/lib64/qt5/bin/uic previewform.ui -o .build/ui/ui_previewform.h
/usr/lib64/qt5/bin/uic qsspage.ui -o .build/ui/ui_qsspage.h
/usr/lib64/qt5/bin/uic qsseditordialog.ui -o .build/ui/ui_qsseditordialog.h
/usr/lib64/qt5/bin/uic cursorthemepage.ui -o .build/ui/ui_cursorthemepage.h
g++ -c -pipe -O2 -flto=auto -ffat-lto-objects -fexceptions -g -grecord-gcc-switches -pipe -Wall -Werror=format-security -Wp,-D_FORTIFY_SOURCE=2 -Wp,-D_GLIBCXX_ASSERTIONS -specs=/usr/lib/rpm/redhat/redhat-hardened-cc1 -fstack-protector-strong -specs=/usr/lib/rpm/redhat/redhat-annobin-cc1 -m64 -mtune=generic -fasynchronous-unwind-tables -fstack-clash-protection -fcf-protection -std=gnu++11 -Wall -Wextra -D_REENTRANT -fPIC -DPREFIX=QString\(\"/usr\"\) -DL_ETCDIR=QString\(\"/etc\"\) -DL_SHAREDIR=QString\(\"/usr/share\"\) -DGIT_VERSION="\"a88ea52f\"" -DLTHEMEENGINE_DATADIR=\"/usr/share\" -DUSE_WIDGETS -DQT_NO_DEBUG -DQT_SVG_LIB -DQT_WIDGETS_LIB -DQT_X11EXTRAS_LIB -DQT_MULTIMEDIA_LIB -DQT_GUI_LIB -DQT_NETWORK_LIB -DQT_CONCURRENT_LIB -DQT_CORE_LIB -I. -I../../../libLumina -I/usr/include/qt5 -I/usr -I/usr/include -I/home/q5sys/git/lumina/src-qt5/core/lumina-theme-engine/src/lthemeengine -I/usr/include/qt5/QtSvg -I/usr/include/qt5/QtWidgets -I/usr/include/qt5/QtX11Extras -I/usr/include/qt5/QtMultimedia -I/usr/include/qt5/QtGui -I/usr/include/qt5/QtNetwork -I/usr/include/qt5/QtConcurrent -I/usr/include/qt5/QtCore -I.build/moc -I.build/ui -I/usr/lib64/qt5/mkspecs/linux-g++ -o .build/obj/LDesktopUtils.o ../../../libLumina/LDesktopUtils.cpp
In file included from ./global-includes.h:72,
                 from src-screensaver/LScreenSaver.h:10,
                 from panel-plugins/jsonmenu/../../LSession.h:33,
                 from panel-plugins/jsonmenu/../../JsonMenu.h:21,
                 from panel-plugins/jsonmenu/PPJsonMenu.cpp:8:
../libLumina/ExternalProcess.h: In static member function ‘static void ExternalProcess::launch(QString, QStringList, bool)’:
../libLumina/ExternalProcess.h:84:41: warning: ‘void QProcess::start(const QString&, QIODevice::OpenMode)’ is deprecated: Use QProcess::start(const QString &program, const QStringList &arguments,OpenMode mode = ReadWrite) instead [-Wdeprecated-declarations]
   84 |           if(args.isEmpty()){ tmp->start(program); }
      |                               ~~~~~~~~~~^~~~~~~~~
In file included from /usr/include/qt5/QtCore/QProcess:1,
                 from ../libLumina/LUtils.h:11,
                 from panel-plugins/jsonmenu/../../Globals.h:10,
                 from panel-plugins/jsonmenu/PPJsonMenu.h:10,
                 from panel-plugins/jsonmenu/PPJsonMenu.cpp:7:
/usr/include/qt5/QtCore/qprocess.h:168:10: note: declared here
  168 |     void start(const QString &command, OpenMode mode = ReadWrite);
      |          ^~~~~
../../../libLumina/LDesktopUtils.cpp: In static member function ‘static void LDesktopUtils::LoadSystemDefaults(bool)’:
../../../libLumina/LDesktopUtils.cpp:405:70: warning: ‘QStringList QString::split(const QString&, QString::SplitBehavior, Qt::CaseSensitivity) const’ is deprecated: Use Qt::SplitBehavior variant instead [-Wdeprecated-declarations]
  405 |     else if(var=="theme_styles"){ LTHEME::setCurrentStyles( val.split(",",QString::SkipEmptyParts) ); }
      |                                                             ~~~~~~~~~^~~~~~~~~~~~~~~~~~~~~~~~~~~~~
In file included from /usr/include/qt5/QtCore/QString:1,
                 from ../../../libLumina/LDesktopUtils.h:10,
                 from ../../../libLumina/LDesktopUtils.cpp:7:
/usr/include/qt5/QtCore/qstring.h:609:17: note: declared here
  609 |     QStringList split(const QString &sep, SplitBehavior behavior,
      |                 ^~~~~
../../../libLumina/LDesktopUtils.cpp:474:24: warning: ‘static int QProcess::execute(const QString&)’ is deprecated: Use QProcess::execute(const QString &program, const QStringList &arguments) instead [-Wdeprecated-declarations]
  474 |       QProcess::execute(val);
      |       ~~~~~~~~~~~~~~~~~^~~~~
In file included from /usr/include/qt5/QtCore/QProcess:1,
                 from ../../../libLumina/LUtils.h:11,
                 from ../../../libLumina/LDesktopUtils.h:18,
                 from ../../../libLumina/LDesktopUtils.cpp:7:
/usr/include/qt5/QtCore/qprocess.h:265:16: note: declared here
  265 |     static int execute(const QString &command);
      |                ^~~~~~~
In file included from desktop-plugins/applauncher/../../panel-plugins/taskmanager/LTaskButton.h:26,
                 from desktop-plugins/applauncher/../../panel-plugins/taskmanager/LTaskManagerPlugin.h:23,
                 from desktop-plugins/applauncher/../../panel-plugins/NewPP.h:23,
                 from desktop-plugins/applauncher/../../LPanel.h:24,
                 from desktop-plugins/applauncher/../../LDesktop.h:29,
                 from desktop-plugins/applauncher/../../LSession.h:30,
                 from desktop-plugins/applauncher/AppLauncherPlugin.cpp:2:
desktop-plugins/applauncher/../../panel-plugins/taskmanager/../LTBWidget.h: In member function ‘virtual void LTBWidget::wheelEvent(QWheelEvent*)’:
desktop-plugins/applauncher/../../panel-plugins/taskmanager/../LTBWidget.h:65:36: warning: ‘int QWheelEvent::delta() const’ is deprecated: Use angleDelta() [-Wdeprecated-declarations]
   65 |           int change = event->delta()/120; // 1/15th of a rotation (delta/120) is usually one "click" of the wheel
      |                        ~~~~~~~~~~~~^~
In file included from /usr/include/qt5/QtGui/QMoveEvent:1,
                 from desktop-plugins/applauncher/../LDPlugin.h:24,
                 from desktop-plugins/applauncher/AppLauncherPlugin.h:25,
                 from desktop-plugins/applauncher/AppLauncherPlugin.cpp:1:
/usr/include/qt5/QtGui/qevent.h:219:16: note: declared here
  219 |     inline int delta() const  { return qt4D; }
      |                ^~~~~
In file included from desktop-plugins/applauncher/../../panel-plugins/taskmanager/LTaskManagerPlugin.h:23,
                 from desktop-plugins/applauncher/../../panel-plugins/NewPP.h:23,
                 from desktop-plugins/applauncher/../../LPanel.h:24,
                 from desktop-plugins/applauncher/../../LDesktop.h:29,
                 from desktop-plugins/applauncher/../../LSession.h:30,
                 from desktop-plugins/applauncher/AppLauncherPlugin.cpp:2:
desktop-plugins/applauncher/../../panel-plugins/taskmanager/LTaskButton.h: In member function ‘virtual void LTaskButton::changeEvent(QEvent*)’:
desktop-plugins/applauncher/../../panel-plugins/taskmanager/LTaskButton.h:76:37: warning: ‘int qrand()’ is deprecated: use QRandomGenerator instead [-Wdeprecated-declarations]
   76 |             QTimer::singleShot(qrand()%100+500, this, SLOT(UpdateButton()) );
      |                                ~~~~~^~
In file included from /usr/include/qt5/QtGui/qtguiglobal.h:43,
                 from /usr/include/qt5/QtWidgets/qtwidgetsglobal.h:43,
                 from /usr/include/qt5/QtWidgets/qtoolbutton.h:43,
                 from /usr/include/qt5/QtWidgets/QToolButton:1,
                 from desktop-plugins/applauncher/AppLauncherPlugin.h:12,
                 from desktop-plugins/applauncher/AppLauncherPlugin.cpp:1:
/usr/include/qt5/QtCore/qglobal.h:1274:80: note: declared here
 1274 | Q_CORE_EXPORT QT_DEPRECATED_VERSION_X_5_15("use QRandomGenerator instead") int qrand();
      |                                                                                ^~~~~
In file included from desktop-plugins/applauncher/../../LDesktop.h:32,
                 from desktop-plugins/applauncher/../../LSession.h:30,
                 from desktop-plugins/applauncher/AppLauncherPlugin.cpp:2:
desktop-plugins/applauncher/../../LDesktopPluginSpace.h: In member function ‘void LDesktopPluginSpace::RemoveItem(QString)’:
desktop-plugins/applauncher/../../LDesktopPluginSpace.h:184:77: warning: ‘static bool QProcess::startDetached(const QString&)’ is deprecated: Use QProcess::startDetached(const QString &program, const QStringList &arguments) instead [-Wdeprecated-declarations]
  184 |               if(!info.isSymLink() && info.isDir()){ QProcess::startDetached("rm -r \""+info.absoluteFilePath()+"\""); }
      |                                                      ~~~~~~~~~~~~~~~~~~~~~~~^~~~~~~~~~~~~~~~~~~~~~~~~~~~~~~~~~~~~~~~~
In file included from /usr/include/qt5/QtCore/QProcess:1,
                 from desktop-plugins/applauncher/AppLauncherPlugin.h:15,
                 from desktop-plugins/applauncher/AppLauncherPlugin.cpp:1:
/usr/include/qt5/QtCore/qprocess.h:280:17: note: declared here
  280 |     static bool startDetached(const QString &command);
      |                 ^~~~~~~~~~~~~
../../../libLumina/LDesktopUtils.cpp: In static member function ‘static bool LDesktopUtils::checkUserFiles(QString, QString)’:
../../../libLumina/LDesktopUtils.cpp:517:58: warning: ignoring return value of ‘int system(const char*)’ declared with attribute ‘warn_unused_result’ [-Wunused-result]
  517 |     if( oldversion < 100000 && nversion>=100000 ){ system("rm -rf ~/.lumina"); qDebug() << "Current desktop settings obsolete: Re-implementing defaults"; }
      |                                                    ~~~~~~^~~~~~~~~~~~~~~~~~~~
In file included from ./global-includes.h:72,
                 from src-screensaver/LScreenSaver.h:10,
                 from desktop-plugins/applauncher/../../LSession.h:33,
                 from desktop-plugins/applauncher/AppLauncherPlugin.cpp:2:
../libLumina/ExternalProcess.h: In static member function ‘static void ExternalProcess::launch(QString, QStringList, bool)’:
../libLumina/ExternalProcess.h:84:41: warning: ‘void QProcess::start(const QString&, QIODevice::OpenMode)’ is deprecated: Use QProcess::start(const QString &program, const QStringList &arguments,OpenMode mode = ReadWrite) instead [-Wdeprecated-declarations]
   84 |           if(args.isEmpty()){ tmp->start(program); }
      |                               ~~~~~~~~~~^~~~~~~~~
In file included from /usr/include/qt5/QtCore/QProcess:1,
                 from desktop-plugins/applauncher/AppLauncherPlugin.h:15,
                 from desktop-plugins/applauncher/AppLauncherPlugin.cpp:1:
/usr/include/qt5/QtCore/qprocess.h:168:10: note: declared here
  168 |     void start(const QString &command, OpenMode mode = ReadWrite);
      |          ^~~~~
In file included from ./panel-plugins/taskmanager/LTaskButton.h:26,
                 from ./panel-plugins/taskmanager/LTaskManagerPlugin.h:23,
                 from ./panel-plugins/NewPP.h:23,
                 from ./LPanel.h:24,
                 from ./LDesktop.h:29,
                 from ./LSession.h:30,
                 from desktop-plugins/desktopview/DesktopViewPlugin.cpp:10:
./panel-plugins/taskmanager/../LTBWidget.h: In member function ‘virtual void LTBWidget::wheelEvent(QWheelEvent*)’:
./panel-plugins/taskmanager/../LTBWidget.h:65:36: warning: ‘int QWheelEvent::delta() const’ is deprecated: Use angleDelta() [-Wdeprecated-declarations]
   65 |           int change = event->delta()/120; // 1/15th of a rotation (delta/120) is usually one "click" of the wheel
      |                        ~~~~~~~~~~~~^~
In file included from /usr/include/qt5/QtGui/QMouseEvent:1,
                 from desktop-plugins/desktopview/DesktopViewPlugin.h:16,
                 from desktop-plugins/desktopview/DesktopViewPlugin.cpp:1:
/usr/include/qt5/QtGui/qevent.h:219:16: note: declared here
  219 |     inline int delta() const  { return qt4D; }
      |                ^~~~~
In file included from ./panel-plugins/taskmanager/LTaskManagerPlugin.h:23,
                 from ./panel-plugins/NewPP.h:23,
                 from ./LPanel.h:24,
                 from ./LDesktop.h:29,
                 from ./LSession.h:30,
                 from desktop-plugins/desktopview/DesktopViewPlugin.cpp:10:
./panel-plugins/taskmanager/LTaskButton.h: In member function ‘virtual void LTaskButton::changeEvent(QEvent*)’:
./panel-plugins/taskmanager/LTaskButton.h:76:37: warning: ‘int qrand()’ is deprecated: use QRandomGenerator instead [-Wdeprecated-declarations]
   76 |             QTimer::singleShot(qrand()%100+500, this, SLOT(UpdateButton()) );
      |                                ~~~~~^~
In file included from /usr/include/qt5/QtGui/qtguiglobal.h:43,
                 from /usr/include/qt5/QtWidgets/qtwidgetsglobal.h:43,
                 from /usr/include/qt5/QtWidgets/qlistwidget.h:43,
                 from /usr/include/qt5/QtWidgets/QListWidget:1,
                 from desktop-plugins/desktopview/DesktopViewPlugin.h:12,
                 from desktop-plugins/desktopview/DesktopViewPlugin.cpp:1:
/usr/include/qt5/QtCore/qglobal.h:1274:80: note: declared here
 1274 | Q_CORE_EXPORT QT_DEPRECATED_VERSION_X_5_15("use QRandomGenerator instead") int qrand();
      |                                                                                ^~~~~
In file included from ./LDesktop.h:32,
                 from ./LSession.h:30,
                 from desktop-plugins/desktopview/DesktopViewPlugin.cpp:10:
./LDesktopPluginSpace.h: In member function ‘void LDesktopPluginSpace::RemoveItem(QString)’:
./LDesktopPluginSpace.h:184:77: warning: ‘static bool QProcess::startDetached(const QString&)’ is deprecated: Use QProcess::startDetached(const QString &program, const QStringList &arguments) instead [-Wdeprecated-declarations]
  184 |               if(!info.isSymLink() && info.isDir()){ QProcess::startDetached("rm -r \""+info.absoluteFilePath()+"\""); }
      |                                                      ~~~~~~~~~~~~~~~~~~~~~~~^~~~~~~~~~~~~~~~~~~~~~~~~~~~~~~~~~~~~~~~~
In file included from /usr/include/qt5/QtCore/QProcess:1,
                 from ../libLumina/LUtils.h:11,
                 from ./Globals.h:10,
                 from ./LSession.h:26,
                 from desktop-plugins/desktopview/DesktopViewPlugin.cpp:10:
/usr/include/qt5/QtCore/qprocess.h:280:17: note: declared here
  280 |     static bool startDetached(const QString &command);
      |                 ^~~~~~~~~~~~~
desktop-plugins/applauncher/AppLauncherPlugin.cpp: In member function ‘void AppLauncherPlugin::fileDelete()’:
desktop-plugins/applauncher/AppLauncherPlugin.cpp:280:55: warning: ‘static bool QProcess::startDetached(const QString&)’ is deprecated: Use QProcess::startDetached(const QString &program, const QStringList &arguments) instead [-Wdeprecated-declarations]
  280 |   if(QFileInfo(path).isDir()){ QProcess::startDetached("rm -r \""+path+"\""); }
      |                                ~~~~~~~~~~~~~~~~~~~~~~~^~~~~~~~~~~~~~~~~~~~~~
In file included from /usr/include/qt5/QtCore/QProcess:1,
                 from desktop-plugins/applauncher/AppLauncherPlugin.h:15,
                 from desktop-plugins/applauncher/AppLauncherPlugin.cpp:1:
/usr/include/qt5/QtCore/qprocess.h:280:17: note: declared here
  280 |     static bool startDetached(const QString &command);
      |                 ^~~~~~~~~~~~~
g++ -c -pipe -O2 -flto=auto -ffat-lto-objects -fexceptions -g -grecord-gcc-switches -pipe -Wall -Werror=format-security -Wp,-D_FORTIFY_SOURCE=2 -Wp,-D_GLIBCXX_ASSERTIONS -specs=/usr/lib/rpm/redhat/redhat-hardened-cc1 -fstack-protector-strong -specs=/usr/lib/rpm/redhat/redhat-annobin-cc1 -m64 -mtune=generic -fasynchronous-unwind-tables -fstack-clash-protection -fcf-protection -std=gnu++11 -Wall -Wextra -D_REENTRANT -fPIC -DPREFIX=QString\(\"/usr\"\) -DL_ETCDIR=QString\(\"/etc\"\) -DL_SHAREDIR=QString\(\"/usr/share\"\) -DGIT_VERSION="\"a88ea52f\"" -DQT_NO_DEBUG -DQT_MULTIMEDIAWIDGETS_LIB -DQT_SVG_LIB -DQT_WIDGETS_LIB -DQT_X11EXTRAS_LIB -DQT_MULTIMEDIA_LIB -DQT_QUICK_LIB -DQT_GUI_LIB -DQT_QMLMODELS_LIB -DQT_QML_LIB -DQT_NETWORK_LIB -DQT_CONCURRENT_LIB -DQT_CORE_LIB -I. -I../libLumina -I/usr/include/qt5 -I/usr -I/usr/include -I/home/q5sys/git/lumina/src-qt5/core/lumina-desktop -I../../src-cpp -Isrc-screensaver -I/usr/include/qt5/QtMultimediaWidgets -I/usr/include/qt5/QtSvg -I/usr/include/qt5/QtWidgets -I/usr/include/qt5/QtX11Extras -I/usr/include/qt5/QtMultimedia -I/usr/include/qt5/QtQuick -I/usr/include/qt5/QtGui -I/usr/include/qt5/QtQmlModels -I/usr/include/qt5/QtQml -I/usr/include/qt5/QtNetwork -I/usr/include/qt5/QtConcurrent -I/usr/include/qt5/QtCore -I.build/moc -I.build/ui -I/usr/lib64/qt5/mkspecs/linux-g++ -o .build/obj/NotepadPlugin.o desktop-plugins/notepad/NotepadPlugin.cpp
In file included from ./global-includes.h:72,
                 from src-screensaver/LScreenSaver.h:10,
                 from ./LSession.h:33,
                 from desktop-plugins/desktopview/DesktopViewPlugin.cpp:10:
../libLumina/ExternalProcess.h: In static member function ‘static void ExternalProcess::launch(QString, QStringList, bool)’:
../libLumina/ExternalProcess.h:84:41: warning: ‘void QProcess::start(const QString&, QIODevice::OpenMode)’ is deprecated: Use QProcess::start(const QString &program, const QStringList &arguments,OpenMode mode = ReadWrite) instead [-Wdeprecated-declarations]
   84 |           if(args.isEmpty()){ tmp->start(program); }
      |                               ~~~~~~~~~~^~~~~~~~~
In file included from /usr/include/qt5/QtCore/QProcess:1,
                 from ../libLumina/LUtils.h:11,
                 from ./Globals.h:10,
                 from ./LSession.h:26,
                 from desktop-plugins/desktopview/DesktopViewPlugin.cpp:10:
/usr/include/qt5/QtCore/qprocess.h:168:10: note: declared here
  168 |     void start(const QString &command, OpenMode mode = ReadWrite);
      |          ^~~~~
desktop-plugins/desktopview/DesktopViewPlugin.cpp: In member function ‘void DesktopViewPlugin::deleteItems()’:
desktop-plugins/desktopview/DesktopViewPlugin.cpp:96:30: warning: ‘static bool QProcess::startDetached(const QString&)’ is deprecated: Use QProcess::startDetached(const QString &program, const QStringList &arguments) instead [-Wdeprecated-declarations]
   96 |       QProcess::startDetached("rm -r \""+sel[i]->whatsThis()+"\"");
      |       ~~~~~~~~~~~~~~~~~~~~~~~^~~~~~~~~~~~~~~~~~~~~~~~~~~~~~~~~~~~~
In file included from /usr/include/qt5/QtCore/QProcess:1,
                 from ../libLumina/LUtils.h:11,
                 from ./Globals.h:10,
                 from ./LSession.h:26,
                 from desktop-plugins/desktopview/DesktopViewPlugin.cpp:10:
/usr/include/qt5/QtCore/qprocess.h:280:17: note: declared here
  280 |     static bool startDetached(const QString &command);
      |                 ^~~~~~~~~~~~~
In file included from ./panel-plugins/taskmanager/LTaskButton.h:26,
                 from ./panel-plugins/taskmanager/LTaskManagerPlugin.h:23,
                 from ./panel-plugins/NewPP.h:23,
                 from ./LPanel.h:24,
                 from ./LDesktop.h:29,
                 from ./LSession.h:30,
                 from desktop-plugins/notepad/NotepadPlugin.cpp:4:
./panel-plugins/taskmanager/../LTBWidget.h: In member function ‘virtual void LTBWidget::wheelEvent(QWheelEvent*)’:
./panel-plugins/taskmanager/../LTBWidget.h:65:36: warning: ‘int QWheelEvent::delta() const’ is deprecated: Use angleDelta() [-Wdeprecated-declarations]
   65 |           int change = event->delta()/120; // 1/15th of a rotation (delta/120) is usually one "click" of the wheel
      |                        ~~~~~~~~~~~~^~
In file included from /usr/include/qt5/QtGui/qtextlayout.h:49,
                 from /usr/include/qt5/QtGui/qabstracttextdocumentlayout.h:45,
                 from /usr/include/qt5/QtWidgets/qplaintextedit.h:51,
                 from /usr/include/qt5/QtWidgets/QPlainTextEdit:1,
                 from desktop-plugins/notepad/NotepadPlugin.h:12,
                 from desktop-plugins/notepad/NotepadPlugin.cpp:1:
/usr/include/qt5/QtGui/qevent.h:219:16: note: declared here
  219 |     inline int delta() const  { return qt4D; }
      |                ^~~~~
In file included from ./panel-plugins/taskmanager/LTaskManagerPlugin.h:23,
                 from ./panel-plugins/NewPP.h:23,
                 from ./LPanel.h:24,
                 from ./LDesktop.h:29,
                 from ./LSession.h:30,
                 from desktop-plugins/notepad/NotepadPlugin.cpp:4:
./panel-plugins/taskmanager/LTaskButton.h: In member function ‘virtual void LTaskButton::changeEvent(QEvent*)’:
./panel-plugins/taskmanager/LTaskButton.h:76:37: warning: ‘int qrand()’ is deprecated: use QRandomGenerator instead [-Wdeprecated-declarations]
   76 |             QTimer::singleShot(qrand()%100+500, this, SLOT(UpdateButton()) );
      |                                ~~~~~^~
In file included from /usr/include/qt5/QtGui/qtguiglobal.h:43,
                 from /usr/include/qt5/QtWidgets/qtwidgetsglobal.h:43,
                 from /usr/include/qt5/QtWidgets/qplaintextedit.h:43,
                 from /usr/include/qt5/QtWidgets/QPlainTextEdit:1,
                 from desktop-plugins/notepad/NotepadPlugin.h:12,
                 from desktop-plugins/notepad/NotepadPlugin.cpp:1:
/usr/include/qt5/QtCore/qglobal.h:1274:80: note: declared here
 1274 | Q_CORE_EXPORT QT_DEPRECATED_VERSION_X_5_15("use QRandomGenerator instead") int qrand();
      |                                                                                ^~~~~
In file included from ./LDesktop.h:32,
                 from ./LSession.h:30,
                 from desktop-plugins/notepad/NotepadPlugin.cpp:4:
./LDesktopPluginSpace.h: In member function ‘void LDesktopPluginSpace::RemoveItem(QString)’:
./LDesktopPluginSpace.h:184:77: warning: ‘static bool QProcess::startDetached(const QString&)’ is deprecated: Use QProcess::startDetached(const QString &program, const QStringList &arguments) instead [-Wdeprecated-declarations]
  184 |               if(!info.isSymLink() && info.isDir()){ QProcess::startDetached("rm -r \""+info.absoluteFilePath()+"\""); }
      |                                                      ~~~~~~~~~~~~~~~~~~~~~~~^~~~~~~~~~~~~~~~~~~~~~~~~~~~~~~~~~~~~~~~~
In file included from /usr/include/qt5/QtCore/QProcess:1,
                 from ../libLumina/LUtils.h:11,
                 from ./Globals.h:10,
                 from ./LSession.h:26,
                 from desktop-plugins/notepad/NotepadPlugin.cpp:4:
/usr/include/qt5/QtCore/qprocess.h:280:17: note: declared here
  280 |     static bool startDetached(const QString &command);
      |                 ^~~~~~~~~~~~~
g++ -c -pipe -O2 -flto=auto -ffat-lto-objects -fexceptions -g -grecord-gcc-switches -pipe -Wall -Werror=format-security -Wp,-D_FORTIFY_SOURCE=2 -Wp,-D_GLIBCXX_ASSERTIONS -specs=/usr/lib/rpm/redhat/redhat-hardened-cc1 -fstack-protector-strong -specs=/usr/lib/rpm/redhat/redhat-annobin-cc1 -m64 -mtune=generic -fasynchronous-unwind-tables -fstack-clash-protection -fcf-protection -std=gnu++11 -Wall -Wextra -D_REENTRANT -fPIC -DPREFIX=QString\(\"/usr\"\) -DL_ETCDIR=QString\(\"/etc\"\) -DL_SHAREDIR=QString\(\"/usr/share\"\) -DGIT_VERSION="\"a88ea52f\"" -DQT_NO_DEBUG -DQT_MULTIMEDIAWIDGETS_LIB -DQT_SVG_LIB -DQT_WIDGETS_LIB -DQT_X11EXTRAS_LIB -DQT_MULTIMEDIA_LIB -DQT_QUICK_LIB -DQT_GUI_LIB -DQT_QMLMODELS_LIB -DQT_QML_LIB -DQT_NETWORK_LIB -DQT_CONCURRENT_LIB -DQT_CORE_LIB -I. -I../libLumina -I/usr/include/qt5 -I/usr -I/usr/include -I/home/q5sys/git/lumina/src-qt5/core/lumina-desktop -I../../src-cpp -Isrc-screensaver -I/usr/include/qt5/QtMultimediaWidgets -I/usr/include/qt5/QtSvg -I/usr/include/qt5/QtWidgets -I/usr/include/qt5/QtX11Extras -I/usr/include/qt5/QtMultimedia -I/usr/include/qt5/QtQuick -I/usr/include/qt5/QtGui -I/usr/include/qt5/QtQmlModels -I/usr/include/qt5/QtQml -I/usr/include/qt5/QtNetwork -I/usr/include/qt5/QtConcurrent -I/usr/include/qt5/QtCore -I.build/moc -I.build/ui -I/usr/lib64/qt5/mkspecs/linux-g++ -o .build/obj/PlayerWidget.o desktop-plugins/audioplayer/PlayerWidget.cpp
g++ -c -pipe -O2 -flto=auto -ffat-lto-objects -fexceptions -g -grecord-gcc-switches -pipe -Wall -Werror=format-security -Wp,-D_FORTIFY_SOURCE=2 -Wp,-D_GLIBCXX_ASSERTIONS -specs=/usr/lib/rpm/redhat/redhat-hardened-cc1 -fstack-protector-strong -specs=/usr/lib/rpm/redhat/redhat-annobin-cc1 -m64 -mtune=generic -fasynchronous-unwind-tables -fstack-clash-protection -fcf-protection -std=gnu++11 -Wall -Wextra -D_REENTRANT -fPIC -DPREFIX=QString\(\"/usr\"\) -DL_ETCDIR=QString\(\"/etc\"\) -DL_SHAREDIR=QString\(\"/usr/share\"\) -DGIT_VERSION="\"a88ea52f\"" -DLTHEMEENGINE_DATADIR=\"/usr/share\" -DUSE_WIDGETS -DQT_NO_DEBUG -DQT_SVG_LIB -DQT_WIDGETS_LIB -DQT_X11EXTRAS_LIB -DQT_MULTIMEDIA_LIB -DQT_GUI_LIB -DQT_NETWORK_LIB -DQT_CONCURRENT_LIB -DQT_CORE_LIB -I. -I../../../libLumina -I/usr/include/qt5 -I/usr -I/usr/include -I/home/q5sys/git/lumina/src-qt5/core/lumina-theme-engine/src/lthemeengine -I/usr/include/qt5/QtSvg -I/usr/include/qt5/QtWidgets -I/usr/include/qt5/QtX11Extras -I/usr/include/qt5/QtMultimedia -I/usr/include/qt5/QtGui -I/usr/include/qt5/QtNetwork -I/usr/include/qt5/QtConcurrent -I/usr/include/qt5/QtCore -I.build/moc -I.build/ui -I/usr/lib64/qt5/mkspecs/linux-g++ -o .build/obj/LuminaOS-Linux.o ../../../libLumina/LuminaOS-Linux.cpp
g++ -c -pipe -O2 -flto=auto -ffat-lto-objects -fexceptions -g -grecord-gcc-switches -pipe -Wall -Werror=format-security -Wp,-D_FORTIFY_SOURCE=2 -Wp,-D_GLIBCXX_ASSERTIONS -specs=/usr/lib/rpm/redhat/redhat-hardened-cc1 -fstack-protector-strong -specs=/usr/lib/rpm/redhat/redhat-annobin-cc1 -m64 -mtune=generic -fasynchronous-unwind-tables -fstack-clash-protection -fcf-protection -std=gnu++11 -Wall -Wextra -D_REENTRANT -fPIC -DPREFIX=QString\(\"/usr\"\) -DL_ETCDIR=QString\(\"/etc\"\) -DL_SHAREDIR=QString\(\"/usr/share\"\) -DGIT_VERSION="\"a88ea52f\"" -DQT_NO_DEBUG -DQT_MULTIMEDIAWIDGETS_LIB -DQT_SVG_LIB -DQT_WIDGETS_LIB -DQT_X11EXTRAS_LIB -DQT_MULTIMEDIA_LIB -DQT_QUICK_LIB -DQT_GUI_LIB -DQT_QMLMODELS_LIB -DQT_QML_LIB -DQT_NETWORK_LIB -DQT_CONCURRENT_LIB -DQT_CORE_LIB -I. -I../libLumina -I/usr/include/qt5 -I/usr -I/usr/include -I/home/q5sys/git/lumina/src-qt5/core/lumina-desktop -I../../src-cpp -Isrc-screensaver -I/usr/include/qt5/QtMultimediaWidgets -I/usr/include/qt5/QtSvg -I/usr/include/qt5/QtWidgets -I/usr/include/qt5/QtX11Extras -I/usr/include/qt5/QtMultimedia -I/usr/include/qt5/QtQuick -I/usr/include/qt5/QtGui -I/usr/include/qt5/QtQmlModels -I/usr/include/qt5/QtQml -I/usr/include/qt5/QtNetwork -I/usr/include/qt5/QtConcurrent -I/usr/include/qt5/QtCore -I.build/moc -I.build/ui -I/usr/lib64/qt5/mkspecs/linux-g++ -o .build/obj/MonitorWidget.o desktop-plugins/systemmonitor/MonitorWidget.cpp
In file included from ./global-includes.h:72,
                 from src-screensaver/LScreenSaver.h:10,
                 from ./LSession.h:33,
                 from desktop-plugins/notepad/NotepadPlugin.cpp:4:
../libLumina/ExternalProcess.h: In static member function ‘static void ExternalProcess::launch(QString, QStringList, bool)’:
../libLumina/ExternalProcess.h:84:41: warning: ‘void QProcess::start(const QString&, QIODevice::OpenMode)’ is deprecated: Use QProcess::start(const QString &program, const QStringList &arguments,OpenMode mode = ReadWrite) instead [-Wdeprecated-declarations]
   84 |           if(args.isEmpty()){ tmp->start(program); }
      |                               ~~~~~~~~~~^~~~~~~~~
In file included from /usr/include/qt5/QtCore/QProcess:1,
                 from ../libLumina/LUtils.h:11,
                 from ./Globals.h:10,
                 from ./LSession.h:26,
                 from desktop-plugins/notepad/NotepadPlugin.cpp:4:
/usr/include/qt5/QtCore/qprocess.h:168:10: note: declared here
  168 |     void start(const QString &command, OpenMode mode = ReadWrite);
      |          ^~~~~
../../../libLumina/LuminaOS-Linux.cpp: In static member function ‘static void LOS::startMixerUtility()’:
../../../libLumina/LuminaOS-Linux.cpp:134:26: warning: ‘static bool QProcess::startDetached(const QString&)’ is deprecated: Use QProcess::startDetached(const QString &program, const QStringList &arguments) instead [-Wdeprecated-declarations]
  134 |   QProcess::startDetached(LOS::AppPrefix() + "bin/pavucontrol");
      |   ~~~~~~~~~~~~~~~~~~~~~~~^~~~~~~~~~~~~~~~~~~~~~~~~~~~~~~~~~~~~~
In file included from /usr/include/qt5/QtCore/QProcess:1,
                 from ../../../libLumina/LuminaOS.h:17,
                 from ../../../libLumina/LuminaOS-Linux.cpp:9:
/usr/include/qt5/QtCore/qprocess.h:280:17: note: declared here
  280 |     static bool startDetached(const QString &command);
      |                 ^~~~~~~~~~~~~
../../../libLumina/LuminaOS-Linux.cpp: In static member function ‘static void LOS::systemShutdown(bool)’:
../../../libLumina/LuminaOS-Linux.cpp:155:26: warning: ‘static bool QProcess::startDetached(const QString&)’ is deprecated: Use QProcess::startDetached(const QString &program, const QStringList &arguments) instead [-Wdeprecated-declarations]
  155 |   QProcess::startDetached("shutdown -P -h now");
      |   ~~~~~~~~~~~~~~~~~~~~~~~^~~~~~~~~~~~~~~~~~~~~~
In file included from /usr/include/qt5/QtCore/QProcess:1,
                 from ../../../libLumina/LuminaOS.h:17,
                 from ../../../libLumina/LuminaOS-Linux.cpp:9:
/usr/include/qt5/QtCore/qprocess.h:280:17: note: declared here
  280 |     static bool startDetached(const QString &command);
      |                 ^~~~~~~~~~~~~
../../../libLumina/LuminaOS-Linux.cpp: In static member function ‘static void LOS::systemRestart(bool)’:
../../../libLumina/LuminaOS-Linux.cpp:161:26: warning: ‘static bool QProcess::startDetached(const QString&)’ is deprecated: Use QProcess::startDetached(const QString &program, const QStringList &arguments) instead [-Wdeprecated-declarations]
  161 |   QProcess::startDetached("shutdown -r now");
      |   ~~~~~~~~~~~~~~~~~~~~~~~^~~~~~~~~~~~~~~~~~~
In file included from /usr/include/qt5/QtCore/QProcess:1,
                 from ../../../libLumina/LuminaOS.h:17,
                 from ../../../libLumina/LuminaOS-Linux.cpp:9:
/usr/include/qt5/QtCore/qprocess.h:280:17: note: declared here
  280 |     static bool startDetached(const QString &command);
      |                 ^~~~~~~~~~~~~
desktop-plugins/audioplayer/PlayerWidget.cpp: In member function ‘void PlayerWidget::playlistChanged()’:
desktop-plugins/audioplayer/PlayerWidget.cpp:225:47: warning: ‘QUrl QMediaContent::canonicalUrl() const’ is deprecated: Use QMediaContent::request().url() [-Wdeprecated-declarations]
  225 |     QUrl url = PLAYLIST->media(i).canonicalUrl();
      |                ~~~~~~~~~~~~~~~~~~~~~~~~~~~~~~~^~
In file included from /usr/include/qt5/QtMultimedia/qmediaplaylist.h:45,
                 from /usr/include/qt5/QtMultimedia/QMediaPlaylist:1,
                 from desktop-plugins/audioplayer/PlayerWidget.h:12,
                 from desktop-plugins/audioplayer/PlayerWidget.cpp:7:
/usr/include/qt5/QtMultimedia/qmediacontent.h:78:64: note: declared here
   78 |     QT_DEPRECATED_X("Use QMediaContent::request().url()") QUrl canonicalUrl() const;
      |                                                                ^~~~~~~~~~~~
g++ -c -pipe -O2 -flto=auto -ffat-lto-objects -fexceptions -g -grecord-gcc-switches -pipe -Wall -Werror=format-security -Wp,-D_FORTIFY_SOURCE=2 -Wp,-D_GLIBCXX_ASSERTIONS -specs=/usr/lib/rpm/redhat/redhat-hardened-cc1 -fstack-protector-strong -specs=/usr/lib/rpm/redhat/redhat-annobin-cc1 -m64 -mtune=generic -fasynchronous-unwind-tables -fstack-clash-protection -fcf-protection -std=gnu++11 -Wall -Wextra -D_REENTRANT -fPIC -DPREFIX=QString\(\"/usr\"\) -DL_ETCDIR=QString\(\"/etc\"\) -DL_SHAREDIR=QString\(\"/usr/share\"\) -DGIT_VERSION="\"a88ea52f\"" -DQT_NO_DEBUG -DQT_MULTIMEDIAWIDGETS_LIB -DQT_SVG_LIB -DQT_WIDGETS_LIB -DQT_X11EXTRAS_LIB -DQT_MULTIMEDIA_LIB -DQT_QUICK_LIB -DQT_GUI_LIB -DQT_QMLMODELS_LIB -DQT_QML_LIB -DQT_NETWORK_LIB -DQT_CONCURRENT_LIB -DQT_CORE_LIB -I. -I../libLumina -I/usr/include/qt5 -I/usr -I/usr/include -I/home/q5sys/git/lumina/src-qt5/core/lumina-desktop -I../../src-cpp -Isrc-screensaver -I/usr/include/qt5/QtMultimediaWidgets -I/usr/include/qt5/QtSvg -I/usr/include/qt5/QtWidgets -I/usr/include/qt5/QtX11Extras -I/usr/include/qt5/QtMultimedia -I/usr/include/qt5/QtQuick -I/usr/include/qt5/QtGui -I/usr/include/qt5/QtQmlModels -I/usr/include/qt5/QtQml -I/usr/include/qt5/QtNetwork -I/usr/include/qt5/QtConcurrent -I/usr/include/qt5/QtCore -I.build/moc -I.build/ui -I/usr/lib64/qt5/mkspecs/linux-g++ -o .build/obj/RSSFeedPlugin.o desktop-plugins/rssreader/RSSFeedPlugin.cpp
g++ -c -pipe -O2 -flto=auto -ffat-lto-objects -fexceptions -g -grecord-gcc-switches -pipe -Wall -Werror=format-security -Wp,-D_FORTIFY_SOURCE=2 -Wp,-D_GLIBCXX_ASSERTIONS -specs=/usr/lib/rpm/redhat/redhat-hardened-cc1 -fstack-protector-strong -specs=/usr/lib/rpm/redhat/redhat-annobin-cc1 -m64 -mtune=generic -fasynchronous-unwind-tables -fstack-clash-protection -fcf-protection -std=gnu++11 -Wall -Wextra -D_REENTRANT -fPIC -DPREFIX=QString\(\"/usr\"\) -DL_ETCDIR=QString\(\"/etc\"\) -DL_SHAREDIR=QString\(\"/usr/share\"\) -DGIT_VERSION="\"a88ea52f\"" -DQT_NO_DEBUG -DQT_MULTIMEDIAWIDGETS_LIB -DQT_SVG_LIB -DQT_WIDGETS_LIB -DQT_X11EXTRAS_LIB -DQT_MULTIMEDIA_LIB -DQT_QUICK_LIB -DQT_GUI_LIB -DQT_QMLMODELS_LIB -DQT_QML_LIB -DQT_NETWORK_LIB -DQT_CONCURRENT_LIB -DQT_CORE_LIB -I. -I../libLumina -I/usr/include/qt5 -I/usr -I/usr/include -I/home/q5sys/git/lumina/src-qt5/core/lumina-desktop -I../../src-cpp -Isrc-screensaver -I/usr/include/qt5/QtMultimediaWidgets -I/usr/include/qt5/QtSvg -I/usr/include/qt5/QtWidgets -I/usr/include/qt5/QtX11Extras -I/usr/include/qt5/QtMultimedia -I/usr/include/qt5/QtQuick -I/usr/include/qt5/QtGui -I/usr/include/qt5/QtQmlModels -I/usr/include/qt5/QtQml -I/usr/include/qt5/QtNetwork -I/usr/include/qt5/QtConcurrent -I/usr/include/qt5/QtCore -I.build/moc -I.build/ui -I/usr/lib64/qt5/mkspecs/linux-g++ -o .build/obj/RSSObjects.o desktop-plugins/rssreader/RSSObjects.cpp
g++ -c -pipe -O2 -flto=auto -ffat-lto-objects -fexceptions -g -grecord-gcc-switches -pipe -Wall -Werror=format-security -Wp,-D_FORTIFY_SOURCE=2 -Wp,-D_GLIBCXX_ASSERTIONS -specs=/usr/lib/rpm/redhat/redhat-hardened-cc1 -fstack-protector-strong -specs=/usr/lib/rpm/redhat/redhat-annobin-cc1 -m64 -mtune=generic -fasynchronous-unwind-tables -fstack-clash-protection -fcf-protection -std=gnu++11 -Wall -Wextra -D_REENTRANT -fPIC -DPREFIX=QString\(\"/usr\"\) -DL_ETCDIR=QString\(\"/etc\"\) -DL_SHAREDIR=QString\(\"/usr/share\"\) -DGIT_VERSION="\"a88ea52f\"" -DLTHEMEENGINE_DATADIR=\"/usr/share\" -DUSE_WIDGETS -DQT_NO_DEBUG -DQT_SVG_LIB -DQT_WIDGETS_LIB -DQT_X11EXTRAS_LIB -DQT_MULTIMEDIA_LIB -DQT_GUI_LIB -DQT_NETWORK_LIB -DQT_CONCURRENT_LIB -DQT_CORE_LIB -I. -I../../../libLumina -I/usr/include/qt5 -I/usr -I/usr/include -I/home/q5sys/git/lumina/src-qt5/core/lumina-theme-engine/src/lthemeengine -I/usr/include/qt5/QtSvg -I/usr/include/qt5/QtWidgets -I/usr/include/qt5/QtX11Extras -I/usr/include/qt5/QtMultimedia -I/usr/include/qt5/QtGui -I/usr/include/qt5/QtNetwork -I/usr/include/qt5/QtConcurrent -I/usr/include/qt5/QtCore -I.build/moc -I.build/ui -I/usr/lib64/qt5/mkspecs/linux-g++ -o .build/obj/LUtils.o ../../../libLumina/LUtils.cpp
/usr/lib64/qt5/bin/rcc -name Lumina-DE Lumina-DE.qrc -o .build/rcc/qrc_Lumina-DE.cpp
g++ -pipe -O2 -flto=auto -ffat-lto-objects -fexceptions -g -grecord-gcc-switches -pipe -Wall -Werror=format-security -Wp,-D_FORTIFY_SOURCE=2 -Wp,-D_GLIBCXX_ASSERTIONS -specs=/usr/lib/rpm/redhat/redhat-hardened-cc1 -fstack-protector-strong -specs=/usr/lib/rpm/redhat/redhat-annobin-cc1 -m64 -mtune=generic -fasynchronous-unwind-tables -fstack-clash-protection -fcf-protection -std=gnu++11 -Wall -Wextra -dM -E -o .build/moc/moc_predefs.h /usr/lib64/qt5/mkspecs/features/data/dummy.cpp
g++ -c -pipe -O2 -flto=auto -ffat-lto-objects -fexceptions -g -grecord-gcc-switches -pipe -Wall -Werror=format-security -Wp,-D_FORTIFY_SOURCE=2 -Wp,-D_GLIBCXX_ASSERTIONS -specs=/usr/lib/rpm/redhat/redhat-hardened-cc1 -fstack-protector-strong -specs=/usr/lib/rpm/redhat/redhat-annobin-cc1 -m64 -mtune=generic -fasynchronous-unwind-tables -fstack-clash-protection -fcf-protection -std=gnu++11 -Wall -Wextra -D_REENTRANT -fPIC -DPREFIX=QString\(\"/usr\"\) -DL_ETCDIR=QString\(\"/etc\"\) -DL_SHAREDIR=QString\(\"/usr/share\"\) -DGIT_VERSION="\"a88ea52f\"" -DQT_NO_DEBUG -DQT_MULTIMEDIAWIDGETS_LIB -DQT_SVG_LIB -DQT_WIDGETS_LIB -DQT_X11EXTRAS_LIB -DQT_MULTIMEDIA_LIB -DQT_QUICK_LIB -DQT_GUI_LIB -DQT_QMLMODELS_LIB -DQT_QML_LIB -DQT_NETWORK_LIB -DQT_CONCURRENT_LIB -DQT_CORE_LIB -I. -I../libLumina -I/usr/include/qt5 -I/usr -I/usr/include -I/home/q5sys/git/lumina/src-qt5/core/lumina-desktop -I../../src-cpp -Isrc-screensaver -I/usr/include/qt5/QtMultimediaWidgets -I/usr/include/qt5/QtSvg -I/usr/include/qt5/QtWidgets -I/usr/include/qt5/QtX11Extras -I/usr/include/qt5/QtMultimedia -I/usr/include/qt5/QtQuick -I/usr/include/qt5/QtGui -I/usr/include/qt5/QtQmlModels -I/usr/include/qt5/QtQml -I/usr/include/qt5/QtNetwork -I/usr/include/qt5/QtConcurrent -I/usr/include/qt5/QtCore -I.build/moc -I.build/ui -I/usr/lib64/qt5/mkspecs/linux-g++ -o .build/obj/qrc_Lumina-DE.o .build/rcc/qrc_Lumina-DE.cpp
In file included from ./panel-plugins/taskmanager/LTaskButton.h:26,
                 from ./panel-plugins/taskmanager/LTaskManagerPlugin.h:23,
                 from ./panel-plugins/NewPP.h:23,
                 from ./LPanel.h:24,
                 from ./LDesktop.h:29,
                 from ./LSession.h:30,
                 from desktop-plugins/rssreader/RSSFeedPlugin.cpp:11:
./panel-plugins/taskmanager/../LTBWidget.h: In member function ‘virtual void LTBWidget::wheelEvent(QWheelEvent*)’:
./panel-plugins/taskmanager/../LTBWidget.h:65:36: warning: ‘int QWheelEvent::delta() const’ is deprecated: Use angleDelta() [-Wdeprecated-declarations]
   65 |           int change = event->delta()/120; // 1/15th of a rotation (delta/120) is usually one "click" of the wheel
      |                        ~~~~~~~~~~~~^~
In file included from /usr/include/qt5/QtGui/QMoveEvent:1,
                 from desktop-plugins/rssreader/../LDPlugin.h:24,
                 from desktop-plugins/rssreader/RSSFeedPlugin.h:13,
                 from desktop-plugins/rssreader/RSSFeedPlugin.cpp:7:
/usr/include/qt5/QtGui/qevent.h:219:16: note: declared here
  219 |     inline int delta() const  { return qt4D; }
      |                ^~~~~
In file included from ./panel-plugins/taskmanager/LTaskManagerPlugin.h:23,
                 from ./panel-plugins/NewPP.h:23,
                 from ./LPanel.h:24,
                 from ./LDesktop.h:29,
                 from ./LSession.h:30,
                 from desktop-plugins/rssreader/RSSFeedPlugin.cpp:11:
./panel-plugins/taskmanager/LTaskButton.h: In member function ‘virtual void LTaskButton::changeEvent(QEvent*)’:
./panel-plugins/taskmanager/LTaskButton.h:76:37: warning: ‘int qrand()’ is deprecated: use QRandomGenerator instead [-Wdeprecated-declarations]
   76 |             QTimer::singleShot(qrand()%100+500, this, SLOT(UpdateButton()) );
      |                                ~~~~~^~
In file included from /usr/include/qt5/QtCore/qtimer.h:43,
                 from /usr/include/qt5/QtCore/QTimer:1,
                 from desktop-plugins/rssreader/RSSFeedPlugin.h:12,
                 from desktop-plugins/rssreader/RSSFeedPlugin.cpp:7:
/usr/include/qt5/QtCore/qglobal.h:1274:80: note: declared here
 1274 | Q_CORE_EXPORT QT_DEPRECATED_VERSION_X_5_15("use QRandomGenerator instead") int qrand();
      |                                                                                ^~~~~
In file included from ./LDesktop.h:32,
                 from ./LSession.h:30,
                 from desktop-plugins/rssreader/RSSFeedPlugin.cpp:11:
./LDesktopPluginSpace.h: In member function ‘void LDesktopPluginSpace::RemoveItem(QString)’:
./LDesktopPluginSpace.h:184:77: warning: ‘static bool QProcess::startDetached(const QString&)’ is deprecated: Use QProcess::startDetached(const QString &program, const QStringList &arguments) instead [-Wdeprecated-declarations]
  184 |               if(!info.isSymLink() && info.isDir()){ QProcess::startDetached("rm -r \""+info.absoluteFilePath()+"\""); }
      |                                                      ~~~~~~~~~~~~~~~~~~~~~~~^~~~~~~~~~~~~~~~~~~~~~~~~~~~~~~~~~~~~~~~~
In file included from /usr/include/qt5/QtCore/QProcess:1,
                 from ../libLumina/LUtils.h:11,
                 from ./Globals.h:10,
                 from ./LSession.h:26,
                 from desktop-plugins/rssreader/RSSFeedPlugin.cpp:11:
/usr/include/qt5/QtCore/qprocess.h:280:17: note: declared here
  280 |     static bool startDetached(const QString &command);
      |                 ^~~~~~~~~~~~~
In file included from ./panel-plugins/taskmanager/LTaskButton.h:26,
                 from ./panel-plugins/taskmanager/LTaskManagerPlugin.h:23,
                 from ./panel-plugins/NewPP.h:23,
                 from ./LPanel.h:24,
                 from ./LDesktop.h:29,
                 from ./LSession.h:30,
                 from desktop-plugins/rssreader/RSSObjects.cpp:11:
./panel-plugins/taskmanager/../LTBWidget.h: In member function ‘virtual void LTBWidget::wheelEvent(QWheelEvent*)’:
./panel-plugins/taskmanager/../LTBWidget.h:65:36: warning: ‘int QWheelEvent::delta() const’ is deprecated: Use angleDelta() [-Wdeprecated-declarations]
   65 |           int change = event->delta()/120; // 1/15th of a rotation (delta/120) is usually one "click" of the wheel
      |                        ~~~~~~~~~~~~^~
In file included from /usr/include/qt5/QtGui/QMoveEvent:1,
                 from ./LPanel.h:19,
                 from ./LDesktop.h:29,
                 from ./LSession.h:30,
                 from desktop-plugins/rssreader/RSSObjects.cpp:11:
/usr/include/qt5/QtGui/qevent.h:219:16: note: declared here
  219 |     inline int delta() const  { return qt4D; }
      |                ^~~~~
In file included from ./panel-plugins/taskmanager/LTaskManagerPlugin.h:23,
                 from ./panel-plugins/NewPP.h:23,
                 from ./LPanel.h:24,
                 from ./LDesktop.h:29,
                 from ./LSession.h:30,
                 from desktop-plugins/rssreader/RSSObjects.cpp:11:
./panel-plugins/taskmanager/LTaskButton.h: In member function ‘virtual void LTaskButton::changeEvent(QEvent*)’:
./panel-plugins/taskmanager/LTaskButton.h:76:37: warning: ‘int qrand()’ is deprecated: use QRandomGenerator instead [-Wdeprecated-declarations]
   76 |             QTimer::singleShot(qrand()%100+500, this, SLOT(UpdateButton()) );
      |                                ~~~~~^~
In file included from /usr/include/qt5/QtNetwork/qtnetworkglobal.h:43,
                 from /usr/include/qt5/QtNetwork/qnetworkaccessmanager.h:43,
                 from /usr/include/qt5/QtNetwork/QNetworkAccessManager:1,
                 from desktop-plugins/rssreader/RSSObjects.h:10,
                 from desktop-plugins/rssreader/RSSObjects.cpp:7:
/usr/include/qt5/QtCore/qglobal.h:1274:80: note: declared here
 1274 | Q_CORE_EXPORT QT_DEPRECATED_VERSION_X_5_15("use QRandomGenerator instead") int qrand();
      |                                                                                ^~~~~
In file included from ./LDesktop.h:32,
                 from ./LSession.h:30,
                 from desktop-plugins/rssreader/RSSObjects.cpp:11:
./LDesktopPluginSpace.h: In member function ‘void LDesktopPluginSpace::RemoveItem(QString)’:
./LDesktopPluginSpace.h:184:77: warning: ‘static bool QProcess::startDetached(const QString&)’ is deprecated: Use QProcess::startDetached(const QString &program, const QStringList &arguments) instead [-Wdeprecated-declarations]
  184 |               if(!info.isSymLink() && info.isDir()){ QProcess::startDetached("rm -r \""+info.absoluteFilePath()+"\""); }
      |                                                      ~~~~~~~~~~~~~~~~~~~~~~~^~~~~~~~~~~~~~~~~~~~~~~~~~~~~~~~~~~~~~~~~
In file included from /usr/include/qt5/QtCore/QProcess:1,
                 from ../libLumina/LUtils.h:11,
                 from ./Globals.h:10,
                 from ./LSession.h:26,
                 from desktop-plugins/rssreader/RSSObjects.cpp:11:
/usr/include/qt5/QtCore/qprocess.h:280:17: note: declared here
  280 |     static bool startDetached(const QString &command);
      |                 ^~~~~~~~~~~~~
../../../libLumina/LUtils.cpp: In static member function ‘static QString LUtils::runCommand(bool&, QString, QStringList, QString, QStringList)’:
../../../libLumina/LUtils.cpp:130:38: warning: ‘void QProcess::start(const QString&, QIODevice::OpenMode)’ is deprecated: Use QProcess::start(const QString &program, const QStringList &arguments,OpenMode mode = ReadWrite) instead [-Wdeprecated-declarations]
  130 |   if(arguments.isEmpty()){ proc.start(command); }
      |                            ~~~~~~~~~~^~~~~~~~~
In file included from /usr/include/qt5/QtCore/QProcess:1,
                 from ../../../libLumina/LUtils.h:11,
                 from ../../../libLumina/LUtils.cpp:7:
/usr/include/qt5/QtCore/qprocess.h:168:10: note: declared here
  168 |     void start(const QString &command, OpenMode mode = ReadWrite);
      |          ^~~~~
/usr/lib64/qt5/bin/moc -DPREFIX=QString\(\"/usr\"\) -DL_ETCDIR=QString\(\"/etc\"\) -DL_SHAREDIR=QString\(\"/usr/share\"\) -DGIT_VERSION="\"a88ea52f\"" -DQT_NO_DEBUG -DQT_MULTIMEDIAWIDGETS_LIB -DQT_SVG_LIB -DQT_WIDGETS_LIB -DQT_X11EXTRAS_LIB -DQT_MULTIMEDIA_LIB -DQT_QUICK_LIB -DQT_GUI_LIB -DQT_QMLMODELS_LIB -DQT_QML_LIB -DQT_NETWORK_LIB -DQT_CONCURRENT_LIB -DQT_CORE_LIB --include /home/q5sys/git/lumina/src-qt5/core/lumina-desktop/.build/moc/moc_predefs.h -I/usr/lib64/qt5/mkspecs/linux-g++ -I/home/q5sys/git/lumina/src-qt5/core/lumina-desktop -I/home/q5sys/git/lumina/src-qt5/core/libLumina -I/usr/include/qt5 -I/usr -I/usr/include -I'/home/q5sys/git/lumina/src-qt5/core/lumina-desktop//home/q5sys/git/lumina/src-qt5/core/lumina-desktop' -I/home/q5sys/git/lumina/src-qt5/src-cpp -I/home/q5sys/git/lumina/src-qt5/core/lumina-desktop/src-screensaver -I/usr/include/qt5/QtMultimediaWidgets -I/usr/include/qt5/QtSvg -I/usr/include/qt5/QtWidgets -I/usr/include/qt5/QtX11Extras -I/usr/include/qt5/QtMultimedia -I/usr/include/qt5/QtQuick -I/usr/include/qt5/QtGui -I/usr/include/qt5/QtQmlModels -I/usr/include/qt5/QtQml -I/usr/include/qt5/QtNetwork -I/usr/include/qt5/QtConcurrent -I/usr/include/qt5/QtCore -I/usr/include/c++/11 -I/usr/include/c++/11/x86_64-redhat-linux -I/usr/include/c++/11/backward -I/usr/lib/gcc/x86_64-redhat-linux/11/include -I/usr/local/include -I/usr/include ../libLumina/ResizeMenu.h -o .build/moc/moc_ResizeMenu.cpp
In file included from ./global-includes.h:72,
                 from src-screensaver/LScreenSaver.h:10,
                 from ./LSession.h:33,
                 from desktop-plugins/rssreader/RSSFeedPlugin.cpp:11:
../libLumina/ExternalProcess.h: In static member function ‘static void ExternalProcess::launch(QString, QStringList, bool)’:
../libLumina/ExternalProcess.h:84:41: warning: ‘void QProcess::start(const QString&, QIODevice::OpenMode)’ is deprecated: Use QProcess::start(const QString &program, const QStringList &arguments,OpenMode mode = ReadWrite) instead [-Wdeprecated-declarations]
   84 |           if(args.isEmpty()){ tmp->start(program); }
      |                               ~~~~~~~~~~^~~~~~~~~
In file included from /usr/include/qt5/QtCore/QProcess:1,
                 from ../libLumina/LUtils.h:11,
                 from ./Globals.h:10,
                 from ./LSession.h:26,
                 from desktop-plugins/rssreader/RSSFeedPlugin.cpp:11:
/usr/include/qt5/QtCore/qprocess.h:168:10: note: declared here
  168 |     void start(const QString &command, OpenMode mode = ReadWrite);
      |          ^~~~~
/usr/lib64/qt5/bin/moc -DPREFIX=QString\(\"/usr\"\) -DL_ETCDIR=QString\(\"/etc\"\) -DL_SHAREDIR=QString\(\"/usr/share\"\) -DGIT_VERSION="\"a88ea52f\"" -DQT_NO_DEBUG -DQT_MULTIMEDIAWIDGETS_LIB -DQT_SVG_LIB -DQT_WIDGETS_LIB -DQT_X11EXTRAS_LIB -DQT_MULTIMEDIA_LIB -DQT_QUICK_LIB -DQT_GUI_LIB -DQT_QMLMODELS_LIB -DQT_QML_LIB -DQT_NETWORK_LIB -DQT_CONCURRENT_LIB -DQT_CORE_LIB --include /home/q5sys/git/lumina/src-qt5/core/lumina-desktop/.build/moc/moc_predefs.h -I/usr/lib64/qt5/mkspecs/linux-g++ -I/home/q5sys/git/lumina/src-qt5/core/lumina-desktop -I/home/q5sys/git/lumina/src-qt5/core/libLumina -I/usr/include/qt5 -I/usr -I/usr/include -I'/home/q5sys/git/lumina/src-qt5/core/lumina-desktop//home/q5sys/git/lumina/src-qt5/core/lumina-desktop' -I/home/q5sys/git/lumina/src-qt5/src-cpp -I/home/q5sys/git/lumina/src-qt5/core/lumina-desktop/src-screensaver -I/usr/include/qt5/QtMultimediaWidgets -I/usr/include/qt5/QtSvg -I/usr/include/qt5/QtWidgets -I/usr/include/qt5/QtX11Extras -I/usr/include/qt5/QtMultimedia -I/usr/include/qt5/QtQuick -I/usr/include/qt5/QtGui -I/usr/include/qt5/QtQmlModels -I/usr/include/qt5/QtQml -I/usr/include/qt5/QtNetwork -I/usr/include/qt5/QtConcurrent -I/usr/include/qt5/QtCore -I/usr/include/c++/11 -I/usr/include/c++/11/x86_64-redhat-linux -I/usr/include/c++/11/backward -I/usr/lib/gcc/x86_64-redhat-linux/11/include -I/usr/local/include -I/usr/include ../libLumina/LuminaThemes.h -o .build/moc/moc_LuminaThemes.cpp
In file included from ./global-includes.h:72,
                 from src-screensaver/LScreenSaver.h:10,
                 from ./LSession.h:33,
                 from desktop-plugins/rssreader/RSSObjects.cpp:11:
../libLumina/ExternalProcess.h: In static member function ‘static void ExternalProcess::launch(QString, QStringList, bool)’:
../libLumina/ExternalProcess.h:84:41: warning: ‘void QProcess::start(const QString&, QIODevice::OpenMode)’ is deprecated: Use QProcess::start(const QString &program, const QStringList &arguments,OpenMode mode = ReadWrite) instead [-Wdeprecated-declarations]
   84 |           if(args.isEmpty()){ tmp->start(program); }
      |                               ~~~~~~~~~~^~~~~~~~~
In file included from /usr/include/qt5/QtCore/QProcess:1,
                 from ../libLumina/LUtils.h:11,
                 from ./Globals.h:10,
                 from ./LSession.h:26,
                 from desktop-plugins/rssreader/RSSObjects.cpp:11:
/usr/include/qt5/QtCore/qprocess.h:168:10: note: declared here
  168 |     void start(const QString &command, OpenMode mode = ReadWrite);
      |          ^~~~~
/usr/lib64/qt5/bin/moc -DPREFIX=QString\(\"/usr\"\) -DL_ETCDIR=QString\(\"/etc\"\) -DL_SHAREDIR=QString\(\"/usr/share\"\) -DGIT_VERSION="\"a88ea52f\"" -DQT_NO_DEBUG -DQT_MULTIMEDIAWIDGETS_LIB -DQT_SVG_LIB -DQT_WIDGETS_LIB -DQT_X11EXTRAS_LIB -DQT_MULTIMEDIA_LIB -DQT_QUICK_LIB -DQT_GUI_LIB -DQT_QMLMODELS_LIB -DQT_QML_LIB -DQT_NETWORK_LIB -DQT_CONCURRENT_LIB -DQT_CORE_LIB --include /home/q5sys/git/lumina/src-qt5/core/lumina-desktop/.build/moc/moc_predefs.h -I/usr/lib64/qt5/mkspecs/linux-g++ -I/home/q5sys/git/lumina/src-qt5/core/lumina-desktop -I/home/q5sys/git/lumina/src-qt5/core/libLumina -I/usr/include/qt5 -I/usr -I/usr/include -I'/home/q5sys/git/lumina/src-qt5/core/lumina-desktop//home/q5sys/git/lumina/src-qt5/core/lumina-desktop' -I/home/q5sys/git/lumina/src-qt5/src-cpp -I/home/q5sys/git/lumina/src-qt5/core/lumina-desktop/src-screensaver -I/usr/include/qt5/QtMultimediaWidgets -I/usr/include/qt5/QtSvg -I/usr/include/qt5/QtWidgets -I/usr/include/qt5/QtX11Extras -I/usr/include/qt5/QtMultimedia -I/usr/include/qt5/QtQuick -I/usr/include/qt5/QtGui -I/usr/include/qt5/QtQmlModels -I/usr/include/qt5/QtQml -I/usr/include/qt5/QtNetwork -I/usr/include/qt5/QtConcurrent -I/usr/include/qt5/QtCore -I/usr/include/c++/11 -I/usr/include/c++/11/x86_64-redhat-linux -I/usr/include/c++/11/backward -I/usr/lib/gcc/x86_64-redhat-linux/11/include -I/usr/local/include -I/usr/include ../libLumina/LuminaXDG.h -o .build/moc/moc_LuminaXDG.cpp
/usr/lib64/qt5/bin/moc -DPREFIX=QString\(\"/usr\"\) -DL_ETCDIR=QString\(\"/etc\"\) -DL_SHAREDIR=QString\(\"/usr/share\"\) -DGIT_VERSION="\"a88ea52f\"" -DQT_NO_DEBUG -DQT_MULTIMEDIAWIDGETS_LIB -DQT_SVG_LIB -DQT_WIDGETS_LIB -DQT_X11EXTRAS_LIB -DQT_MULTIMEDIA_LIB -DQT_QUICK_LIB -DQT_GUI_LIB -DQT_QMLMODELS_LIB -DQT_QML_LIB -DQT_NETWORK_LIB -DQT_CONCURRENT_LIB -DQT_CORE_LIB --include /home/q5sys/git/lumina/src-qt5/core/lumina-desktop/.build/moc/moc_predefs.h -I/usr/lib64/qt5/mkspecs/linux-g++ -I/home/q5sys/git/lumina/src-qt5/core/lumina-desktop -I/home/q5sys/git/lumina/src-qt5/core/libLumina -I/usr/include/qt5 -I/usr -I/usr/include -I'/home/q5sys/git/lumina/src-qt5/core/lumina-desktop//home/q5sys/git/lumina/src-qt5/core/lumina-desktop' -I/home/q5sys/git/lumina/src-qt5/src-cpp -I/home/q5sys/git/lumina/src-qt5/core/lumina-desktop/src-screensaver -I/usr/include/qt5/QtMultimediaWidgets -I/usr/include/qt5/QtSvg -I/usr/include/qt5/QtWidgets -I/usr/include/qt5/QtX11Extras -I/usr/include/qt5/QtMultimedia -I/usr/include/qt5/QtQuick -I/usr/include/qt5/QtGui -I/usr/include/qt5/QtQmlModels -I/usr/include/qt5/QtQml -I/usr/include/qt5/QtNetwork -I/usr/include/qt5/QtConcurrent -I/usr/include/qt5/QtCore -I/usr/include/c++/11 -I/usr/include/c++/11/x86_64-redhat-linux -I/usr/include/c++/11/backward -I/usr/lib/gcc/x86_64-redhat-linux/11/include -I/usr/local/include -I/usr/include ../libLumina/LuminaSingleApplication.h -o .build/moc/moc_LuminaSingleApplication.cpp
/usr/lib64/qt5/bin/moc -DPREFIX=QString\(\"/usr\"\) -DL_ETCDIR=QString\(\"/etc\"\) -DL_SHAREDIR=QString\(\"/usr/share\"\) -DGIT_VERSION="\"a88ea52f\"" -DQT_NO_DEBUG -DQT_MULTIMEDIAWIDGETS_LIB -DQT_SVG_LIB -DQT_WIDGETS_LIB -DQT_X11EXTRAS_LIB -DQT_MULTIMEDIA_LIB -DQT_QUICK_LIB -DQT_GUI_LIB -DQT_QMLMODELS_LIB -DQT_QML_LIB -DQT_NETWORK_LIB -DQT_CONCURRENT_LIB -DQT_CORE_LIB --include /home/q5sys/git/lumina/src-qt5/core/lumina-desktop/.build/moc/moc_predefs.h -I/usr/lib64/qt5/mkspecs/linux-g++ -I/home/q5sys/git/lumina/src-qt5/core/lumina-desktop -I/home/q5sys/git/lumina/src-qt5/core/libLumina -I/usr/include/qt5 -I/usr -I/usr/include -I'/home/q5sys/git/lumina/src-qt5/core/lumina-desktop//home/q5sys/git/lumina/src-qt5/core/lumina-desktop' -I/home/q5sys/git/lumina/src-qt5/src-cpp -I/home/q5sys/git/lumina/src-qt5/core/lumina-desktop/src-screensaver -I/usr/include/qt5/QtMultimediaWidgets -I/usr/include/qt5/QtSvg -I/usr/include/qt5/QtWidgets -I/usr/include/qt5/QtX11Extras -I/usr/include/qt5/QtMultimedia -I/usr/include/qt5/QtQuick -I/usr/include/qt5/QtGui -I/usr/include/qt5/QtQmlModels -I/usr/include/qt5/QtQml -I/usr/include/qt5/QtNetwork -I/usr/include/qt5/QtConcurrent -I/usr/include/qt5/QtCore -I/usr/include/c++/11 -I/usr/include/c++/11/x86_64-redhat-linux -I/usr/include/c++/11/backward -I/usr/lib/gcc/x86_64-redhat-linux/11/include -I/usr/local/include -I/usr/include ../libLumina/ExternalProcess.h -o .build/moc/moc_ExternalProcess.cpp
/usr/lib64/qt5/bin/moc -DPREFIX=QString\(\"/usr\"\) -DL_ETCDIR=QString\(\"/etc\"\) -DL_SHAREDIR=QString\(\"/usr/share\"\) -DGIT_VERSION="\"a88ea52f\"" -DQT_NO_DEBUG -DQT_MULTIMEDIAWIDGETS_LIB -DQT_SVG_LIB -DQT_WIDGETS_LIB -DQT_X11EXTRAS_LIB -DQT_MULTIMEDIA_LIB -DQT_QUICK_LIB -DQT_GUI_LIB -DQT_QMLMODELS_LIB -DQT_QML_LIB -DQT_NETWORK_LIB -DQT_CONCURRENT_LIB -DQT_CORE_LIB --include /home/q5sys/git/lumina/src-qt5/core/lumina-desktop/.build/moc/moc_predefs.h -I/usr/lib64/qt5/mkspecs/linux-g++ -I/home/q5sys/git/lumina/src-qt5/core/lumina-desktop -I/home/q5sys/git/lumina/src-qt5/core/libLumina -I/usr/include/qt5 -I/usr -I/usr/include -I'/home/q5sys/git/lumina/src-qt5/core/lumina-desktop//home/q5sys/git/lumina/src-qt5/core/lumina-desktop' -I/home/q5sys/git/lumina/src-qt5/src-cpp -I/home/q5sys/git/lumina/src-qt5/core/lumina-desktop/src-screensaver -I/usr/include/qt5/QtMultimediaWidgets -I/usr/include/qt5/QtSvg -I/usr/include/qt5/QtWidgets -I/usr/include/qt5/QtX11Extras -I/usr/include/qt5/QtMultimedia -I/usr/include/qt5/QtQuick -I/usr/include/qt5/QtGui -I/usr/include/qt5/QtQmlModels -I/usr/include/qt5/QtQml -I/usr/include/qt5/QtNetwork -I/usr/include/qt5/QtConcurrent -I/usr/include/qt5/QtCore -I/usr/include/c++/11 -I/usr/include/c++/11/x86_64-redhat-linux -I/usr/include/c++/11/backward -I/usr/lib/gcc/x86_64-redhat-linux/11/include -I/usr/local/include -I/usr/include ../libLumina/LIconCache.h -o .build/moc/moc_LIconCache.cpp
/usr/lib64/qt5/bin/moc -DPREFIX=QString\(\"/usr\"\) -DL_ETCDIR=QString\(\"/etc\"\) -DL_SHAREDIR=QString\(\"/usr/share\"\) -DGIT_VERSION="\"a88ea52f\"" -DQT_NO_DEBUG -DQT_MULTIMEDIAWIDGETS_LIB -DQT_SVG_LIB -DQT_WIDGETS_LIB -DQT_X11EXTRAS_LIB -DQT_MULTIMEDIA_LIB -DQT_QUICK_LIB -DQT_GUI_LIB -DQT_QMLMODELS_LIB -DQT_QML_LIB -DQT_NETWORK_LIB -DQT_CONCURRENT_LIB -DQT_CORE_LIB --include /home/q5sys/git/lumina/src-qt5/core/lumina-desktop/.build/moc/moc_predefs.h -I/usr/lib64/qt5/mkspecs/linux-g++ -I/home/q5sys/git/lumina/src-qt5/core/lumina-desktop -I/home/q5sys/git/lumina/src-qt5/core/libLumina -I/usr/include/qt5 -I/usr -I/usr/include -I'/home/q5sys/git/lumina/src-qt5/core/lumina-desktop//home/q5sys/git/lumina/src-qt5/core/lumina-desktop' -I/home/q5sys/git/lumina/src-qt5/src-cpp -I/home/q5sys/git/lumina/src-qt5/core/lumina-desktop/src-screensaver -I/usr/include/qt5/QtMultimediaWidgets -I/usr/include/qt5/QtSvg -I/usr/include/qt5/QtWidgets -I/usr/include/qt5/QtX11Extras -I/usr/include/qt5/QtMultimedia -I/usr/include/qt5/QtQuick -I/usr/include/qt5/QtGui -I/usr/include/qt5/QtQmlModels -I/usr/include/qt5/QtQml -I/usr/include/qt5/QtNetwork -I/usr/include/qt5/QtConcurrent -I/usr/include/qt5/QtCore -I/usr/include/c++/11 -I/usr/include/c++/11/x86_64-redhat-linux -I/usr/include/c++/11/backward -I/usr/lib/gcc/x86_64-redhat-linux/11/include -I/usr/local/include -I/usr/include ../libLumina/DesktopSettings.h -o .build/moc/moc_DesktopSettings.cpp
g++ -c -pipe -O2 -flto=auto -ffat-lto-objects -fexceptions -g -grecord-gcc-switches -pipe -Wall -Werror=format-security -Wp,-D_FORTIFY_SOURCE=2 -Wp,-D_GLIBCXX_ASSERTIONS -specs=/usr/lib/rpm/redhat/redhat-hardened-cc1 -fstack-protector-strong -specs=/usr/lib/rpm/redhat/redhat-annobin-cc1 -m64 -mtune=generic -fasynchronous-unwind-tables -fstack-clash-protection -fcf-protection -std=gnu++11 -Wall -Wextra -D_REENTRANT -fPIC -DPREFIX=QString\(\"/usr\"\) -DL_ETCDIR=QString\(\"/etc\"\) -DL_SHAREDIR=QString\(\"/usr/share\"\) -DGIT_VERSION="\"a88ea52f\"" -DLTHEMEENGINE_DATADIR=\"/usr/share\" -DUSE_WIDGETS -DQT_NO_DEBUG -DQT_SVG_LIB -DQT_WIDGETS_LIB -DQT_X11EXTRAS_LIB -DQT_MULTIMEDIA_LIB -DQT_GUI_LIB -DQT_NETWORK_LIB -DQT_CONCURRENT_LIB -DQT_CORE_LIB -I. -I../../../libLumina -I/usr/include/qt5 -I/usr -I/usr/include -I/home/q5sys/git/lumina/src-qt5/core/lumina-theme-engine/src/lthemeengine -I/usr/include/qt5/QtSvg -I/usr/include/qt5/QtWidgets -I/usr/include/qt5/QtX11Extras -I/usr/include/qt5/QtMultimedia -I/usr/include/qt5/QtGui -I/usr/include/qt5/QtNetwork -I/usr/include/qt5/QtConcurrent -I/usr/include/qt5/QtCore -I.build/moc -I.build/ui -I/usr/lib64/qt5/mkspecs/linux-g++ -o .build/obj/LuminaThemes.o ../../../libLumina/LuminaThemes.cpp
/usr/lib64/qt5/bin/moc -DPREFIX=QString\(\"/usr\"\) -DL_ETCDIR=QString\(\"/etc\"\) -DL_SHAREDIR=QString\(\"/usr/share\"\) -DGIT_VERSION="\"a88ea52f\"" -DQT_NO_DEBUG -DQT_MULTIMEDIAWIDGETS_LIB -DQT_SVG_LIB -DQT_WIDGETS_LIB -DQT_X11EXTRAS_LIB -DQT_MULTIMEDIA_LIB -DQT_QUICK_LIB -DQT_GUI_LIB -DQT_QMLMODELS_LIB -DQT_QML_LIB -DQT_NETWORK_LIB -DQT_CONCURRENT_LIB -DQT_CORE_LIB --include /home/q5sys/git/lumina/src-qt5/core/lumina-desktop/.build/moc/moc_predefs.h -I/usr/lib64/qt5/mkspecs/linux-g++ -I/home/q5sys/git/lumina/src-qt5/core/lumina-desktop -I/home/q5sys/git/lumina/src-qt5/core/libLumina -I/usr/include/qt5 -I/usr -I/usr/include -I'/home/q5sys/git/lumina/src-qt5/core/lumina-desktop//home/q5sys/git/lumina/src-qt5/core/lumina-desktop' -I/home/q5sys/git/lumina/src-qt5/src-cpp -I/home/q5sys/git/lumina/src-qt5/core/lumina-desktop/src-screensaver -I/usr/include/qt5/QtMultimediaWidgets -I/usr/include/qt5/QtSvg -I/usr/include/qt5/QtWidgets -I/usr/include/qt5/QtX11Extras -I/usr/include/qt5/QtMultimedia -I/usr/include/qt5/QtQuick -I/usr/include/qt5/QtGui -I/usr/include/qt5/QtQmlModels -I/usr/include/qt5/QtQml -I/usr/include/qt5/QtNetwork -I/usr/include/qt5/QtConcurrent -I/usr/include/qt5/QtCore -I/usr/include/c++/11 -I/usr/include/c++/11/x86_64-redhat-linux -I/usr/include/c++/11/backward -I/usr/lib/gcc/x86_64-redhat-linux/11/include -I/usr/local/include -I/usr/include WMProcess.h -o .build/moc/moc_WMProcess.cpp
g++ -c -pipe -O2 -flto=auto -ffat-lto-objects -fexceptions -g -grecord-gcc-switches -pipe -Wall -Werror=format-security -Wp,-D_FORTIFY_SOURCE=2 -Wp,-D_GLIBCXX_ASSERTIONS -specs=/usr/lib/rpm/redhat/redhat-hardened-cc1 -fstack-protector-strong -specs=/usr/lib/rpm/redhat/redhat-annobin-cc1 -m64 -mtune=generic -fasynchronous-unwind-tables -fstack-clash-protection -fcf-protection -std=gnu++11 -Wall -Wextra -D_REENTRANT -fPIC -DPREFIX=QString\(\"/usr\"\) -DL_ETCDIR=QString\(\"/etc\"\) -DL_SHAREDIR=QString\(\"/usr/share\"\) -DGIT_VERSION="\"a88ea52f\"" -DLTHEMEENGINE_DATADIR=\"/usr/share\" -DUSE_WIDGETS -DQT_NO_DEBUG -DQT_SVG_LIB -DQT_WIDGETS_LIB -DQT_X11EXTRAS_LIB -DQT_MULTIMEDIA_LIB -DQT_GUI_LIB -DQT_NETWORK_LIB -DQT_CONCURRENT_LIB -DQT_CORE_LIB -I. -I../../../libLumina -I/usr/include/qt5 -I/usr -I/usr/include -I/home/q5sys/git/lumina/src-qt5/core/lumina-theme-engine/src/lthemeengine -I/usr/include/qt5/QtSvg -I/usr/include/qt5/QtWidgets -I/usr/include/qt5/QtX11Extras -I/usr/include/qt5/QtMultimedia -I/usr/include/qt5/QtGui -I/usr/include/qt5/QtNetwork -I/usr/include/qt5/QtConcurrent -I/usr/include/qt5/QtCore -I.build/moc -I.build/ui -I/usr/lib64/qt5/mkspecs/linux-g++ -o .build/obj/LuminaXDG.o ../../../libLumina/LuminaXDG.cpp
/usr/lib64/qt5/bin/moc -DPREFIX=QString\(\"/usr\"\) -DL_ETCDIR=QString\(\"/etc\"\) -DL_SHAREDIR=QString\(\"/usr/share\"\) -DGIT_VERSION="\"a88ea52f\"" -DQT_NO_DEBUG -DQT_MULTIMEDIAWIDGETS_LIB -DQT_SVG_LIB -DQT_WIDGETS_LIB -DQT_X11EXTRAS_LIB -DQT_MULTIMEDIA_LIB -DQT_QUICK_LIB -DQT_GUI_LIB -DQT_QMLMODELS_LIB -DQT_QML_LIB -DQT_NETWORK_LIB -DQT_CONCURRENT_LIB -DQT_CORE_LIB --include /home/q5sys/git/lumina/src-qt5/core/lumina-desktop/.build/moc/moc_predefs.h -I/usr/lib64/qt5/mkspecs/linux-g++ -I/home/q5sys/git/lumina/src-qt5/core/lumina-desktop -I/home/q5sys/git/lumina/src-qt5/core/libLumina -I/usr/include/qt5 -I/usr -I/usr/include -I'/home/q5sys/git/lumina/src-qt5/core/lumina-desktop//home/q5sys/git/lumina/src-qt5/core/lumina-desktop' -I/home/q5sys/git/lumina/src-qt5/src-cpp -I/home/q5sys/git/lumina/src-qt5/core/lumina-desktop/src-screensaver -I/usr/include/qt5/QtMultimediaWidgets -I/usr/include/qt5/QtSvg -I/usr/include/qt5/QtWidgets -I/usr/include/qt5/QtX11Extras -I/usr/include/qt5/QtMultimedia -I/usr/include/qt5/QtQuick -I/usr/include/qt5/QtGui -I/usr/include/qt5/QtQmlModels -I/usr/include/qt5/QtQml -I/usr/include/qt5/QtNetwork -I/usr/include/qt5/QtConcurrent -I/usr/include/qt5/QtCore -I/usr/include/c++/11 -I/usr/include/c++/11/x86_64-redhat-linux -I/usr/include/c++/11/backward -I/usr/lib/gcc/x86_64-redhat-linux/11/include -I/usr/local/include -I/usr/include LSession.h -o .build/moc/moc_LSession.cpp
/usr/lib64/qt5/bin/moc -DPREFIX=QString\(\"/usr\"\) -DL_ETCDIR=QString\(\"/etc\"\) -DL_SHAREDIR=QString\(\"/usr/share\"\) -DGIT_VERSION="\"a88ea52f\"" -DQT_NO_DEBUG -DQT_MULTIMEDIAWIDGETS_LIB -DQT_SVG_LIB -DQT_WIDGETS_LIB -DQT_X11EXTRAS_LIB -DQT_MULTIMEDIA_LIB -DQT_QUICK_LIB -DQT_GUI_LIB -DQT_QMLMODELS_LIB -DQT_QML_LIB -DQT_NETWORK_LIB -DQT_CONCURRENT_LIB -DQT_CORE_LIB --include /home/q5sys/git/lumina/src-qt5/core/lumina-desktop/.build/moc/moc_predefs.h -I/usr/lib64/qt5/mkspecs/linux-g++ -I/home/q5sys/git/lumina/src-qt5/core/lumina-desktop -I/home/q5sys/git/lumina/src-qt5/core/libLumina -I/usr/include/qt5 -I/usr -I/usr/include -I'/home/q5sys/git/lumina/src-qt5/core/lumina-desktop//home/q5sys/git/lumina/src-qt5/core/lumina-desktop' -I/home/q5sys/git/lumina/src-qt5/src-cpp -I/home/q5sys/git/lumina/src-qt5/core/lumina-desktop/src-screensaver -I/usr/include/qt5/QtMultimediaWidgets -I/usr/include/qt5/QtSvg -I/usr/include/qt5/QtWidgets -I/usr/include/qt5/QtX11Extras -I/usr/include/qt5/QtMultimedia -I/usr/include/qt5/QtQuick -I/usr/include/qt5/QtGui -I/usr/include/qt5/QtQmlModels -I/usr/include/qt5/QtQml -I/usr/include/qt5/QtNetwork -I/usr/include/qt5/QtConcurrent -I/usr/include/qt5/QtCore -I/usr/include/c++/11 -I/usr/include/c++/11/x86_64-redhat-linux -I/usr/include/c++/11/backward -I/usr/lib/gcc/x86_64-redhat-linux/11/include -I/usr/local/include -I/usr/include LDesktop.h -o .build/moc/moc_LDesktop.cpp
/usr/lib64/qt5/bin/moc -DPREFIX=QString\(\"/usr\"\) -DL_ETCDIR=QString\(\"/etc\"\) -DL_SHAREDIR=QString\(\"/usr/share\"\) -DGIT_VERSION="\"a88ea52f\"" -DQT_NO_DEBUG -DQT_MULTIMEDIAWIDGETS_LIB -DQT_SVG_LIB -DQT_WIDGETS_LIB -DQT_X11EXTRAS_LIB -DQT_MULTIMEDIA_LIB -DQT_QUICK_LIB -DQT_GUI_LIB -DQT_QMLMODELS_LIB -DQT_QML_LIB -DQT_NETWORK_LIB -DQT_CONCURRENT_LIB -DQT_CORE_LIB --include /home/q5sys/git/lumina/src-qt5/core/lumina-desktop/.build/moc/moc_predefs.h -I/usr/lib64/qt5/mkspecs/linux-g++ -I/home/q5sys/git/lumina/src-qt5/core/lumina-desktop -I/home/q5sys/git/lumina/src-qt5/core/libLumina -I/usr/include/qt5 -I/usr -I/usr/include -I'/home/q5sys/git/lumina/src-qt5/core/lumina-desktop//home/q5sys/git/lumina/src-qt5/core/lumina-desktop' -I/home/q5sys/git/lumina/src-qt5/src-cpp -I/home/q5sys/git/lumina/src-qt5/core/lumina-desktop/src-screensaver -I/usr/include/qt5/QtMultimediaWidgets -I/usr/include/qt5/QtSvg -I/usr/include/qt5/QtWidgets -I/usr/include/qt5/QtX11Extras -I/usr/include/qt5/QtMultimedia -I/usr/include/qt5/QtQuick -I/usr/include/qt5/QtGui -I/usr/include/qt5/QtQmlModels -I/usr/include/qt5/QtQml -I/usr/include/qt5/QtNetwork -I/usr/include/qt5/QtConcurrent -I/usr/include/qt5/QtCore -I/usr/include/c++/11 -I/usr/include/c++/11/x86_64-redhat-linux -I/usr/include/c++/11/backward -I/usr/lib/gcc/x86_64-redhat-linux/11/include -I/usr/local/include -I/usr/include LDesktopBackground.h -o .build/moc/moc_LDesktopBackground.cpp
/usr/lib64/qt5/bin/moc -DPREFIX=QString\(\"/usr\"\) -DL_ETCDIR=QString\(\"/etc\"\) -DL_SHAREDIR=QString\(\"/usr/share\"\) -DGIT_VERSION="\"a88ea52f\"" -DQT_NO_DEBUG -DQT_MULTIMEDIAWIDGETS_LIB -DQT_SVG_LIB -DQT_WIDGETS_LIB -DQT_X11EXTRAS_LIB -DQT_MULTIMEDIA_LIB -DQT_QUICK_LIB -DQT_GUI_LIB -DQT_QMLMODELS_LIB -DQT_QML_LIB -DQT_NETWORK_LIB -DQT_CONCURRENT_LIB -DQT_CORE_LIB --include /home/q5sys/git/lumina/src-qt5/core/lumina-desktop/.build/moc/moc_predefs.h -I/usr/lib64/qt5/mkspecs/linux-g++ -I/home/q5sys/git/lumina/src-qt5/core/lumina-desktop -I/home/q5sys/git/lumina/src-qt5/core/libLumina -I/usr/include/qt5 -I/usr -I/usr/include -I'/home/q5sys/git/lumina/src-qt5/core/lumina-desktop//home/q5sys/git/lumina/src-qt5/core/lumina-desktop' -I/home/q5sys/git/lumina/src-qt5/src-cpp -I/home/q5sys/git/lumina/src-qt5/core/lumina-desktop/src-screensaver -I/usr/include/qt5/QtMultimediaWidgets -I/usr/include/qt5/QtSvg -I/usr/include/qt5/QtWidgets -I/usr/include/qt5/QtX11Extras -I/usr/include/qt5/QtMultimedia -I/usr/include/qt5/QtQuick -I/usr/include/qt5/QtGui -I/usr/include/qt5/QtQmlModels -I/usr/include/qt5/QtQml -I/usr/include/qt5/QtNetwork -I/usr/include/qt5/QtConcurrent -I/usr/include/qt5/QtCore -I/usr/include/c++/11 -I/usr/include/c++/11/x86_64-redhat-linux -I/usr/include/c++/11/backward -I/usr/lib/gcc/x86_64-redhat-linux/11/include -I/usr/local/include -I/usr/include LDesktopPluginSpace.h -o .build/moc/moc_LDesktopPluginSpace.cpp
/usr/lib64/qt5/bin/moc -DPREFIX=QString\(\"/usr\"\) -DL_ETCDIR=QString\(\"/etc\"\) -DL_SHAREDIR=QString\(\"/usr/share\"\) -DGIT_VERSION="\"a88ea52f\"" -DQT_NO_DEBUG -DQT_MULTIMEDIAWIDGETS_LIB -DQT_SVG_LIB -DQT_WIDGETS_LIB -DQT_X11EXTRAS_LIB -DQT_MULTIMEDIA_LIB -DQT_QUICK_LIB -DQT_GUI_LIB -DQT_QMLMODELS_LIB -DQT_QML_LIB -DQT_NETWORK_LIB -DQT_CONCURRENT_LIB -DQT_CORE_LIB --include /home/q5sys/git/lumina/src-qt5/core/lumina-desktop/.build/moc/moc_predefs.h -I/usr/lib64/qt5/mkspecs/linux-g++ -I/home/q5sys/git/lumina/src-qt5/core/lumina-desktop -I/home/q5sys/git/lumina/src-qt5/core/libLumina -I/usr/include/qt5 -I/usr -I/usr/include -I'/home/q5sys/git/lumina/src-qt5/core/lumina-desktop//home/q5sys/git/lumina/src-qt5/core/lumina-desktop' -I/home/q5sys/git/lumina/src-qt5/src-cpp -I/home/q5sys/git/lumina/src-qt5/core/lumina-desktop/src-screensaver -I/usr/include/qt5/QtMultimediaWidgets -I/usr/include/qt5/QtSvg -I/usr/include/qt5/QtWidgets -I/usr/include/qt5/QtX11Extras -I/usr/include/qt5/QtMultimedia -I/usr/include/qt5/QtQuick -I/usr/include/qt5/QtGui -I/usr/include/qt5/QtQmlModels -I/usr/include/qt5/QtQml -I/usr/include/qt5/QtNetwork -I/usr/include/qt5/QtConcurrent -I/usr/include/qt5/QtCore -I/usr/include/c++/11 -I/usr/include/c++/11/x86_64-redhat-linux -I/usr/include/c++/11/backward -I/usr/lib/gcc/x86_64-redhat-linux/11/include -I/usr/local/include -I/usr/include LPanel.h -o .build/moc/moc_LPanel.cpp
/usr/lib64/qt5/bin/moc -DPREFIX=QString\(\"/usr\"\) -DL_ETCDIR=QString\(\"/etc\"\) -DL_SHAREDIR=QString\(\"/usr/share\"\) -DGIT_VERSION="\"a88ea52f\"" -DQT_NO_DEBUG -DQT_MULTIMEDIAWIDGETS_LIB -DQT_SVG_LIB -DQT_WIDGETS_LIB -DQT_X11EXTRAS_LIB -DQT_MULTIMEDIA_LIB -DQT_QUICK_LIB -DQT_GUI_LIB -DQT_QMLMODELS_LIB -DQT_QML_LIB -DQT_NETWORK_LIB -DQT_CONCURRENT_LIB -DQT_CORE_LIB --include /home/q5sys/git/lumina/src-qt5/core/lumina-desktop/.build/moc/moc_predefs.h -I/usr/lib64/qt5/mkspecs/linux-g++ -I/home/q5sys/git/lumina/src-qt5/core/lumina-desktop -I/home/q5sys/git/lumina/src-qt5/core/libLumina -I/usr/include/qt5 -I/usr -I/usr/include -I'/home/q5sys/git/lumina/src-qt5/core/lumina-desktop//home/q5sys/git/lumina/src-qt5/core/lumina-desktop' -I/home/q5sys/git/lumina/src-qt5/src-cpp -I/home/q5sys/git/lumina/src-qt5/core/lumina-desktop/src-screensaver -I/usr/include/qt5/QtMultimediaWidgets -I/usr/include/qt5/QtSvg -I/usr/include/qt5/QtWidgets -I/usr/include/qt5/QtX11Extras -I/usr/include/qt5/QtMultimedia -I/usr/include/qt5/QtQuick -I/usr/include/qt5/QtGui -I/usr/include/qt5/QtQmlModels -I/usr/include/qt5/QtQml -I/usr/include/qt5/QtNetwork -I/usr/include/qt5/QtConcurrent -I/usr/include/qt5/QtCore -I/usr/include/c++/11 -I/usr/include/c++/11/x86_64-redhat-linux -I/usr/include/c++/11/backward -I/usr/lib/gcc/x86_64-redhat-linux/11/include -I/usr/local/include -I/usr/include AppMenu.h -o .build/moc/moc_AppMenu.cpp
/usr/lib64/qt5/bin/moc -DPREFIX=QString\(\"/usr\"\) -DL_ETCDIR=QString\(\"/etc\"\) -DL_SHAREDIR=QString\(\"/usr/share\"\) -DGIT_VERSION="\"a88ea52f\"" -DQT_NO_DEBUG -DQT_MULTIMEDIAWIDGETS_LIB -DQT_SVG_LIB -DQT_WIDGETS_LIB -DQT_X11EXTRAS_LIB -DQT_MULTIMEDIA_LIB -DQT_QUICK_LIB -DQT_GUI_LIB -DQT_QMLMODELS_LIB -DQT_QML_LIB -DQT_NETWORK_LIB -DQT_CONCURRENT_LIB -DQT_CORE_LIB --include /home/q5sys/git/lumina/src-qt5/core/lumina-desktop/.build/moc/moc_predefs.h -I/usr/lib64/qt5/mkspecs/linux-g++ -I/home/q5sys/git/lumina/src-qt5/core/lumina-desktop -I/home/q5sys/git/lumina/src-qt5/core/libLumina -I/usr/include/qt5 -I/usr -I/usr/include -I'/home/q5sys/git/lumina/src-qt5/core/lumina-desktop//home/q5sys/git/lumina/src-qt5/core/lumina-desktop' -I/home/q5sys/git/lumina/src-qt5/src-cpp -I/home/q5sys/git/lumina/src-qt5/core/lumina-desktop/src-screensaver -I/usr/include/qt5/QtMultimediaWidgets -I/usr/include/qt5/QtSvg -I/usr/include/qt5/QtWidgets -I/usr/include/qt5/QtX11Extras -I/usr/include/qt5/QtMultimedia -I/usr/include/qt5/QtQuick -I/usr/include/qt5/QtGui -I/usr/include/qt5/QtQmlModels -I/usr/include/qt5/QtQml -I/usr/include/qt5/QtNetwork -I/usr/include/qt5/QtConcurrent -I/usr/include/qt5/QtCore -I/usr/include/c++/11 -I/usr/include/c++/11/x86_64-redhat-linux -I/usr/include/c++/11/backward -I/usr/lib/gcc/x86_64-redhat-linux/11/include -I/usr/local/include -I/usr/include SettingsMenu.h -o .build/moc/moc_SettingsMenu.cpp
/usr/lib64/qt5/bin/moc -DPREFIX=QString\(\"/usr\"\) -DL_ETCDIR=QString\(\"/etc\"\) -DL_SHAREDIR=QString\(\"/usr/share\"\) -DGIT_VERSION="\"a88ea52f\"" -DQT_NO_DEBUG -DQT_MULTIMEDIAWIDGETS_LIB -DQT_SVG_LIB -DQT_WIDGETS_LIB -DQT_X11EXTRAS_LIB -DQT_MULTIMEDIA_LIB -DQT_QUICK_LIB -DQT_GUI_LIB -DQT_QMLMODELS_LIB -DQT_QML_LIB -DQT_NETWORK_LIB -DQT_CONCURRENT_LIB -DQT_CORE_LIB --include /home/q5sys/git/lumina/src-qt5/core/lumina-desktop/.build/moc/moc_predefs.h -I/usr/lib64/qt5/mkspecs/linux-g++ -I/home/q5sys/git/lumina/src-qt5/core/lumina-desktop -I/home/q5sys/git/lumina/src-qt5/core/libLumina -I/usr/include/qt5 -I/usr -I/usr/include -I'/home/q5sys/git/lumina/src-qt5/core/lumina-desktop//home/q5sys/git/lumina/src-qt5/core/lumina-desktop' -I/home/q5sys/git/lumina/src-qt5/src-cpp -I/home/q5sys/git/lumina/src-qt5/core/lumina-desktop/src-screensaver -I/usr/include/qt5/QtMultimediaWidgets -I/usr/include/qt5/QtSvg -I/usr/include/qt5/QtWidgets -I/usr/include/qt5/QtX11Extras -I/usr/include/qt5/QtMultimedia -I/usr/include/qt5/QtQuick -I/usr/include/qt5/QtGui -I/usr/include/qt5/QtQmlModels -I/usr/include/qt5/QtQml -I/usr/include/qt5/QtNetwork -I/usr/include/qt5/QtConcurrent -I/usr/include/qt5/QtCore -I/usr/include/c++/11 -I/usr/include/c++/11/x86_64-redhat-linux -I/usr/include/c++/11/backward -I/usr/lib/gcc/x86_64-redhat-linux/11/include -I/usr/local/include -I/usr/include SystemWindow.h -o .build/moc/moc_SystemWindow.cpp
g++ -c -pipe -O2 -flto=auto -ffat-lto-objects -fexceptions -g -grecord-gcc-switches -pipe -Wall -Werror=format-security -Wp,-D_FORTIFY_SOURCE=2 -Wp,-D_GLIBCXX_ASSERTIONS -specs=/usr/lib/rpm/redhat/redhat-hardened-cc1 -fstack-protector-strong -specs=/usr/lib/rpm/redhat/redhat-annobin-cc1 -m64 -mtune=generic -fasynchronous-unwind-tables -fstack-clash-protection -fcf-protection -std=gnu++11 -Wall -Wextra -D_REENTRANT -fPIC -DPREFIX=QString\(\"/usr\"\) -DL_ETCDIR=QString\(\"/etc\"\) -DL_SHAREDIR=QString\(\"/usr/share\"\) -DGIT_VERSION="\"a88ea52f\"" -DLTHEMEENGINE_DATADIR=\"/usr/share\" -DUSE_WIDGETS -DQT_NO_DEBUG -DQT_SVG_LIB -DQT_WIDGETS_LIB -DQT_X11EXTRAS_LIB -DQT_MULTIMEDIA_LIB -DQT_GUI_LIB -DQT_NETWORK_LIB -DQT_CONCURRENT_LIB -DQT_CORE_LIB -I. -I../../../libLumina -I/usr/include/qt5 -I/usr -I/usr/include -I/home/q5sys/git/lumina/src-qt5/core/lumina-theme-engine/src/lthemeengine -I/usr/include/qt5/QtSvg -I/usr/include/qt5/QtWidgets -I/usr/include/qt5/QtX11Extras -I/usr/include/qt5/QtMultimedia -I/usr/include/qt5/QtGui -I/usr/include/qt5/QtNetwork -I/usr/include/qt5/QtConcurrent -I/usr/include/qt5/QtCore -I.build/moc -I.build/ui -I/usr/lib64/qt5/mkspecs/linux-g++ -o .build/obj/LFileInfo.o ../../../libLumina/LFileInfo.cpp
/usr/lib64/qt5/bin/moc -DPREFIX=QString\(\"/usr\"\) -DL_ETCDIR=QString\(\"/etc\"\) -DL_SHAREDIR=QString\(\"/usr/share\"\) -DGIT_VERSION="\"a88ea52f\"" -DQT_NO_DEBUG -DQT_MULTIMEDIAWIDGETS_LIB -DQT_SVG_LIB -DQT_WIDGETS_LIB -DQT_X11EXTRAS_LIB -DQT_MULTIMEDIA_LIB -DQT_QUICK_LIB -DQT_GUI_LIB -DQT_QMLMODELS_LIB -DQT_QML_LIB -DQT_NETWORK_LIB -DQT_CONCURRENT_LIB -DQT_CORE_LIB --include /home/q5sys/git/lumina/src-qt5/core/lumina-desktop/.build/moc/moc_predefs.h -I/usr/lib64/qt5/mkspecs/linux-g++ -I/home/q5sys/git/lumina/src-qt5/core/lumina-desktop -I/home/q5sys/git/lumina/src-qt5/core/libLumina -I/usr/include/qt5 -I/usr -I/usr/include -I'/home/q5sys/git/lumina/src-qt5/core/lumina-desktop//home/q5sys/git/lumina/src-qt5/core/lumina-desktop' -I/home/q5sys/git/lumina/src-qt5/src-cpp -I/home/q5sys/git/lumina/src-qt5/core/lumina-desktop/src-screensaver -I/usr/include/qt5/QtMultimediaWidgets -I/usr/include/qt5/QtSvg -I/usr/include/qt5/QtWidgets -I/usr/include/qt5/QtX11Extras -I/usr/include/qt5/QtMultimedia -I/usr/include/qt5/QtQuick -I/usr/include/qt5/QtGui -I/usr/include/qt5/QtQmlModels -I/usr/include/qt5/QtQml -I/usr/include/qt5/QtNetwork -I/usr/include/qt5/QtConcurrent -I/usr/include/qt5/QtCore -I/usr/include/c++/11 -I/usr/include/c++/11/x86_64-redhat-linux -I/usr/include/c++/11/backward -I/usr/lib/gcc/x86_64-redhat-linux/11/include -I/usr/local/include -I/usr/include BootSplash.h -o .build/moc/moc_BootSplash.cpp
../../../libLumina/LuminaXDG.cpp: In member function ‘void XDGDesktop::sync()’:
../../../libLumina/LuminaXDG.cpp:117:65: warning: ‘QStringList QString::split(const QString&, QString::SplitBehavior, Qt::CaseSensitivity) const’ is deprecated: Use Qt::SplitBehavior variant instead [-Wdeprecated-declarations]
  117 |     else if(var=="Categories" && insection){ catList = val.split(";",QString::SkipEmptyParts); }
      |                                                        ~~~~~~~~~^~~~~~~~~~~~~~~~~~~~~~~~~~~~~
In file included from /usr/include/qt5/QtCore/qobject.h:47,
                 from /usr/include/qt5/QtCore/qiodevice.h:45,
                 from /usr/include/qt5/QtCore/qfiledevice.h:43,
                 from /usr/include/qt5/QtCore/qfile.h:44,
                 from /usr/include/qt5/QtCore/QFile:1,
                 from ../../../libLumina/LuminaXDG.h:18,
                 from ../../../libLumina/LuminaXDG.cpp:7:
/usr/include/qt5/QtCore/qstring.h:609:17: note: declared here
  609 |     QStringList split(const QString &sep, SplitBehavior behavior,
      |                 ^~~~~
../../../libLumina/LuminaXDG.cpp:118:68: warning: ‘QStringList QString::split(const QString&, QString::SplitBehavior, Qt::CaseSensitivity) const’ is deprecated: Use Qt::SplitBehavior variant instead [-Wdeprecated-declarations]
  118 |     else if(var=="OnlyShowIn" && insection){ showInList = val.split(";",QString::SkipEmptyParts); }
      |                                                           ~~~~~~~~~^~~~~~~~~~~~~~~~~~~~~~~~~~~~~
In file included from /usr/include/qt5/QtCore/qobject.h:47,
                 from /usr/include/qt5/QtCore/qiodevice.h:45,
                 from /usr/include/qt5/QtCore/qfiledevice.h:43,
                 from /usr/include/qt5/QtCore/qfile.h:44,
                 from /usr/include/qt5/QtCore/QFile:1,
                 from ../../../libLumina/LuminaXDG.h:18,
                 from ../../../libLumina/LuminaXDG.cpp:7:
/usr/include/qt5/QtCore/qstring.h:609:17: note: declared here
  609 |     QStringList split(const QString &sep, SplitBehavior behavior,
      |                 ^~~~~
../../../libLumina/LuminaXDG.cpp:119:70: warning: ‘QStringList QString::split(const QString&, QString::SplitBehavior, Qt::CaseSensitivity) const’ is deprecated: Use Qt::SplitBehavior variant instead [-Wdeprecated-declarations]
  119 |     else if(var=="NotShowIn" && insection){ notShowInList = val.split(";",QString::SkipEmptyParts); }
      |                                                             ~~~~~~~~~^~~~~~~~~~~~~~~~~~~~~~~~~~~~~
In file included from /usr/include/qt5/QtCore/qobject.h:47,
                 from /usr/include/qt5/QtCore/qiodevice.h:45,
                 from /usr/include/qt5/QtCore/qfiledevice.h:43,
                 from /usr/include/qt5/QtCore/qfile.h:44,
                 from /usr/include/qt5/QtCore/QFile:1,
                 from ../../../libLumina/LuminaXDG.h:18,
                 from ../../../libLumina/LuminaXDG.cpp:7:
/usr/include/qt5/QtCore/qstring.h:609:17: note: declared here
  609 |     QStringList split(const QString &sep, SplitBehavior behavior,
      |                 ^~~~~
../../../libLumina/LuminaXDG.cpp:121:65: warning: ‘QStringList QString::split(const QString&, QString::SplitBehavior, Qt::CaseSensitivity) const’ is deprecated: Use Qt::SplitBehavior variant instead [-Wdeprecated-declarations]
  121 |     else if(var=="Actions" && insection){ actionList = val.split(";",QString::SkipEmptyParts); }
      |                                                        ~~~~~~~~~^~~~~~~~~~~~~~~~~~~~~~~~~~~~~
In file included from /usr/include/qt5/QtCore/qobject.h:47,
                 from /usr/include/qt5/QtCore/qiodevice.h:45,
                 from /usr/include/qt5/QtCore/qfiledevice.h:43,
                 from /usr/include/qt5/QtCore/qfile.h:44,
                 from /usr/include/qt5/QtCore/QFile:1,
                 from ../../../libLumina/LuminaXDG.h:18,
                 from ../../../libLumina/LuminaXDG.cpp:7:
/usr/include/qt5/QtCore/qstring.h:609:17: note: declared here
  609 |     QStringList split(const QString &sep, SplitBehavior behavior,
      |                 ^~~~~
../../../libLumina/LuminaXDG.cpp:122:64: warning: ‘QStringList QString::split(const QString&, QString::SplitBehavior, Qt::CaseSensitivity) const’ is deprecated: Use Qt::SplitBehavior variant instead [-Wdeprecated-declarations]
  122 |     else if(var=="MimeType" && insection){ mimeList = val.split(";",QString::SkipEmptyParts); }
      |                                                       ~~~~~~~~~^~~~~~~~~~~~~~~~~~~~~~~~~~~~~
In file included from /usr/include/qt5/QtCore/qobject.h:47,
                 from /usr/include/qt5/QtCore/qiodevice.h:45,
                 from /usr/include/qt5/QtCore/qfiledevice.h:43,
                 from /usr/include/qt5/QtCore/qfile.h:44,
                 from /usr/include/qt5/QtCore/QFile:1,
                 from ../../../libLumina/LuminaXDG.h:18,
                 from ../../../libLumina/LuminaXDG.cpp:7:
/usr/include/qt5/QtCore/qstring.h:609:17: note: declared here
  609 |     QStringList split(const QString &sep, SplitBehavior behavior,
      |                 ^~~~~
../../../libLumina/LuminaXDG.cpp:124:66: warning: ‘QStringList QString::split(const QString&, QString::SplitBehavior, Qt::CaseSensitivity) const’ is deprecated: Use Qt::SplitBehavior variant instead [-Wdeprecated-declarations]
  124 |       if(keyList.isEmpty() && loc.isEmpty()){ keyList = val.split(";",QString::SkipEmptyParts); }
      |                                                         ~~~~~~~~~^~~~~~~~~~~~~~~~~~~~~~~~~~~~~
In file included from /usr/include/qt5/QtCore/qobject.h:47,
                 from /usr/include/qt5/QtCore/qiodevice.h:45,
                 from /usr/include/qt5/QtCore/qfiledevice.h:43,
                 from /usr/include/qt5/QtCore/qfile.h:44,
                 from /usr/include/qt5/QtCore/QFile:1,
                 from ../../../libLumina/LuminaXDG.h:18,
                 from ../../../libLumina/LuminaXDG.cpp:7:
/usr/include/qt5/QtCore/qstring.h:609:17: note: declared here
  609 |     QStringList split(const QString &sep, SplitBehavior behavior,
      |                 ^~~~~
../../../libLumina/LuminaXDG.cpp:125:48: warning: ‘QStringList QString::split(const QString&, QString::SplitBehavior, Qt::CaseSensitivity) const’ is deprecated: Use Qt::SplitBehavior variant instead [-Wdeprecated-declarations]
  125 |       else if(loc == lang){ keyList = val.split(";",QString::SkipEmptyParts); }
      |                                       ~~~~~~~~~^~~~~~~~~~~~~~~~~~~~~~~~~~~~~
In file included from /usr/include/qt5/QtCore/qobject.h:47,
                 from /usr/include/qt5/QtCore/qiodevice.h:45,
                 from /usr/include/qt5/QtCore/qfiledevice.h:43,
                 from /usr/include/qt5/QtCore/qfile.h:44,
                 from /usr/include/qt5/QtCore/QFile:1,
                 from ../../../libLumina/LuminaXDG.h:18,
                 from ../../../libLumina/LuminaXDG.cpp:7:
/usr/include/qt5/QtCore/qstring.h:609:17: note: declared here
  609 |     QStringList split(const QString &sep, SplitBehavior behavior,
      |                 ^~~~~
/usr/lib64/qt5/bin/moc -DPREFIX=QString\(\"/usr\"\) -DL_ETCDIR=QString\(\"/etc\"\) -DL_SHAREDIR=QString\(\"/usr/share\"\) -DGIT_VERSION="\"a88ea52f\"" -DQT_NO_DEBUG -DQT_MULTIMEDIAWIDGETS_LIB -DQT_SVG_LIB -DQT_WIDGETS_LIB -DQT_X11EXTRAS_LIB -DQT_MULTIMEDIA_LIB -DQT_QUICK_LIB -DQT_GUI_LIB -DQT_QMLMODELS_LIB -DQT_QML_LIB -DQT_NETWORK_LIB -DQT_CONCURRENT_LIB -DQT_CORE_LIB --include /home/q5sys/git/lumina/src-qt5/core/lumina-desktop/.build/moc/moc_predefs.h -I/usr/lib64/qt5/mkspecs/linux-g++ -I/home/q5sys/git/lumina/src-qt5/core/lumina-desktop -I/home/q5sys/git/lumina/src-qt5/core/libLumina -I/usr/include/qt5 -I/usr -I/usr/include -I'/home/q5sys/git/lumina/src-qt5/core/lumina-desktop//home/q5sys/git/lumina/src-qt5/core/lumina-desktop' -I/home/q5sys/git/lumina/src-qt5/src-cpp -I/home/q5sys/git/lumina/src-qt5/core/lumina-desktop/src-screensaver -I/usr/include/qt5/QtMultimediaWidgets -I/usr/include/qt5/QtSvg -I/usr/include/qt5/QtWidgets -I/usr/include/qt5/QtX11Extras -I/usr/include/qt5/QtMultimedia -I/usr/include/qt5/QtQuick -I/usr/include/qt5/QtGui -I/usr/include/qt5/QtQmlModels -I/usr/include/qt5/QtQml -I/usr/include/qt5/QtNetwork -I/usr/include/qt5/QtConcurrent -I/usr/include/qt5/QtCore -I/usr/include/c++/11 -I/usr/include/c++/11/x86_64-redhat-linux -I/usr/include/c++/11/backward -I/usr/lib/gcc/x86_64-redhat-linux/11/include -I/usr/local/include -I/usr/include panel-plugins/LPPlugin.h -o .build/moc/moc_LPPlugin.cpp
../../../libLumina/LuminaXDG.cpp: In static member function ‘static QStringList LXDG::getIconThemeDepChain(QString, QStringList)’:
../../../libLumina/LuminaXDG.cpp:1042:52: warning: ‘QStringList QString::split(const QString&, QString::SplitBehavior, Qt::CaseSensitivity) const’ is deprecated: Use Qt::SplitBehavior variant instead [-Wdeprecated-declarations]
 1042 |         deps = deps.first().section("=",1,-1).split(";",QString::SkipEmptyParts);
      |                ~~~~~~~~~~~~~~~~~~~~~~~~~~~~~~~~~~~~^~~~~~~~~~~~~~~~~~~~~~~~~~~~~
In file included from /usr/include/qt5/QtCore/qobject.h:47,
                 from /usr/include/qt5/QtCore/qiodevice.h:45,
                 from /usr/include/qt5/QtCore/qfiledevice.h:43,
                 from /usr/include/qt5/QtCore/qfile.h:44,
                 from /usr/include/qt5/QtCore/QFile:1,
                 from ../../../libLumina/LuminaXDG.h:18,
                 from ../../../libLumina/LuminaXDG.cpp:7:
/usr/include/qt5/QtCore/qstring.h:609:17: note: declared here
  609 |     QStringList split(const QString &sep, SplitBehavior behavior,
      |                 ^~~~~
../../../libLumina/LuminaXDG.cpp: In static member function ‘static QStringList LXDG::findAvailableAppsForMime(QString)’:
../../../libLumina/LuminaXDG.cpp:1310:62: warning: ‘QStringList QString::split(const QString&, QString::SplitBehavior, Qt::CaseSensitivity) const’ is deprecated: Use Qt::SplitBehavior variant instead [-Wdeprecated-declarations]
 1310 |         QStringList files = matches[j].section("=",1,1).split(";",QString::SkipEmptyParts);
      |                             ~~~~~~~~~~~~~~~~~~~~~~~~~~~~~~~~~^~~~~~~~~~~~~~~~~~~~~~~~~~~~~
In file included from /usr/include/qt5/QtCore/qobject.h:47,
                 from /usr/include/qt5/QtCore/qiodevice.h:45,
                 from /usr/include/qt5/QtCore/qfiledevice.h:43,
                 from /usr/include/qt5/QtCore/qfile.h:44,
                 from /usr/include/qt5/QtCore/QFile:1,
                 from ../../../libLumina/LuminaXDG.h:18,
                 from ../../../libLumina/LuminaXDG.cpp:7:
/usr/include/qt5/QtCore/qstring.h:609:17: note: declared here
  609 |     QStringList split(const QString &sep, SplitBehavior behavior,
      |                 ^~~~~
/usr/lib64/qt5/bin/moc -DPREFIX=QString\(\"/usr\"\) -DL_ETCDIR=QString\(\"/etc\"\) -DL_SHAREDIR=QString\(\"/usr/share\"\) -DGIT_VERSION="\"a88ea52f\"" -DQT_NO_DEBUG -DQT_MULTIMEDIAWIDGETS_LIB -DQT_SVG_LIB -DQT_WIDGETS_LIB -DQT_X11EXTRAS_LIB -DQT_MULTIMEDIA_LIB -DQT_QUICK_LIB -DQT_GUI_LIB -DQT_QMLMODELS_LIB -DQT_QML_LIB -DQT_NETWORK_LIB -DQT_CONCURRENT_LIB -DQT_CORE_LIB --include /home/q5sys/git/lumina/src-qt5/core/lumina-desktop/.build/moc/moc_predefs.h -I/usr/lib64/qt5/mkspecs/linux-g++ -I/home/q5sys/git/lumina/src-qt5/core/lumina-desktop -I/home/q5sys/git/lumina/src-qt5/core/libLumina -I/usr/include/qt5 -I/usr -I/usr/include -I'/home/q5sys/git/lumina/src-qt5/core/lumina-desktop//home/q5sys/git/lumina/src-qt5/core/lumina-desktop' -I/home/q5sys/git/lumina/src-qt5/src-cpp -I/home/q5sys/git/lumina/src-qt5/core/lumina-desktop/src-screensaver -I/usr/include/qt5/QtMultimediaWidgets -I/usr/include/qt5/QtSvg -I/usr/include/qt5/QtWidgets -I/usr/include/qt5/QtX11Extras -I/usr/include/qt5/QtMultimedia -I/usr/include/qt5/QtQuick -I/usr/include/qt5/QtGui -I/usr/include/qt5/QtQmlModels -I/usr/include/qt5/QtQml -I/usr/include/qt5/QtNetwork -I/usr/include/qt5/QtConcurrent -I/usr/include/qt5/QtCore -I/usr/include/c++/11 -I/usr/include/c++/11/x86_64-redhat-linux -I/usr/include/c++/11/backward -I/usr/lib/gcc/x86_64-redhat-linux/11/include -I/usr/local/include -I/usr/include panel-plugins/LTBWidget.h -o .build/moc/moc_LTBWidget.cpp
/usr/lib64/qt5/bin/moc -DPREFIX=QString\(\"/usr\"\) -DL_ETCDIR=QString\(\"/etc\"\) -DL_SHAREDIR=QString\(\"/usr/share\"\) -DGIT_VERSION="\"a88ea52f\"" -DQT_NO_DEBUG -DQT_MULTIMEDIAWIDGETS_LIB -DQT_SVG_LIB -DQT_WIDGETS_LIB -DQT_X11EXTRAS_LIB -DQT_MULTIMEDIA_LIB -DQT_QUICK_LIB -DQT_GUI_LIB -DQT_QMLMODELS_LIB -DQT_QML_LIB -DQT_NETWORK_LIB -DQT_CONCURRENT_LIB -DQT_CORE_LIB --include /home/q5sys/git/lumina/src-qt5/core/lumina-desktop/.build/moc/moc_predefs.h -I/usr/lib64/qt5/mkspecs/linux-g++ -I/home/q5sys/git/lumina/src-qt5/core/lumina-desktop -I/home/q5sys/git/lumina/src-qt5/core/libLumina -I/usr/include/qt5 -I/usr -I/usr/include -I'/home/q5sys/git/lumina/src-qt5/core/lumina-desktop//home/q5sys/git/lumina/src-qt5/core/lumina-desktop' -I/home/q5sys/git/lumina/src-qt5/src-cpp -I/home/q5sys/git/lumina/src-qt5/core/lumina-desktop/src-screensaver -I/usr/include/qt5/QtMultimediaWidgets -I/usr/include/qt5/QtSvg -I/usr/include/qt5/QtWidgets -I/usr/include/qt5/QtX11Extras -I/usr/include/qt5/QtMultimedia -I/usr/include/qt5/QtQuick -I/usr/include/qt5/QtGui -I/usr/include/qt5/QtQmlModels -I/usr/include/qt5/QtQml -I/usr/include/qt5/QtNetwork -I/usr/include/qt5/QtConcurrent -I/usr/include/qt5/QtCore -I/usr/include/c++/11 -I/usr/include/c++/11/x86_64-redhat-linux -I/usr/include/c++/11/backward -I/usr/lib/gcc/x86_64-redhat-linux/11/include -I/usr/local/include -I/usr/include desktop-plugins/LDPlugin.h -o .build/moc/moc_LDPlugin.cpp
/usr/lib64/qt5/bin/moc -DPREFIX=QString\(\"/usr\"\) -DL_ETCDIR=QString\(\"/etc\"\) -DL_SHAREDIR=QString\(\"/usr/share\"\) -DGIT_VERSION="\"a88ea52f\"" -DQT_NO_DEBUG -DQT_MULTIMEDIAWIDGETS_LIB -DQT_SVG_LIB -DQT_WIDGETS_LIB -DQT_X11EXTRAS_LIB -DQT_MULTIMEDIA_LIB -DQT_QUICK_LIB -DQT_GUI_LIB -DQT_QMLMODELS_LIB -DQT_QML_LIB -DQT_NETWORK_LIB -DQT_CONCURRENT_LIB -DQT_CORE_LIB --include /home/q5sys/git/lumina/src-qt5/core/lumina-desktop/.build/moc/moc_predefs.h -I/usr/lib64/qt5/mkspecs/linux-g++ -I/home/q5sys/git/lumina/src-qt5/core/lumina-desktop -I/home/q5sys/git/lumina/src-qt5/core/libLumina -I/usr/include/qt5 -I/usr -I/usr/include -I'/home/q5sys/git/lumina/src-qt5/core/lumina-desktop//home/q5sys/git/lumina/src-qt5/core/lumina-desktop' -I/home/q5sys/git/lumina/src-qt5/src-cpp -I/home/q5sys/git/lumina/src-qt5/core/lumina-desktop/src-screensaver -I/usr/include/qt5/QtMultimediaWidgets -I/usr/include/qt5/QtSvg -I/usr/include/qt5/QtWidgets -I/usr/include/qt5/QtX11Extras -I/usr/include/qt5/QtMultimedia -I/usr/include/qt5/QtQuick -I/usr/include/qt5/QtGui -I/usr/include/qt5/QtQmlModels -I/usr/include/qt5/QtQml -I/usr/include/qt5/QtNetwork -I/usr/include/qt5/QtConcurrent -I/usr/include/qt5/QtCore -I/usr/include/c++/11 -I/usr/include/c++/11/x86_64-redhat-linux -I/usr/include/c++/11/backward -I/usr/lib/gcc/x86_64-redhat-linux/11/include -I/usr/local/include -I/usr/include JsonMenu.h -o .build/moc/moc_JsonMenu.cpp
/usr/lib64/qt5/bin/moc -DPREFIX=QString\(\"/usr\"\) -DL_ETCDIR=QString\(\"/etc\"\) -DL_SHAREDIR=QString\(\"/usr/share\"\) -DGIT_VERSION="\"a88ea52f\"" -DQT_NO_DEBUG -DQT_MULTIMEDIAWIDGETS_LIB -DQT_SVG_LIB -DQT_WIDGETS_LIB -DQT_X11EXTRAS_LIB -DQT_MULTIMEDIA_LIB -DQT_QUICK_LIB -DQT_GUI_LIB -DQT_QMLMODELS_LIB -DQT_QML_LIB -DQT_NETWORK_LIB -DQT_CONCURRENT_LIB -DQT_CORE_LIB --include /home/q5sys/git/lumina/src-qt5/core/lumina-desktop/.build/moc/moc_predefs.h -I/usr/lib64/qt5/mkspecs/linux-g++ -I/home/q5sys/git/lumina/src-qt5/core/lumina-desktop -I/home/q5sys/git/lumina/src-qt5/core/libLumina -I/usr/include/qt5 -I/usr -I/usr/include -I'/home/q5sys/git/lumina/src-qt5/core/lumina-desktop//home/q5sys/git/lumina/src-qt5/core/lumina-desktop' -I/home/q5sys/git/lumina/src-qt5/src-cpp -I/home/q5sys/git/lumina/src-qt5/core/lumina-desktop/src-screensaver -I/usr/include/qt5/QtMultimediaWidgets -I/usr/include/qt5/QtSvg -I/usr/include/qt5/QtWidgets -I/usr/include/qt5/QtX11Extras -I/usr/include/qt5/QtMultimedia -I/usr/include/qt5/QtQuick -I/usr/include/qt5/QtGui -I/usr/include/qt5/QtQmlModels -I/usr/include/qt5/QtQml -I/usr/include/qt5/QtNetwork -I/usr/include/qt5/QtConcurrent -I/usr/include/qt5/QtCore -I/usr/include/c++/11 -I/usr/include/c++/11/x86_64-redhat-linux -I/usr/include/c++/11/backward -I/usr/lib/gcc/x86_64-redhat-linux/11/include -I/usr/local/include -I/usr/include src-screensaver/LLockScreen.h -o .build/moc/moc_LLockScreen.cpp
../../../libLumina/LFileInfo.cpp: In member function ‘void LFileInfo::getZfsDataset()’:
../../../libLumina/LFileInfo.cpp:103:80: warning: ‘QStringList QString::split(const QString&, QString::SplitBehavior, Qt::CaseSensitivity) const’ is deprecated: Use Qt::SplitBehavior variant instead [-Wdeprecated-declarations]
  103 |         if(!gplist.isEmpty()){ gplist = gplist.first().replace("\t", " ").split(" ",QString::SkipEmptyParts); gplist.removeAll("groups"); }
      |                                         ~~~~~~~~~~~~~~~~~~~~~~~~~~~~~~~~~~~~~~~^~~~~~~~~~~~~~~~~~~~~~~~~~~~~
In file included from /usr/include/qt5/QtCore/qobject.h:47,
                 from /usr/include/qt5/QtCore/qiodevice.h:45,
                 from /usr/include/qt5/QtCore/qfiledevice.h:43,
                 from /usr/include/qt5/QtCore/qfile.h:44,
                 from /usr/include/qt5/QtCore/QFile:1,
                 from ../../../libLumina/LuminaXDG.h:18,
                 from ../../../libLumina/LFileInfo.h:13,
                 from ../../../libLumina/LFileInfo.cpp:7:
/usr/include/qt5/QtCore/qstring.h:609:17: note: declared here
  609 |     QStringList split(const QString &sep, SplitBehavior behavior,
      |                 ^~~~~
../../../libLumina/LFileInfo.cpp:107:84: warning: ‘QStringList QString::split(const QString&, QString::SplitBehavior, Qt::CaseSensitivity) const’ is deprecated: Use Qt::SplitBehavior variant instead [-Wdeprecated-declarations]
  107 |           zfs_perms << tmp.first().section(" ",2,2,QString::SectionSkipEmpty).split(",",QString::SkipEmptyParts);
      |                        ~~~~~~~~~~~~~~~~~~~~~~~~~~~~~~~~~~~~~~~~~~~~~~~~~~~~~~~~~~~~^~~~~~~~~~~~~~~~~~~~~~~~~~~~~
In file included from /usr/include/qt5/QtCore/qobject.h:47,
                 from /usr/include/qt5/QtCore/qiodevice.h:45,
                 from /usr/include/qt5/QtCore/qfiledevice.h:43,
                 from /usr/include/qt5/QtCore/qfile.h:44,
                 from /usr/include/qt5/QtCore/QFile:1,
                 from ../../../libLumina/LuminaXDG.h:18,
                 from ../../../libLumina/LFileInfo.h:13,
                 from ../../../libLumina/LFileInfo.cpp:7:
/usr/include/qt5/QtCore/qstring.h:609:17: note: declared here
  609 |     QStringList split(const QString &sep, SplitBehavior behavior,
      |                 ^~~~~
g++ -c -pipe -O2 -flto=auto -ffat-lto-objects -fexceptions -g -grecord-gcc-switches -pipe -Wall -Werror=format-security -Wp,-D_FORTIFY_SOURCE=2 -Wp,-D_GLIBCXX_ASSERTIONS -specs=/usr/lib/rpm/redhat/redhat-hardened-cc1 -fstack-protector-strong -specs=/usr/lib/rpm/redhat/redhat-annobin-cc1 -m64 -mtune=generic -fasynchronous-unwind-tables -fstack-clash-protection -fcf-protection -std=gnu++11 -Wall -Wextra -D_REENTRANT -fPIC -DPREFIX=QString\(\"/usr\"\) -DL_ETCDIR=QString\(\"/etc\"\) -DL_SHAREDIR=QString\(\"/usr/share\"\) -DGIT_VERSION="\"a88ea52f\"" -DLTHEMEENGINE_DATADIR=\"/usr/share\" -DUSE_WIDGETS -DQT_NO_DEBUG -DQT_SVG_LIB -DQT_WIDGETS_LIB -DQT_X11EXTRAS_LIB -DQT_MULTIMEDIA_LIB -DQT_GUI_LIB -DQT_NETWORK_LIB -DQT_CONCURRENT_LIB -DQT_CORE_LIB -I. -I../../../libLumina -I/usr/include/qt5 -I/usr -I/usr/include -I/home/q5sys/git/lumina/src-qt5/core/lumina-theme-engine/src/lthemeengine -I/usr/include/qt5/QtSvg -I/usr/include/qt5/QtWidgets -I/usr/include/qt5/QtX11Extras -I/usr/include/qt5/QtMultimedia -I/usr/include/qt5/QtGui -I/usr/include/qt5/QtNetwork -I/usr/include/qt5/QtConcurrent -I/usr/include/qt5/QtCore -I.build/moc -I.build/ui -I/usr/lib64/qt5/mkspecs/linux-g++ -o .build/obj/main.o main.cpp
/usr/lib64/qt5/bin/moc -DPREFIX=QString\(\"/usr\"\) -DL_ETCDIR=QString\(\"/etc\"\) -DL_SHAREDIR=QString\(\"/usr/share\"\) -DGIT_VERSION="\"a88ea52f\"" -DQT_NO_DEBUG -DQT_MULTIMEDIAWIDGETS_LIB -DQT_SVG_LIB -DQT_WIDGETS_LIB -DQT_X11EXTRAS_LIB -DQT_MULTIMEDIA_LIB -DQT_QUICK_LIB -DQT_GUI_LIB -DQT_QMLMODELS_LIB -DQT_QML_LIB -DQT_NETWORK_LIB -DQT_CONCURRENT_LIB -DQT_CORE_LIB --include /home/q5sys/git/lumina/src-qt5/core/lumina-desktop/.build/moc/moc_predefs.h -I/usr/lib64/qt5/mkspecs/linux-g++ -I/home/q5sys/git/lumina/src-qt5/core/lumina-desktop -I/home/q5sys/git/lumina/src-qt5/core/libLumina -I/usr/include/qt5 -I/usr -I/usr/include -I'/home/q5sys/git/lumina/src-qt5/core/lumina-desktop//home/q5sys/git/lumina/src-qt5/core/lumina-desktop' -I/home/q5sys/git/lumina/src-qt5/src-cpp -I/home/q5sys/git/lumina/src-qt5/core/lumina-desktop/src-screensaver -I/usr/include/qt5/QtMultimediaWidgets -I/usr/include/qt5/QtSvg -I/usr/include/qt5/QtWidgets -I/usr/include/qt5/QtX11Extras -I/usr/include/qt5/QtMultimedia -I/usr/include/qt5/QtQuick -I/usr/include/qt5/QtGui -I/usr/include/qt5/QtQmlModels -I/usr/include/qt5/QtQml -I/usr/include/qt5/QtNetwork -I/usr/include/qt5/QtConcurrent -I/usr/include/qt5/QtCore -I/usr/include/c++/11 -I/usr/include/c++/11/x86_64-redhat-linux -I/usr/include/c++/11/backward -I/usr/lib/gcc/x86_64-redhat-linux/11/include -I/usr/local/include -I/usr/include src-screensaver/LScreenSaver.h -o .build/moc/moc_LScreenSaver.cpp
/usr/lib64/qt5/bin/moc -DPREFIX=QString\(\"/usr\"\) -DL_ETCDIR=QString\(\"/etc\"\) -DL_SHAREDIR=QString\(\"/usr/share\"\) -DGIT_VERSION="\"a88ea52f\"" -DQT_NO_DEBUG -DQT_MULTIMEDIAWIDGETS_LIB -DQT_SVG_LIB -DQT_WIDGETS_LIB -DQT_X11EXTRAS_LIB -DQT_MULTIMEDIA_LIB -DQT_QUICK_LIB -DQT_GUI_LIB -DQT_QMLMODELS_LIB -DQT_QML_LIB -DQT_NETWORK_LIB -DQT_CONCURRENT_LIB -DQT_CORE_LIB --include /home/q5sys/git/lumina/src-qt5/core/lumina-desktop/.build/moc/moc_predefs.h -I/usr/lib64/qt5/mkspecs/linux-g++ -I/home/q5sys/git/lumina/src-qt5/core/lumina-desktop -I/home/q5sys/git/lumina/src-qt5/core/libLumina -I/usr/include/qt5 -I/usr -I/usr/include -I'/home/q5sys/git/lumina/src-qt5/core/lumina-desktop//home/q5sys/git/lumina/src-qt5/core/lumina-desktop' -I/home/q5sys/git/lumina/src-qt5/src-cpp -I/home/q5sys/git/lumina/src-qt5/core/lumina-desktop/src-screensaver -I/usr/include/qt5/QtMultimediaWidgets -I/usr/include/qt5/QtSvg -I/usr/include/qt5/QtWidgets -I/usr/include/qt5/QtX11Extras -I/usr/include/qt5/QtMultimedia -I/usr/include/qt5/QtQuick -I/usr/include/qt5/QtGui -I/usr/include/qt5/QtQmlModels -I/usr/include/qt5/QtQml -I/usr/include/qt5/QtNetwork -I/usr/include/qt5/QtConcurrent -I/usr/include/qt5/QtCore -I/usr/include/c++/11 -I/usr/include/c++/11/x86_64-redhat-linux -I/usr/include/c++/11/backward -I/usr/lib/gcc/x86_64-redhat-linux/11/include -I/usr/local/include -I/usr/include src-screensaver/SSBaseWidget.h -o .build/moc/moc_SSBaseWidget.cpp
/usr/lib64/qt5/bin/moc -DPREFIX=QString\(\"/usr\"\) -DL_ETCDIR=QString\(\"/etc\"\) -DL_SHAREDIR=QString\(\"/usr/share\"\) -DGIT_VERSION="\"a88ea52f\"" -DQT_NO_DEBUG -DQT_MULTIMEDIAWIDGETS_LIB -DQT_SVG_LIB -DQT_WIDGETS_LIB -DQT_X11EXTRAS_LIB -DQT_MULTIMEDIA_LIB -DQT_QUICK_LIB -DQT_GUI_LIB -DQT_QMLMODELS_LIB -DQT_QML_LIB -DQT_NETWORK_LIB -DQT_CONCURRENT_LIB -DQT_CORE_LIB --include /home/q5sys/git/lumina/src-qt5/core/lumina-desktop/.build/moc/moc_predefs.h -I/usr/lib64/qt5/mkspecs/linux-g++ -I/home/q5sys/git/lumina/src-qt5/core/lumina-desktop -I/home/q5sys/git/lumina/src-qt5/core/libLumina -I/usr/include/qt5 -I/usr -I/usr/include -I'/home/q5sys/git/lumina/src-qt5/core/lumina-desktop//home/q5sys/git/lumina/src-qt5/core/lumina-desktop' -I/home/q5sys/git/lumina/src-qt5/src-cpp -I/home/q5sys/git/lumina/src-qt5/core/lumina-desktop/src-screensaver -I/usr/include/qt5/QtMultimediaWidgets -I/usr/include/qt5/QtSvg -I/usr/include/qt5/QtWidgets -I/usr/include/qt5/QtX11Extras -I/usr/include/qt5/QtMultimedia -I/usr/include/qt5/QtQuick -I/usr/include/qt5/QtGui -I/usr/include/qt5/QtQmlModels -I/usr/include/qt5/QtQml -I/usr/include/qt5/QtNetwork -I/usr/include/qt5/QtConcurrent -I/usr/include/qt5/QtCore -I/usr/include/c++/11 -I/usr/include/c++/11/x86_64-redhat-linux -I/usr/include/c++/11/backward -I/usr/lib/gcc/x86_64-redhat-linux/11/include -I/usr/local/include -I/usr/include panel-plugins/RotateToolButton.h -o .build/moc/moc_RotateToolButton.cpp
/usr/lib64/qt5/bin/moc -DPREFIX=QString\(\"/usr\"\) -DL_ETCDIR=QString\(\"/etc\"\) -DL_SHAREDIR=QString\(\"/usr/share\"\) -DGIT_VERSION="\"a88ea52f\"" -DQT_NO_DEBUG -DQT_MULTIMEDIAWIDGETS_LIB -DQT_SVG_LIB -DQT_WIDGETS_LIB -DQT_X11EXTRAS_LIB -DQT_MULTIMEDIA_LIB -DQT_QUICK_LIB -DQT_GUI_LIB -DQT_QMLMODELS_LIB -DQT_QML_LIB -DQT_NETWORK_LIB -DQT_CONCURRENT_LIB -DQT_CORE_LIB --include /home/q5sys/git/lumina/src-qt5/core/lumina-desktop/.build/moc/moc_predefs.h -I/usr/lib64/qt5/mkspecs/linux-g++ -I/home/q5sys/git/lumina/src-qt5/core/lumina-desktop -I/home/q5sys/git/lumina/src-qt5/core/libLumina -I/usr/include/qt5 -I/usr -I/usr/include -I'/home/q5sys/git/lumina/src-qt5/core/lumina-desktop//home/q5sys/git/lumina/src-qt5/core/lumina-desktop' -I/home/q5sys/git/lumina/src-qt5/src-cpp -I/home/q5sys/git/lumina/src-qt5/core/lumina-desktop/src-screensaver -I/usr/include/qt5/QtMultimediaWidgets -I/usr/include/qt5/QtSvg -I/usr/include/qt5/QtWidgets -I/usr/include/qt5/QtX11Extras -I/usr/include/qt5/QtMultimedia -I/usr/include/qt5/QtQuick -I/usr/include/qt5/QtGui -I/usr/include/qt5/QtQmlModels -I/usr/include/qt5/QtQml -I/usr/include/qt5/QtNetwork -I/usr/include/qt5/QtConcurrent -I/usr/include/qt5/QtCore -I/usr/include/c++/11 -I/usr/include/c++/11/x86_64-redhat-linux -I/usr/include/c++/11/backward -I/usr/lib/gcc/x86_64-redhat-linux/11/include -I/usr/local/include -I/usr/include panel-plugins/userbutton/LUserButton.h -o .build/moc/moc_LUserButton.cpp
/usr/lib64/qt5/bin/moc -DPREFIX=QString\(\"/usr\"\) -DL_ETCDIR=QString\(\"/etc\"\) -DL_SHAREDIR=QString\(\"/usr/share\"\) -DGIT_VERSION="\"a88ea52f\"" -DQT_NO_DEBUG -DQT_MULTIMEDIAWIDGETS_LIB -DQT_SVG_LIB -DQT_WIDGETS_LIB -DQT_X11EXTRAS_LIB -DQT_MULTIMEDIA_LIB -DQT_QUICK_LIB -DQT_GUI_LIB -DQT_QMLMODELS_LIB -DQT_QML_LIB -DQT_NETWORK_LIB -DQT_CONCURRENT_LIB -DQT_CORE_LIB --include /home/q5sys/git/lumina/src-qt5/core/lumina-desktop/.build/moc/moc_predefs.h -I/usr/lib64/qt5/mkspecs/linux-g++ -I/home/q5sys/git/lumina/src-qt5/core/lumina-desktop -I/home/q5sys/git/lumina/src-qt5/core/libLumina -I/usr/include/qt5 -I/usr -I/usr/include -I'/home/q5sys/git/lumina/src-qt5/core/lumina-desktop//home/q5sys/git/lumina/src-qt5/core/lumina-desktop' -I/home/q5sys/git/lumina/src-qt5/src-cpp -I/home/q5sys/git/lumina/src-qt5/core/lumina-desktop/src-screensaver -I/usr/include/qt5/QtMultimediaWidgets -I/usr/include/qt5/QtSvg -I/usr/include/qt5/QtWidgets -I/usr/include/qt5/QtX11Extras -I/usr/include/qt5/QtMultimedia -I/usr/include/qt5/QtQuick -I/usr/include/qt5/QtGui -I/usr/include/qt5/QtQmlModels -I/usr/include/qt5/QtQml -I/usr/include/qt5/QtNetwork -I/usr/include/qt5/QtConcurrent -I/usr/include/qt5/QtCore -I/usr/include/c++/11 -I/usr/include/c++/11/x86_64-redhat-linux -I/usr/include/c++/11/backward -I/usr/lib/gcc/x86_64-redhat-linux/11/include -I/usr/local/include -I/usr/include panel-plugins/userbutton/UserWidget.h -o .build/moc/moc_UserWidget.cpp
g++ -c -pipe -O2 -flto=auto -ffat-lto-objects -fexceptions -g -grecord-gcc-switches -pipe -Wall -Werror=format-security -Wp,-D_FORTIFY_SOURCE=2 -Wp,-D_GLIBCXX_ASSERTIONS -specs=/usr/lib/rpm/redhat/redhat-hardened-cc1 -fstack-protector-strong -specs=/usr/lib/rpm/redhat/redhat-annobin-cc1 -m64 -mtune=generic -fasynchronous-unwind-tables -fstack-clash-protection -fcf-protection -std=gnu++11 -Wall -Wextra -D_REENTRANT -fPIC -DPREFIX=QString\(\"/usr\"\) -DL_ETCDIR=QString\(\"/etc\"\) -DL_SHAREDIR=QString\(\"/usr/share\"\) -DGIT_VERSION="\"a88ea52f\"" -DLTHEMEENGINE_DATADIR=\"/usr/share\" -DUSE_WIDGETS -DQT_NO_DEBUG -DQT_SVG_LIB -DQT_WIDGETS_LIB -DQT_X11EXTRAS_LIB -DQT_MULTIMEDIA_LIB -DQT_GUI_LIB -DQT_NETWORK_LIB -DQT_CONCURRENT_LIB -DQT_CORE_LIB -I. -I../../../libLumina -I/usr/include/qt5 -I/usr -I/usr/include -I/home/q5sys/git/lumina/src-qt5/core/lumina-theme-engine/src/lthemeengine -I/usr/include/qt5/QtSvg -I/usr/include/qt5/QtWidgets -I/usr/include/qt5/QtX11Extras -I/usr/include/qt5/QtMultimedia -I/usr/include/qt5/QtGui -I/usr/include/qt5/QtNetwork -I/usr/include/qt5/QtConcurrent -I/usr/include/qt5/QtCore -I.build/moc -I.build/ui -I/usr/lib64/qt5/mkspecs/linux-g++ -o .build/obj/mainwindow.o mainwindow.cpp
/usr/lib64/qt5/bin/moc -DPREFIX=QString\(\"/usr\"\) -DL_ETCDIR=QString\(\"/etc\"\) -DL_SHAREDIR=QString\(\"/usr/share\"\) -DGIT_VERSION="\"a88ea52f\"" -DQT_NO_DEBUG -DQT_MULTIMEDIAWIDGETS_LIB -DQT_SVG_LIB -DQT_WIDGETS_LIB -DQT_X11EXTRAS_LIB -DQT_MULTIMEDIA_LIB -DQT_QUICK_LIB -DQT_GUI_LIB -DQT_QMLMODELS_LIB -DQT_QML_LIB -DQT_NETWORK_LIB -DQT_CONCURRENT_LIB -DQT_CORE_LIB --include /home/q5sys/git/lumina/src-qt5/core/lumina-desktop/.build/moc/moc_predefs.h -I/usr/lib64/qt5/mkspecs/linux-g++ -I/home/q5sys/git/lumina/src-qt5/core/lumina-desktop -I/home/q5sys/git/lumina/src-qt5/core/libLumina -I/usr/include/qt5 -I/usr -I/usr/include -I'/home/q5sys/git/lumina/src-qt5/core/lumina-desktop//home/q5sys/git/lumina/src-qt5/core/lumina-desktop' -I/home/q5sys/git/lumina/src-qt5/src-cpp -I/home/q5sys/git/lumina/src-qt5/core/lumina-desktop/src-screensaver -I/usr/include/qt5/QtMultimediaWidgets -I/usr/include/qt5/QtSvg -I/usr/include/qt5/QtWidgets -I/usr/include/qt5/QtX11Extras -I/usr/include/qt5/QtMultimedia -I/usr/include/qt5/QtQuick -I/usr/include/qt5/QtGui -I/usr/include/qt5/QtQmlModels -I/usr/include/qt5/QtQml -I/usr/include/qt5/QtNetwork -I/usr/include/qt5/QtConcurrent -I/usr/include/qt5/QtCore -I/usr/include/c++/11 -I/usr/include/c++/11/x86_64-redhat-linux -I/usr/include/c++/11/backward -I/usr/lib/gcc/x86_64-redhat-linux/11/include -I/usr/local/include -I/usr/include panel-plugins/userbutton/UserItemWidget.h -o .build/moc/moc_UserItemWidget.cpp
/usr/lib64/qt5/bin/moc -DPREFIX=QString\(\"/usr\"\) -DL_ETCDIR=QString\(\"/etc\"\) -DL_SHAREDIR=QString\(\"/usr/share\"\) -DGIT_VERSION="\"a88ea52f\"" -DQT_NO_DEBUG -DQT_MULTIMEDIAWIDGETS_LIB -DQT_SVG_LIB -DQT_WIDGETS_LIB -DQT_X11EXTRAS_LIB -DQT_MULTIMEDIA_LIB -DQT_QUICK_LIB -DQT_GUI_LIB -DQT_QMLMODELS_LIB -DQT_QML_LIB -DQT_NETWORK_LIB -DQT_CONCURRENT_LIB -DQT_CORE_LIB --include /home/q5sys/git/lumina/src-qt5/core/lumina-desktop/.build/moc/moc_predefs.h -I/usr/lib64/qt5/mkspecs/linux-g++ -I/home/q5sys/git/lumina/src-qt5/core/lumina-desktop -I/home/q5sys/git/lumina/src-qt5/core/libLumina -I/usr/include/qt5 -I/usr -I/usr/include -I'/home/q5sys/git/lumina/src-qt5/core/lumina-desktop//home/q5sys/git/lumina/src-qt5/core/lumina-desktop' -I/home/q5sys/git/lumina/src-qt5/src-cpp -I/home/q5sys/git/lumina/src-qt5/core/lumina-desktop/src-screensaver -I/usr/include/qt5/QtMultimediaWidgets -I/usr/include/qt5/QtSvg -I/usr/include/qt5/QtWidgets -I/usr/include/qt5/QtX11Extras -I/usr/include/qt5/QtMultimedia -I/usr/include/qt5/QtQuick -I/usr/include/qt5/QtGui -I/usr/include/qt5/QtQmlModels -I/usr/include/qt5/QtQml -I/usr/include/qt5/QtNetwork -I/usr/include/qt5/QtConcurrent -I/usr/include/qt5/QtCore -I/usr/include/c++/11 -I/usr/include/c++/11/x86_64-redhat-linux -I/usr/include/c++/11/backward -I/usr/lib/gcc/x86_64-redhat-linux/11/include -I/usr/local/include -I/usr/include panel-plugins/desktopbar/LDeskBar.h -o .build/moc/moc_LDeskBar.cpp
g++ -c -pipe -O2 -flto=auto -ffat-lto-objects -fexceptions -g -grecord-gcc-switches -pipe -Wall -Werror=format-security -Wp,-D_FORTIFY_SOURCE=2 -Wp,-D_GLIBCXX_ASSERTIONS -specs=/usr/lib/rpm/redhat/redhat-hardened-cc1 -fstack-protector-strong -specs=/usr/lib/rpm/redhat/redhat-annobin-cc1 -m64 -mtune=generic -fasynchronous-unwind-tables -fstack-clash-protection -fcf-protection -std=gnu++11 -Wall -Wextra -D_REENTRANT -fPIC -DPREFIX=QString\(\"/usr\"\) -DL_ETCDIR=QString\(\"/etc\"\) -DL_SHAREDIR=QString\(\"/usr/share\"\) -DGIT_VERSION="\"a88ea52f\"" -DLTHEMEENGINE_DATADIR=\"/usr/share\" -DUSE_WIDGETS -DQT_NO_DEBUG -DQT_SVG_LIB -DQT_WIDGETS_LIB -DQT_X11EXTRAS_LIB -DQT_MULTIMEDIA_LIB -DQT_GUI_LIB -DQT_NETWORK_LIB -DQT_CONCURRENT_LIB -DQT_CORE_LIB -I. -I../../../libLumina -I/usr/include/qt5 -I/usr -I/usr/include -I/home/q5sys/git/lumina/src-qt5/core/lumina-theme-engine/src/lthemeengine -I/usr/include/qt5/QtSvg -I/usr/include/qt5/QtWidgets -I/usr/include/qt5/QtX11Extras -I/usr/include/qt5/QtMultimedia -I/usr/include/qt5/QtGui -I/usr/include/qt5/QtNetwork -I/usr/include/qt5/QtConcurrent -I/usr/include/qt5/QtCore -I.build/moc -I.build/ui -I/usr/lib64/qt5/mkspecs/linux-g++ -o .build/obj/tabpage.o tabpage.cpp
/usr/lib64/qt5/bin/moc -DPREFIX=QString\(\"/usr\"\) -DL_ETCDIR=QString\(\"/etc\"\) -DL_SHAREDIR=QString\(\"/usr/share\"\) -DGIT_VERSION="\"a88ea52f\"" -DQT_NO_DEBUG -DQT_MULTIMEDIAWIDGETS_LIB -DQT_SVG_LIB -DQT_WIDGETS_LIB -DQT_X11EXTRAS_LIB -DQT_MULTIMEDIA_LIB -DQT_QUICK_LIB -DQT_GUI_LIB -DQT_QMLMODELS_LIB -DQT_QML_LIB -DQT_NETWORK_LIB -DQT_CONCURRENT_LIB -DQT_CORE_LIB --include /home/q5sys/git/lumina/src-qt5/core/lumina-desktop/.build/moc/moc_predefs.h -I/usr/lib64/qt5/mkspecs/linux-g++ -I/home/q5sys/git/lumina/src-qt5/core/lumina-desktop -I/home/q5sys/git/lumina/src-qt5/core/libLumina -I/usr/include/qt5 -I/usr -I/usr/include -I'/home/q5sys/git/lumina/src-qt5/core/lumina-desktop//home/q5sys/git/lumina/src-qt5/core/lumina-desktop' -I/home/q5sys/git/lumina/src-qt5/src-cpp -I/home/q5sys/git/lumina/src-qt5/core/lumina-desktop/src-screensaver -I/usr/include/qt5/QtMultimediaWidgets -I/usr/include/qt5/QtSvg -I/usr/include/qt5/QtWidgets -I/usr/include/qt5/QtX11Extras -I/usr/include/qt5/QtMultimedia -I/usr/include/qt5/QtQuick -I/usr/include/qt5/QtGui -I/usr/include/qt5/QtQmlModels -I/usr/include/qt5/QtQml -I/usr/include/qt5/QtNetwork -I/usr/include/qt5/QtConcurrent -I/usr/include/qt5/QtCore -I/usr/include/c++/11 -I/usr/include/c++/11/x86_64-redhat-linux -I/usr/include/c++/11/backward -I/usr/lib/gcc/x86_64-redhat-linux/11/include -I/usr/local/include -I/usr/include panel-plugins/systemtray/LSysTray.h -o .build/moc/moc_LSysTray.cpp
/usr/lib64/qt5/bin/moc -DPREFIX=QString\(\"/usr\"\) -DL_ETCDIR=QString\(\"/etc\"\) -DL_SHAREDIR=QString\(\"/usr/share\"\) -DGIT_VERSION="\"a88ea52f\"" -DQT_NO_DEBUG -DQT_MULTIMEDIAWIDGETS_LIB -DQT_SVG_LIB -DQT_WIDGETS_LIB -DQT_X11EXTRAS_LIB -DQT_MULTIMEDIA_LIB -DQT_QUICK_LIB -DQT_GUI_LIB -DQT_QMLMODELS_LIB -DQT_QML_LIB -DQT_NETWORK_LIB -DQT_CONCURRENT_LIB -DQT_CORE_LIB --include /home/q5sys/git/lumina/src-qt5/core/lumina-desktop/.build/moc/moc_predefs.h -I/usr/lib64/qt5/mkspecs/linux-g++ -I/home/q5sys/git/lumina/src-qt5/core/lumina-desktop -I/home/q5sys/git/lumina/src-qt5/core/libLumina -I/usr/include/qt5 -I/usr -I/usr/include -I'/home/q5sys/git/lumina/src-qt5/core/lumina-desktop//home/q5sys/git/lumina/src-qt5/core/lumina-desktop' -I/home/q5sys/git/lumina/src-qt5/src-cpp -I/home/q5sys/git/lumina/src-qt5/core/lumina-desktop/src-screensaver -I/usr/include/qt5/QtMultimediaWidgets -I/usr/include/qt5/QtSvg -I/usr/include/qt5/QtWidgets -I/usr/include/qt5/QtX11Extras -I/usr/include/qt5/QtMultimedia -I/usr/include/qt5/QtQuick -I/usr/include/qt5/QtGui -I/usr/include/qt5/QtQmlModels -I/usr/include/qt5/QtQml -I/usr/include/qt5/QtNetwork -I/usr/include/qt5/QtConcurrent -I/usr/include/qt5/QtCore -I/usr/include/c++/11 -I/usr/include/c++/11/x86_64-redhat-linux -I/usr/include/c++/11/backward -I/usr/lib/gcc/x86_64-redhat-linux/11/include -I/usr/local/include -I/usr/include panel-plugins/systemtray/TrayIcon.h -o .build/moc/moc_TrayIcon.cpp
/usr/lib64/qt5/bin/moc -DPREFIX=QString\(\"/usr\"\) -DL_ETCDIR=QString\(\"/etc\"\) -DL_SHAREDIR=QString\(\"/usr/share\"\) -DGIT_VERSION="\"a88ea52f\"" -DQT_NO_DEBUG -DQT_MULTIMEDIAWIDGETS_LIB -DQT_SVG_LIB -DQT_WIDGETS_LIB -DQT_X11EXTRAS_LIB -DQT_MULTIMEDIA_LIB -DQT_QUICK_LIB -DQT_GUI_LIB -DQT_QMLMODELS_LIB -DQT_QML_LIB -DQT_NETWORK_LIB -DQT_CONCURRENT_LIB -DQT_CORE_LIB --include /home/q5sys/git/lumina/src-qt5/core/lumina-desktop/.build/moc/moc_predefs.h -I/usr/lib64/qt5/mkspecs/linux-g++ -I/home/q5sys/git/lumina/src-qt5/core/lumina-desktop -I/home/q5sys/git/lumina/src-qt5/core/libLumina -I/usr/include/qt5 -I/usr -I/usr/include -I'/home/q5sys/git/lumina/src-qt5/core/lumina-desktop//home/q5sys/git/lumina/src-qt5/core/lumina-desktop' -I/home/q5sys/git/lumina/src-qt5/src-cpp -I/home/q5sys/git/lumina/src-qt5/core/lumina-desktop/src-screensaver -I/usr/include/qt5/QtMultimediaWidgets -I/usr/include/qt5/QtSvg -I/usr/include/qt5/QtWidgets -I/usr/include/qt5/QtX11Extras -I/usr/include/qt5/QtMultimedia -I/usr/include/qt5/QtQuick -I/usr/include/qt5/QtGui -I/usr/include/qt5/QtQmlModels -I/usr/include/qt5/QtQml -I/usr/include/qt5/QtNetwork -I/usr/include/qt5/QtConcurrent -I/usr/include/qt5/QtCore -I/usr/include/c++/11 -I/usr/include/c++/11/x86_64-redhat-linux -I/usr/include/c++/11/backward -I/usr/lib/gcc/x86_64-redhat-linux/11/include -I/usr/local/include -I/usr/include panel-plugins/spacer/LSpacer.h -o .build/moc/moc_LSpacer.cpp
/usr/lib64/qt5/bin/moc -DPREFIX=QString\(\"/usr\"\) -DL_ETCDIR=QString\(\"/etc\"\) -DL_SHAREDIR=QString\(\"/usr/share\"\) -DGIT_VERSION="\"a88ea52f\"" -DQT_NO_DEBUG -DQT_MULTIMEDIAWIDGETS_LIB -DQT_SVG_LIB -DQT_WIDGETS_LIB -DQT_X11EXTRAS_LIB -DQT_MULTIMEDIA_LIB -DQT_QUICK_LIB -DQT_GUI_LIB -DQT_QMLMODELS_LIB -DQT_QML_LIB -DQT_NETWORK_LIB -DQT_CONCURRENT_LIB -DQT_CORE_LIB --include /home/q5sys/git/lumina/src-qt5/core/lumina-desktop/.build/moc/moc_predefs.h -I/usr/lib64/qt5/mkspecs/linux-g++ -I/home/q5sys/git/lumina/src-qt5/core/lumina-desktop -I/home/q5sys/git/lumina/src-qt5/core/libLumina -I/usr/include/qt5 -I/usr -I/usr/include -I'/home/q5sys/git/lumina/src-qt5/core/lumina-desktop//home/q5sys/git/lumina/src-qt5/core/lumina-desktop' -I/home/q5sys/git/lumina/src-qt5/src-cpp -I/home/q5sys/git/lumina/src-qt5/core/lumina-desktop/src-screensaver -I/usr/include/qt5/QtMultimediaWidgets -I/usr/include/qt5/QtSvg -I/usr/include/qt5/QtWidgets -I/usr/include/qt5/QtX11Extras -I/usr/include/qt5/QtMultimedia -I/usr/include/qt5/QtQuick -I/usr/include/qt5/QtGui -I/usr/include/qt5/QtQmlModels -I/usr/include/qt5/QtQml -I/usr/include/qt5/QtNetwork -I/usr/include/qt5/QtConcurrent -I/usr/include/qt5/QtCore -I/usr/include/c++/11 -I/usr/include/c++/11/x86_64-redhat-linux -I/usr/include/c++/11/backward -I/usr/lib/gcc/x86_64-redhat-linux/11/include -I/usr/local/include -I/usr/include panel-plugins/line/LLine.h -o .build/moc/moc_LLine.cpp
/usr/lib64/qt5/bin/moc -DPREFIX=QString\(\"/usr\"\) -DL_ETCDIR=QString\(\"/etc\"\) -DL_SHAREDIR=QString\(\"/usr/share\"\) -DGIT_VERSION="\"a88ea52f\"" -DQT_NO_DEBUG -DQT_MULTIMEDIAWIDGETS_LIB -DQT_SVG_LIB -DQT_WIDGETS_LIB -DQT_X11EXTRAS_LIB -DQT_MULTIMEDIA_LIB -DQT_QUICK_LIB -DQT_GUI_LIB -DQT_QMLMODELS_LIB -DQT_QML_LIB -DQT_NETWORK_LIB -DQT_CONCURRENT_LIB -DQT_CORE_LIB --include /home/q5sys/git/lumina/src-qt5/core/lumina-desktop/.build/moc/moc_predefs.h -I/usr/lib64/qt5/mkspecs/linux-g++ -I/home/q5sys/git/lumina/src-qt5/core/lumina-desktop -I/home/q5sys/git/lumina/src-qt5/core/libLumina -I/usr/include/qt5 -I/usr -I/usr/include -I'/home/q5sys/git/lumina/src-qt5/core/lumina-desktop//home/q5sys/git/lumina/src-qt5/core/lumina-desktop' -I/home/q5sys/git/lumina/src-qt5/src-cpp -I/home/q5sys/git/lumina/src-qt5/core/lumina-desktop/src-screensaver -I/usr/include/qt5/QtMultimediaWidgets -I/usr/include/qt5/QtSvg -I/usr/include/qt5/QtWidgets -I/usr/include/qt5/QtX11Extras -I/usr/include/qt5/QtMultimedia -I/usr/include/qt5/QtQuick -I/usr/include/qt5/QtGui -I/usr/include/qt5/QtQmlModels -I/usr/include/qt5/QtQml -I/usr/include/qt5/QtNetwork -I/usr/include/qt5/QtConcurrent -I/usr/include/qt5/QtCore -I/usr/include/c++/11 -I/usr/include/c++/11/x86_64-redhat-linux -I/usr/include/c++/11/backward -I/usr/lib/gcc/x86_64-redhat-linux/11/include -I/usr/local/include -I/usr/include panel-plugins/clock/LClock.h -o .build/moc/moc_LClock.cpp
/usr/lib64/qt5/bin/moc -DPREFIX=QString\(\"/usr\"\) -DL_ETCDIR=QString\(\"/etc\"\) -DL_SHAREDIR=QString\(\"/usr/share\"\) -DGIT_VERSION="\"a88ea52f\"" -DQT_NO_DEBUG -DQT_MULTIMEDIAWIDGETS_LIB -DQT_SVG_LIB -DQT_WIDGETS_LIB -DQT_X11EXTRAS_LIB -DQT_MULTIMEDIA_LIB -DQT_QUICK_LIB -DQT_GUI_LIB -DQT_QMLMODELS_LIB -DQT_QML_LIB -DQT_NETWORK_LIB -DQT_CONCURRENT_LIB -DQT_CORE_LIB --include /home/q5sys/git/lumina/src-qt5/core/lumina-desktop/.build/moc/moc_predefs.h -I/usr/lib64/qt5/mkspecs/linux-g++ -I/home/q5sys/git/lumina/src-qt5/core/lumina-desktop -I/home/q5sys/git/lumina/src-qt5/core/libLumina -I/usr/include/qt5 -I/usr -I/usr/include -I'/home/q5sys/git/lumina/src-qt5/core/lumina-desktop//home/q5sys/git/lumina/src-qt5/core/lumina-desktop' -I/home/q5sys/git/lumina/src-qt5/src-cpp -I/home/q5sys/git/lumina/src-qt5/core/lumina-desktop/src-screensaver -I/usr/include/qt5/QtMultimediaWidgets -I/usr/include/qt5/QtSvg -I/usr/include/qt5/QtWidgets -I/usr/include/qt5/QtX11Extras -I/usr/include/qt5/QtMultimedia -I/usr/include/qt5/QtQuick -I/usr/include/qt5/QtGui -I/usr/include/qt5/QtQmlModels -I/usr/include/qt5/QtQml -I/usr/include/qt5/QtNetwork -I/usr/include/qt5/QtConcurrent -I/usr/include/qt5/QtCore -I/usr/include/c++/11 -I/usr/include/c++/11/x86_64-redhat-linux -I/usr/include/c++/11/backward -I/usr/lib/gcc/x86_64-redhat-linux/11/include -I/usr/local/include -I/usr/include panel-plugins/battery/LBattery.h -o .build/moc/moc_LBattery.cpp
/usr/lib64/qt5/bin/moc -DPREFIX=QString\(\"/usr\"\) -DL_ETCDIR=QString\(\"/etc\"\) -DL_SHAREDIR=QString\(\"/usr/share\"\) -DGIT_VERSION="\"a88ea52f\"" -DQT_NO_DEBUG -DQT_MULTIMEDIAWIDGETS_LIB -DQT_SVG_LIB -DQT_WIDGETS_LIB -DQT_X11EXTRAS_LIB -DQT_MULTIMEDIA_LIB -DQT_QUICK_LIB -DQT_GUI_LIB -DQT_QMLMODELS_LIB -DQT_QML_LIB -DQT_NETWORK_LIB -DQT_CONCURRENT_LIB -DQT_CORE_LIB --include /home/q5sys/git/lumina/src-qt5/core/lumina-desktop/.build/moc/moc_predefs.h -I/usr/lib64/qt5/mkspecs/linux-g++ -I/home/q5sys/git/lumina/src-qt5/core/lumina-desktop -I/home/q5sys/git/lumina/src-qt5/core/libLumina -I/usr/include/qt5 -I/usr -I/usr/include -I'/home/q5sys/git/lumina/src-qt5/core/lumina-desktop//home/q5sys/git/lumina/src-qt5/core/lumina-desktop' -I/home/q5sys/git/lumina/src-qt5/src-cpp -I/home/q5sys/git/lumina/src-qt5/core/lumina-desktop/src-screensaver -I/usr/include/qt5/QtMultimediaWidgets -I/usr/include/qt5/QtSvg -I/usr/include/qt5/QtWidgets -I/usr/include/qt5/QtX11Extras -I/usr/include/qt5/QtMultimedia -I/usr/include/qt5/QtQuick -I/usr/include/qt5/QtGui -I/usr/include/qt5/QtQmlModels -I/usr/include/qt5/QtQml -I/usr/include/qt5/QtNetwork -I/usr/include/qt5/QtConcurrent -I/usr/include/qt5/QtCore -I/usr/include/c++/11 -I/usr/include/c++/11/x86_64-redhat-linux -I/usr/include/c++/11/backward -I/usr/lib/gcc/x86_64-redhat-linux/11/include -I/usr/local/include -I/usr/include panel-plugins/desktopswitcher/LDesktopSwitcher.h -o .build/moc/moc_LDesktopSwitcher.cpp
g++ -c -pipe -O2 -flto=auto -ffat-lto-objects -fexceptions -g -grecord-gcc-switches -pipe -Wall -Werror=format-security -Wp,-D_FORTIFY_SOURCE=2 -Wp,-D_GLIBCXX_ASSERTIONS -specs=/usr/lib/rpm/redhat/redhat-hardened-cc1 -fstack-protector-strong -specs=/usr/lib/rpm/redhat/redhat-annobin-cc1 -m64 -mtune=generic -fasynchronous-unwind-tables -fstack-clash-protection -fcf-protection -std=gnu++11 -Wall -Wextra -D_REENTRANT -fPIC -DPREFIX=QString\(\"/usr\"\) -DL_ETCDIR=QString\(\"/etc\"\) -DL_SHAREDIR=QString\(\"/usr/share\"\) -DGIT_VERSION="\"a88ea52f\"" -DLTHEMEENGINE_DATADIR=\"/usr/share\" -DUSE_WIDGETS -DQT_NO_DEBUG -DQT_SVG_LIB -DQT_WIDGETS_LIB -DQT_X11EXTRAS_LIB -DQT_MULTIMEDIA_LIB -DQT_GUI_LIB -DQT_NETWORK_LIB -DQT_CONCURRENT_LIB -DQT_CORE_LIB -I. -I../../../libLumina -I/usr/include/qt5 -I/usr -I/usr/include -I/home/q5sys/git/lumina/src-qt5/core/lumina-theme-engine/src/lthemeengine -I/usr/include/qt5/QtSvg -I/usr/include/qt5/QtWidgets -I/usr/include/qt5/QtX11Extras -I/usr/include/qt5/QtMultimedia -I/usr/include/qt5/QtGui -I/usr/include/qt5/QtNetwork -I/usr/include/qt5/QtConcurrent -I/usr/include/qt5/QtCore -I.build/moc -I.build/ui -I/usr/lib64/qt5/mkspecs/linux-g++ -o .build/obj/appearancepage.o appearancepage.cpp
/usr/lib64/qt5/bin/moc -DPREFIX=QString\(\"/usr\"\) -DL_ETCDIR=QString\(\"/etc\"\) -DL_SHAREDIR=QString\(\"/usr/share\"\) -DGIT_VERSION="\"a88ea52f\"" -DQT_NO_DEBUG -DQT_MULTIMEDIAWIDGETS_LIB -DQT_SVG_LIB -DQT_WIDGETS_LIB -DQT_X11EXTRAS_LIB -DQT_MULTIMEDIA_LIB -DQT_QUICK_LIB -DQT_GUI_LIB -DQT_QMLMODELS_LIB -DQT_QML_LIB -DQT_NETWORK_LIB -DQT_CONCURRENT_LIB -DQT_CORE_LIB --include /home/q5sys/git/lumina/src-qt5/core/lumina-desktop/.build/moc/moc_predefs.h -I/usr/lib64/qt5/mkspecs/linux-g++ -I/home/q5sys/git/lumina/src-qt5/core/lumina-desktop -I/home/q5sys/git/lumina/src-qt5/core/libLumina -I/usr/include/qt5 -I/usr -I/usr/include -I'/home/q5sys/git/lumina/src-qt5/core/lumina-desktop//home/q5sys/git/lumina/src-qt5/core/lumina-desktop' -I/home/q5sys/git/lumina/src-qt5/src-cpp -I/home/q5sys/git/lumina/src-qt5/core/lumina-desktop/src-screensaver -I/usr/include/qt5/QtMultimediaWidgets -I/usr/include/qt5/QtSvg -I/usr/include/qt5/QtWidgets -I/usr/include/qt5/QtX11Extras -I/usr/include/qt5/QtMultimedia -I/usr/include/qt5/QtQuick -I/usr/include/qt5/QtGui -I/usr/include/qt5/QtQmlModels -I/usr/include/qt5/QtQml -I/usr/include/qt5/QtNetwork -I/usr/include/qt5/QtConcurrent -I/usr/include/qt5/QtCore -I/usr/include/c++/11 -I/usr/include/c++/11/x86_64-redhat-linux -I/usr/include/c++/11/backward -I/usr/lib/gcc/x86_64-redhat-linux/11/include -I/usr/local/include -I/usr/include panel-plugins/taskmanager/LTaskManagerPlugin.h -o .build/moc/moc_LTaskManagerPlugin.cpp
g++ -c -pipe -O2 -flto=auto -ffat-lto-objects -fexceptions -g -grecord-gcc-switches -pipe -Wall -Werror=format-security -Wp,-D_FORTIFY_SOURCE=2 -Wp,-D_GLIBCXX_ASSERTIONS -specs=/usr/lib/rpm/redhat/redhat-hardened-cc1 -fstack-protector-strong -specs=/usr/lib/rpm/redhat/redhat-annobin-cc1 -m64 -mtune=generic -fasynchronous-unwind-tables -fstack-clash-protection -fcf-protection -std=gnu++11 -Wall -Wextra -D_REENTRANT -fPIC -DPREFIX=QString\(\"/usr\"\) -DL_ETCDIR=QString\(\"/etc\"\) -DL_SHAREDIR=QString\(\"/usr/share\"\) -DGIT_VERSION="\"a88ea52f\"" -DLTHEMEENGINE_DATADIR=\"/usr/share\" -DUSE_WIDGETS -DQT_NO_DEBUG -DQT_SVG_LIB -DQT_WIDGETS_LIB -DQT_X11EXTRAS_LIB -DQT_MULTIMEDIA_LIB -DQT_GUI_LIB -DQT_NETWORK_LIB -DQT_CONCURRENT_LIB -DQT_CORE_LIB -I. -I../../../libLumina -I/usr/include/qt5 -I/usr -I/usr/include -I/home/q5sys/git/lumina/src-qt5/core/lumina-theme-engine/src/lthemeengine -I/usr/include/qt5/QtSvg -I/usr/include/qt5/QtWidgets -I/usr/include/qt5/QtX11Extras -I/usr/include/qt5/QtMultimedia -I/usr/include/qt5/QtGui -I/usr/include/qt5/QtNetwork -I/usr/include/qt5/QtConcurrent -I/usr/include/qt5/QtCore -I.build/moc -I.build/ui -I/usr/lib64/qt5/mkspecs/linux-g++ -o .build/obj/fontspage.o fontspage.cpp
/usr/lib64/qt5/bin/moc -DPREFIX=QString\(\"/usr\"\) -DL_ETCDIR=QString\(\"/etc\"\) -DL_SHAREDIR=QString\(\"/usr/share\"\) -DGIT_VERSION="\"a88ea52f\"" -DQT_NO_DEBUG -DQT_MULTIMEDIAWIDGETS_LIB -DQT_SVG_LIB -DQT_WIDGETS_LIB -DQT_X11EXTRAS_LIB -DQT_MULTIMEDIA_LIB -DQT_QUICK_LIB -DQT_GUI_LIB -DQT_QMLMODELS_LIB -DQT_QML_LIB -DQT_NETWORK_LIB -DQT_CONCURRENT_LIB -DQT_CORE_LIB --include /home/q5sys/git/lumina/src-qt5/core/lumina-desktop/.build/moc/moc_predefs.h -I/usr/lib64/qt5/mkspecs/linux-g++ -I/home/q5sys/git/lumina/src-qt5/core/lumina-desktop -I/home/q5sys/git/lumina/src-qt5/core/libLumina -I/usr/include/qt5 -I/usr -I/usr/include -I'/home/q5sys/git/lumina/src-qt5/core/lumina-desktop//home/q5sys/git/lumina/src-qt5/core/lumina-desktop' -I/home/q5sys/git/lumina/src-qt5/src-cpp -I/home/q5sys/git/lumina/src-qt5/core/lumina-desktop/src-screensaver -I/usr/include/qt5/QtMultimediaWidgets -I/usr/include/qt5/QtSvg -I/usr/include/qt5/QtWidgets -I/usr/include/qt5/QtX11Extras -I/usr/include/qt5/QtMultimedia -I/usr/include/qt5/QtQuick -I/usr/include/qt5/QtGui -I/usr/include/qt5/QtQmlModels -I/usr/include/qt5/QtQml -I/usr/include/qt5/QtNetwork -I/usr/include/qt5/QtConcurrent -I/usr/include/qt5/QtCore -I/usr/include/c++/11 -I/usr/include/c++/11/x86_64-redhat-linux -I/usr/include/c++/11/backward -I/usr/lib/gcc/x86_64-redhat-linux/11/include -I/usr/local/include -I/usr/include panel-plugins/taskmanager/LTaskButton.h -o .build/moc/moc_LTaskButton.cpp
g++ -c -pipe -O2 -flto=auto -ffat-lto-objects -fexceptions -g -grecord-gcc-switches -pipe -Wall -Werror=format-security -Wp,-D_FORTIFY_SOURCE=2 -Wp,-D_GLIBCXX_ASSERTIONS -specs=/usr/lib/rpm/redhat/redhat-hardened-cc1 -fstack-protector-strong -specs=/usr/lib/rpm/redhat/redhat-annobin-cc1 -m64 -mtune=generic -fasynchronous-unwind-tables -fstack-clash-protection -fcf-protection -std=gnu++11 -Wall -Wextra -D_REENTRANT -fPIC -DPREFIX=QString\(\"/usr\"\) -DL_ETCDIR=QString\(\"/etc\"\) -DL_SHAREDIR=QString\(\"/usr/share\"\) -DGIT_VERSION="\"a88ea52f\"" -DLTHEMEENGINE_DATADIR=\"/usr/share\" -DUSE_WIDGETS -DQT_NO_DEBUG -DQT_SVG_LIB -DQT_WIDGETS_LIB -DQT_X11EXTRAS_LIB -DQT_MULTIMEDIA_LIB -DQT_GUI_LIB -DQT_NETWORK_LIB -DQT_CONCURRENT_LIB -DQT_CORE_LIB -I. -I../../../libLumina -I/usr/include/qt5 -I/usr -I/usr/include -I/home/q5sys/git/lumina/src-qt5/core/lumina-theme-engine/src/lthemeengine -I/usr/include/qt5/QtSvg -I/usr/include/qt5/QtWidgets -I/usr/include/qt5/QtX11Extras -I/usr/include/qt5/QtMultimedia -I/usr/include/qt5/QtGui -I/usr/include/qt5/QtNetwork -I/usr/include/qt5/QtConcurrent -I/usr/include/qt5/QtCore -I.build/moc -I.build/ui -I/usr/lib64/qt5/mkspecs/linux-g++ -o .build/obj/lthemeengine.o lthemeengine.cpp
/usr/lib64/qt5/bin/moc -DPREFIX=QString\(\"/usr\"\) -DL_ETCDIR=QString\(\"/etc\"\) -DL_SHAREDIR=QString\(\"/usr/share\"\) -DGIT_VERSION="\"a88ea52f\"" -DQT_NO_DEBUG -DQT_MULTIMEDIAWIDGETS_LIB -DQT_SVG_LIB -DQT_WIDGETS_LIB -DQT_X11EXTRAS_LIB -DQT_MULTIMEDIA_LIB -DQT_QUICK_LIB -DQT_GUI_LIB -DQT_QMLMODELS_LIB -DQT_QML_LIB -DQT_NETWORK_LIB -DQT_CONCURRENT_LIB -DQT_CORE_LIB --include /home/q5sys/git/lumina/src-qt5/core/lumina-desktop/.build/moc/moc_predefs.h -I/usr/lib64/qt5/mkspecs/linux-g++ -I/home/q5sys/git/lumina/src-qt5/core/lumina-desktop -I/home/q5sys/git/lumina/src-qt5/core/libLumina -I/usr/include/qt5 -I/usr -I/usr/include -I'/home/q5sys/git/lumina/src-qt5/core/lumina-desktop//home/q5sys/git/lumina/src-qt5/core/lumina-desktop' -I/home/q5sys/git/lumina/src-qt5/src-cpp -I/home/q5sys/git/lumina/src-qt5/core/lumina-desktop/src-screensaver -I/usr/include/qt5/QtMultimediaWidgets -I/usr/include/qt5/QtSvg -I/usr/include/qt5/QtWidgets -I/usr/include/qt5/QtX11Extras -I/usr/include/qt5/QtMultimedia -I/usr/include/qt5/QtQuick -I/usr/include/qt5/QtGui -I/usr/include/qt5/QtQmlModels -I/usr/include/qt5/QtQml -I/usr/include/qt5/QtNetwork -I/usr/include/qt5/QtConcurrent -I/usr/include/qt5/QtCore -I/usr/include/c++/11 -I/usr/include/c++/11/x86_64-redhat-linux -I/usr/include/c++/11/backward -I/usr/lib/gcc/x86_64-redhat-linux/11/include -I/usr/local/include -I/usr/include panel-plugins/systemdashboard/LSysDashboard.h -o .build/moc/moc_LSysDashboard.cpp
/usr/lib64/qt5/bin/moc -DPREFIX=QString\(\"/usr\"\) -DL_ETCDIR=QString\(\"/etc\"\) -DL_SHAREDIR=QString\(\"/usr/share\"\) -DGIT_VERSION="\"a88ea52f\"" -DQT_NO_DEBUG -DQT_MULTIMEDIAWIDGETS_LIB -DQT_SVG_LIB -DQT_WIDGETS_LIB -DQT_X11EXTRAS_LIB -DQT_MULTIMEDIA_LIB -DQT_QUICK_LIB -DQT_GUI_LIB -DQT_QMLMODELS_LIB -DQT_QML_LIB -DQT_NETWORK_LIB -DQT_CONCURRENT_LIB -DQT_CORE_LIB --include /home/q5sys/git/lumina/src-qt5/core/lumina-desktop/.build/moc/moc_predefs.h -I/usr/lib64/qt5/mkspecs/linux-g++ -I/home/q5sys/git/lumina/src-qt5/core/lumina-desktop -I/home/q5sys/git/lumina/src-qt5/core/libLumina -I/usr/include/qt5 -I/usr -I/usr/include -I'/home/q5sys/git/lumina/src-qt5/core/lumina-desktop//home/q5sys/git/lumina/src-qt5/core/lumina-desktop' -I/home/q5sys/git/lumina/src-qt5/src-cpp -I/home/q5sys/git/lumina/src-qt5/core/lumina-desktop/src-screensaver -I/usr/include/qt5/QtMultimediaWidgets -I/usr/include/qt5/QtSvg -I/usr/include/qt5/QtWidgets -I/usr/include/qt5/QtX11Extras -I/usr/include/qt5/QtMultimedia -I/usr/include/qt5/QtQuick -I/usr/include/qt5/QtGui -I/usr/include/qt5/QtQmlModels -I/usr/include/qt5/QtQml -I/usr/include/qt5/QtNetwork -I/usr/include/qt5/QtConcurrent -I/usr/include/qt5/QtCore -I/usr/include/c++/11 -I/usr/include/c++/11/x86_64-redhat-linux -I/usr/include/c++/11/backward -I/usr/lib/gcc/x86_64-redhat-linux/11/include -I/usr/local/include -I/usr/include panel-plugins/systemdashboard/SysMenuQuick.h -o .build/moc/moc_SysMenuQuick.cpp
/usr/lib64/qt5/bin/moc -DPREFIX=QString\(\"/usr\"\) -DL_ETCDIR=QString\(\"/etc\"\) -DL_SHAREDIR=QString\(\"/usr/share\"\) -DGIT_VERSION="\"a88ea52f\"" -DQT_NO_DEBUG -DQT_MULTIMEDIAWIDGETS_LIB -DQT_SVG_LIB -DQT_WIDGETS_LIB -DQT_X11EXTRAS_LIB -DQT_MULTIMEDIA_LIB -DQT_QUICK_LIB -DQT_GUI_LIB -DQT_QMLMODELS_LIB -DQT_QML_LIB -DQT_NETWORK_LIB -DQT_CONCURRENT_LIB -DQT_CORE_LIB --include /home/q5sys/git/lumina/src-qt5/core/lumina-desktop/.build/moc/moc_predefs.h -I/usr/lib64/qt5/mkspecs/linux-g++ -I/home/q5sys/git/lumina/src-qt5/core/lumina-desktop -I/home/q5sys/git/lumina/src-qt5/core/libLumina -I/usr/include/qt5 -I/usr -I/usr/include -I'/home/q5sys/git/lumina/src-qt5/core/lumina-desktop//home/q5sys/git/lumina/src-qt5/core/lumina-desktop' -I/home/q5sys/git/lumina/src-qt5/src-cpp -I/home/q5sys/git/lumina/src-qt5/core/lumina-desktop/src-screensaver -I/usr/include/qt5/QtMultimediaWidgets -I/usr/include/qt5/QtSvg -I/usr/include/qt5/QtWidgets -I/usr/include/qt5/QtX11Extras -I/usr/include/qt5/QtMultimedia -I/usr/include/qt5/QtQuick -I/usr/include/qt5/QtGui -I/usr/include/qt5/QtQmlModels -I/usr/include/qt5/QtQml -I/usr/include/qt5/QtNetwork -I/usr/include/qt5/QtConcurrent -I/usr/include/qt5/QtCore -I/usr/include/c++/11 -I/usr/include/c++/11/x86_64-redhat-linux -I/usr/include/c++/11/backward -I/usr/lib/gcc/x86_64-redhat-linux/11/include -I/usr/local/include -I/usr/include panel-plugins/showdesktop/LHomeButton.h -o .build/moc/moc_LHomeButton.cpp
/usr/lib64/qt5/bin/moc -DPREFIX=QString\(\"/usr\"\) -DL_ETCDIR=QString\(\"/etc\"\) -DL_SHAREDIR=QString\(\"/usr/share\"\) -DGIT_VERSION="\"a88ea52f\"" -DQT_NO_DEBUG -DQT_MULTIMEDIAWIDGETS_LIB -DQT_SVG_LIB -DQT_WIDGETS_LIB -DQT_X11EXTRAS_LIB -DQT_MULTIMEDIA_LIB -DQT_QUICK_LIB -DQT_GUI_LIB -DQT_QMLMODELS_LIB -DQT_QML_LIB -DQT_NETWORK_LIB -DQT_CONCURRENT_LIB -DQT_CORE_LIB --include /home/q5sys/git/lumina/src-qt5/core/lumina-desktop/.build/moc/moc_predefs.h -I/usr/lib64/qt5/mkspecs/linux-g++ -I/home/q5sys/git/lumina/src-qt5/core/lumina-desktop -I/home/q5sys/git/lumina/src-qt5/core/libLumina -I/usr/include/qt5 -I/usr -I/usr/include -I'/home/q5sys/git/lumina/src-qt5/core/lumina-desktop//home/q5sys/git/lumina/src-qt5/core/lumina-desktop' -I/home/q5sys/git/lumina/src-qt5/src-cpp -I/home/q5sys/git/lumina/src-qt5/core/lumina-desktop/src-screensaver -I/usr/include/qt5/QtMultimediaWidgets -I/usr/include/qt5/QtSvg -I/usr/include/qt5/QtWidgets -I/usr/include/qt5/QtX11Extras -I/usr/include/qt5/QtMultimedia -I/usr/include/qt5/QtQuick -I/usr/include/qt5/QtGui -I/usr/include/qt5/QtQmlModels -I/usr/include/qt5/QtQml -I/usr/include/qt5/QtNetwork -I/usr/include/qt5/QtConcurrent -I/usr/include/qt5/QtCore -I/usr/include/c++/11 -I/usr/include/c++/11/x86_64-redhat-linux -I/usr/include/c++/11/backward -I/usr/lib/gcc/x86_64-redhat-linux/11/include -I/usr/local/include -I/usr/include panel-plugins/appmenu/LAppMenuPlugin.h -o .build/moc/moc_LAppMenuPlugin.cpp
/usr/lib64/qt5/bin/moc -DPREFIX=QString\(\"/usr\"\) -DL_ETCDIR=QString\(\"/etc\"\) -DL_SHAREDIR=QString\(\"/usr/share\"\) -DGIT_VERSION="\"a88ea52f\"" -DQT_NO_DEBUG -DQT_MULTIMEDIAWIDGETS_LIB -DQT_SVG_LIB -DQT_WIDGETS_LIB -DQT_X11EXTRAS_LIB -DQT_MULTIMEDIA_LIB -DQT_QUICK_LIB -DQT_GUI_LIB -DQT_QMLMODELS_LIB -DQT_QML_LIB -DQT_NETWORK_LIB -DQT_CONCURRENT_LIB -DQT_CORE_LIB --include /home/q5sys/git/lumina/src-qt5/core/lumina-desktop/.build/moc/moc_predefs.h -I/usr/lib64/qt5/mkspecs/linux-g++ -I/home/q5sys/git/lumina/src-qt5/core/lumina-desktop -I/home/q5sys/git/lumina/src-qt5/core/libLumina -I/usr/include/qt5 -I/usr -I/usr/include -I'/home/q5sys/git/lumina/src-qt5/core/lumina-desktop//home/q5sys/git/lumina/src-qt5/core/lumina-desktop' -I/home/q5sys/git/lumina/src-qt5/src-cpp -I/home/q5sys/git/lumina/src-qt5/core/lumina-desktop/src-screensaver -I/usr/include/qt5/QtMultimediaWidgets -I/usr/include/qt5/QtSvg -I/usr/include/qt5/QtWidgets -I/usr/include/qt5/QtX11Extras -I/usr/include/qt5/QtMultimedia -I/usr/include/qt5/QtQuick -I/usr/include/qt5/QtGui -I/usr/include/qt5/QtQmlModels -I/usr/include/qt5/QtQml -I/usr/include/qt5/QtNetwork -I/usr/include/qt5/QtConcurrent -I/usr/include/qt5/QtCore -I/usr/include/c++/11 -I/usr/include/c++/11/x86_64-redhat-linux -I/usr/include/c++/11/backward -I/usr/lib/gcc/x86_64-redhat-linux/11/include -I/usr/local/include -I/usr/include panel-plugins/applauncher/AppLaunchButton.h -o .build/moc/moc_AppLaunchButton.cpp
/usr/lib64/qt5/bin/moc -DPREFIX=QString\(\"/usr\"\) -DL_ETCDIR=QString\(\"/etc\"\) -DL_SHAREDIR=QString\(\"/usr/share\"\) -DGIT_VERSION="\"a88ea52f\"" -DQT_NO_DEBUG -DQT_MULTIMEDIAWIDGETS_LIB -DQT_SVG_LIB -DQT_WIDGETS_LIB -DQT_X11EXTRAS_LIB -DQT_MULTIMEDIA_LIB -DQT_QUICK_LIB -DQT_GUI_LIB -DQT_QMLMODELS_LIB -DQT_QML_LIB -DQT_NETWORK_LIB -DQT_CONCURRENT_LIB -DQT_CORE_LIB --include /home/q5sys/git/lumina/src-qt5/core/lumina-desktop/.build/moc/moc_predefs.h -I/usr/lib64/qt5/mkspecs/linux-g++ -I/home/q5sys/git/lumina/src-qt5/core/lumina-desktop -I/home/q5sys/git/lumina/src-qt5/core/libLumina -I/usr/include/qt5 -I/usr -I/usr/include -I'/home/q5sys/git/lumina/src-qt5/core/lumina-desktop//home/q5sys/git/lumina/src-qt5/core/lumina-desktop' -I/home/q5sys/git/lumina/src-qt5/src-cpp -I/home/q5sys/git/lumina/src-qt5/core/lumina-desktop/src-screensaver -I/usr/include/qt5/QtMultimediaWidgets -I/usr/include/qt5/QtSvg -I/usr/include/qt5/QtWidgets -I/usr/include/qt5/QtX11Extras -I/usr/include/qt5/QtMultimedia -I/usr/include/qt5/QtQuick -I/usr/include/qt5/QtGui -I/usr/include/qt5/QtQmlModels -I/usr/include/qt5/QtQml -I/usr/include/qt5/QtNetwork -I/usr/include/qt5/QtConcurrent -I/usr/include/qt5/QtCore -I/usr/include/c++/11 -I/usr/include/c++/11/x86_64-redhat-linux -I/usr/include/c++/11/backward -I/usr/lib/gcc/x86_64-redhat-linux/11/include -I/usr/local/include -I/usr/include panel-plugins/systemstart/LStartButton.h -o .build/moc/moc_LStartButton.cpp
/usr/lib64/qt5/bin/moc -DPREFIX=QString\(\"/usr\"\) -DL_ETCDIR=QString\(\"/etc\"\) -DL_SHAREDIR=QString\(\"/usr/share\"\) -DGIT_VERSION="\"a88ea52f\"" -DQT_NO_DEBUG -DQT_MULTIMEDIAWIDGETS_LIB -DQT_SVG_LIB -DQT_WIDGETS_LIB -DQT_X11EXTRAS_LIB -DQT_MULTIMEDIA_LIB -DQT_QUICK_LIB -DQT_GUI_LIB -DQT_QMLMODELS_LIB -DQT_QML_LIB -DQT_NETWORK_LIB -DQT_CONCURRENT_LIB -DQT_CORE_LIB --include /home/q5sys/git/lumina/src-qt5/core/lumina-desktop/.build/moc/moc_predefs.h -I/usr/lib64/qt5/mkspecs/linux-g++ -I/home/q5sys/git/lumina/src-qt5/core/lumina-desktop -I/home/q5sys/git/lumina/src-qt5/core/libLumina -I/usr/include/qt5 -I/usr -I/usr/include -I'/home/q5sys/git/lumina/src-qt5/core/lumina-desktop//home/q5sys/git/lumina/src-qt5/core/lumina-desktop' -I/home/q5sys/git/lumina/src-qt5/src-cpp -I/home/q5sys/git/lumina/src-qt5/core/lumina-desktop/src-screensaver -I/usr/include/qt5/QtMultimediaWidgets -I/usr/include/qt5/QtSvg -I/usr/include/qt5/QtWidgets -I/usr/include/qt5/QtX11Extras -I/usr/include/qt5/QtMultimedia -I/usr/include/qt5/QtQuick -I/usr/include/qt5/QtGui -I/usr/include/qt5/QtQmlModels -I/usr/include/qt5/QtQml -I/usr/include/qt5/QtNetwork -I/usr/include/qt5/QtConcurrent -I/usr/include/qt5/QtCore -I/usr/include/c++/11 -I/usr/include/c++/11/x86_64-redhat-linux -I/usr/include/c++/11/backward -I/usr/lib/gcc/x86_64-redhat-linux/11/include -I/usr/local/include -I/usr/include panel-plugins/systemstart/StartMenu.h -o .build/moc/moc_StartMenu.cpp
/usr/lib64/qt5/bin/moc -DPREFIX=QString\(\"/usr\"\) -DL_ETCDIR=QString\(\"/etc\"\) -DL_SHAREDIR=QString\(\"/usr/share\"\) -DGIT_VERSION="\"a88ea52f\"" -DQT_NO_DEBUG -DQT_MULTIMEDIAWIDGETS_LIB -DQT_SVG_LIB -DQT_WIDGETS_LIB -DQT_X11EXTRAS_LIB -DQT_MULTIMEDIA_LIB -DQT_QUICK_LIB -DQT_GUI_LIB -DQT_QMLMODELS_LIB -DQT_QML_LIB -DQT_NETWORK_LIB -DQT_CONCURRENT_LIB -DQT_CORE_LIB --include /home/q5sys/git/lumina/src-qt5/core/lumina-desktop/.build/moc/moc_predefs.h -I/usr/lib64/qt5/mkspecs/linux-g++ -I/home/q5sys/git/lumina/src-qt5/core/lumina-desktop -I/home/q5sys/git/lumina/src-qt5/core/libLumina -I/usr/include/qt5 -I/usr -I/usr/include -I'/home/q5sys/git/lumina/src-qt5/core/lumina-desktop//home/q5sys/git/lumina/src-qt5/core/lumina-desktop' -I/home/q5sys/git/lumina/src-qt5/src-cpp -I/home/q5sys/git/lumina/src-qt5/core/lumina-desktop/src-screensaver -I/usr/include/qt5/QtMultimediaWidgets -I/usr/include/qt5/QtSvg -I/usr/include/qt5/QtWidgets -I/usr/include/qt5/QtX11Extras -I/usr/include/qt5/QtMultimedia -I/usr/include/qt5/QtQuick -I/usr/include/qt5/QtGui -I/usr/include/qt5/QtQmlModels -I/usr/include/qt5/QtQml -I/usr/include/qt5/QtNetwork -I/usr/include/qt5/QtConcurrent -I/usr/include/qt5/QtCore -I/usr/include/c++/11 -I/usr/include/c++/11/x86_64-redhat-linux -I/usr/include/c++/11/backward -I/usr/lib/gcc/x86_64-redhat-linux/11/include -I/usr/local/include -I/usr/include panel-plugins/systemstart/ItemWidget.h -o .build/moc/moc_ItemWidget.cpp
g++ -c -pipe -O2 -flto=auto -ffat-lto-objects -fexceptions -g -grecord-gcc-switches -pipe -Wall -Werror=format-security -Wp,-D_FORTIFY_SOURCE=2 -Wp,-D_GLIBCXX_ASSERTIONS -specs=/usr/lib/rpm/redhat/redhat-hardened-cc1 -fstack-protector-strong -specs=/usr/lib/rpm/redhat/redhat-annobin-cc1 -m64 -mtune=generic -fasynchronous-unwind-tables -fstack-clash-protection -fcf-protection -std=gnu++11 -Wall -Wextra -D_REENTRANT -fPIC -DPREFIX=QString\(\"/usr\"\) -DL_ETCDIR=QString\(\"/etc\"\) -DL_SHAREDIR=QString\(\"/usr/share\"\) -DGIT_VERSION="\"a88ea52f\"" -DLTHEMEENGINE_DATADIR=\"/usr/share\" -DUSE_WIDGETS -DQT_NO_DEBUG -DQT_SVG_LIB -DQT_WIDGETS_LIB -DQT_X11EXTRAS_LIB -DQT_MULTIMEDIA_LIB -DQT_GUI_LIB -DQT_NETWORK_LIB -DQT_CONCURRENT_LIB -DQT_CORE_LIB -I. -I../../../libLumina -I/usr/include/qt5 -I/usr -I/usr/include -I/home/q5sys/git/lumina/src-qt5/core/lumina-theme-engine/src/lthemeengine -I/usr/include/qt5/QtSvg -I/usr/include/qt5/QtWidgets -I/usr/include/qt5/QtX11Extras -I/usr/include/qt5/QtMultimedia -I/usr/include/qt5/QtGui -I/usr/include/qt5/QtNetwork -I/usr/include/qt5/QtConcurrent -I/usr/include/qt5/QtCore -I.build/moc -I.build/ui -I/usr/lib64/qt5/mkspecs/linux-g++ -o .build/obj/paletteeditdialog.o paletteeditdialog.cpp
/usr/lib64/qt5/bin/moc -DPREFIX=QString\(\"/usr\"\) -DL_ETCDIR=QString\(\"/etc\"\) -DL_SHAREDIR=QString\(\"/usr/share\"\) -DGIT_VERSION="\"a88ea52f\"" -DQT_NO_DEBUG -DQT_MULTIMEDIAWIDGETS_LIB -DQT_SVG_LIB -DQT_WIDGETS_LIB -DQT_X11EXTRAS_LIB -DQT_MULTIMEDIA_LIB -DQT_QUICK_LIB -DQT_GUI_LIB -DQT_QMLMODELS_LIB -DQT_QML_LIB -DQT_NETWORK_LIB -DQT_CONCURRENT_LIB -DQT_CORE_LIB --include /home/q5sys/git/lumina/src-qt5/core/lumina-desktop/.build/moc/moc_predefs.h -I/usr/lib64/qt5/mkspecs/linux-g++ -I/home/q5sys/git/lumina/src-qt5/core/lumina-desktop -I/home/q5sys/git/lumina/src-qt5/core/libLumina -I/usr/include/qt5 -I/usr -I/usr/include -I'/home/q5sys/git/lumina/src-qt5/core/lumina-desktop//home/q5sys/git/lumina/src-qt5/core/lumina-desktop' -I/home/q5sys/git/lumina/src-qt5/src-cpp -I/home/q5sys/git/lumina/src-qt5/core/lumina-desktop/src-screensaver -I/usr/include/qt5/QtMultimediaWidgets -I/usr/include/qt5/QtSvg -I/usr/include/qt5/QtWidgets -I/usr/include/qt5/QtX11Extras -I/usr/include/qt5/QtMultimedia -I/usr/include/qt5/QtQuick -I/usr/include/qt5/QtGui -I/usr/include/qt5/QtQmlModels -I/usr/include/qt5/QtQml -I/usr/include/qt5/QtNetwork -I/usr/include/qt5/QtConcurrent -I/usr/include/qt5/QtCore -I/usr/include/c++/11 -I/usr/include/c++/11/x86_64-redhat-linux -I/usr/include/c++/11/backward -I/usr/lib/gcc/x86_64-redhat-linux/11/include -I/usr/local/include -I/usr/include panel-plugins/audioplayer/LPAudioPlayer.h -o .build/moc/moc_LPAudioPlayer.cpp
/usr/lib64/qt5/bin/moc -DPREFIX=QString\(\"/usr\"\) -DL_ETCDIR=QString\(\"/etc\"\) -DL_SHAREDIR=QString\(\"/usr/share\"\) -DGIT_VERSION="\"a88ea52f\"" -DQT_NO_DEBUG -DQT_MULTIMEDIAWIDGETS_LIB -DQT_SVG_LIB -DQT_WIDGETS_LIB -DQT_X11EXTRAS_LIB -DQT_MULTIMEDIA_LIB -DQT_QUICK_LIB -DQT_GUI_LIB -DQT_QMLMODELS_LIB -DQT_QML_LIB -DQT_NETWORK_LIB -DQT_CONCURRENT_LIB -DQT_CORE_LIB --include /home/q5sys/git/lumina/src-qt5/core/lumina-desktop/.build/moc/moc_predefs.h -I/usr/lib64/qt5/mkspecs/linux-g++ -I/home/q5sys/git/lumina/src-qt5/core/lumina-desktop -I/home/q5sys/git/lumina/src-qt5/core/libLumina -I/usr/include/qt5 -I/usr -I/usr/include -I'/home/q5sys/git/lumina/src-qt5/core/lumina-desktop//home/q5sys/git/lumina/src-qt5/core/lumina-desktop' -I/home/q5sys/git/lumina/src-qt5/src-cpp -I/home/q5sys/git/lumina/src-qt5/core/lumina-desktop/src-screensaver -I/usr/include/qt5/QtMultimediaWidgets -I/usr/include/qt5/QtSvg -I/usr/include/qt5/QtWidgets -I/usr/include/qt5/QtX11Extras -I/usr/include/qt5/QtMultimedia -I/usr/include/qt5/QtQuick -I/usr/include/qt5/QtGui -I/usr/include/qt5/QtQmlModels -I/usr/include/qt5/QtQml -I/usr/include/qt5/QtNetwork -I/usr/include/qt5/QtConcurrent -I/usr/include/qt5/QtCore -I/usr/include/c++/11 -I/usr/include/c++/11/x86_64-redhat-linux -I/usr/include/c++/11/backward -I/usr/lib/gcc/x86_64-redhat-linux/11/include -I/usr/local/include -I/usr/include panel-plugins/audioplayer/PPlayerWidget.h -o .build/moc/moc_PPlayerWidget.cpp
/usr/lib64/qt5/bin/moc -DPREFIX=QString\(\"/usr\"\) -DL_ETCDIR=QString\(\"/etc\"\) -DL_SHAREDIR=QString\(\"/usr/share\"\) -DGIT_VERSION="\"a88ea52f\"" -DQT_NO_DEBUG -DQT_MULTIMEDIAWIDGETS_LIB -DQT_SVG_LIB -DQT_WIDGETS_LIB -DQT_X11EXTRAS_LIB -DQT_MULTIMEDIA_LIB -DQT_QUICK_LIB -DQT_GUI_LIB -DQT_QMLMODELS_LIB -DQT_QML_LIB -DQT_NETWORK_LIB -DQT_CONCURRENT_LIB -DQT_CORE_LIB --include /home/q5sys/git/lumina/src-qt5/core/lumina-desktop/.build/moc/moc_predefs.h -I/usr/lib64/qt5/mkspecs/linux-g++ -I/home/q5sys/git/lumina/src-qt5/core/lumina-desktop -I/home/q5sys/git/lumina/src-qt5/core/libLumina -I/usr/include/qt5 -I/usr -I/usr/include -I'/home/q5sys/git/lumina/src-qt5/core/lumina-desktop//home/q5sys/git/lumina/src-qt5/core/lumina-desktop' -I/home/q5sys/git/lumina/src-qt5/src-cpp -I/home/q5sys/git/lumina/src-qt5/core/lumina-desktop/src-screensaver -I/usr/include/qt5/QtMultimediaWidgets -I/usr/include/qt5/QtSvg -I/usr/include/qt5/QtWidgets -I/usr/include/qt5/QtX11Extras -I/usr/include/qt5/QtMultimedia -I/usr/include/qt5/QtQuick -I/usr/include/qt5/QtGui -I/usr/include/qt5/QtQmlModels -I/usr/include/qt5/QtQml -I/usr/include/qt5/QtNetwork -I/usr/include/qt5/QtConcurrent -I/usr/include/qt5/QtCore -I/usr/include/c++/11 -I/usr/include/c++/11/x86_64-redhat-linux -I/usr/include/c++/11/backward -I/usr/lib/gcc/x86_64-redhat-linux/11/include -I/usr/local/include -I/usr/include panel-plugins/jsonmenu/PPJsonMenu.h -o .build/moc/moc_PPJsonMenu.cpp
/usr/lib64/qt5/bin/moc -DPREFIX=QString\(\"/usr\"\) -DL_ETCDIR=QString\(\"/etc\"\) -DL_SHAREDIR=QString\(\"/usr/share\"\) -DGIT_VERSION="\"a88ea52f\"" -DQT_NO_DEBUG -DQT_MULTIMEDIAWIDGETS_LIB -DQT_SVG_LIB -DQT_WIDGETS_LIB -DQT_X11EXTRAS_LIB -DQT_MULTIMEDIA_LIB -DQT_QUICK_LIB -DQT_GUI_LIB -DQT_QMLMODELS_LIB -DQT_QML_LIB -DQT_NETWORK_LIB -DQT_CONCURRENT_LIB -DQT_CORE_LIB --include /home/q5sys/git/lumina/src-qt5/core/lumina-desktop/.build/moc/moc_predefs.h -I/usr/lib64/qt5/mkspecs/linux-g++ -I/home/q5sys/git/lumina/src-qt5/core/lumina-desktop -I/home/q5sys/git/lumina/src-qt5/core/libLumina -I/usr/include/qt5 -I/usr -I/usr/include -I'/home/q5sys/git/lumina/src-qt5/core/lumina-desktop//home/q5sys/git/lumina/src-qt5/core/lumina-desktop' -I/home/q5sys/git/lumina/src-qt5/src-cpp -I/home/q5sys/git/lumina/src-qt5/core/lumina-desktop/src-screensaver -I/usr/include/qt5/QtMultimediaWidgets -I/usr/include/qt5/QtSvg -I/usr/include/qt5/QtWidgets -I/usr/include/qt5/QtX11Extras -I/usr/include/qt5/QtMultimedia -I/usr/include/qt5/QtQuick -I/usr/include/qt5/QtGui -I/usr/include/qt5/QtQmlModels -I/usr/include/qt5/QtQml -I/usr/include/qt5/QtNetwork -I/usr/include/qt5/QtConcurrent -I/usr/include/qt5/QtCore -I/usr/include/c++/11 -I/usr/include/c++/11/x86_64-redhat-linux -I/usr/include/c++/11/backward -I/usr/lib/gcc/x86_64-redhat-linux/11/include -I/usr/local/include -I/usr/include desktop-plugins/calendar/CalendarPlugin.h -o .build/moc/moc_CalendarPlugin.cpp
g++ -c -pipe -O2 -flto=auto -ffat-lto-objects -fexceptions -g -grecord-gcc-switches -pipe -Wall -Werror=format-security -Wp,-D_FORTIFY_SOURCE=2 -Wp,-D_GLIBCXX_ASSERTIONS -specs=/usr/lib/rpm/redhat/redhat-hardened-cc1 -fstack-protector-strong -specs=/usr/lib/rpm/redhat/redhat-annobin-cc1 -m64 -mtune=generic -fasynchronous-unwind-tables -fstack-clash-protection -fcf-protection -std=gnu++11 -Wall -Wextra -D_REENTRANT -fPIC -DPREFIX=QString\(\"/usr\"\) -DL_ETCDIR=QString\(\"/etc\"\) -DL_SHAREDIR=QString\(\"/usr/share\"\) -DGIT_VERSION="\"a88ea52f\"" -DLTHEMEENGINE_DATADIR=\"/usr/share\" -DUSE_WIDGETS -DQT_NO_DEBUG -DQT_SVG_LIB -DQT_WIDGETS_LIB -DQT_X11EXTRAS_LIB -DQT_MULTIMEDIA_LIB -DQT_GUI_LIB -DQT_NETWORK_LIB -DQT_CONCURRENT_LIB -DQT_CORE_LIB -I. -I../../../libLumina -I/usr/include/qt5 -I/usr -I/usr/include -I/home/q5sys/git/lumina/src-qt5/core/lumina-theme-engine/src/lthemeengine -I/usr/include/qt5/QtSvg -I/usr/include/qt5/QtWidgets -I/usr/include/qt5/QtX11Extras -I/usr/include/qt5/QtMultimedia -I/usr/include/qt5/QtGui -I/usr/include/qt5/QtNetwork -I/usr/include/qt5/QtConcurrent -I/usr/include/qt5/QtCore -I.build/moc -I.build/ui -I/usr/lib64/qt5/mkspecs/linux-g++ -o .build/obj/iconthemepage.o iconthemepage.cpp
/usr/lib64/qt5/bin/moc -DPREFIX=QString\(\"/usr\"\) -DL_ETCDIR=QString\(\"/etc\"\) -DL_SHAREDIR=QString\(\"/usr/share\"\) -DGIT_VERSION="\"a88ea52f\"" -DQT_NO_DEBUG -DQT_MULTIMEDIAWIDGETS_LIB -DQT_SVG_LIB -DQT_WIDGETS_LIB -DQT_X11EXTRAS_LIB -DQT_MULTIMEDIA_LIB -DQT_QUICK_LIB -DQT_GUI_LIB -DQT_QMLMODELS_LIB -DQT_QML_LIB -DQT_NETWORK_LIB -DQT_CONCURRENT_LIB -DQT_CORE_LIB --include /home/q5sys/git/lumina/src-qt5/core/lumina-desktop/.build/moc/moc_predefs.h -I/usr/lib64/qt5/mkspecs/linux-g++ -I/home/q5sys/git/lumina/src-qt5/core/lumina-desktop -I/home/q5sys/git/lumina/src-qt5/core/libLumina -I/usr/include/qt5 -I/usr -I/usr/include -I'/home/q5sys/git/lumina/src-qt5/core/lumina-desktop//home/q5sys/git/lumina/src-qt5/core/lumina-desktop' -I/home/q5sys/git/lumina/src-qt5/src-cpp -I/home/q5sys/git/lumina/src-qt5/core/lumina-desktop/src-screensaver -I/usr/include/qt5/QtMultimediaWidgets -I/usr/include/qt5/QtSvg -I/usr/include/qt5/QtWidgets -I/usr/include/qt5/QtX11Extras -I/usr/include/qt5/QtMultimedia -I/usr/include/qt5/QtQuick -I/usr/include/qt5/QtGui -I/usr/include/qt5/QtQmlModels -I/usr/include/qt5/QtQml -I/usr/include/qt5/QtNetwork -I/usr/include/qt5/QtConcurrent -I/usr/include/qt5/QtCore -I/usr/include/c++/11 -I/usr/include/c++/11/x86_64-redhat-linux -I/usr/include/c++/11/backward -I/usr/lib/gcc/x86_64-redhat-linux/11/include -I/usr/local/include -I/usr/include desktop-plugins/applauncher/AppLauncherPlugin.h -o .build/moc/moc_AppLauncherPlugin.cpp
g++ -c -pipe -O2 -flto=auto -ffat-lto-objects -fexceptions -g -grecord-gcc-switches -pipe -Wall -Werror=format-security -Wp,-D_FORTIFY_SOURCE=2 -Wp,-D_GLIBCXX_ASSERTIONS -specs=/usr/lib/rpm/redhat/redhat-hardened-cc1 -fstack-protector-strong -specs=/usr/lib/rpm/redhat/redhat-annobin-cc1 -m64 -mtune=generic -fasynchronous-unwind-tables -fstack-clash-protection -fcf-protection -std=gnu++11 -Wall -Wextra -D_REENTRANT -fPIC -DPREFIX=QString\(\"/usr\"\) -DL_ETCDIR=QString\(\"/etc\"\) -DL_SHAREDIR=QString\(\"/usr/share\"\) -DGIT_VERSION="\"a88ea52f\"" -DLTHEMEENGINE_DATADIR=\"/usr/share\" -DUSE_WIDGETS -DQT_NO_DEBUG -DQT_SVG_LIB -DQT_WIDGETS_LIB -DQT_X11EXTRAS_LIB -DQT_MULTIMEDIA_LIB -DQT_GUI_LIB -DQT_NETWORK_LIB -DQT_CONCURRENT_LIB -DQT_CORE_LIB -I. -I../../../libLumina -I/usr/include/qt5 -I/usr -I/usr/include -I/home/q5sys/git/lumina/src-qt5/core/lumina-theme-engine/src/lthemeengine -I/usr/include/qt5/QtSvg -I/usr/include/qt5/QtWidgets -I/usr/include/qt5/QtX11Extras -I/usr/include/qt5/QtMultimedia -I/usr/include/qt5/QtGui -I/usr/include/qt5/QtNetwork -I/usr/include/qt5/QtConcurrent -I/usr/include/qt5/QtCore -I.build/moc -I.build/ui -I/usr/lib64/qt5/mkspecs/linux-g++ -o .build/obj/interfacepage.o interfacepage.cpp
/usr/lib64/qt5/bin/moc -DPREFIX=QString\(\"/usr\"\) -DL_ETCDIR=QString\(\"/etc\"\) -DL_SHAREDIR=QString\(\"/usr/share\"\) -DGIT_VERSION="\"a88ea52f\"" -DQT_NO_DEBUG -DQT_MULTIMEDIAWIDGETS_LIB -DQT_SVG_LIB -DQT_WIDGETS_LIB -DQT_X11EXTRAS_LIB -DQT_MULTIMEDIA_LIB -DQT_QUICK_LIB -DQT_GUI_LIB -DQT_QMLMODELS_LIB -DQT_QML_LIB -DQT_NETWORK_LIB -DQT_CONCURRENT_LIB -DQT_CORE_LIB --include /home/q5sys/git/lumina/src-qt5/core/lumina-desktop/.build/moc/moc_predefs.h -I/usr/lib64/qt5/mkspecs/linux-g++ -I/home/q5sys/git/lumina/src-qt5/core/lumina-desktop -I/home/q5sys/git/lumina/src-qt5/core/libLumina -I/usr/include/qt5 -I/usr -I/usr/include -I'/home/q5sys/git/lumina/src-qt5/core/lumina-desktop//home/q5sys/git/lumina/src-qt5/core/lumina-desktop' -I/home/q5sys/git/lumina/src-qt5/src-cpp -I/home/q5sys/git/lumina/src-qt5/core/lumina-desktop/src-screensaver -I/usr/include/qt5/QtMultimediaWidgets -I/usr/include/qt5/QtSvg -I/usr/include/qt5/QtWidgets -I/usr/include/qt5/QtX11Extras -I/usr/include/qt5/QtMultimedia -I/usr/include/qt5/QtQuick -I/usr/include/qt5/QtGui -I/usr/include/qt5/QtQmlModels -I/usr/include/qt5/QtQml -I/usr/include/qt5/QtNetwork -I/usr/include/qt5/QtConcurrent -I/usr/include/qt5/QtCore -I/usr/include/c++/11 -I/usr/include/c++/11/x86_64-redhat-linux -I/usr/include/c++/11/backward -I/usr/lib/gcc/x86_64-redhat-linux/11/include -I/usr/local/include -I/usr/include desktop-plugins/applauncher/OutlineToolButton.h -o .build/moc/moc_OutlineToolButton.cpp
/usr/lib64/qt5/bin/moc -DPREFIX=QString\(\"/usr\"\) -DL_ETCDIR=QString\(\"/etc\"\) -DL_SHAREDIR=QString\(\"/usr/share\"\) -DGIT_VERSION="\"a88ea52f\"" -DQT_NO_DEBUG -DQT_MULTIMEDIAWIDGETS_LIB -DQT_SVG_LIB -DQT_WIDGETS_LIB -DQT_X11EXTRAS_LIB -DQT_MULTIMEDIA_LIB -DQT_QUICK_LIB -DQT_GUI_LIB -DQT_QMLMODELS_LIB -DQT_QML_LIB -DQT_NETWORK_LIB -DQT_CONCURRENT_LIB -DQT_CORE_LIB --include /home/q5sys/git/lumina/src-qt5/core/lumina-desktop/.build/moc/moc_predefs.h -I/usr/lib64/qt5/mkspecs/linux-g++ -I/home/q5sys/git/lumina/src-qt5/core/lumina-desktop -I/home/q5sys/git/lumina/src-qt5/core/libLumina -I/usr/include/qt5 -I/usr -I/usr/include -I'/home/q5sys/git/lumina/src-qt5/core/lumina-desktop//home/q5sys/git/lumina/src-qt5/core/lumina-desktop' -I/home/q5sys/git/lumina/src-qt5/src-cpp -I/home/q5sys/git/lumina/src-qt5/core/lumina-desktop/src-screensaver -I/usr/include/qt5/QtMultimediaWidgets -I/usr/include/qt5/QtSvg -I/usr/include/qt5/QtWidgets -I/usr/include/qt5/QtX11Extras -I/usr/include/qt5/QtMultimedia -I/usr/include/qt5/QtQuick -I/usr/include/qt5/QtGui -I/usr/include/qt5/QtQmlModels -I/usr/include/qt5/QtQml -I/usr/include/qt5/QtNetwork -I/usr/include/qt5/QtConcurrent -I/usr/include/qt5/QtCore -I/usr/include/c++/11 -I/usr/include/c++/11/x86_64-redhat-linux -I/usr/include/c++/11/backward -I/usr/lib/gcc/x86_64-redhat-linux/11/include -I/usr/local/include -I/usr/include desktop-plugins/desktopview/DesktopViewPlugin.h -o .build/moc/moc_DesktopViewPlugin.cpp
/usr/lib64/qt5/bin/moc -DPREFIX=QString\(\"/usr\"\) -DL_ETCDIR=QString\(\"/etc\"\) -DL_SHAREDIR=QString\(\"/usr/share\"\) -DGIT_VERSION="\"a88ea52f\"" -DQT_NO_DEBUG -DQT_MULTIMEDIAWIDGETS_LIB -DQT_SVG_LIB -DQT_WIDGETS_LIB -DQT_X11EXTRAS_LIB -DQT_MULTIMEDIA_LIB -DQT_QUICK_LIB -DQT_GUI_LIB -DQT_QMLMODELS_LIB -DQT_QML_LIB -DQT_NETWORK_LIB -DQT_CONCURRENT_LIB -DQT_CORE_LIB --include /home/q5sys/git/lumina/src-qt5/core/lumina-desktop/.build/moc/moc_predefs.h -I/usr/lib64/qt5/mkspecs/linux-g++ -I/home/q5sys/git/lumina/src-qt5/core/lumina-desktop -I/home/q5sys/git/lumina/src-qt5/core/libLumina -I/usr/include/qt5 -I/usr -I/usr/include -I'/home/q5sys/git/lumina/src-qt5/core/lumina-desktop//home/q5sys/git/lumina/src-qt5/core/lumina-desktop' -I/home/q5sys/git/lumina/src-qt5/src-cpp -I/home/q5sys/git/lumina/src-qt5/core/lumina-desktop/src-screensaver -I/usr/include/qt5/QtMultimediaWidgets -I/usr/include/qt5/QtSvg -I/usr/include/qt5/QtWidgets -I/usr/include/qt5/QtX11Extras -I/usr/include/qt5/QtMultimedia -I/usr/include/qt5/QtQuick -I/usr/include/qt5/QtGui -I/usr/include/qt5/QtQmlModels -I/usr/include/qt5/QtQml -I/usr/include/qt5/QtNetwork -I/usr/include/qt5/QtConcurrent -I/usr/include/qt5/QtCore -I/usr/include/c++/11 -I/usr/include/c++/11/x86_64-redhat-linux -I/usr/include/c++/11/backward -I/usr/lib/gcc/x86_64-redhat-linux/11/include -I/usr/local/include -I/usr/include desktop-plugins/notepad/NotepadPlugin.h -o .build/moc/moc_NotepadPlugin.cpp
/usr/lib64/qt5/bin/moc -DPREFIX=QString\(\"/usr\"\) -DL_ETCDIR=QString\(\"/etc\"\) -DL_SHAREDIR=QString\(\"/usr/share\"\) -DGIT_VERSION="\"a88ea52f\"" -DQT_NO_DEBUG -DQT_MULTIMEDIAWIDGETS_LIB -DQT_SVG_LIB -DQT_WIDGETS_LIB -DQT_X11EXTRAS_LIB -DQT_MULTIMEDIA_LIB -DQT_QUICK_LIB -DQT_GUI_LIB -DQT_QMLMODELS_LIB -DQT_QML_LIB -DQT_NETWORK_LIB -DQT_CONCURRENT_LIB -DQT_CORE_LIB --include /home/q5sys/git/lumina/src-qt5/core/lumina-desktop/.build/moc/moc_predefs.h -I/usr/lib64/qt5/mkspecs/linux-g++ -I/home/q5sys/git/lumina/src-qt5/core/lumina-desktop -I/home/q5sys/git/lumina/src-qt5/core/libLumina -I/usr/include/qt5 -I/usr -I/usr/include -I'/home/q5sys/git/lumina/src-qt5/core/lumina-desktop//home/q5sys/git/lumina/src-qt5/core/lumina-desktop' -I/home/q5sys/git/lumina/src-qt5/src-cpp -I/home/q5sys/git/lumina/src-qt5/core/lumina-desktop/src-screensaver -I/usr/include/qt5/QtMultimediaWidgets -I/usr/include/qt5/QtSvg -I/usr/include/qt5/QtWidgets -I/usr/include/qt5/QtX11Extras -I/usr/include/qt5/QtMultimedia -I/usr/include/qt5/QtQuick -I/usr/include/qt5/QtGui -I/usr/include/qt5/QtQmlModels -I/usr/include/qt5/QtQml -I/usr/include/qt5/QtNetwork -I/usr/include/qt5/QtConcurrent -I/usr/include/qt5/QtCore -I/usr/include/c++/11 -I/usr/include/c++/11/x86_64-redhat-linux -I/usr/include/c++/11/backward -I/usr/lib/gcc/x86_64-redhat-linux/11/include -I/usr/local/include -I/usr/include desktop-plugins/audioplayer/PlayerWidget.h -o .build/moc/moc_PlayerWidget.cpp
g++ -c -pipe -O2 -flto=auto -ffat-lto-objects -fexceptions -g -grecord-gcc-switches -pipe -Wall -Werror=format-security -Wp,-D_FORTIFY_SOURCE=2 -Wp,-D_GLIBCXX_ASSERTIONS -specs=/usr/lib/rpm/redhat/redhat-hardened-cc1 -fstack-protector-strong -specs=/usr/lib/rpm/redhat/redhat-annobin-cc1 -m64 -mtune=generic -fasynchronous-unwind-tables -fstack-clash-protection -fcf-protection -std=gnu++11 -Wall -Wextra -D_REENTRANT -fPIC -DPREFIX=QString\(\"/usr\"\) -DL_ETCDIR=QString\(\"/etc\"\) -DL_SHAREDIR=QString\(\"/usr/share\"\) -DGIT_VERSION="\"a88ea52f\"" -DLTHEMEENGINE_DATADIR=\"/usr/share\" -DUSE_WIDGETS -DQT_NO_DEBUG -DQT_SVG_LIB -DQT_WIDGETS_LIB -DQT_X11EXTRAS_LIB -DQT_MULTIMEDIA_LIB -DQT_GUI_LIB -DQT_NETWORK_LIB -DQT_CONCURRENT_LIB -DQT_CORE_LIB -I. -I../../../libLumina -I/usr/include/qt5 -I/usr -I/usr/include -I/home/q5sys/git/lumina/src-qt5/core/lumina-theme-engine/src/lthemeengine -I/usr/include/qt5/QtSvg -I/usr/include/qt5/QtWidgets -I/usr/include/qt5/QtX11Extras -I/usr/include/qt5/QtMultimedia -I/usr/include/qt5/QtGui -I/usr/include/qt5/QtNetwork -I/usr/include/qt5/QtConcurrent -I/usr/include/qt5/QtCore -I.build/moc -I.build/ui -I/usr/lib64/qt5/mkspecs/linux-g++ -o .build/obj/fontconfigdialog.o fontconfigdialog.cpp
/usr/lib64/qt5/bin/moc -DPREFIX=QString\(\"/usr\"\) -DL_ETCDIR=QString\(\"/etc\"\) -DL_SHAREDIR=QString\(\"/usr/share\"\) -DGIT_VERSION="\"a88ea52f\"" -DQT_NO_DEBUG -DQT_MULTIMEDIAWIDGETS_LIB -DQT_SVG_LIB -DQT_WIDGETS_LIB -DQT_X11EXTRAS_LIB -DQT_MULTIMEDIA_LIB -DQT_QUICK_LIB -DQT_GUI_LIB -DQT_QMLMODELS_LIB -DQT_QML_LIB -DQT_NETWORK_LIB -DQT_CONCURRENT_LIB -DQT_CORE_LIB --include /home/q5sys/git/lumina/src-qt5/core/lumina-desktop/.build/moc/moc_predefs.h -I/usr/lib64/qt5/mkspecs/linux-g++ -I/home/q5sys/git/lumina/src-qt5/core/lumina-desktop -I/home/q5sys/git/lumina/src-qt5/core/libLumina -I/usr/include/qt5 -I/usr -I/usr/include -I'/home/q5sys/git/lumina/src-qt5/core/lumina-desktop//home/q5sys/git/lumina/src-qt5/core/lumina-desktop' -I/home/q5sys/git/lumina/src-qt5/src-cpp -I/home/q5sys/git/lumina/src-qt5/core/lumina-desktop/src-screensaver -I/usr/include/qt5/QtMultimediaWidgets -I/usr/include/qt5/QtSvg -I/usr/include/qt5/QtWidgets -I/usr/include/qt5/QtX11Extras -I/usr/include/qt5/QtMultimedia -I/usr/include/qt5/QtQuick -I/usr/include/qt5/QtGui -I/usr/include/qt5/QtQmlModels -I/usr/include/qt5/QtQml -I/usr/include/qt5/QtNetwork -I/usr/include/qt5/QtConcurrent -I/usr/include/qt5/QtCore -I/usr/include/c++/11 -I/usr/include/c++/11/x86_64-redhat-linux -I/usr/include/c++/11/backward -I/usr/lib/gcc/x86_64-redhat-linux/11/include -I/usr/local/include -I/usr/include desktop-plugins/systemmonitor/MonitorWidget.h -o .build/moc/moc_MonitorWidget.cpp
iconthemepage.cpp: In member function ‘QIcon IconThemePage::findIcon(const QString&, int, const QString&)’:
iconthemepage.cpp:104:7: warning: this ‘if’ clause does not guard... [-Wmisleading-indentation]
  104 |       if(iconDir.entryInfoList().isEmpty())
      |       ^~
iconthemepage.cpp:106:9: note: ...this statement, but the latter is misleadingly indented as if it were guarded by the ‘if’
  106 |         return QIcon(iconDir.entryInfoList().first().absoluteFilePath());
      |         ^~~~~~
iconthemepage.cpp:116:5: warning: this ‘if’ clause does not guard... [-Wmisleading-indentation]
  116 |     if(iconDir.entryInfoList().isEmpty())
      |     ^~
iconthemepage.cpp:118:7: note: ...this statement, but the latter is misleadingly indented as if it were guarded by the ‘if’
  118 |       return QIcon(iconDir.entryInfoList().first().absoluteFilePath());
      |       ^~~~~~
/usr/lib64/qt5/bin/moc -DPREFIX=QString\(\"/usr\"\) -DL_ETCDIR=QString\(\"/etc\"\) -DL_SHAREDIR=QString\(\"/usr/share\"\) -DGIT_VERSION="\"a88ea52f\"" -DQT_NO_DEBUG -DQT_MULTIMEDIAWIDGETS_LIB -DQT_SVG_LIB -DQT_WIDGETS_LIB -DQT_X11EXTRAS_LIB -DQT_MULTIMEDIA_LIB -DQT_QUICK_LIB -DQT_GUI_LIB -DQT_QMLMODELS_LIB -DQT_QML_LIB -DQT_NETWORK_LIB -DQT_CONCURRENT_LIB -DQT_CORE_LIB --include /home/q5sys/git/lumina/src-qt5/core/lumina-desktop/.build/moc/moc_predefs.h -I/usr/lib64/qt5/mkspecs/linux-g++ -I/home/q5sys/git/lumina/src-qt5/core/lumina-desktop -I/home/q5sys/git/lumina/src-qt5/core/libLumina -I/usr/include/qt5 -I/usr -I/usr/include -I'/home/q5sys/git/lumina/src-qt5/core/lumina-desktop//home/q5sys/git/lumina/src-qt5/core/lumina-desktop' -I/home/q5sys/git/lumina/src-qt5/src-cpp -I/home/q5sys/git/lumina/src-qt5/core/lumina-desktop/src-screensaver -I/usr/include/qt5/QtMultimediaWidgets -I/usr/include/qt5/QtSvg -I/usr/include/qt5/QtWidgets -I/usr/include/qt5/QtX11Extras -I/usr/include/qt5/QtMultimedia -I/usr/include/qt5/QtQuick -I/usr/include/qt5/QtGui -I/usr/include/qt5/QtQmlModels -I/usr/include/qt5/QtQml -I/usr/include/qt5/QtNetwork -I/usr/include/qt5/QtConcurrent -I/usr/include/qt5/QtCore -I/usr/include/c++/11 -I/usr/include/c++/11/x86_64-redhat-linux -I/usr/include/c++/11/backward -I/usr/lib/gcc/x86_64-redhat-linux/11/include -I/usr/local/include -I/usr/include desktop-plugins/rssreader/RSSFeedPlugin.h -o .build/moc/moc_RSSFeedPlugin.cpp
/usr/lib64/qt5/bin/moc -DPREFIX=QString\(\"/usr\"\) -DL_ETCDIR=QString\(\"/etc\"\) -DL_SHAREDIR=QString\(\"/usr/share\"\) -DGIT_VERSION="\"a88ea52f\"" -DQT_NO_DEBUG -DQT_MULTIMEDIAWIDGETS_LIB -DQT_SVG_LIB -DQT_WIDGETS_LIB -DQT_X11EXTRAS_LIB -DQT_MULTIMEDIA_LIB -DQT_QUICK_LIB -DQT_GUI_LIB -DQT_QMLMODELS_LIB -DQT_QML_LIB -DQT_NETWORK_LIB -DQT_CONCURRENT_LIB -DQT_CORE_LIB --include /home/q5sys/git/lumina/src-qt5/core/lumina-desktop/.build/moc/moc_predefs.h -I/usr/lib64/qt5/mkspecs/linux-g++ -I/home/q5sys/git/lumina/src-qt5/core/lumina-desktop -I/home/q5sys/git/lumina/src-qt5/core/libLumina -I/usr/include/qt5 -I/usr -I/usr/include -I'/home/q5sys/git/lumina/src-qt5/core/lumina-desktop//home/q5sys/git/lumina/src-qt5/core/lumina-desktop' -I/home/q5sys/git/lumina/src-qt5/src-cpp -I/home/q5sys/git/lumina/src-qt5/core/lumina-desktop/src-screensaver -I/usr/include/qt5/QtMultimediaWidgets -I/usr/include/qt5/QtSvg -I/usr/include/qt5/QtWidgets -I/usr/include/qt5/QtX11Extras -I/usr/include/qt5/QtMultimedia -I/usr/include/qt5/QtQuick -I/usr/include/qt5/QtGui -I/usr/include/qt5/QtQmlModels -I/usr/include/qt5/QtQml -I/usr/include/qt5/QtNetwork -I/usr/include/qt5/QtConcurrent -I/usr/include/qt5/QtCore -I/usr/include/c++/11 -I/usr/include/c++/11/x86_64-redhat-linux -I/usr/include/c++/11/backward -I/usr/lib/gcc/x86_64-redhat-linux/11/include -I/usr/local/include -I/usr/include desktop-plugins/rssreader/RSSObjects.h -o .build/moc/moc_RSSObjects.cpp
g++ -c -pipe -O2 -flto=auto -ffat-lto-objects -fexceptions -g -grecord-gcc-switches -pipe -Wall -Werror=format-security -Wp,-D_FORTIFY_SOURCE=2 -Wp,-D_GLIBCXX_ASSERTIONS -specs=/usr/lib/rpm/redhat/redhat-hardened-cc1 -fstack-protector-strong -specs=/usr/lib/rpm/redhat/redhat-annobin-cc1 -m64 -mtune=generic -fasynchronous-unwind-tables -fstack-clash-protection -fcf-protection -std=gnu++11 -Wall -Wextra -D_REENTRANT -fPIC -DPREFIX=QString\(\"/usr\"\) -DL_ETCDIR=QString\(\"/etc\"\) -DL_SHAREDIR=QString\(\"/usr/share\"\) -DGIT_VERSION="\"a88ea52f\"" -DQT_NO_DEBUG -DQT_MULTIMEDIAWIDGETS_LIB -DQT_SVG_LIB -DQT_WIDGETS_LIB -DQT_X11EXTRAS_LIB -DQT_MULTIMEDIA_LIB -DQT_QUICK_LIB -DQT_GUI_LIB -DQT_QMLMODELS_LIB -DQT_QML_LIB -DQT_NETWORK_LIB -DQT_CONCURRENT_LIB -DQT_CORE_LIB -I. -I../libLumina -I/usr/include/qt5 -I/usr -I/usr/include -I/home/q5sys/git/lumina/src-qt5/core/lumina-desktop -I../../src-cpp -Isrc-screensaver -I/usr/include/qt5/QtMultimediaWidgets -I/usr/include/qt5/QtSvg -I/usr/include/qt5/QtWidgets -I/usr/include/qt5/QtX11Extras -I/usr/include/qt5/QtMultimedia -I/usr/include/qt5/QtQuick -I/usr/include/qt5/QtGui -I/usr/include/qt5/QtQmlModels -I/usr/include/qt5/QtQml -I/usr/include/qt5/QtNetwork -I/usr/include/qt5/QtConcurrent -I/usr/include/qt5/QtCore -I.build/moc -I.build/ui -I/usr/lib64/qt5/mkspecs/linux-g++ -o .build/obj/moc_ResizeMenu.o .build/moc/moc_ResizeMenu.cpp
g++ -c -pipe -O2 -flto=auto -ffat-lto-objects -fexceptions -g -grecord-gcc-switches -pipe -Wall -Werror=format-security -Wp,-D_FORTIFY_SOURCE=2 -Wp,-D_GLIBCXX_ASSERTIONS -specs=/usr/lib/rpm/redhat/redhat-hardened-cc1 -fstack-protector-strong -specs=/usr/lib/rpm/redhat/redhat-annobin-cc1 -m64 -mtune=generic -fasynchronous-unwind-tables -fstack-clash-protection -fcf-protection -std=gnu++11 -Wall -Wextra -D_REENTRANT -fPIC -DPREFIX=QString\(\"/usr\"\) -DL_ETCDIR=QString\(\"/etc\"\) -DL_SHAREDIR=QString\(\"/usr/share\"\) -DGIT_VERSION="\"a88ea52f\"" -DLTHEMEENGINE_DATADIR=\"/usr/share\" -DUSE_WIDGETS -DQT_NO_DEBUG -DQT_SVG_LIB -DQT_WIDGETS_LIB -DQT_X11EXTRAS_LIB -DQT_MULTIMEDIA_LIB -DQT_GUI_LIB -DQT_NETWORK_LIB -DQT_CONCURRENT_LIB -DQT_CORE_LIB -I. -I../../../libLumina -I/usr/include/qt5 -I/usr -I/usr/include -I/home/q5sys/git/lumina/src-qt5/core/lumina-theme-engine/src/lthemeengine -I/usr/include/qt5/QtSvg -I/usr/include/qt5/QtWidgets -I/usr/include/qt5/QtX11Extras -I/usr/include/qt5/QtMultimedia -I/usr/include/qt5/QtGui -I/usr/include/qt5/QtNetwork -I/usr/include/qt5/QtConcurrent -I/usr/include/qt5/QtCore -I.build/moc -I.build/ui -I/usr/lib64/qt5/mkspecs/linux-g++ -o .build/obj/qsspage.o qsspage.cpp
g++ -c -pipe -O2 -flto=auto -ffat-lto-objects -fexceptions -g -grecord-gcc-switches -pipe -Wall -Werror=format-security -Wp,-D_FORTIFY_SOURCE=2 -Wp,-D_GLIBCXX_ASSERTIONS -specs=/usr/lib/rpm/redhat/redhat-hardened-cc1 -fstack-protector-strong -specs=/usr/lib/rpm/redhat/redhat-annobin-cc1 -m64 -mtune=generic -fasynchronous-unwind-tables -fstack-clash-protection -fcf-protection -std=gnu++11 -Wall -Wextra -D_REENTRANT -fPIC -DPREFIX=QString\(\"/usr\"\) -DL_ETCDIR=QString\(\"/etc\"\) -DL_SHAREDIR=QString\(\"/usr/share\"\) -DGIT_VERSION="\"a88ea52f\"" -DLTHEMEENGINE_DATADIR=\"/usr/share\" -DUSE_WIDGETS -DQT_NO_DEBUG -DQT_SVG_LIB -DQT_WIDGETS_LIB -DQT_X11EXTRAS_LIB -DQT_MULTIMEDIA_LIB -DQT_GUI_LIB -DQT_NETWORK_LIB -DQT_CONCURRENT_LIB -DQT_CORE_LIB -I. -I../../../libLumina -I/usr/include/qt5 -I/usr -I/usr/include -I/home/q5sys/git/lumina/src-qt5/core/lumina-theme-engine/src/lthemeengine -I/usr/include/qt5/QtSvg -I/usr/include/qt5/QtWidgets -I/usr/include/qt5/QtX11Extras -I/usr/include/qt5/QtMultimedia -I/usr/include/qt5/QtGui -I/usr/include/qt5/QtNetwork -I/usr/include/qt5/QtConcurrent -I/usr/include/qt5/QtCore -I.build/moc -I.build/ui -I/usr/lib64/qt5/mkspecs/linux-g++ -o .build/obj/qsseditordialog.o qsseditordialog.cpp
g++ -c -pipe -O2 -flto=auto -ffat-lto-objects -fexceptions -g -grecord-gcc-switches -pipe -Wall -Werror=format-security -Wp,-D_FORTIFY_SOURCE=2 -Wp,-D_GLIBCXX_ASSERTIONS -specs=/usr/lib/rpm/redhat/redhat-hardened-cc1 -fstack-protector-strong -specs=/usr/lib/rpm/redhat/redhat-annobin-cc1 -m64 -mtune=generic -fasynchronous-unwind-tables -fstack-clash-protection -fcf-protection -std=gnu++11 -Wall -Wextra -D_REENTRANT -fPIC -DPREFIX=QString\(\"/usr\"\) -DL_ETCDIR=QString\(\"/etc\"\) -DL_SHAREDIR=QString\(\"/usr/share\"\) -DGIT_VERSION="\"a88ea52f\"" -DLTHEMEENGINE_DATADIR=\"/usr/share\" -DUSE_WIDGETS -DQT_NO_DEBUG -DQT_SVG_LIB -DQT_WIDGETS_LIB -DQT_X11EXTRAS_LIB -DQT_MULTIMEDIA_LIB -DQT_GUI_LIB -DQT_NETWORK_LIB -DQT_CONCURRENT_LIB -DQT_CORE_LIB -I. -I../../../libLumina -I/usr/include/qt5 -I/usr -I/usr/include -I/home/q5sys/git/lumina/src-qt5/core/lumina-theme-engine/src/lthemeengine -I/usr/include/qt5/QtSvg -I/usr/include/qt5/QtWidgets -I/usr/include/qt5/QtX11Extras -I/usr/include/qt5/QtMultimedia -I/usr/include/qt5/QtGui -I/usr/include/qt5/QtNetwork -I/usr/include/qt5/QtConcurrent -I/usr/include/qt5/QtCore -I.build/moc -I.build/ui -I/usr/lib64/qt5/mkspecs/linux-g++ -o .build/obj/cursorthemepage.o cursorthemepage.cpp
g++ -c -pipe -O2 -flto=auto -ffat-lto-objects -fexceptions -g -grecord-gcc-switches -pipe -Wall -Werror=format-security -Wp,-D_FORTIFY_SOURCE=2 -Wp,-D_GLIBCXX_ASSERTIONS -specs=/usr/lib/rpm/redhat/redhat-hardened-cc1 -fstack-protector-strong -specs=/usr/lib/rpm/redhat/redhat-annobin-cc1 -m64 -mtune=generic -fasynchronous-unwind-tables -fstack-clash-protection -fcf-protection -std=gnu++11 -Wall -Wextra -D_REENTRANT -fPIC -DPREFIX=QString\(\"/usr\"\) -DL_ETCDIR=QString\(\"/etc\"\) -DL_SHAREDIR=QString\(\"/usr/share\"\) -DGIT_VERSION="\"a88ea52f\"" -DQT_NO_DEBUG -DQT_MULTIMEDIAWIDGETS_LIB -DQT_SVG_LIB -DQT_WIDGETS_LIB -DQT_X11EXTRAS_LIB -DQT_MULTIMEDIA_LIB -DQT_QUICK_LIB -DQT_GUI_LIB -DQT_QMLMODELS_LIB -DQT_QML_LIB -DQT_NETWORK_LIB -DQT_CONCURRENT_LIB -DQT_CORE_LIB -I. -I../libLumina -I/usr/include/qt5 -I/usr -I/usr/include -I/home/q5sys/git/lumina/src-qt5/core/lumina-desktop -I../../src-cpp -Isrc-screensaver -I/usr/include/qt5/QtMultimediaWidgets -I/usr/include/qt5/QtSvg -I/usr/include/qt5/QtWidgets -I/usr/include/qt5/QtX11Extras -I/usr/include/qt5/QtMultimedia -I/usr/include/qt5/QtQuick -I/usr/include/qt5/QtGui -I/usr/include/qt5/QtQmlModels -I/usr/include/qt5/QtQml -I/usr/include/qt5/QtNetwork -I/usr/include/qt5/QtConcurrent -I/usr/include/qt5/QtCore -I.build/moc -I.build/ui -I/usr/lib64/qt5/mkspecs/linux-g++ -o .build/obj/moc_LuminaThemes.o .build/moc/moc_LuminaThemes.cpp
cursorthemepage.cpp: In member function ‘QIcon CursorThemePage::findIcon(const QString&, int, const QString&)’:
cursorthemepage.cpp:110:7: warning: this ‘if’ clause does not guard... [-Wmisleading-indentation]
  110 |       if(iconDir.entryInfoList().isEmpty())
      |       ^~
cursorthemepage.cpp:112:9: note: ...this statement, but the latter is misleadingly indented as if it were guarded by the ‘if’
  112 |         return QIcon(iconDir.entryInfoList().first().absoluteFilePath());
      |         ^~~~~~
cursorthemepage.cpp:122:5: warning: this ‘if’ clause does not guard... [-Wmisleading-indentation]
  122 |     if(iconDir.entryInfoList().isEmpty())
      |     ^~
cursorthemepage.cpp:124:7: note: ...this statement, but the latter is misleadingly indented as if it were guarded by the ‘if’
  124 |       return QIcon(iconDir.entryInfoList().first().absoluteFilePath());
      |       ^~~~~~
g++ -c -pipe -O2 -flto=auto -ffat-lto-objects -fexceptions -g -grecord-gcc-switches -pipe -Wall -Werror=format-security -Wp,-D_FORTIFY_SOURCE=2 -Wp,-D_GLIBCXX_ASSERTIONS -specs=/usr/lib/rpm/redhat/redhat-hardened-cc1 -fstack-protector-strong -specs=/usr/lib/rpm/redhat/redhat-annobin-cc1 -m64 -mtune=generic -fasynchronous-unwind-tables -fstack-clash-protection -fcf-protection -std=gnu++11 -Wall -Wextra -D_REENTRANT -fPIC -DPREFIX=QString\(\"/usr\"\) -DL_ETCDIR=QString\(\"/etc\"\) -DL_SHAREDIR=QString\(\"/usr/share\"\) -DGIT_VERSION="\"a88ea52f\"" -DQT_NO_DEBUG -DQT_MULTIMEDIAWIDGETS_LIB -DQT_SVG_LIB -DQT_WIDGETS_LIB -DQT_X11EXTRAS_LIB -DQT_MULTIMEDIA_LIB -DQT_QUICK_LIB -DQT_GUI_LIB -DQT_QMLMODELS_LIB -DQT_QML_LIB -DQT_NETWORK_LIB -DQT_CONCURRENT_LIB -DQT_CORE_LIB -I. -I../libLumina -I/usr/include/qt5 -I/usr -I/usr/include -I/home/q5sys/git/lumina/src-qt5/core/lumina-desktop -I../../src-cpp -Isrc-screensaver -I/usr/include/qt5/QtMultimediaWidgets -I/usr/include/qt5/QtSvg -I/usr/include/qt5/QtWidgets -I/usr/include/qt5/QtX11Extras -I/usr/include/qt5/QtMultimedia -I/usr/include/qt5/QtQuick -I/usr/include/qt5/QtGui -I/usr/include/qt5/QtQmlModels -I/usr/include/qt5/QtQml -I/usr/include/qt5/QtNetwork -I/usr/include/qt5/QtConcurrent -I/usr/include/qt5/QtCore -I.build/moc -I.build/ui -I/usr/lib64/qt5/mkspecs/linux-g++ -o .build/obj/moc_LuminaXDG.o .build/moc/moc_LuminaXDG.cpp
g++ -pipe -O2 -flto=auto -ffat-lto-objects -fexceptions -g -grecord-gcc-switches -pipe -Wall -Werror=format-security -Wp,-D_FORTIFY_SOURCE=2 -Wp,-D_GLIBCXX_ASSERTIONS -specs=/usr/lib/rpm/redhat/redhat-hardened-cc1 -fstack-protector-strong -specs=/usr/lib/rpm/redhat/redhat-annobin-cc1 -m64 -mtune=generic -fasynchronous-unwind-tables -fstack-clash-protection -fcf-protection -std=gnu++11 -Wall -Wextra -dM -E -o .build/moc/moc_predefs.h /usr/lib64/qt5/mkspecs/features/data/dummy.cpp
/usr/lib64/qt5/bin/moc -DPREFIX=QString\(\"/usr\"\) -DL_ETCDIR=QString\(\"/etc\"\) -DL_SHAREDIR=QString\(\"/usr/share\"\) -DGIT_VERSION="\"a88ea52f\"" -DLTHEMEENGINE_DATADIR=\"/usr/share\" -DUSE_WIDGETS -DQT_NO_DEBUG -DQT_SVG_LIB -DQT_WIDGETS_LIB -DQT_X11EXTRAS_LIB -DQT_MULTIMEDIA_LIB -DQT_GUI_LIB -DQT_NETWORK_LIB -DQT_CONCURRENT_LIB -DQT_CORE_LIB --include /home/q5sys/git/lumina/src-qt5/core/lumina-theme-engine/src/lthemeengine/.build/moc/moc_predefs.h -I/usr/lib64/qt5/mkspecs/linux-g++ -I/home/q5sys/git/lumina/src-qt5/core/lumina-theme-engine/src/lthemeengine -I/home/q5sys/git/lumina/src-qt5/core/libLumina -I/usr/include/qt5 -I/usr -I/usr/include -I'/home/q5sys/git/lumina/src-qt5/core/lumina-theme-engine/src/lthemeengine//home/q5sys/git/lumina/src-qt5/core/lumina-theme-engine/src/lthemeengine' -I/usr/include/qt5/QtSvg -I/usr/include/qt5/QtWidgets -I/usr/include/qt5/QtX11Extras -I/usr/include/qt5/QtMultimedia -I/usr/include/qt5/QtGui -I/usr/include/qt5/QtNetwork -I/usr/include/qt5/QtConcurrent -I/usr/include/qt5/QtCore -I/usr/include/c++/11 -I/usr/include/c++/11/x86_64-redhat-linux -I/usr/include/c++/11/backward -I/usr/lib/gcc/x86_64-redhat-linux/11/include -I/usr/local/include -I/usr/include ../../../libLumina/LuminaThemes.h -o .build/moc/moc_LuminaThemes.cpp
/usr/lib64/qt5/bin/moc -DPREFIX=QString\(\"/usr\"\) -DL_ETCDIR=QString\(\"/etc\"\) -DL_SHAREDIR=QString\(\"/usr/share\"\) -DGIT_VERSION="\"a88ea52f\"" -DLTHEMEENGINE_DATADIR=\"/usr/share\" -DUSE_WIDGETS -DQT_NO_DEBUG -DQT_SVG_LIB -DQT_WIDGETS_LIB -DQT_X11EXTRAS_LIB -DQT_MULTIMEDIA_LIB -DQT_GUI_LIB -DQT_NETWORK_LIB -DQT_CONCURRENT_LIB -DQT_CORE_LIB --include /home/q5sys/git/lumina/src-qt5/core/lumina-theme-engine/src/lthemeengine/.build/moc/moc_predefs.h -I/usr/lib64/qt5/mkspecs/linux-g++ -I/home/q5sys/git/lumina/src-qt5/core/lumina-theme-engine/src/lthemeengine -I/home/q5sys/git/lumina/src-qt5/core/libLumina -I/usr/include/qt5 -I/usr -I/usr/include -I'/home/q5sys/git/lumina/src-qt5/core/lumina-theme-engine/src/lthemeengine//home/q5sys/git/lumina/src-qt5/core/lumina-theme-engine/src/lthemeengine' -I/usr/include/qt5/QtSvg -I/usr/include/qt5/QtWidgets -I/usr/include/qt5/QtX11Extras -I/usr/include/qt5/QtMultimedia -I/usr/include/qt5/QtGui -I/usr/include/qt5/QtNetwork -I/usr/include/qt5/QtConcurrent -I/usr/include/qt5/QtCore -I/usr/include/c++/11 -I/usr/include/c++/11/x86_64-redhat-linux -I/usr/include/c++/11/backward -I/usr/lib/gcc/x86_64-redhat-linux/11/include -I/usr/local/include -I/usr/include ../../../libLumina/LuminaXDG.h -o .build/moc/moc_LuminaXDG.cpp
/usr/lib64/qt5/bin/moc -DPREFIX=QString\(\"/usr\"\) -DL_ETCDIR=QString\(\"/etc\"\) -DL_SHAREDIR=QString\(\"/usr/share\"\) -DGIT_VERSION="\"a88ea52f\"" -DLTHEMEENGINE_DATADIR=\"/usr/share\" -DUSE_WIDGETS -DQT_NO_DEBUG -DQT_SVG_LIB -DQT_WIDGETS_LIB -DQT_X11EXTRAS_LIB -DQT_MULTIMEDIA_LIB -DQT_GUI_LIB -DQT_NETWORK_LIB -DQT_CONCURRENT_LIB -DQT_CORE_LIB --include /home/q5sys/git/lumina/src-qt5/core/lumina-theme-engine/src/lthemeengine/.build/moc/moc_predefs.h -I/usr/lib64/qt5/mkspecs/linux-g++ -I/home/q5sys/git/lumina/src-qt5/core/lumina-theme-engine/src/lthemeengine -I/home/q5sys/git/lumina/src-qt5/core/libLumina -I/usr/include/qt5 -I/usr -I/usr/include -I'/home/q5sys/git/lumina/src-qt5/core/lumina-theme-engine/src/lthemeengine//home/q5sys/git/lumina/src-qt5/core/lumina-theme-engine/src/lthemeengine' -I/usr/include/qt5/QtSvg -I/usr/include/qt5/QtWidgets -I/usr/include/qt5/QtX11Extras -I/usr/include/qt5/QtMultimedia -I/usr/include/qt5/QtGui -I/usr/include/qt5/QtNetwork -I/usr/include/qt5/QtConcurrent -I/usr/include/qt5/QtCore -I/usr/include/c++/11 -I/usr/include/c++/11/x86_64-redhat-linux -I/usr/include/c++/11/backward -I/usr/lib/gcc/x86_64-redhat-linux/11/include -I/usr/local/include -I/usr/include mainwindow.h -o .build/moc/moc_mainwindow.cpp
g++ -c -pipe -O2 -flto=auto -ffat-lto-objects -fexceptions -g -grecord-gcc-switches -pipe -Wall -Werror=format-security -Wp,-D_FORTIFY_SOURCE=2 -Wp,-D_GLIBCXX_ASSERTIONS -specs=/usr/lib/rpm/redhat/redhat-hardened-cc1 -fstack-protector-strong -specs=/usr/lib/rpm/redhat/redhat-annobin-cc1 -m64 -mtune=generic -fasynchronous-unwind-tables -fstack-clash-protection -fcf-protection -std=gnu++11 -Wall -Wextra -D_REENTRANT -fPIC -DPREFIX=QString\(\"/usr\"\) -DL_ETCDIR=QString\(\"/etc\"\) -DL_SHAREDIR=QString\(\"/usr/share\"\) -DGIT_VERSION="\"a88ea52f\"" -DQT_NO_DEBUG -DQT_MULTIMEDIAWIDGETS_LIB -DQT_SVG_LIB -DQT_WIDGETS_LIB -DQT_X11EXTRAS_LIB -DQT_MULTIMEDIA_LIB -DQT_QUICK_LIB -DQT_GUI_LIB -DQT_QMLMODELS_LIB -DQT_QML_LIB -DQT_NETWORK_LIB -DQT_CONCURRENT_LIB -DQT_CORE_LIB -I. -I../libLumina -I/usr/include/qt5 -I/usr -I/usr/include -I/home/q5sys/git/lumina/src-qt5/core/lumina-desktop -I../../src-cpp -Isrc-screensaver -I/usr/include/qt5/QtMultimediaWidgets -I/usr/include/qt5/QtSvg -I/usr/include/qt5/QtWidgets -I/usr/include/qt5/QtX11Extras -I/usr/include/qt5/QtMultimedia -I/usr/include/qt5/QtQuick -I/usr/include/qt5/QtGui -I/usr/include/qt5/QtQmlModels -I/usr/include/qt5/QtQml -I/usr/include/qt5/QtNetwork -I/usr/include/qt5/QtConcurrent -I/usr/include/qt5/QtCore -I.build/moc -I.build/ui -I/usr/lib64/qt5/mkspecs/linux-g++ -o .build/obj/moc_LuminaSingleApplication.o .build/moc/moc_LuminaSingleApplication.cpp
/usr/lib64/qt5/bin/moc -DPREFIX=QString\(\"/usr\"\) -DL_ETCDIR=QString\(\"/etc\"\) -DL_SHAREDIR=QString\(\"/usr/share\"\) -DGIT_VERSION="\"a88ea52f\"" -DLTHEMEENGINE_DATADIR=\"/usr/share\" -DUSE_WIDGETS -DQT_NO_DEBUG -DQT_SVG_LIB -DQT_WIDGETS_LIB -DQT_X11EXTRAS_LIB -DQT_MULTIMEDIA_LIB -DQT_GUI_LIB -DQT_NETWORK_LIB -DQT_CONCURRENT_LIB -DQT_CORE_LIB --include /home/q5sys/git/lumina/src-qt5/core/lumina-theme-engine/src/lthemeengine/.build/moc/moc_predefs.h -I/usr/lib64/qt5/mkspecs/linux-g++ -I/home/q5sys/git/lumina/src-qt5/core/lumina-theme-engine/src/lthemeengine -I/home/q5sys/git/lumina/src-qt5/core/libLumina -I/usr/include/qt5 -I/usr -I/usr/include -I'/home/q5sys/git/lumina/src-qt5/core/lumina-theme-engine/src/lthemeengine//home/q5sys/git/lumina/src-qt5/core/lumina-theme-engine/src/lthemeengine' -I/usr/include/qt5/QtSvg -I/usr/include/qt5/QtWidgets -I/usr/include/qt5/QtX11Extras -I/usr/include/qt5/QtMultimedia -I/usr/include/qt5/QtGui -I/usr/include/qt5/QtNetwork -I/usr/include/qt5/QtConcurrent -I/usr/include/qt5/QtCore -I/usr/include/c++/11 -I/usr/include/c++/11/x86_64-redhat-linux -I/usr/include/c++/11/backward -I/usr/lib/gcc/x86_64-redhat-linux/11/include -I/usr/local/include -I/usr/include tabpage.h -o .build/moc/moc_tabpage.cpp
/usr/lib64/qt5/bin/moc -DPREFIX=QString\(\"/usr\"\) -DL_ETCDIR=QString\(\"/etc\"\) -DL_SHAREDIR=QString\(\"/usr/share\"\) -DGIT_VERSION="\"a88ea52f\"" -DLTHEMEENGINE_DATADIR=\"/usr/share\" -DUSE_WIDGETS -DQT_NO_DEBUG -DQT_SVG_LIB -DQT_WIDGETS_LIB -DQT_X11EXTRAS_LIB -DQT_MULTIMEDIA_LIB -DQT_GUI_LIB -DQT_NETWORK_LIB -DQT_CONCURRENT_LIB -DQT_CORE_LIB --include /home/q5sys/git/lumina/src-qt5/core/lumina-theme-engine/src/lthemeengine/.build/moc/moc_predefs.h -I/usr/lib64/qt5/mkspecs/linux-g++ -I/home/q5sys/git/lumina/src-qt5/core/lumina-theme-engine/src/lthemeengine -I/home/q5sys/git/lumina/src-qt5/core/libLumina -I/usr/include/qt5 -I/usr -I/usr/include -I'/home/q5sys/git/lumina/src-qt5/core/lumina-theme-engine/src/lthemeengine//home/q5sys/git/lumina/src-qt5/core/lumina-theme-engine/src/lthemeengine' -I/usr/include/qt5/QtSvg -I/usr/include/qt5/QtWidgets -I/usr/include/qt5/QtX11Extras -I/usr/include/qt5/QtMultimedia -I/usr/include/qt5/QtGui -I/usr/include/qt5/QtNetwork -I/usr/include/qt5/QtConcurrent -I/usr/include/qt5/QtCore -I/usr/include/c++/11 -I/usr/include/c++/11/x86_64-redhat-linux -I/usr/include/c++/11/backward -I/usr/lib/gcc/x86_64-redhat-linux/11/include -I/usr/local/include -I/usr/include appearancepage.h -o .build/moc/moc_appearancepage.cpp
/usr/lib64/qt5/bin/moc -DPREFIX=QString\(\"/usr\"\) -DL_ETCDIR=QString\(\"/etc\"\) -DL_SHAREDIR=QString\(\"/usr/share\"\) -DGIT_VERSION="\"a88ea52f\"" -DLTHEMEENGINE_DATADIR=\"/usr/share\" -DUSE_WIDGETS -DQT_NO_DEBUG -DQT_SVG_LIB -DQT_WIDGETS_LIB -DQT_X11EXTRAS_LIB -DQT_MULTIMEDIA_LIB -DQT_GUI_LIB -DQT_NETWORK_LIB -DQT_CONCURRENT_LIB -DQT_CORE_LIB --include /home/q5sys/git/lumina/src-qt5/core/lumina-theme-engine/src/lthemeengine/.build/moc/moc_predefs.h -I/usr/lib64/qt5/mkspecs/linux-g++ -I/home/q5sys/git/lumina/src-qt5/core/lumina-theme-engine/src/lthemeengine -I/home/q5sys/git/lumina/src-qt5/core/libLumina -I/usr/include/qt5 -I/usr -I/usr/include -I'/home/q5sys/git/lumina/src-qt5/core/lumina-theme-engine/src/lthemeengine//home/q5sys/git/lumina/src-qt5/core/lumina-theme-engine/src/lthemeengine' -I/usr/include/qt5/QtSvg -I/usr/include/qt5/QtWidgets -I/usr/include/qt5/QtX11Extras -I/usr/include/qt5/QtMultimedia -I/usr/include/qt5/QtGui -I/usr/include/qt5/QtNetwork -I/usr/include/qt5/QtConcurrent -I/usr/include/qt5/QtCore -I/usr/include/c++/11 -I/usr/include/c++/11/x86_64-redhat-linux -I/usr/include/c++/11/backward -I/usr/lib/gcc/x86_64-redhat-linux/11/include -I/usr/local/include -I/usr/include fontspage.h -o .build/moc/moc_fontspage.cpp
g++ -c -pipe -O2 -flto=auto -ffat-lto-objects -fexceptions -g -grecord-gcc-switches -pipe -Wall -Werror=format-security -Wp,-D_FORTIFY_SOURCE=2 -Wp,-D_GLIBCXX_ASSERTIONS -specs=/usr/lib/rpm/redhat/redhat-hardened-cc1 -fstack-protector-strong -specs=/usr/lib/rpm/redhat/redhat-annobin-cc1 -m64 -mtune=generic -fasynchronous-unwind-tables -fstack-clash-protection -fcf-protection -std=gnu++11 -Wall -Wextra -D_REENTRANT -fPIC -DPREFIX=QString\(\"/usr\"\) -DL_ETCDIR=QString\(\"/etc\"\) -DL_SHAREDIR=QString\(\"/usr/share\"\) -DGIT_VERSION="\"a88ea52f\"" -DQT_NO_DEBUG -DQT_MULTIMEDIAWIDGETS_LIB -DQT_SVG_LIB -DQT_WIDGETS_LIB -DQT_X11EXTRAS_LIB -DQT_MULTIMEDIA_LIB -DQT_QUICK_LIB -DQT_GUI_LIB -DQT_QMLMODELS_LIB -DQT_QML_LIB -DQT_NETWORK_LIB -DQT_CONCURRENT_LIB -DQT_CORE_LIB -I. -I../libLumina -I/usr/include/qt5 -I/usr -I/usr/include -I/home/q5sys/git/lumina/src-qt5/core/lumina-desktop -I../../src-cpp -Isrc-screensaver -I/usr/include/qt5/QtMultimediaWidgets -I/usr/include/qt5/QtSvg -I/usr/include/qt5/QtWidgets -I/usr/include/qt5/QtX11Extras -I/usr/include/qt5/QtMultimedia -I/usr/include/qt5/QtQuick -I/usr/include/qt5/QtGui -I/usr/include/qt5/QtQmlModels -I/usr/include/qt5/QtQml -I/usr/include/qt5/QtNetwork -I/usr/include/qt5/QtConcurrent -I/usr/include/qt5/QtCore -I.build/moc -I.build/ui -I/usr/lib64/qt5/mkspecs/linux-g++ -o .build/obj/moc_ExternalProcess.o .build/moc/moc_ExternalProcess.cpp
/usr/lib64/qt5/bin/moc -DPREFIX=QString\(\"/usr\"\) -DL_ETCDIR=QString\(\"/etc\"\) -DL_SHAREDIR=QString\(\"/usr/share\"\) -DGIT_VERSION="\"a88ea52f\"" -DLTHEMEENGINE_DATADIR=\"/usr/share\" -DUSE_WIDGETS -DQT_NO_DEBUG -DQT_SVG_LIB -DQT_WIDGETS_LIB -DQT_X11EXTRAS_LIB -DQT_MULTIMEDIA_LIB -DQT_GUI_LIB -DQT_NETWORK_LIB -DQT_CONCURRENT_LIB -DQT_CORE_LIB --include /home/q5sys/git/lumina/src-qt5/core/lumina-theme-engine/src/lthemeengine/.build/moc/moc_predefs.h -I/usr/lib64/qt5/mkspecs/linux-g++ -I/home/q5sys/git/lumina/src-qt5/core/lumina-theme-engine/src/lthemeengine -I/home/q5sys/git/lumina/src-qt5/core/libLumina -I/usr/include/qt5 -I/usr -I/usr/include -I'/home/q5sys/git/lumina/src-qt5/core/lumina-theme-engine/src/lthemeengine//home/q5sys/git/lumina/src-qt5/core/lumina-theme-engine/src/lthemeengine' -I/usr/include/qt5/QtSvg -I/usr/include/qt5/QtWidgets -I/usr/include/qt5/QtX11Extras -I/usr/include/qt5/QtMultimedia -I/usr/include/qt5/QtGui -I/usr/include/qt5/QtNetwork -I/usr/include/qt5/QtConcurrent -I/usr/include/qt5/QtCore -I/usr/include/c++/11 -I/usr/include/c++/11/x86_64-redhat-linux -I/usr/include/c++/11/backward -I/usr/lib/gcc/x86_64-redhat-linux/11/include -I/usr/local/include -I/usr/include paletteeditdialog.h -o .build/moc/moc_paletteeditdialog.cpp
g++ -c -pipe -O2 -flto=auto -ffat-lto-objects -fexceptions -g -grecord-gcc-switches -pipe -Wall -Werror=format-security -Wp,-D_FORTIFY_SOURCE=2 -Wp,-D_GLIBCXX_ASSERTIONS -specs=/usr/lib/rpm/redhat/redhat-hardened-cc1 -fstack-protector-strong -specs=/usr/lib/rpm/redhat/redhat-annobin-cc1 -m64 -mtune=generic -fasynchronous-unwind-tables -fstack-clash-protection -fcf-protection -std=gnu++11 -Wall -Wextra -D_REENTRANT -fPIC -DPREFIX=QString\(\"/usr\"\) -DL_ETCDIR=QString\(\"/etc\"\) -DL_SHAREDIR=QString\(\"/usr/share\"\) -DGIT_VERSION="\"a88ea52f\"" -DQT_NO_DEBUG -DQT_MULTIMEDIAWIDGETS_LIB -DQT_SVG_LIB -DQT_WIDGETS_LIB -DQT_X11EXTRAS_LIB -DQT_MULTIMEDIA_LIB -DQT_QUICK_LIB -DQT_GUI_LIB -DQT_QMLMODELS_LIB -DQT_QML_LIB -DQT_NETWORK_LIB -DQT_CONCURRENT_LIB -DQT_CORE_LIB -I. -I../libLumina -I/usr/include/qt5 -I/usr -I/usr/include -I/home/q5sys/git/lumina/src-qt5/core/lumina-desktop -I../../src-cpp -Isrc-screensaver -I/usr/include/qt5/QtMultimediaWidgets -I/usr/include/qt5/QtSvg -I/usr/include/qt5/QtWidgets -I/usr/include/qt5/QtX11Extras -I/usr/include/qt5/QtMultimedia -I/usr/include/qt5/QtQuick -I/usr/include/qt5/QtGui -I/usr/include/qt5/QtQmlModels -I/usr/include/qt5/QtQml -I/usr/include/qt5/QtNetwork -I/usr/include/qt5/QtConcurrent -I/usr/include/qt5/QtCore -I.build/moc -I.build/ui -I/usr/lib64/qt5/mkspecs/linux-g++ -o .build/obj/moc_LIconCache.o .build/moc/moc_LIconCache.cpp
/usr/lib64/qt5/bin/moc -DPREFIX=QString\(\"/usr\"\) -DL_ETCDIR=QString\(\"/etc\"\) -DL_SHAREDIR=QString\(\"/usr/share\"\) -DGIT_VERSION="\"a88ea52f\"" -DLTHEMEENGINE_DATADIR=\"/usr/share\" -DUSE_WIDGETS -DQT_NO_DEBUG -DQT_SVG_LIB -DQT_WIDGETS_LIB -DQT_X11EXTRAS_LIB -DQT_MULTIMEDIA_LIB -DQT_GUI_LIB -DQT_NETWORK_LIB -DQT_CONCURRENT_LIB -DQT_CORE_LIB --include /home/q5sys/git/lumina/src-qt5/core/lumina-theme-engine/src/lthemeengine/.build/moc/moc_predefs.h -I/usr/lib64/qt5/mkspecs/linux-g++ -I/home/q5sys/git/lumina/src-qt5/core/lumina-theme-engine/src/lthemeengine -I/home/q5sys/git/lumina/src-qt5/core/libLumina -I/usr/include/qt5 -I/usr -I/usr/include -I'/home/q5sys/git/lumina/src-qt5/core/lumina-theme-engine/src/lthemeengine//home/q5sys/git/lumina/src-qt5/core/lumina-theme-engine/src/lthemeengine' -I/usr/include/qt5/QtSvg -I/usr/include/qt5/QtWidgets -I/usr/include/qt5/QtX11Extras -I/usr/include/qt5/QtMultimedia -I/usr/include/qt5/QtGui -I/usr/include/qt5/QtNetwork -I/usr/include/qt5/QtConcurrent -I/usr/include/qt5/QtCore -I/usr/include/c++/11 -I/usr/include/c++/11/x86_64-redhat-linux -I/usr/include/c++/11/backward -I/usr/lib/gcc/x86_64-redhat-linux/11/include -I/usr/local/include -I/usr/include iconthemepage.h -o .build/moc/moc_iconthemepage.cpp
/usr/lib64/qt5/bin/moc -DPREFIX=QString\(\"/usr\"\) -DL_ETCDIR=QString\(\"/etc\"\) -DL_SHAREDIR=QString\(\"/usr/share\"\) -DGIT_VERSION="\"a88ea52f\"" -DLTHEMEENGINE_DATADIR=\"/usr/share\" -DUSE_WIDGETS -DQT_NO_DEBUG -DQT_SVG_LIB -DQT_WIDGETS_LIB -DQT_X11EXTRAS_LIB -DQT_MULTIMEDIA_LIB -DQT_GUI_LIB -DQT_NETWORK_LIB -DQT_CONCURRENT_LIB -DQT_CORE_LIB --include /home/q5sys/git/lumina/src-qt5/core/lumina-theme-engine/src/lthemeengine/.build/moc/moc_predefs.h -I/usr/lib64/qt5/mkspecs/linux-g++ -I/home/q5sys/git/lumina/src-qt5/core/lumina-theme-engine/src/lthemeengine -I/home/q5sys/git/lumina/src-qt5/core/libLumina -I/usr/include/qt5 -I/usr -I/usr/include -I'/home/q5sys/git/lumina/src-qt5/core/lumina-theme-engine/src/lthemeengine//home/q5sys/git/lumina/src-qt5/core/lumina-theme-engine/src/lthemeengine' -I/usr/include/qt5/QtSvg -I/usr/include/qt5/QtWidgets -I/usr/include/qt5/QtX11Extras -I/usr/include/qt5/QtMultimedia -I/usr/include/qt5/QtGui -I/usr/include/qt5/QtNetwork -I/usr/include/qt5/QtConcurrent -I/usr/include/qt5/QtCore -I/usr/include/c++/11 -I/usr/include/c++/11/x86_64-redhat-linux -I/usr/include/c++/11/backward -I/usr/lib/gcc/x86_64-redhat-linux/11/include -I/usr/local/include -I/usr/include interfacepage.h -o .build/moc/moc_interfacepage.cpp
/usr/lib64/qt5/bin/moc -DPREFIX=QString\(\"/usr\"\) -DL_ETCDIR=QString\(\"/etc\"\) -DL_SHAREDIR=QString\(\"/usr/share\"\) -DGIT_VERSION="\"a88ea52f\"" -DLTHEMEENGINE_DATADIR=\"/usr/share\" -DUSE_WIDGETS -DQT_NO_DEBUG -DQT_SVG_LIB -DQT_WIDGETS_LIB -DQT_X11EXTRAS_LIB -DQT_MULTIMEDIA_LIB -DQT_GUI_LIB -DQT_NETWORK_LIB -DQT_CONCURRENT_LIB -DQT_CORE_LIB --include /home/q5sys/git/lumina/src-qt5/core/lumina-theme-engine/src/lthemeengine/.build/moc/moc_predefs.h -I/usr/lib64/qt5/mkspecs/linux-g++ -I/home/q5sys/git/lumina/src-qt5/core/lumina-theme-engine/src/lthemeengine -I/home/q5sys/git/lumina/src-qt5/core/libLumina -I/usr/include/qt5 -I/usr -I/usr/include -I'/home/q5sys/git/lumina/src-qt5/core/lumina-theme-engine/src/lthemeengine//home/q5sys/git/lumina/src-qt5/core/lumina-theme-engine/src/lthemeengine' -I/usr/include/qt5/QtSvg -I/usr/include/qt5/QtWidgets -I/usr/include/qt5/QtX11Extras -I/usr/include/qt5/QtMultimedia -I/usr/include/qt5/QtGui -I/usr/include/qt5/QtNetwork -I/usr/include/qt5/QtConcurrent -I/usr/include/qt5/QtCore -I/usr/include/c++/11 -I/usr/include/c++/11/x86_64-redhat-linux -I/usr/include/c++/11/backward -I/usr/lib/gcc/x86_64-redhat-linux/11/include -I/usr/local/include -I/usr/include fontconfigdialog.h -o .build/moc/moc_fontconfigdialog.cpp
/usr/lib64/qt5/bin/moc -DPREFIX=QString\(\"/usr\"\) -DL_ETCDIR=QString\(\"/etc\"\) -DL_SHAREDIR=QString\(\"/usr/share\"\) -DGIT_VERSION="\"a88ea52f\"" -DLTHEMEENGINE_DATADIR=\"/usr/share\" -DUSE_WIDGETS -DQT_NO_DEBUG -DQT_SVG_LIB -DQT_WIDGETS_LIB -DQT_X11EXTRAS_LIB -DQT_MULTIMEDIA_LIB -DQT_GUI_LIB -DQT_NETWORK_LIB -DQT_CONCURRENT_LIB -DQT_CORE_LIB --include /home/q5sys/git/lumina/src-qt5/core/lumina-theme-engine/src/lthemeengine/.build/moc/moc_predefs.h -I/usr/lib64/qt5/mkspecs/linux-g++ -I/home/q5sys/git/lumina/src-qt5/core/lumina-theme-engine/src/lthemeengine -I/home/q5sys/git/lumina/src-qt5/core/libLumina -I/usr/include/qt5 -I/usr -I/usr/include -I'/home/q5sys/git/lumina/src-qt5/core/lumina-theme-engine/src/lthemeengine//home/q5sys/git/lumina/src-qt5/core/lumina-theme-engine/src/lthemeengine' -I/usr/include/qt5/QtSvg -I/usr/include/qt5/QtWidgets -I/usr/include/qt5/QtX11Extras -I/usr/include/qt5/QtMultimedia -I/usr/include/qt5/QtGui -I/usr/include/qt5/QtNetwork -I/usr/include/qt5/QtConcurrent -I/usr/include/qt5/QtCore -I/usr/include/c++/11 -I/usr/include/c++/11/x86_64-redhat-linux -I/usr/include/c++/11/backward -I/usr/lib/gcc/x86_64-redhat-linux/11/include -I/usr/local/include -I/usr/include qsspage.h -o .build/moc/moc_qsspage.cpp
In file included from .build/moc/moc_ExternalProcess.cpp:10:
.build/moc/../../../libLumina/ExternalProcess.h: In static member function ‘static void ExternalProcess::launch(QString, QStringList, bool)’:
.build/moc/../../../libLumina/ExternalProcess.h:84:41: warning: ‘void QProcess::start(const QString&, QIODevice::OpenMode)’ is deprecated: Use QProcess::start(const QString &program, const QStringList &arguments,OpenMode mode = ReadWrite) instead [-Wdeprecated-declarations]
   84 |           if(args.isEmpty()){ tmp->start(program); }
      |                               ~~~~~~~~~~^~~~~~~~~
In file included from /usr/include/qt5/QtCore/QProcess:1,
                 from .build/moc/../../../libLumina/ExternalProcess.h:14,
                 from .build/moc/moc_ExternalProcess.cpp:10:
/usr/include/qt5/QtCore/qprocess.h:168:10: note: declared here
  168 |     void start(const QString &command, OpenMode mode = ReadWrite);
      |          ^~~~~
/usr/lib64/qt5/bin/moc -DPREFIX=QString\(\"/usr\"\) -DL_ETCDIR=QString\(\"/etc\"\) -DL_SHAREDIR=QString\(\"/usr/share\"\) -DGIT_VERSION="\"a88ea52f\"" -DLTHEMEENGINE_DATADIR=\"/usr/share\" -DUSE_WIDGETS -DQT_NO_DEBUG -DQT_SVG_LIB -DQT_WIDGETS_LIB -DQT_X11EXTRAS_LIB -DQT_MULTIMEDIA_LIB -DQT_GUI_LIB -DQT_NETWORK_LIB -DQT_CONCURRENT_LIB -DQT_CORE_LIB --include /home/q5sys/git/lumina/src-qt5/core/lumina-theme-engine/src/lthemeengine/.build/moc/moc_predefs.h -I/usr/lib64/qt5/mkspecs/linux-g++ -I/home/q5sys/git/lumina/src-qt5/core/lumina-theme-engine/src/lthemeengine -I/home/q5sys/git/lumina/src-qt5/core/libLumina -I/usr/include/qt5 -I/usr -I/usr/include -I'/home/q5sys/git/lumina/src-qt5/core/lumina-theme-engine/src/lthemeengine//home/q5sys/git/lumina/src-qt5/core/lumina-theme-engine/src/lthemeengine' -I/usr/include/qt5/QtSvg -I/usr/include/qt5/QtWidgets -I/usr/include/qt5/QtX11Extras -I/usr/include/qt5/QtMultimedia -I/usr/include/qt5/QtGui -I/usr/include/qt5/QtNetwork -I/usr/include/qt5/QtConcurrent -I/usr/include/qt5/QtCore -I/usr/include/c++/11 -I/usr/include/c++/11/x86_64-redhat-linux -I/usr/include/c++/11/backward -I/usr/lib/gcc/x86_64-redhat-linux/11/include -I/usr/local/include -I/usr/include qsseditordialog.h -o .build/moc/moc_qsseditordialog.cpp
/usr/lib64/qt5/bin/moc -DPREFIX=QString\(\"/usr\"\) -DL_ETCDIR=QString\(\"/etc\"\) -DL_SHAREDIR=QString\(\"/usr/share\"\) -DGIT_VERSION="\"a88ea52f\"" -DLTHEMEENGINE_DATADIR=\"/usr/share\" -DUSE_WIDGETS -DQT_NO_DEBUG -DQT_SVG_LIB -DQT_WIDGETS_LIB -DQT_X11EXTRAS_LIB -DQT_MULTIMEDIA_LIB -DQT_GUI_LIB -DQT_NETWORK_LIB -DQT_CONCURRENT_LIB -DQT_CORE_LIB --include /home/q5sys/git/lumina/src-qt5/core/lumina-theme-engine/src/lthemeengine/.build/moc/moc_predefs.h -I/usr/lib64/qt5/mkspecs/linux-g++ -I/home/q5sys/git/lumina/src-qt5/core/lumina-theme-engine/src/lthemeengine -I/home/q5sys/git/lumina/src-qt5/core/libLumina -I/usr/include/qt5 -I/usr -I/usr/include -I'/home/q5sys/git/lumina/src-qt5/core/lumina-theme-engine/src/lthemeengine//home/q5sys/git/lumina/src-qt5/core/lumina-theme-engine/src/lthemeengine' -I/usr/include/qt5/QtSvg -I/usr/include/qt5/QtWidgets -I/usr/include/qt5/QtX11Extras -I/usr/include/qt5/QtMultimedia -I/usr/include/qt5/QtGui -I/usr/include/qt5/QtNetwork -I/usr/include/qt5/QtConcurrent -I/usr/include/qt5/QtCore -I/usr/include/c++/11 -I/usr/include/c++/11/x86_64-redhat-linux -I/usr/include/c++/11/backward -I/usr/lib/gcc/x86_64-redhat-linux/11/include -I/usr/local/include -I/usr/include cursorthemepage.h -o .build/moc/moc_cursorthemepage.cpp
g++ -c -pipe -O2 -flto=auto -ffat-lto-objects -fexceptions -g -grecord-gcc-switches -pipe -Wall -Werror=format-security -Wp,-D_FORTIFY_SOURCE=2 -Wp,-D_GLIBCXX_ASSERTIONS -specs=/usr/lib/rpm/redhat/redhat-hardened-cc1 -fstack-protector-strong -specs=/usr/lib/rpm/redhat/redhat-annobin-cc1 -m64 -mtune=generic -fasynchronous-unwind-tables -fstack-clash-protection -fcf-protection -std=gnu++11 -Wall -Wextra -D_REENTRANT -fPIC -DPREFIX=QString\(\"/usr\"\) -DL_ETCDIR=QString\(\"/etc\"\) -DL_SHAREDIR=QString\(\"/usr/share\"\) -DGIT_VERSION="\"a88ea52f\"" -DQT_NO_DEBUG -DQT_MULTIMEDIAWIDGETS_LIB -DQT_SVG_LIB -DQT_WIDGETS_LIB -DQT_X11EXTRAS_LIB -DQT_MULTIMEDIA_LIB -DQT_QUICK_LIB -DQT_GUI_LIB -DQT_QMLMODELS_LIB -DQT_QML_LIB -DQT_NETWORK_LIB -DQT_CONCURRENT_LIB -DQT_CORE_LIB -I. -I../libLumina -I/usr/include/qt5 -I/usr -I/usr/include -I/home/q5sys/git/lumina/src-qt5/core/lumina-desktop -I../../src-cpp -Isrc-screensaver -I/usr/include/qt5/QtMultimediaWidgets -I/usr/include/qt5/QtSvg -I/usr/include/qt5/QtWidgets -I/usr/include/qt5/QtX11Extras -I/usr/include/qt5/QtMultimedia -I/usr/include/qt5/QtQuick -I/usr/include/qt5/QtGui -I/usr/include/qt5/QtQmlModels -I/usr/include/qt5/QtQml -I/usr/include/qt5/QtNetwork -I/usr/include/qt5/QtConcurrent -I/usr/include/qt5/QtCore -I.build/moc -I.build/ui -I/usr/lib64/qt5/mkspecs/linux-g++ -o .build/obj/moc_DesktopSettings.o .build/moc/moc_DesktopSettings.cpp
g++ -c -pipe -O2 -flto=auto -ffat-lto-objects -fexceptions -g -grecord-gcc-switches -pipe -Wall -Werror=format-security -Wp,-D_FORTIFY_SOURCE=2 -Wp,-D_GLIBCXX_ASSERTIONS -specs=/usr/lib/rpm/redhat/redhat-hardened-cc1 -fstack-protector-strong -specs=/usr/lib/rpm/redhat/redhat-annobin-cc1 -m64 -mtune=generic -fasynchronous-unwind-tables -fstack-clash-protection -fcf-protection -std=gnu++11 -Wall -Wextra -D_REENTRANT -fPIC -DPREFIX=QString\(\"/usr\"\) -DL_ETCDIR=QString\(\"/etc\"\) -DL_SHAREDIR=QString\(\"/usr/share\"\) -DGIT_VERSION="\"a88ea52f\"" -DLTHEMEENGINE_DATADIR=\"/usr/share\" -DUSE_WIDGETS -DQT_NO_DEBUG -DQT_SVG_LIB -DQT_WIDGETS_LIB -DQT_X11EXTRAS_LIB -DQT_MULTIMEDIA_LIB -DQT_GUI_LIB -DQT_NETWORK_LIB -DQT_CONCURRENT_LIB -DQT_CORE_LIB -I. -I../../../libLumina -I/usr/include/qt5 -I/usr -I/usr/include -I/home/q5sys/git/lumina/src-qt5/core/lumina-theme-engine/src/lthemeengine -I/usr/include/qt5/QtSvg -I/usr/include/qt5/QtWidgets -I/usr/include/qt5/QtX11Extras -I/usr/include/qt5/QtMultimedia -I/usr/include/qt5/QtGui -I/usr/include/qt5/QtNetwork -I/usr/include/qt5/QtConcurrent -I/usr/include/qt5/QtCore -I.build/moc -I.build/ui -I/usr/lib64/qt5/mkspecs/linux-g++ -o .build/obj/moc_LuminaThemes.o .build/moc/moc_LuminaThemes.cpp
g++ -c -pipe -O2 -flto=auto -ffat-lto-objects -fexceptions -g -grecord-gcc-switches -pipe -Wall -Werror=format-security -Wp,-D_FORTIFY_SOURCE=2 -Wp,-D_GLIBCXX_ASSERTIONS -specs=/usr/lib/rpm/redhat/redhat-hardened-cc1 -fstack-protector-strong -specs=/usr/lib/rpm/redhat/redhat-annobin-cc1 -m64 -mtune=generic -fasynchronous-unwind-tables -fstack-clash-protection -fcf-protection -std=gnu++11 -Wall -Wextra -D_REENTRANT -fPIC -DPREFIX=QString\(\"/usr\"\) -DL_ETCDIR=QString\(\"/etc\"\) -DL_SHAREDIR=QString\(\"/usr/share\"\) -DGIT_VERSION="\"a88ea52f\"" -DQT_NO_DEBUG -DQT_MULTIMEDIAWIDGETS_LIB -DQT_SVG_LIB -DQT_WIDGETS_LIB -DQT_X11EXTRAS_LIB -DQT_MULTIMEDIA_LIB -DQT_QUICK_LIB -DQT_GUI_LIB -DQT_QMLMODELS_LIB -DQT_QML_LIB -DQT_NETWORK_LIB -DQT_CONCURRENT_LIB -DQT_CORE_LIB -I. -I../libLumina -I/usr/include/qt5 -I/usr -I/usr/include -I/home/q5sys/git/lumina/src-qt5/core/lumina-desktop -I../../src-cpp -Isrc-screensaver -I/usr/include/qt5/QtMultimediaWidgets -I/usr/include/qt5/QtSvg -I/usr/include/qt5/QtWidgets -I/usr/include/qt5/QtX11Extras -I/usr/include/qt5/QtMultimedia -I/usr/include/qt5/QtQuick -I/usr/include/qt5/QtGui -I/usr/include/qt5/QtQmlModels -I/usr/include/qt5/QtQml -I/usr/include/qt5/QtNetwork -I/usr/include/qt5/QtConcurrent -I/usr/include/qt5/QtCore -I.build/moc -I.build/ui -I/usr/lib64/qt5/mkspecs/linux-g++ -o .build/obj/moc_WMProcess.o .build/moc/moc_WMProcess.cpp
g++ -c -pipe -O2 -flto=auto -ffat-lto-objects -fexceptions -g -grecord-gcc-switches -pipe -Wall -Werror=format-security -Wp,-D_FORTIFY_SOURCE=2 -Wp,-D_GLIBCXX_ASSERTIONS -specs=/usr/lib/rpm/redhat/redhat-hardened-cc1 -fstack-protector-strong -specs=/usr/lib/rpm/redhat/redhat-annobin-cc1 -m64 -mtune=generic -fasynchronous-unwind-tables -fstack-clash-protection -fcf-protection -std=gnu++11 -Wall -Wextra -D_REENTRANT -fPIC -DPREFIX=QString\(\"/usr\"\) -DL_ETCDIR=QString\(\"/etc\"\) -DL_SHAREDIR=QString\(\"/usr/share\"\) -DGIT_VERSION="\"a88ea52f\"" -DQT_NO_DEBUG -DQT_MULTIMEDIAWIDGETS_LIB -DQT_SVG_LIB -DQT_WIDGETS_LIB -DQT_X11EXTRAS_LIB -DQT_MULTIMEDIA_LIB -DQT_QUICK_LIB -DQT_GUI_LIB -DQT_QMLMODELS_LIB -DQT_QML_LIB -DQT_NETWORK_LIB -DQT_CONCURRENT_LIB -DQT_CORE_LIB -I. -I../libLumina -I/usr/include/qt5 -I/usr -I/usr/include -I/home/q5sys/git/lumina/src-qt5/core/lumina-desktop -I../../src-cpp -Isrc-screensaver -I/usr/include/qt5/QtMultimediaWidgets -I/usr/include/qt5/QtSvg -I/usr/include/qt5/QtWidgets -I/usr/include/qt5/QtX11Extras -I/usr/include/qt5/QtMultimedia -I/usr/include/qt5/QtQuick -I/usr/include/qt5/QtGui -I/usr/include/qt5/QtQmlModels -I/usr/include/qt5/QtQml -I/usr/include/qt5/QtNetwork -I/usr/include/qt5/QtConcurrent -I/usr/include/qt5/QtCore -I.build/moc -I.build/ui -I/usr/lib64/qt5/mkspecs/linux-g++ -o .build/obj/moc_LSession.o .build/moc/moc_LSession.cpp
g++ -c -pipe -O2 -flto=auto -ffat-lto-objects -fexceptions -g -grecord-gcc-switches -pipe -Wall -Werror=format-security -Wp,-D_FORTIFY_SOURCE=2 -Wp,-D_GLIBCXX_ASSERTIONS -specs=/usr/lib/rpm/redhat/redhat-hardened-cc1 -fstack-protector-strong -specs=/usr/lib/rpm/redhat/redhat-annobin-cc1 -m64 -mtune=generic -fasynchronous-unwind-tables -fstack-clash-protection -fcf-protection -std=gnu++11 -Wall -Wextra -D_REENTRANT -fPIC -DPREFIX=QString\(\"/usr\"\) -DL_ETCDIR=QString\(\"/etc\"\) -DL_SHAREDIR=QString\(\"/usr/share\"\) -DGIT_VERSION="\"a88ea52f\"" -DQT_NO_DEBUG -DQT_MULTIMEDIAWIDGETS_LIB -DQT_SVG_LIB -DQT_WIDGETS_LIB -DQT_X11EXTRAS_LIB -DQT_MULTIMEDIA_LIB -DQT_QUICK_LIB -DQT_GUI_LIB -DQT_QMLMODELS_LIB -DQT_QML_LIB -DQT_NETWORK_LIB -DQT_CONCURRENT_LIB -DQT_CORE_LIB -I. -I../libLumina -I/usr/include/qt5 -I/usr -I/usr/include -I/home/q5sys/git/lumina/src-qt5/core/lumina-desktop -I../../src-cpp -Isrc-screensaver -I/usr/include/qt5/QtMultimediaWidgets -I/usr/include/qt5/QtSvg -I/usr/include/qt5/QtWidgets -I/usr/include/qt5/QtX11Extras -I/usr/include/qt5/QtMultimedia -I/usr/include/qt5/QtQuick -I/usr/include/qt5/QtGui -I/usr/include/qt5/QtQmlModels -I/usr/include/qt5/QtQml -I/usr/include/qt5/QtNetwork -I/usr/include/qt5/QtConcurrent -I/usr/include/qt5/QtCore -I.build/moc -I.build/ui -I/usr/lib64/qt5/mkspecs/linux-g++ -o .build/obj/moc_LDesktop.o .build/moc/moc_LDesktop.cpp
g++ -c -pipe -O2 -flto=auto -ffat-lto-objects -fexceptions -g -grecord-gcc-switches -pipe -Wall -Werror=format-security -Wp,-D_FORTIFY_SOURCE=2 -Wp,-D_GLIBCXX_ASSERTIONS -specs=/usr/lib/rpm/redhat/redhat-hardened-cc1 -fstack-protector-strong -specs=/usr/lib/rpm/redhat/redhat-annobin-cc1 -m64 -mtune=generic -fasynchronous-unwind-tables -fstack-clash-protection -fcf-protection -std=gnu++11 -Wall -Wextra -D_REENTRANT -fPIC -DPREFIX=QString\(\"/usr\"\) -DL_ETCDIR=QString\(\"/etc\"\) -DL_SHAREDIR=QString\(\"/usr/share\"\) -DGIT_VERSION="\"a88ea52f\"" -DQT_NO_DEBUG -DQT_MULTIMEDIAWIDGETS_LIB -DQT_SVG_LIB -DQT_WIDGETS_LIB -DQT_X11EXTRAS_LIB -DQT_MULTIMEDIA_LIB -DQT_QUICK_LIB -DQT_GUI_LIB -DQT_QMLMODELS_LIB -DQT_QML_LIB -DQT_NETWORK_LIB -DQT_CONCURRENT_LIB -DQT_CORE_LIB -I. -I../libLumina -I/usr/include/qt5 -I/usr -I/usr/include -I/home/q5sys/git/lumina/src-qt5/core/lumina-desktop -I../../src-cpp -Isrc-screensaver -I/usr/include/qt5/QtMultimediaWidgets -I/usr/include/qt5/QtSvg -I/usr/include/qt5/QtWidgets -I/usr/include/qt5/QtX11Extras -I/usr/include/qt5/QtMultimedia -I/usr/include/qt5/QtQuick -I/usr/include/qt5/QtGui -I/usr/include/qt5/QtQmlModels -I/usr/include/qt5/QtQml -I/usr/include/qt5/QtNetwork -I/usr/include/qt5/QtConcurrent -I/usr/include/qt5/QtCore -I.build/moc -I.build/ui -I/usr/lib64/qt5/mkspecs/linux-g++ -o .build/obj/moc_LDesktopBackground.o .build/moc/moc_LDesktopBackground.cpp
g++ -c -pipe -O2 -flto=auto -ffat-lto-objects -fexceptions -g -grecord-gcc-switches -pipe -Wall -Werror=format-security -Wp,-D_FORTIFY_SOURCE=2 -Wp,-D_GLIBCXX_ASSERTIONS -specs=/usr/lib/rpm/redhat/redhat-hardened-cc1 -fstack-protector-strong -specs=/usr/lib/rpm/redhat/redhat-annobin-cc1 -m64 -mtune=generic -fasynchronous-unwind-tables -fstack-clash-protection -fcf-protection -std=gnu++11 -Wall -Wextra -D_REENTRANT -fPIC -DPREFIX=QString\(\"/usr\"\) -DL_ETCDIR=QString\(\"/etc\"\) -DL_SHAREDIR=QString\(\"/usr/share\"\) -DGIT_VERSION="\"a88ea52f\"" -DLTHEMEENGINE_DATADIR=\"/usr/share\" -DUSE_WIDGETS -DQT_NO_DEBUG -DQT_SVG_LIB -DQT_WIDGETS_LIB -DQT_X11EXTRAS_LIB -DQT_MULTIMEDIA_LIB -DQT_GUI_LIB -DQT_NETWORK_LIB -DQT_CONCURRENT_LIB -DQT_CORE_LIB -I. -I../../../libLumina -I/usr/include/qt5 -I/usr -I/usr/include -I/home/q5sys/git/lumina/src-qt5/core/lumina-theme-engine/src/lthemeengine -I/usr/include/qt5/QtSvg -I/usr/include/qt5/QtWidgets -I/usr/include/qt5/QtX11Extras -I/usr/include/qt5/QtMultimedia -I/usr/include/qt5/QtGui -I/usr/include/qt5/QtNetwork -I/usr/include/qt5/QtConcurrent -I/usr/include/qt5/QtCore -I.build/moc -I.build/ui -I/usr/lib64/qt5/mkspecs/linux-g++ -o .build/obj/moc_LuminaXDG.o .build/moc/moc_LuminaXDG.cpp
In file included from .build/moc/../../panel-plugins/taskmanager/LTaskButton.h:26,
                 from .build/moc/../../panel-plugins/taskmanager/LTaskManagerPlugin.h:23,
                 from .build/moc/../../panel-plugins/NewPP.h:23,
                 from .build/moc/../../LPanel.h:24,
                 from .build/moc/../../LDesktop.h:29,
                 from .build/moc/../../LSession.h:30,
                 from .build/moc/moc_LSession.cpp:10:
.build/moc/../../panel-plugins/taskmanager/../LTBWidget.h: In member function ‘virtual void LTBWidget::wheelEvent(QWheelEvent*)’:
.build/moc/../../panel-plugins/taskmanager/../LTBWidget.h:65:36: warning: ‘int QWheelEvent::delta() const’ is deprecated: Use angleDelta() [-Wdeprecated-declarations]
   65 |           int change = event->delta()/120; // 1/15th of a rotation (delta/120) is usually one "click" of the wheel
      |                        ~~~~~~~~~~~~^~
In file included from /usr/include/qt5/QtGui/QMoveEvent:1,
                 from .build/moc/../../LPanel.h:19,
                 from .build/moc/../../LDesktop.h:29,
                 from .build/moc/../../LSession.h:30,
                 from .build/moc/moc_LSession.cpp:10:
/usr/include/qt5/QtGui/qevent.h:219:16: note: declared here
  219 |     inline int delta() const  { return qt4D; }
      |                ^~~~~
In file included from .build/moc/../../panel-plugins/taskmanager/LTaskManagerPlugin.h:23,
                 from .build/moc/../../panel-plugins/NewPP.h:23,
                 from .build/moc/../../LPanel.h:24,
                 from .build/moc/../../LDesktop.h:29,
                 from .build/moc/../../LSession.h:30,
                 from .build/moc/moc_LSession.cpp:10:
.build/moc/../../panel-plugins/taskmanager/LTaskButton.h: In member function ‘virtual void LTaskButton::changeEvent(QEvent*)’:
.build/moc/../../panel-plugins/taskmanager/LTaskButton.h:76:37: warning: ‘int qrand()’ is deprecated: use QRandomGenerator instead [-Wdeprecated-declarations]
   76 |             QTimer::singleShot(qrand()%100+500, this, SLOT(UpdateButton()) );
      |                                ~~~~~^~
In file included from /usr/include/qt5/QtGui/qtguiglobal.h:43,
                 from /usr/include/qt5/QtWidgets/qtwidgetsglobal.h:43,
                 from /usr/include/qt5/QtWidgets/qapplication.h:43,
                 from /usr/include/qt5/QtWidgets/QApplication:1,
                 from .build/moc/../../LSession.h:10,
                 from .build/moc/moc_LSession.cpp:10:
/usr/include/qt5/QtCore/qglobal.h:1274:80: note: declared here
 1274 | Q_CORE_EXPORT QT_DEPRECATED_VERSION_X_5_15("use QRandomGenerator instead") int qrand();
      |                                                                                ^~~~~
In file included from .build/moc/../../LDesktop.h:32,
                 from .build/moc/../../LSession.h:30,
                 from .build/moc/moc_LSession.cpp:10:
.build/moc/../../LDesktopPluginSpace.h: In member function ‘void LDesktopPluginSpace::RemoveItem(QString)’:
.build/moc/../../LDesktopPluginSpace.h:184:77: warning: ‘static bool QProcess::startDetached(const QString&)’ is deprecated: Use QProcess::startDetached(const QString &program, const QStringList &arguments) instead [-Wdeprecated-declarations]
  184 |               if(!info.isSymLink() && info.isDir()){ QProcess::startDetached("rm -r \""+info.absoluteFilePath()+"\""); }
      |                                                      ~~~~~~~~~~~~~~~~~~~~~~~^~~~~~~~~~~~~~~~~~~~~~~~~~~~~~~~~~~~~~~~~
In file included from /usr/include/qt5/QtCore/QProcess:1,
                 from ../libLumina/LUtils.h:11,
                 from .build/moc/../../Globals.h:10,
                 from .build/moc/../../LSession.h:26,
                 from .build/moc/moc_LSession.cpp:10:
/usr/include/qt5/QtCore/qprocess.h:280:17: note: declared here
  280 |     static bool startDetached(const QString &command);
      |                 ^~~~~~~~~~~~~
In file included from .build/moc/../../panel-plugins/taskmanager/LTaskButton.h:26,
                 from .build/moc/../../panel-plugins/taskmanager/LTaskManagerPlugin.h:23,
                 from .build/moc/../../panel-plugins/NewPP.h:23,
                 from .build/moc/../../LPanel.h:24,
                 from .build/moc/../../LDesktop.h:29,
                 from .build/moc/moc_LDesktop.cpp:10:
.build/moc/../../panel-plugins/taskmanager/../LTBWidget.h: In member function ‘virtual void LTBWidget::wheelEvent(QWheelEvent*)’:
.build/moc/../../panel-plugins/taskmanager/../LTBWidget.h:65:36: warning: ‘int QWheelEvent::delta() const’ is deprecated: Use angleDelta() [-Wdeprecated-declarations]
   65 |           int change = event->delta()/120; // 1/15th of a rotation (delta/120) is usually one "click" of the wheel
      |                        ~~~~~~~~~~~~^~
In file included from /usr/include/qt5/QtGui/QMoveEvent:1,
                 from .build/moc/../../LPanel.h:19,
                 from .build/moc/../../LDesktop.h:29,
                 from .build/moc/moc_LDesktop.cpp:10:
/usr/include/qt5/QtGui/qevent.h:219:16: note: declared here
  219 |     inline int delta() const  { return qt4D; }
      |                ^~~~~
In file included from .build/moc/../../panel-plugins/taskmanager/LTaskManagerPlugin.h:23,
                 from .build/moc/../../panel-plugins/NewPP.h:23,
                 from .build/moc/../../LPanel.h:24,
                 from .build/moc/../../LDesktop.h:29,
                 from .build/moc/moc_LDesktop.cpp:10:
.build/moc/../../panel-plugins/taskmanager/LTaskButton.h: In member function ‘virtual void LTaskButton::changeEvent(QEvent*)’:
.build/moc/../../panel-plugins/taskmanager/LTaskButton.h:76:37: warning: ‘int qrand()’ is deprecated: use QRandomGenerator instead [-Wdeprecated-declarations]
   76 |             QTimer::singleShot(qrand()%100+500, this, SLOT(UpdateButton()) );
      |                                ~~~~~^~
In file included from /usr/include/qt5/QtCore/qcoreapplication.h:43,
                 from /usr/include/qt5/QtCore/QCoreApplication:1,
                 from .build/moc/../../LDesktop.h:10,
                 from .build/moc/moc_LDesktop.cpp:10:
/usr/include/qt5/QtCore/qglobal.h:1274:80: note: declared here
 1274 | Q_CORE_EXPORT QT_DEPRECATED_VERSION_X_5_15("use QRandomGenerator instead") int qrand();
      |                                                                                ^~~~~
g++ -c -pipe -O2 -flto=auto -ffat-lto-objects -fexceptions -g -grecord-gcc-switches -pipe -Wall -Werror=format-security -Wp,-D_FORTIFY_SOURCE=2 -Wp,-D_GLIBCXX_ASSERTIONS -specs=/usr/lib/rpm/redhat/redhat-hardened-cc1 -fstack-protector-strong -specs=/usr/lib/rpm/redhat/redhat-annobin-cc1 -m64 -mtune=generic -fasynchronous-unwind-tables -fstack-clash-protection -fcf-protection -std=gnu++11 -Wall -Wextra -D_REENTRANT -fPIC -DPREFIX=QString\(\"/usr\"\) -DL_ETCDIR=QString\(\"/etc\"\) -DL_SHAREDIR=QString\(\"/usr/share\"\) -DGIT_VERSION="\"a88ea52f\"" -DQT_NO_DEBUG -DQT_MULTIMEDIAWIDGETS_LIB -DQT_SVG_LIB -DQT_WIDGETS_LIB -DQT_X11EXTRAS_LIB -DQT_MULTIMEDIA_LIB -DQT_QUICK_LIB -DQT_GUI_LIB -DQT_QMLMODELS_LIB -DQT_QML_LIB -DQT_NETWORK_LIB -DQT_CONCURRENT_LIB -DQT_CORE_LIB -I. -I../libLumina -I/usr/include/qt5 -I/usr -I/usr/include -I/home/q5sys/git/lumina/src-qt5/core/lumina-desktop -I../../src-cpp -Isrc-screensaver -I/usr/include/qt5/QtMultimediaWidgets -I/usr/include/qt5/QtSvg -I/usr/include/qt5/QtWidgets -I/usr/include/qt5/QtX11Extras -I/usr/include/qt5/QtMultimedia -I/usr/include/qt5/QtQuick -I/usr/include/qt5/QtGui -I/usr/include/qt5/QtQmlModels -I/usr/include/qt5/QtQml -I/usr/include/qt5/QtNetwork -I/usr/include/qt5/QtConcurrent -I/usr/include/qt5/QtCore -I.build/moc -I.build/ui -I/usr/lib64/qt5/mkspecs/linux-g++ -o .build/obj/moc_LDesktopPluginSpace.o .build/moc/moc_LDesktopPluginSpace.cpp
In file included from .build/moc/../../LDesktop.h:32,
                 from .build/moc/moc_LDesktop.cpp:10:
.build/moc/../../LDesktopPluginSpace.h: In member function ‘void LDesktopPluginSpace::RemoveItem(QString)’:
.build/moc/../../LDesktopPluginSpace.h:184:77: warning: ‘static bool QProcess::startDetached(const QString&)’ is deprecated: Use QProcess::startDetached(const QString &program, const QStringList &arguments) instead [-Wdeprecated-declarations]
  184 |               if(!info.isSymLink() && info.isDir()){ QProcess::startDetached("rm -r \""+info.absoluteFilePath()+"\""); }
      |                                                      ~~~~~~~~~~~~~~~~~~~~~~~^~~~~~~~~~~~~~~~~~~~~~~~~~~~~~~~~~~~~~~~~
In file included from /usr/include/qt5/QtCore/QProcess:1,
                 from ../libLumina/LuminaOS.h:17,
                 from .build/moc/../../panel-plugins/userbutton/UserWidget.h:24,
                 from .build/moc/../../panel-plugins/userbutton/LUserButton.h:28,
                 from .build/moc/../../panel-plugins/NewPP.h:16,
                 from .build/moc/../../LPanel.h:24,
                 from .build/moc/../../LDesktop.h:29,
                 from .build/moc/moc_LDesktop.cpp:10:
/usr/include/qt5/QtCore/qprocess.h:280:17: note: declared here
  280 |     static bool startDetached(const QString &command);
      |                 ^~~~~~~~~~~~~
g++ -c -pipe -O2 -flto=auto -ffat-lto-objects -fexceptions -g -grecord-gcc-switches -pipe -Wall -Werror=format-security -Wp,-D_FORTIFY_SOURCE=2 -Wp,-D_GLIBCXX_ASSERTIONS -specs=/usr/lib/rpm/redhat/redhat-hardened-cc1 -fstack-protector-strong -specs=/usr/lib/rpm/redhat/redhat-annobin-cc1 -m64 -mtune=generic -fasynchronous-unwind-tables -fstack-clash-protection -fcf-protection -std=gnu++11 -Wall -Wextra -D_REENTRANT -fPIC -DPREFIX=QString\(\"/usr\"\) -DL_ETCDIR=QString\(\"/etc\"\) -DL_SHAREDIR=QString\(\"/usr/share\"\) -DGIT_VERSION="\"a88ea52f\"" -DLTHEMEENGINE_DATADIR=\"/usr/share\" -DUSE_WIDGETS -DQT_NO_DEBUG -DQT_SVG_LIB -DQT_WIDGETS_LIB -DQT_X11EXTRAS_LIB -DQT_MULTIMEDIA_LIB -DQT_GUI_LIB -DQT_NETWORK_LIB -DQT_CONCURRENT_LIB -DQT_CORE_LIB -I. -I../../../libLumina -I/usr/include/qt5 -I/usr -I/usr/include -I/home/q5sys/git/lumina/src-qt5/core/lumina-theme-engine/src/lthemeengine -I/usr/include/qt5/QtSvg -I/usr/include/qt5/QtWidgets -I/usr/include/qt5/QtX11Extras -I/usr/include/qt5/QtMultimedia -I/usr/include/qt5/QtGui -I/usr/include/qt5/QtNetwork -I/usr/include/qt5/QtConcurrent -I/usr/include/qt5/QtCore -I.build/moc -I.build/ui -I/usr/lib64/qt5/mkspecs/linux-g++ -o .build/obj/moc_mainwindow.o .build/moc/moc_mainwindow.cpp
In file included from ./global-includes.h:72,
                 from src-screensaver/LScreenSaver.h:10,
                 from .build/moc/../../LSession.h:33,
                 from .build/moc/moc_LSession.cpp:10:
../libLumina/ExternalProcess.h: In static member function ‘static void ExternalProcess::launch(QString, QStringList, bool)’:
../libLumina/ExternalProcess.h:84:41: warning: ‘void QProcess::start(const QString&, QIODevice::OpenMode)’ is deprecated: Use QProcess::start(const QString &program, const QStringList &arguments,OpenMode mode = ReadWrite) instead [-Wdeprecated-declarations]
   84 |           if(args.isEmpty()){ tmp->start(program); }
      |                               ~~~~~~~~~~^~~~~~~~~
In file included from /usr/include/qt5/QtCore/QProcess:1,
                 from ../libLumina/LUtils.h:11,
                 from .build/moc/../../Globals.h:10,
                 from .build/moc/../../LSession.h:26,
                 from .build/moc/moc_LSession.cpp:10:
/usr/include/qt5/QtCore/qprocess.h:168:10: note: declared here
  168 |     void start(const QString &command, OpenMode mode = ReadWrite);
      |          ^~~~~
g++ -c -pipe -O2 -flto=auto -ffat-lto-objects -fexceptions -g -grecord-gcc-switches -pipe -Wall -Werror=format-security -Wp,-D_FORTIFY_SOURCE=2 -Wp,-D_GLIBCXX_ASSERTIONS -specs=/usr/lib/rpm/redhat/redhat-hardened-cc1 -fstack-protector-strong -specs=/usr/lib/rpm/redhat/redhat-annobin-cc1 -m64 -mtune=generic -fasynchronous-unwind-tables -fstack-clash-protection -fcf-protection -std=gnu++11 -Wall -Wextra -D_REENTRANT -fPIC -DPREFIX=QString\(\"/usr\"\) -DL_ETCDIR=QString\(\"/etc\"\) -DL_SHAREDIR=QString\(\"/usr/share\"\) -DGIT_VERSION="\"a88ea52f\"" -DQT_NO_DEBUG -DQT_MULTIMEDIAWIDGETS_LIB -DQT_SVG_LIB -DQT_WIDGETS_LIB -DQT_X11EXTRAS_LIB -DQT_MULTIMEDIA_LIB -DQT_QUICK_LIB -DQT_GUI_LIB -DQT_QMLMODELS_LIB -DQT_QML_LIB -DQT_NETWORK_LIB -DQT_CONCURRENT_LIB -DQT_CORE_LIB -I. -I../libLumina -I/usr/include/qt5 -I/usr -I/usr/include -I/home/q5sys/git/lumina/src-qt5/core/lumina-desktop -I../../src-cpp -Isrc-screensaver -I/usr/include/qt5/QtMultimediaWidgets -I/usr/include/qt5/QtSvg -I/usr/include/qt5/QtWidgets -I/usr/include/qt5/QtX11Extras -I/usr/include/qt5/QtMultimedia -I/usr/include/qt5/QtQuick -I/usr/include/qt5/QtGui -I/usr/include/qt5/QtQmlModels -I/usr/include/qt5/QtQml -I/usr/include/qt5/QtNetwork -I/usr/include/qt5/QtConcurrent -I/usr/include/qt5/QtCore -I.build/moc -I.build/ui -I/usr/lib64/qt5/mkspecs/linux-g++ -o .build/obj/moc_LPanel.o .build/moc/moc_LPanel.cpp
In file included from .build/moc/moc_LDesktopPluginSpace.cpp:10:
.build/moc/../../LDesktopPluginSpace.h: In member function ‘void LDesktopPluginSpace::RemoveItem(QString)’:
.build/moc/../../LDesktopPluginSpace.h:184:77: warning: ‘static bool QProcess::startDetached(const QString&)’ is deprecated: Use QProcess::startDetached(const QString &program, const QStringList &arguments) instead [-Wdeprecated-declarations]
  184 |               if(!info.isSymLink() && info.isDir()){ QProcess::startDetached("rm -r \""+info.absoluteFilePath()+"\""); }
      |                                                      ~~~~~~~~~~~~~~~~~~~~~~~^~~~~~~~~~~~~~~~~~~~~~~~~~~~~~~~~~~~~~~~~
In file included from /usr/include/qt5/QtCore/QProcess:1,
                 from .build/moc/../../LDesktopPluginSpace.h:20,
                 from .build/moc/moc_LDesktopPluginSpace.cpp:10:
/usr/include/qt5/QtCore/qprocess.h:280:17: note: declared here
  280 |     static bool startDetached(const QString &command);
      |                 ^~~~~~~~~~~~~
g++ -c -pipe -O2 -flto=auto -ffat-lto-objects -fexceptions -g -grecord-gcc-switches -pipe -Wall -Werror=format-security -Wp,-D_FORTIFY_SOURCE=2 -Wp,-D_GLIBCXX_ASSERTIONS -specs=/usr/lib/rpm/redhat/redhat-hardened-cc1 -fstack-protector-strong -specs=/usr/lib/rpm/redhat/redhat-annobin-cc1 -m64 -mtune=generic -fasynchronous-unwind-tables -fstack-clash-protection -fcf-protection -std=gnu++11 -Wall -Wextra -D_REENTRANT -fPIC -DPREFIX=QString\(\"/usr\"\) -DL_ETCDIR=QString\(\"/etc\"\) -DL_SHAREDIR=QString\(\"/usr/share\"\) -DGIT_VERSION="\"a88ea52f\"" -DLTHEMEENGINE_DATADIR=\"/usr/share\" -DUSE_WIDGETS -DQT_NO_DEBUG -DQT_SVG_LIB -DQT_WIDGETS_LIB -DQT_X11EXTRAS_LIB -DQT_MULTIMEDIA_LIB -DQT_GUI_LIB -DQT_NETWORK_LIB -DQT_CONCURRENT_LIB -DQT_CORE_LIB -I. -I../../../libLumina -I/usr/include/qt5 -I/usr -I/usr/include -I/home/q5sys/git/lumina/src-qt5/core/lumina-theme-engine/src/lthemeengine -I/usr/include/qt5/QtSvg -I/usr/include/qt5/QtWidgets -I/usr/include/qt5/QtX11Extras -I/usr/include/qt5/QtMultimedia -I/usr/include/qt5/QtGui -I/usr/include/qt5/QtNetwork -I/usr/include/qt5/QtConcurrent -I/usr/include/qt5/QtCore -I.build/moc -I.build/ui -I/usr/lib64/qt5/mkspecs/linux-g++ -o .build/obj/moc_tabpage.o .build/moc/moc_tabpage.cpp
g++ -c -pipe -O2 -flto=auto -ffat-lto-objects -fexceptions -g -grecord-gcc-switches -pipe -Wall -Werror=format-security -Wp,-D_FORTIFY_SOURCE=2 -Wp,-D_GLIBCXX_ASSERTIONS -specs=/usr/lib/rpm/redhat/redhat-hardened-cc1 -fstack-protector-strong -specs=/usr/lib/rpm/redhat/redhat-annobin-cc1 -m64 -mtune=generic -fasynchronous-unwind-tables -fstack-clash-protection -fcf-protection -std=gnu++11 -Wall -Wextra -D_REENTRANT -fPIC -DPREFIX=QString\(\"/usr\"\) -DL_ETCDIR=QString\(\"/etc\"\) -DL_SHAREDIR=QString\(\"/usr/share\"\) -DGIT_VERSION="\"a88ea52f\"" -DLTHEMEENGINE_DATADIR=\"/usr/share\" -DUSE_WIDGETS -DQT_NO_DEBUG -DQT_SVG_LIB -DQT_WIDGETS_LIB -DQT_X11EXTRAS_LIB -DQT_MULTIMEDIA_LIB -DQT_GUI_LIB -DQT_NETWORK_LIB -DQT_CONCURRENT_LIB -DQT_CORE_LIB -I. -I../../../libLumina -I/usr/include/qt5 -I/usr -I/usr/include -I/home/q5sys/git/lumina/src-qt5/core/lumina-theme-engine/src/lthemeengine -I/usr/include/qt5/QtSvg -I/usr/include/qt5/QtWidgets -I/usr/include/qt5/QtX11Extras -I/usr/include/qt5/QtMultimedia -I/usr/include/qt5/QtGui -I/usr/include/qt5/QtNetwork -I/usr/include/qt5/QtConcurrent -I/usr/include/qt5/QtCore -I.build/moc -I.build/ui -I/usr/lib64/qt5/mkspecs/linux-g++ -o .build/obj/moc_appearancepage.o .build/moc/moc_appearancepage.cpp
In file included from .build/moc/../../panel-plugins/taskmanager/LTaskButton.h:26,
                 from .build/moc/../../panel-plugins/taskmanager/LTaskManagerPlugin.h:23,
                 from .build/moc/../../panel-plugins/NewPP.h:23,
                 from .build/moc/../../LPanel.h:24,
                 from .build/moc/moc_LPanel.cpp:10:
.build/moc/../../panel-plugins/taskmanager/../LTBWidget.h: In member function ‘virtual void LTBWidget::wheelEvent(QWheelEvent*)’:
.build/moc/../../panel-plugins/taskmanager/../LTBWidget.h:65:36: warning: ‘int QWheelEvent::delta() const’ is deprecated: Use angleDelta() [-Wdeprecated-declarations]
   65 |           int change = event->delta()/120; // 1/15th of a rotation (delta/120) is usually one "click" of the wheel
      |                        ~~~~~~~~~~~~^~
In file included from /usr/include/qt5/QtGui/QMoveEvent:1,
                 from .build/moc/../../LPanel.h:19,
                 from .build/moc/moc_LPanel.cpp:10:
/usr/include/qt5/QtGui/qevent.h:219:16: note: declared here
  219 |     inline int delta() const  { return qt4D; }
      |                ^~~~~
In file included from .build/moc/../../panel-plugins/taskmanager/LTaskManagerPlugin.h:23,
                 from .build/moc/../../panel-plugins/NewPP.h:23,
                 from .build/moc/../../LPanel.h:24,
                 from .build/moc/moc_LPanel.cpp:10:
.build/moc/../../panel-plugins/taskmanager/LTaskButton.h: In member function ‘virtual void LTaskButton::changeEvent(QEvent*)’:
.build/moc/../../panel-plugins/taskmanager/LTaskButton.h:76:37: warning: ‘int qrand()’ is deprecated: use QRandomGenerator instead [-Wdeprecated-declarations]
   76 |             QTimer::singleShot(qrand()%100+500, this, SLOT(UpdateButton()) );
      |                                ~~~~~^~
In file included from /usr/include/qt5/QtGui/qtguiglobal.h:43,
                 from /usr/include/qt5/QtWidgets/qtwidgetsglobal.h:43,
                 from /usr/include/qt5/QtWidgets/qwidget.h:43,
                 from /usr/include/qt5/QtWidgets/QWidget:1,
                 from .build/moc/../../LPanel.h:13,
                 from .build/moc/moc_LPanel.cpp:10:
/usr/include/qt5/QtCore/qglobal.h:1274:80: note: declared here
 1274 | Q_CORE_EXPORT QT_DEPRECATED_VERSION_X_5_15("use QRandomGenerator instead") int qrand();
      |                                                                                ^~~~~
g++ -c -pipe -O2 -flto=auto -ffat-lto-objects -fexceptions -g -grecord-gcc-switches -pipe -Wall -Werror=format-security -Wp,-D_FORTIFY_SOURCE=2 -Wp,-D_GLIBCXX_ASSERTIONS -specs=/usr/lib/rpm/redhat/redhat-hardened-cc1 -fstack-protector-strong -specs=/usr/lib/rpm/redhat/redhat-annobin-cc1 -m64 -mtune=generic -fasynchronous-unwind-tables -fstack-clash-protection -fcf-protection -std=gnu++11 -Wall -Wextra -D_REENTRANT -fPIC -DPREFIX=QString\(\"/usr\"\) -DL_ETCDIR=QString\(\"/etc\"\) -DL_SHAREDIR=QString\(\"/usr/share\"\) -DGIT_VERSION="\"a88ea52f\"" -DQT_NO_DEBUG -DQT_MULTIMEDIAWIDGETS_LIB -DQT_SVG_LIB -DQT_WIDGETS_LIB -DQT_X11EXTRAS_LIB -DQT_MULTIMEDIA_LIB -DQT_QUICK_LIB -DQT_GUI_LIB -DQT_QMLMODELS_LIB -DQT_QML_LIB -DQT_NETWORK_LIB -DQT_CONCURRENT_LIB -DQT_CORE_LIB -I. -I../libLumina -I/usr/include/qt5 -I/usr -I/usr/include -I/home/q5sys/git/lumina/src-qt5/core/lumina-desktop -I../../src-cpp -Isrc-screensaver -I/usr/include/qt5/QtMultimediaWidgets -I/usr/include/qt5/QtSvg -I/usr/include/qt5/QtWidgets -I/usr/include/qt5/QtX11Extras -I/usr/include/qt5/QtMultimedia -I/usr/include/qt5/QtQuick -I/usr/include/qt5/QtGui -I/usr/include/qt5/QtQmlModels -I/usr/include/qt5/QtQml -I/usr/include/qt5/QtNetwork -I/usr/include/qt5/QtConcurrent -I/usr/include/qt5/QtCore -I.build/moc -I.build/ui -I/usr/lib64/qt5/mkspecs/linux-g++ -o .build/obj/moc_AppMenu.o .build/moc/moc_AppMenu.cpp
g++ -c -pipe -O2 -flto=auto -ffat-lto-objects -fexceptions -g -grecord-gcc-switches -pipe -Wall -Werror=format-security -Wp,-D_FORTIFY_SOURCE=2 -Wp,-D_GLIBCXX_ASSERTIONS -specs=/usr/lib/rpm/redhat/redhat-hardened-cc1 -fstack-protector-strong -specs=/usr/lib/rpm/redhat/redhat-annobin-cc1 -m64 -mtune=generic -fasynchronous-unwind-tables -fstack-clash-protection -fcf-protection -std=gnu++11 -Wall -Wextra -D_REENTRANT -fPIC -DPREFIX=QString\(\"/usr\"\) -DL_ETCDIR=QString\(\"/etc\"\) -DL_SHAREDIR=QString\(\"/usr/share\"\) -DGIT_VERSION="\"a88ea52f\"" -DLTHEMEENGINE_DATADIR=\"/usr/share\" -DUSE_WIDGETS -DQT_NO_DEBUG -DQT_SVG_LIB -DQT_WIDGETS_LIB -DQT_X11EXTRAS_LIB -DQT_MULTIMEDIA_LIB -DQT_GUI_LIB -DQT_NETWORK_LIB -DQT_CONCURRENT_LIB -DQT_CORE_LIB -I. -I../../../libLumina -I/usr/include/qt5 -I/usr -I/usr/include -I/home/q5sys/git/lumina/src-qt5/core/lumina-theme-engine/src/lthemeengine -I/usr/include/qt5/QtSvg -I/usr/include/qt5/QtWidgets -I/usr/include/qt5/QtX11Extras -I/usr/include/qt5/QtMultimedia -I/usr/include/qt5/QtGui -I/usr/include/qt5/QtNetwork -I/usr/include/qt5/QtConcurrent -I/usr/include/qt5/QtCore -I.build/moc -I.build/ui -I/usr/lib64/qt5/mkspecs/linux-g++ -o .build/obj/moc_fontspage.o .build/moc/moc_fontspage.cpp
g++ -c -pipe -O2 -flto=auto -ffat-lto-objects -fexceptions -g -grecord-gcc-switches -pipe -Wall -Werror=format-security -Wp,-D_FORTIFY_SOURCE=2 -Wp,-D_GLIBCXX_ASSERTIONS -specs=/usr/lib/rpm/redhat/redhat-hardened-cc1 -fstack-protector-strong -specs=/usr/lib/rpm/redhat/redhat-annobin-cc1 -m64 -mtune=generic -fasynchronous-unwind-tables -fstack-clash-protection -fcf-protection -std=gnu++11 -Wall -Wextra -D_REENTRANT -fPIC -DPREFIX=QString\(\"/usr\"\) -DL_ETCDIR=QString\(\"/etc\"\) -DL_SHAREDIR=QString\(\"/usr/share\"\) -DGIT_VERSION="\"a88ea52f\"" -DQT_NO_DEBUG -DQT_MULTIMEDIAWIDGETS_LIB -DQT_SVG_LIB -DQT_WIDGETS_LIB -DQT_X11EXTRAS_LIB -DQT_MULTIMEDIA_LIB -DQT_QUICK_LIB -DQT_GUI_LIB -DQT_QMLMODELS_LIB -DQT_QML_LIB -DQT_NETWORK_LIB -DQT_CONCURRENT_LIB -DQT_CORE_LIB -I. -I../libLumina -I/usr/include/qt5 -I/usr -I/usr/include -I/home/q5sys/git/lumina/src-qt5/core/lumina-desktop -I../../src-cpp -Isrc-screensaver -I/usr/include/qt5/QtMultimediaWidgets -I/usr/include/qt5/QtSvg -I/usr/include/qt5/QtWidgets -I/usr/include/qt5/QtX11Extras -I/usr/include/qt5/QtMultimedia -I/usr/include/qt5/QtQuick -I/usr/include/qt5/QtGui -I/usr/include/qt5/QtQmlModels -I/usr/include/qt5/QtQml -I/usr/include/qt5/QtNetwork -I/usr/include/qt5/QtConcurrent -I/usr/include/qt5/QtCore -I.build/moc -I.build/ui -I/usr/lib64/qt5/mkspecs/linux-g++ -o .build/obj/moc_SettingsMenu.o .build/moc/moc_SettingsMenu.cpp
g++ -c -pipe -O2 -flto=auto -ffat-lto-objects -fexceptions -g -grecord-gcc-switches -pipe -Wall -Werror=format-security -Wp,-D_FORTIFY_SOURCE=2 -Wp,-D_GLIBCXX_ASSERTIONS -specs=/usr/lib/rpm/redhat/redhat-hardened-cc1 -fstack-protector-strong -specs=/usr/lib/rpm/redhat/redhat-annobin-cc1 -m64 -mtune=generic -fasynchronous-unwind-tables -fstack-clash-protection -fcf-protection -std=gnu++11 -Wall -Wextra -D_REENTRANT -fPIC -DPREFIX=QString\(\"/usr\"\) -DL_ETCDIR=QString\(\"/etc\"\) -DL_SHAREDIR=QString\(\"/usr/share\"\) -DGIT_VERSION="\"a88ea52f\"" -DLTHEMEENGINE_DATADIR=\"/usr/share\" -DUSE_WIDGETS -DQT_NO_DEBUG -DQT_SVG_LIB -DQT_WIDGETS_LIB -DQT_X11EXTRAS_LIB -DQT_MULTIMEDIA_LIB -DQT_GUI_LIB -DQT_NETWORK_LIB -DQT_CONCURRENT_LIB -DQT_CORE_LIB -I. -I../../../libLumina -I/usr/include/qt5 -I/usr -I/usr/include -I/home/q5sys/git/lumina/src-qt5/core/lumina-theme-engine/src/lthemeengine -I/usr/include/qt5/QtSvg -I/usr/include/qt5/QtWidgets -I/usr/include/qt5/QtX11Extras -I/usr/include/qt5/QtMultimedia -I/usr/include/qt5/QtGui -I/usr/include/qt5/QtNetwork -I/usr/include/qt5/QtConcurrent -I/usr/include/qt5/QtCore -I.build/moc -I.build/ui -I/usr/lib64/qt5/mkspecs/linux-g++ -o .build/obj/moc_paletteeditdialog.o .build/moc/moc_paletteeditdialog.cpp
g++ -c -pipe -O2 -flto=auto -ffat-lto-objects -fexceptions -g -grecord-gcc-switches -pipe -Wall -Werror=format-security -Wp,-D_FORTIFY_SOURCE=2 -Wp,-D_GLIBCXX_ASSERTIONS -specs=/usr/lib/rpm/redhat/redhat-hardened-cc1 -fstack-protector-strong -specs=/usr/lib/rpm/redhat/redhat-annobin-cc1 -m64 -mtune=generic -fasynchronous-unwind-tables -fstack-clash-protection -fcf-protection -std=gnu++11 -Wall -Wextra -D_REENTRANT -fPIC -DPREFIX=QString\(\"/usr\"\) -DL_ETCDIR=QString\(\"/etc\"\) -DL_SHAREDIR=QString\(\"/usr/share\"\) -DGIT_VERSION="\"a88ea52f\"" -DLTHEMEENGINE_DATADIR=\"/usr/share\" -DUSE_WIDGETS -DQT_NO_DEBUG -DQT_SVG_LIB -DQT_WIDGETS_LIB -DQT_X11EXTRAS_LIB -DQT_MULTIMEDIA_LIB -DQT_GUI_LIB -DQT_NETWORK_LIB -DQT_CONCURRENT_LIB -DQT_CORE_LIB -I. -I../../../libLumina -I/usr/include/qt5 -I/usr -I/usr/include -I/home/q5sys/git/lumina/src-qt5/core/lumina-theme-engine/src/lthemeengine -I/usr/include/qt5/QtSvg -I/usr/include/qt5/QtWidgets -I/usr/include/qt5/QtX11Extras -I/usr/include/qt5/QtMultimedia -I/usr/include/qt5/QtGui -I/usr/include/qt5/QtNetwork -I/usr/include/qt5/QtConcurrent -I/usr/include/qt5/QtCore -I.build/moc -I.build/ui -I/usr/lib64/qt5/mkspecs/linux-g++ -o .build/obj/moc_iconthemepage.o .build/moc/moc_iconthemepage.cpp
cd src/lthemeengine-sstest/ && ( test -e Makefile || /usr/lib64/qt5/bin/qmake -o Makefile /home/q5sys/git/lumina/src-qt5/core/lumina-theme-engine/src/lthemeengine-sstest/lthemeengine-sstest.pro 'QMAKE_CFLAGS_DEBUG=-O2 -flto=auto -ffat-lto-objects -fexceptions -g -grecord-gcc-switches -pipe -Wall -Werror=format-security -Wp,-D_FORTIFY_SOURCE=2 -Wp,-D_GLIBCXX_ASSERTIONS -specs=/usr/lib/rpm/redhat/redhat-hardened-cc1 -fstack-protector-strong -specs=/usr/lib/rpm/redhat/redhat-annobin-cc1  -m64  -mtune=generic -fasynchronous-unwind-tables -fstack-clash-protection -fcf-protection ' 'QMAKE_CFLAGS_RELEASE=-O2 -flto=auto -ffat-lto-objects -fexceptions -g -grecord-gcc-switches -pipe -Wall -Werror=format-security -Wp,-D_FORTIFY_SOURCE=2 -Wp,-D_GLIBCXX_ASSERTIONS -specs=/usr/lib/rpm/redhat/redhat-hardened-cc1 -fstack-protector-strong -specs=/usr/lib/rpm/redhat/redhat-annobin-cc1  -m64  -mtune=generic -fasynchronous-unwind-tables -fstack-clash-protection -fcf-protection ' 'QMAKE_CXXFLAGS_DEBUG=-O2 -flto=auto -ffat-lto-objects -fexceptions -g -grecord-gcc-switches -pipe -Wall -Werror=format-security -Wp,-D_FORTIFY_SOURCE=2 -Wp,-D_GLIBCXX_ASSERTIONS -specs=/usr/lib/rpm/redhat/redhat-hardened-cc1 -fstack-protector-strong -specs=/usr/lib/rpm/redhat/redhat-annobin-cc1  -m64  -mtune=generic -fasynchronous-unwind-tables -fstack-clash-protection -fcf-protection ' 'QMAKE_CXXFLAGS_RELEASE=-O2 -flto=auto -ffat-lto-objects -fexceptions -g -grecord-gcc-switches -pipe -Wall -Werror=format-security -Wp,-D_FORTIFY_SOURCE=2 -Wp,-D_GLIBCXX_ASSERTIONS -specs=/usr/lib/rpm/redhat/redhat-hardened-cc1 -fstack-protector-strong -specs=/usr/lib/rpm/redhat/redhat-annobin-cc1  -m64  -mtune=generic -fasynchronous-unwind-tables -fstack-clash-protection -fcf-protection ' 'QMAKE_LFLAGS_DEBUG=-Wl,-z,relro -Wl,--as-needed  -Wl,-z,now -specs=/usr/lib/rpm/redhat/redhat-hardened-ld ' 'QMAKE_LFLAGS_RELEASE=-Wl,-z,relro -Wl,--as-needed  -Wl,-z,now -specs=/usr/lib/rpm/redhat/redhat-hardened-ld ' QMAKE_STRIP= CONFIG+=configure LIBPREFIX=/usr/lib64 L_BINDIR=/usr/bin L_LIBDIR=/usr/lib64 L_SHAREDIR=/usr/share L_ETCDIR=/etc L_INCLUDEDIR=/usr/include L_MANDIR=/usr/share/man QT5LIBDIR=/usr QMAKE_LFLAGS+=-Wl,--as-needed ) && make -f Makefile 
g++ -c -pipe -O2 -flto=auto -ffat-lto-objects -fexceptions -g -grecord-gcc-switches -pipe -Wall -Werror=format-security -Wp,-D_FORTIFY_SOURCE=2 -Wp,-D_GLIBCXX_ASSERTIONS -specs=/usr/lib/rpm/redhat/redhat-hardened-cc1 -fstack-protector-strong -specs=/usr/lib/rpm/redhat/redhat-annobin-cc1 -m64 -mtune=generic -fasynchronous-unwind-tables -fstack-clash-protection -fcf-protection -std=gnu++11 -Wall -Wextra -D_REENTRANT -fPIC -DPREFIX=QString\(\"/usr\"\) -DL_ETCDIR=QString\(\"/etc\"\) -DL_SHAREDIR=QString\(\"/usr/share\"\) -DGIT_VERSION="\"a88ea52f\"" -DQT_NO_DEBUG -DQT_MULTIMEDIAWIDGETS_LIB -DQT_SVG_LIB -DQT_WIDGETS_LIB -DQT_X11EXTRAS_LIB -DQT_MULTIMEDIA_LIB -DQT_QUICK_LIB -DQT_GUI_LIB -DQT_QMLMODELS_LIB -DQT_QML_LIB -DQT_NETWORK_LIB -DQT_CONCURRENT_LIB -DQT_CORE_LIB -I. -I../libLumina -I/usr/include/qt5 -I/usr -I/usr/include -I/home/q5sys/git/lumina/src-qt5/core/lumina-desktop -I../../src-cpp -Isrc-screensaver -I/usr/include/qt5/QtMultimediaWidgets -I/usr/include/qt5/QtSvg -I/usr/include/qt5/QtWidgets -I/usr/include/qt5/QtX11Extras -I/usr/include/qt5/QtMultimedia -I/usr/include/qt5/QtQuick -I/usr/include/qt5/QtGui -I/usr/include/qt5/QtQmlModels -I/usr/include/qt5/QtQml -I/usr/include/qt5/QtNetwork -I/usr/include/qt5/QtConcurrent -I/usr/include/qt5/QtCore -I.build/moc -I.build/ui -I/usr/lib64/qt5/mkspecs/linux-g++ -o .build/obj/moc_SystemWindow.o .build/moc/moc_SystemWindow.cpp
Project MESSAGE: Build OS Info: Linux, x86_64, #1 SMP Wed Jun 23 16:18:11 UTC 2021
Project MESSAGE:  - Detected Qt Version: 5.15.2
Project MESSAGE: Build Settings Loaded: Linux -
make[4]: Entering directory '/home/q5sys/git/lumina/src-qt5/core/lumina-theme-engine/src/lthemeengine-sstest'
g++ -c -pipe -O2 -flto=auto -ffat-lto-objects -fexceptions -g -grecord-gcc-switches -pipe -Wall -Werror=format-security -Wp,-D_FORTIFY_SOURCE=2 -Wp,-D_GLIBCXX_ASSERTIONS -specs=/usr/lib/rpm/redhat/redhat-hardened-cc1 -fstack-protector-strong -specs=/usr/lib/rpm/redhat/redhat-annobin-cc1 -m64 -mtune=generic -fasynchronous-unwind-tables -fstack-clash-protection -fcf-protection -std=gnu++11 -Wall -Wextra -D_REENTRANT -fPIC -DPREFIX=QString\(\"/usr\"\) -DL_ETCDIR=QString\(\"/etc\"\) -DL_SHAREDIR=QString\(\"/usr/share\"\) -DGIT_VERSION="\"a88ea52f\"" -DLTHEMEENGINE_DATADIR=\"/usr/share\" -DQT_NO_DEBUG -DQT_SVG_LIB -DQT_WIDGETS_LIB -DQT_X11EXTRAS_LIB -DQT_MULTIMEDIA_LIB -DQT_GUI_LIB -DQT_NETWORK_LIB -DQT_CONCURRENT_LIB -DQT_CORE_LIB -I. -I../../../libLumina -I/usr/include/qt5 -I/usr -I/usr/include -I/home/q5sys/git/lumina/src-qt5/core/lumina-theme-engine/src/lthemeengine-sstest -I/usr/include/qt5/QtSvg -I/usr/include/qt5/QtWidgets -I/usr/include/qt5/QtX11Extras -I/usr/include/qt5/QtMultimedia -I/usr/include/qt5/QtGui -I/usr/include/qt5/QtNetwork -I/usr/include/qt5/QtConcurrent -I/usr/include/qt5/QtCore -I.build/moc -I/usr/lib64/qt5/mkspecs/linux-g++ -o .build/obj/LDesktopUtils.o ../../../libLumina/LDesktopUtils.cpp
g++ -c -pipe -O2 -flto=auto -ffat-lto-objects -fexceptions -g -grecord-gcc-switches -pipe -Wall -Werror=format-security -Wp,-D_FORTIFY_SOURCE=2 -Wp,-D_GLIBCXX_ASSERTIONS -specs=/usr/lib/rpm/redhat/redhat-hardened-cc1 -fstack-protector-strong -specs=/usr/lib/rpm/redhat/redhat-annobin-cc1 -m64 -mtune=generic -fasynchronous-unwind-tables -fstack-clash-protection -fcf-protection -std=gnu++11 -Wall -Wextra -D_REENTRANT -fPIC -DPREFIX=QString\(\"/usr\"\) -DL_ETCDIR=QString\(\"/etc\"\) -DL_SHAREDIR=QString\(\"/usr/share\"\) -DGIT_VERSION="\"a88ea52f\"" -DQT_NO_DEBUG -DQT_MULTIMEDIAWIDGETS_LIB -DQT_SVG_LIB -DQT_WIDGETS_LIB -DQT_X11EXTRAS_LIB -DQT_MULTIMEDIA_LIB -DQT_QUICK_LIB -DQT_GUI_LIB -DQT_QMLMODELS_LIB -DQT_QML_LIB -DQT_NETWORK_LIB -DQT_CONCURRENT_LIB -DQT_CORE_LIB -I. -I../libLumina -I/usr/include/qt5 -I/usr -I/usr/include -I/home/q5sys/git/lumina/src-qt5/core/lumina-desktop -I../../src-cpp -Isrc-screensaver -I/usr/include/qt5/QtMultimediaWidgets -I/usr/include/qt5/QtSvg -I/usr/include/qt5/QtWidgets -I/usr/include/qt5/QtX11Extras -I/usr/include/qt5/QtMultimedia -I/usr/include/qt5/QtQuick -I/usr/include/qt5/QtGui -I/usr/include/qt5/QtQmlModels -I/usr/include/qt5/QtQml -I/usr/include/qt5/QtNetwork -I/usr/include/qt5/QtConcurrent -I/usr/include/qt5/QtCore -I.build/moc -I.build/ui -I/usr/lib64/qt5/mkspecs/linux-g++ -o .build/obj/moc_BootSplash.o .build/moc/moc_BootSplash.cpp
g++ -c -pipe -O2 -flto=auto -ffat-lto-objects -fexceptions -g -grecord-gcc-switches -pipe -Wall -Werror=format-security -Wp,-D_FORTIFY_SOURCE=2 -Wp,-D_GLIBCXX_ASSERTIONS -specs=/usr/lib/rpm/redhat/redhat-hardened-cc1 -fstack-protector-strong -specs=/usr/lib/rpm/redhat/redhat-annobin-cc1 -m64 -mtune=generic -fasynchronous-unwind-tables -fstack-clash-protection -fcf-protection -std=gnu++11 -Wall -Wextra -D_REENTRANT -fPIC -DPREFIX=QString\(\"/usr\"\) -DL_ETCDIR=QString\(\"/etc\"\) -DL_SHAREDIR=QString\(\"/usr/share\"\) -DGIT_VERSION="\"a88ea52f\"" -DLTHEMEENGINE_DATADIR=\"/usr/share\" -DUSE_WIDGETS -DQT_NO_DEBUG -DQT_SVG_LIB -DQT_WIDGETS_LIB -DQT_X11EXTRAS_LIB -DQT_MULTIMEDIA_LIB -DQT_GUI_LIB -DQT_NETWORK_LIB -DQT_CONCURRENT_LIB -DQT_CORE_LIB -I. -I../../../libLumina -I/usr/include/qt5 -I/usr -I/usr/include -I/home/q5sys/git/lumina/src-qt5/core/lumina-theme-engine/src/lthemeengine -I/usr/include/qt5/QtSvg -I/usr/include/qt5/QtWidgets -I/usr/include/qt5/QtX11Extras -I/usr/include/qt5/QtMultimedia -I/usr/include/qt5/QtGui -I/usr/include/qt5/QtNetwork -I/usr/include/qt5/QtConcurrent -I/usr/include/qt5/QtCore -I.build/moc -I.build/ui -I/usr/lib64/qt5/mkspecs/linux-g++ -o .build/obj/moc_interfacepage.o .build/moc/moc_interfacepage.cpp
../../../libLumina/LDesktopUtils.cpp: In static member function ‘static void LDesktopUtils::LoadSystemDefaults(bool)’:
../../../libLumina/LDesktopUtils.cpp:405:70: warning: ‘QStringList QString::split(const QString&, QString::SplitBehavior, Qt::CaseSensitivity) const’ is deprecated: Use Qt::SplitBehavior variant instead [-Wdeprecated-declarations]
  405 |     else if(var=="theme_styles"){ LTHEME::setCurrentStyles( val.split(",",QString::SkipEmptyParts) ); }
      |                                                             ~~~~~~~~~^~~~~~~~~~~~~~~~~~~~~~~~~~~~~
In file included from /usr/include/qt5/QtCore/QString:1,
                 from ../../../libLumina/LDesktopUtils.h:10,
                 from ../../../libLumina/LDesktopUtils.cpp:7:
/usr/include/qt5/QtCore/qstring.h:609:17: note: declared here
  609 |     QStringList split(const QString &sep, SplitBehavior behavior,
      |                 ^~~~~
../../../libLumina/LDesktopUtils.cpp:474:24: warning: ‘static int QProcess::execute(const QString&)’ is deprecated: Use QProcess::execute(const QString &program, const QStringList &arguments) instead [-Wdeprecated-declarations]
  474 |       QProcess::execute(val);
      |       ~~~~~~~~~~~~~~~~~^~~~~
In file included from /usr/include/qt5/QtCore/QProcess:1,
                 from ../../../libLumina/LUtils.h:11,
                 from ../../../libLumina/LDesktopUtils.h:18,
                 from ../../../libLumina/LDesktopUtils.cpp:7:
/usr/include/qt5/QtCore/qprocess.h:265:16: note: declared here
  265 |     static int execute(const QString &command);
      |                ^~~~~~~
g++ -c -pipe -O2 -flto=auto -ffat-lto-objects -fexceptions -g -grecord-gcc-switches -pipe -Wall -Werror=format-security -Wp,-D_FORTIFY_SOURCE=2 -Wp,-D_GLIBCXX_ASSERTIONS -specs=/usr/lib/rpm/redhat/redhat-hardened-cc1 -fstack-protector-strong -specs=/usr/lib/rpm/redhat/redhat-annobin-cc1 -m64 -mtune=generic -fasynchronous-unwind-tables -fstack-clash-protection -fcf-protection -std=gnu++11 -Wall -Wextra -D_REENTRANT -fPIC -DPREFIX=QString\(\"/usr\"\) -DL_ETCDIR=QString\(\"/etc\"\) -DL_SHAREDIR=QString\(\"/usr/share\"\) -DGIT_VERSION="\"a88ea52f\"" -DLTHEMEENGINE_DATADIR=\"/usr/share\" -DUSE_WIDGETS -DQT_NO_DEBUG -DQT_SVG_LIB -DQT_WIDGETS_LIB -DQT_X11EXTRAS_LIB -DQT_MULTIMEDIA_LIB -DQT_GUI_LIB -DQT_NETWORK_LIB -DQT_CONCURRENT_LIB -DQT_CORE_LIB -I. -I../../../libLumina -I/usr/include/qt5 -I/usr -I/usr/include -I/home/q5sys/git/lumina/src-qt5/core/lumina-theme-engine/src/lthemeengine -I/usr/include/qt5/QtSvg -I/usr/include/qt5/QtWidgets -I/usr/include/qt5/QtX11Extras -I/usr/include/qt5/QtMultimedia -I/usr/include/qt5/QtGui -I/usr/include/qt5/QtNetwork -I/usr/include/qt5/QtConcurrent -I/usr/include/qt5/QtCore -I.build/moc -I.build/ui -I/usr/lib64/qt5/mkspecs/linux-g++ -o .build/obj/moc_fontconfigdialog.o .build/moc/moc_fontconfigdialog.cpp
g++ -c -pipe -O2 -flto=auto -ffat-lto-objects -fexceptions -g -grecord-gcc-switches -pipe -Wall -Werror=format-security -Wp,-D_FORTIFY_SOURCE=2 -Wp,-D_GLIBCXX_ASSERTIONS -specs=/usr/lib/rpm/redhat/redhat-hardened-cc1 -fstack-protector-strong -specs=/usr/lib/rpm/redhat/redhat-annobin-cc1 -m64 -mtune=generic -fasynchronous-unwind-tables -fstack-clash-protection -fcf-protection -std=gnu++11 -Wall -Wextra -D_REENTRANT -fPIC -DPREFIX=QString\(\"/usr\"\) -DL_ETCDIR=QString\(\"/etc\"\) -DL_SHAREDIR=QString\(\"/usr/share\"\) -DGIT_VERSION="\"a88ea52f\"" -DQT_NO_DEBUG -DQT_MULTIMEDIAWIDGETS_LIB -DQT_SVG_LIB -DQT_WIDGETS_LIB -DQT_X11EXTRAS_LIB -DQT_MULTIMEDIA_LIB -DQT_QUICK_LIB -DQT_GUI_LIB -DQT_QMLMODELS_LIB -DQT_QML_LIB -DQT_NETWORK_LIB -DQT_CONCURRENT_LIB -DQT_CORE_LIB -I. -I../libLumina -I/usr/include/qt5 -I/usr -I/usr/include -I/home/q5sys/git/lumina/src-qt5/core/lumina-desktop -I../../src-cpp -Isrc-screensaver -I/usr/include/qt5/QtMultimediaWidgets -I/usr/include/qt5/QtSvg -I/usr/include/qt5/QtWidgets -I/usr/include/qt5/QtX11Extras -I/usr/include/qt5/QtMultimedia -I/usr/include/qt5/QtQuick -I/usr/include/qt5/QtGui -I/usr/include/qt5/QtQmlModels -I/usr/include/qt5/QtQml -I/usr/include/qt5/QtNetwork -I/usr/include/qt5/QtConcurrent -I/usr/include/qt5/QtCore -I.build/moc -I.build/ui -I/usr/lib64/qt5/mkspecs/linux-g++ -o .build/obj/moc_LPPlugin.o .build/moc/moc_LPPlugin.cpp
../../../libLumina/LDesktopUtils.cpp: In static member function ‘static bool LDesktopUtils::checkUserFiles(QString, QString)’:
../../../libLumina/LDesktopUtils.cpp:517:58: warning: ignoring return value of ‘int system(const char*)’ declared with attribute ‘warn_unused_result’ [-Wunused-result]
  517 |     if( oldversion < 100000 && nversion>=100000 ){ system("rm -rf ~/.lumina"); qDebug() << "Current desktop settings obsolete: Re-implementing defaults"; }
      |                                                    ~~~~~~^~~~~~~~~~~~~~~~~~~~
g++ -c -pipe -O2 -flto=auto -ffat-lto-objects -fexceptions -g -grecord-gcc-switches -pipe -Wall -Werror=format-security -Wp,-D_FORTIFY_SOURCE=2 -Wp,-D_GLIBCXX_ASSERTIONS -specs=/usr/lib/rpm/redhat/redhat-hardened-cc1 -fstack-protector-strong -specs=/usr/lib/rpm/redhat/redhat-annobin-cc1 -m64 -mtune=generic -fasynchronous-unwind-tables -fstack-clash-protection -fcf-protection -std=gnu++11 -Wall -Wextra -D_REENTRANT -fPIC -DPREFIX=QString\(\"/usr\"\) -DL_ETCDIR=QString\(\"/etc\"\) -DL_SHAREDIR=QString\(\"/usr/share\"\) -DGIT_VERSION="\"a88ea52f\"" -DLTHEMEENGINE_DATADIR=\"/usr/share\" -DUSE_WIDGETS -DQT_NO_DEBUG -DQT_SVG_LIB -DQT_WIDGETS_LIB -DQT_X11EXTRAS_LIB -DQT_MULTIMEDIA_LIB -DQT_GUI_LIB -DQT_NETWORK_LIB -DQT_CONCURRENT_LIB -DQT_CORE_LIB -I. -I../../../libLumina -I/usr/include/qt5 -I/usr -I/usr/include -I/home/q5sys/git/lumina/src-qt5/core/lumina-theme-engine/src/lthemeengine -I/usr/include/qt5/QtSvg -I/usr/include/qt5/QtWidgets -I/usr/include/qt5/QtX11Extras -I/usr/include/qt5/QtMultimedia -I/usr/include/qt5/QtGui -I/usr/include/qt5/QtNetwork -I/usr/include/qt5/QtConcurrent -I/usr/include/qt5/QtCore -I.build/moc -I.build/ui -I/usr/lib64/qt5/mkspecs/linux-g++ -o .build/obj/moc_qsspage.o .build/moc/moc_qsspage.cpp
g++ -c -pipe -O2 -flto=auto -ffat-lto-objects -fexceptions -g -grecord-gcc-switches -pipe -Wall -Werror=format-security -Wp,-D_FORTIFY_SOURCE=2 -Wp,-D_GLIBCXX_ASSERTIONS -specs=/usr/lib/rpm/redhat/redhat-hardened-cc1 -fstack-protector-strong -specs=/usr/lib/rpm/redhat/redhat-annobin-cc1 -m64 -mtune=generic -fasynchronous-unwind-tables -fstack-clash-protection -fcf-protection -std=gnu++11 -Wall -Wextra -D_REENTRANT -fPIC -DPREFIX=QString\(\"/usr\"\) -DL_ETCDIR=QString\(\"/etc\"\) -DL_SHAREDIR=QString\(\"/usr/share\"\) -DGIT_VERSION="\"a88ea52f\"" -DLTHEMEENGINE_DATADIR=\"/usr/share\" -DUSE_WIDGETS -DQT_NO_DEBUG -DQT_SVG_LIB -DQT_WIDGETS_LIB -DQT_X11EXTRAS_LIB -DQT_MULTIMEDIA_LIB -DQT_GUI_LIB -DQT_NETWORK_LIB -DQT_CONCURRENT_LIB -DQT_CORE_LIB -I. -I../../../libLumina -I/usr/include/qt5 -I/usr -I/usr/include -I/home/q5sys/git/lumina/src-qt5/core/lumina-theme-engine/src/lthemeengine -I/usr/include/qt5/QtSvg -I/usr/include/qt5/QtWidgets -I/usr/include/qt5/QtX11Extras -I/usr/include/qt5/QtMultimedia -I/usr/include/qt5/QtGui -I/usr/include/qt5/QtNetwork -I/usr/include/qt5/QtConcurrent -I/usr/include/qt5/QtCore -I.build/moc -I.build/ui -I/usr/lib64/qt5/mkspecs/linux-g++ -o .build/obj/moc_qsseditordialog.o .build/moc/moc_qsseditordialog.cpp
g++ -c -pipe -O2 -flto=auto -ffat-lto-objects -fexceptions -g -grecord-gcc-switches -pipe -Wall -Werror=format-security -Wp,-D_FORTIFY_SOURCE=2 -Wp,-D_GLIBCXX_ASSERTIONS -specs=/usr/lib/rpm/redhat/redhat-hardened-cc1 -fstack-protector-strong -specs=/usr/lib/rpm/redhat/redhat-annobin-cc1 -m64 -mtune=generic -fasynchronous-unwind-tables -fstack-clash-protection -fcf-protection -std=gnu++11 -Wall -Wextra -D_REENTRANT -fPIC -DPREFIX=QString\(\"/usr\"\) -DL_ETCDIR=QString\(\"/etc\"\) -DL_SHAREDIR=QString\(\"/usr/share\"\) -DGIT_VERSION="\"a88ea52f\"" -DQT_NO_DEBUG -DQT_MULTIMEDIAWIDGETS_LIB -DQT_SVG_LIB -DQT_WIDGETS_LIB -DQT_X11EXTRAS_LIB -DQT_MULTIMEDIA_LIB -DQT_QUICK_LIB -DQT_GUI_LIB -DQT_QMLMODELS_LIB -DQT_QML_LIB -DQT_NETWORK_LIB -DQT_CONCURRENT_LIB -DQT_CORE_LIB -I. -I../libLumina -I/usr/include/qt5 -I/usr -I/usr/include -I/home/q5sys/git/lumina/src-qt5/core/lumina-desktop -I../../src-cpp -Isrc-screensaver -I/usr/include/qt5/QtMultimediaWidgets -I/usr/include/qt5/QtSvg -I/usr/include/qt5/QtWidgets -I/usr/include/qt5/QtX11Extras -I/usr/include/qt5/QtMultimedia -I/usr/include/qt5/QtQuick -I/usr/include/qt5/QtGui -I/usr/include/qt5/QtQmlModels -I/usr/include/qt5/QtQml -I/usr/include/qt5/QtNetwork -I/usr/include/qt5/QtConcurrent -I/usr/include/qt5/QtCore -I.build/moc -I.build/ui -I/usr/lib64/qt5/mkspecs/linux-g++ -o .build/obj/moc_LTBWidget.o .build/moc/moc_LTBWidget.cpp
g++ -c -pipe -O2 -flto=auto -ffat-lto-objects -fexceptions -g -grecord-gcc-switches -pipe -Wall -Werror=format-security -Wp,-D_FORTIFY_SOURCE=2 -Wp,-D_GLIBCXX_ASSERTIONS -specs=/usr/lib/rpm/redhat/redhat-hardened-cc1 -fstack-protector-strong -specs=/usr/lib/rpm/redhat/redhat-annobin-cc1 -m64 -mtune=generic -fasynchronous-unwind-tables -fstack-clash-protection -fcf-protection -std=gnu++11 -Wall -Wextra -D_REENTRANT -fPIC -DPREFIX=QString\(\"/usr\"\) -DL_ETCDIR=QString\(\"/etc\"\) -DL_SHAREDIR=QString\(\"/usr/share\"\) -DGIT_VERSION="\"a88ea52f\"" -DLTHEMEENGINE_DATADIR=\"/usr/share\" -DUSE_WIDGETS -DQT_NO_DEBUG -DQT_SVG_LIB -DQT_WIDGETS_LIB -DQT_X11EXTRAS_LIB -DQT_MULTIMEDIA_LIB -DQT_GUI_LIB -DQT_NETWORK_LIB -DQT_CONCURRENT_LIB -DQT_CORE_LIB -I. -I../../../libLumina -I/usr/include/qt5 -I/usr -I/usr/include -I/home/q5sys/git/lumina/src-qt5/core/lumina-theme-engine/src/lthemeengine -I/usr/include/qt5/QtSvg -I/usr/include/qt5/QtWidgets -I/usr/include/qt5/QtX11Extras -I/usr/include/qt5/QtMultimedia -I/usr/include/qt5/QtGui -I/usr/include/qt5/QtNetwork -I/usr/include/qt5/QtConcurrent -I/usr/include/qt5/QtCore -I.build/moc -I.build/ui -I/usr/lib64/qt5/mkspecs/linux-g++ -o .build/obj/moc_cursorthemepage.o .build/moc/moc_cursorthemepage.cpp
g++ -c -pipe -O2 -flto=auto -ffat-lto-objects -fexceptions -g -grecord-gcc-switches -pipe -Wall -Werror=format-security -Wp,-D_FORTIFY_SOURCE=2 -Wp,-D_GLIBCXX_ASSERTIONS -specs=/usr/lib/rpm/redhat/redhat-hardened-cc1 -fstack-protector-strong -specs=/usr/lib/rpm/redhat/redhat-annobin-cc1 -m64 -mtune=generic -fasynchronous-unwind-tables -fstack-clash-protection -fcf-protection -std=gnu++11 -Wall -Wextra -D_REENTRANT -fPIC -DPREFIX=QString\(\"/usr\"\) -DL_ETCDIR=QString\(\"/etc\"\) -DL_SHAREDIR=QString\(\"/usr/share\"\) -DGIT_VERSION="\"a88ea52f\"" -DQT_NO_DEBUG -DQT_MULTIMEDIAWIDGETS_LIB -DQT_SVG_LIB -DQT_WIDGETS_LIB -DQT_X11EXTRAS_LIB -DQT_MULTIMEDIA_LIB -DQT_QUICK_LIB -DQT_GUI_LIB -DQT_QMLMODELS_LIB -DQT_QML_LIB -DQT_NETWORK_LIB -DQT_CONCURRENT_LIB -DQT_CORE_LIB -I. -I../libLumina -I/usr/include/qt5 -I/usr -I/usr/include -I/home/q5sys/git/lumina/src-qt5/core/lumina-desktop -I../../src-cpp -Isrc-screensaver -I/usr/include/qt5/QtMultimediaWidgets -I/usr/include/qt5/QtSvg -I/usr/include/qt5/QtWidgets -I/usr/include/qt5/QtX11Extras -I/usr/include/qt5/QtMultimedia -I/usr/include/qt5/QtQuick -I/usr/include/qt5/QtGui -I/usr/include/qt5/QtQmlModels -I/usr/include/qt5/QtQml -I/usr/include/qt5/QtNetwork -I/usr/include/qt5/QtConcurrent -I/usr/include/qt5/QtCore -I.build/moc -I.build/ui -I/usr/lib64/qt5/mkspecs/linux-g++ -o .build/obj/moc_LDPlugin.o .build/moc/moc_LDPlugin.cpp
In file included from .build/moc/moc_LTBWidget.cpp:10:
.build/moc/../../panel-plugins/LTBWidget.h: In member function ‘virtual void LTBWidget::wheelEvent(QWheelEvent*)’:
.build/moc/../../panel-plugins/LTBWidget.h:65:36: warning: ‘int QWheelEvent::delta() const’ is deprecated: Use angleDelta() [-Wdeprecated-declarations]
   65 |           int change = event->delta()/120; // 1/15th of a rotation (delta/120) is usually one "click" of the wheel
      |                        ~~~~~~~~~~~~^~
In file included from /usr/include/qt5/QtGui/QWheelEvent:1,
                 from .build/moc/../../panel-plugins/LTBWidget.h:12,
                 from .build/moc/moc_LTBWidget.cpp:10:
/usr/include/qt5/QtGui/qevent.h:219:16: note: declared here
  219 |     inline int delta() const  { return qt4D; }
      |                ^~~~~
g++ -c -pipe -O2 -flto=auto -ffat-lto-objects -fexceptions -g -grecord-gcc-switches -pipe -Wall -Werror=format-security -Wp,-D_FORTIFY_SOURCE=2 -Wp,-D_GLIBCXX_ASSERTIONS -specs=/usr/lib/rpm/redhat/redhat-hardened-cc1 -fstack-protector-strong -specs=/usr/lib/rpm/redhat/redhat-annobin-cc1 -m64 -mtune=generic -fasynchronous-unwind-tables -fstack-clash-protection -fcf-protection -std=gnu++11 -Wall -Wextra -D_REENTRANT -fPIC -DPREFIX=QString\(\"/usr\"\) -DL_ETCDIR=QString\(\"/etc\"\) -DL_SHAREDIR=QString\(\"/usr/share\"\) -DGIT_VERSION="\"a88ea52f\"" -DLTHEMEENGINE_DATADIR=\"/usr/share\" -DQT_NO_DEBUG -DQT_SVG_LIB -DQT_WIDGETS_LIB -DQT_X11EXTRAS_LIB -DQT_MULTIMEDIA_LIB -DQT_GUI_LIB -DQT_NETWORK_LIB -DQT_CONCURRENT_LIB -DQT_CORE_LIB -I. -I../../../libLumina -I/usr/include/qt5 -I/usr -I/usr/include -I/home/q5sys/git/lumina/src-qt5/core/lumina-theme-engine/src/lthemeengine-sstest -I/usr/include/qt5/QtSvg -I/usr/include/qt5/QtWidgets -I/usr/include/qt5/QtX11Extras -I/usr/include/qt5/QtMultimedia -I/usr/include/qt5/QtGui -I/usr/include/qt5/QtNetwork -I/usr/include/qt5/QtConcurrent -I/usr/include/qt5/QtCore -I.build/moc -I/usr/lib64/qt5/mkspecs/linux-g++ -o .build/obj/LuminaOS-Linux.o ../../../libLumina/LuminaOS-Linux.cpp
g++ -c -pipe -O2 -flto=auto -ffat-lto-objects -fexceptions -g -grecord-gcc-switches -pipe -Wall -Werror=format-security -Wp,-D_FORTIFY_SOURCE=2 -Wp,-D_GLIBCXX_ASSERTIONS -specs=/usr/lib/rpm/redhat/redhat-hardened-cc1 -fstack-protector-strong -specs=/usr/lib/rpm/redhat/redhat-annobin-cc1 -m64 -mtune=generic -fasynchronous-unwind-tables -fstack-clash-protection -fcf-protection -std=gnu++11 -Wall -Wextra -D_REENTRANT -fPIC -DPREFIX=QString\(\"/usr\"\) -DL_ETCDIR=QString\(\"/etc\"\) -DL_SHAREDIR=QString\(\"/usr/share\"\) -DGIT_VERSION="\"a88ea52f\"" -DQT_NO_DEBUG -DQT_MULTIMEDIAWIDGETS_LIB -DQT_SVG_LIB -DQT_WIDGETS_LIB -DQT_X11EXTRAS_LIB -DQT_MULTIMEDIA_LIB -DQT_QUICK_LIB -DQT_GUI_LIB -DQT_QMLMODELS_LIB -DQT_QML_LIB -DQT_NETWORK_LIB -DQT_CONCURRENT_LIB -DQT_CORE_LIB -I. -I../libLumina -I/usr/include/qt5 -I/usr -I/usr/include -I/home/q5sys/git/lumina/src-qt5/core/lumina-desktop -I../../src-cpp -Isrc-screensaver -I/usr/include/qt5/QtMultimediaWidgets -I/usr/include/qt5/QtSvg -I/usr/include/qt5/QtWidgets -I/usr/include/qt5/QtX11Extras -I/usr/include/qt5/QtMultimedia -I/usr/include/qt5/QtQuick -I/usr/include/qt5/QtGui -I/usr/include/qt5/QtQmlModels -I/usr/include/qt5/QtQml -I/usr/include/qt5/QtNetwork -I/usr/include/qt5/QtConcurrent -I/usr/include/qt5/QtCore -I.build/moc -I.build/ui -I/usr/lib64/qt5/mkspecs/linux-g++ -o .build/obj/moc_JsonMenu.o .build/moc/moc_JsonMenu.cpp
g++ -Wl,--as-needed -Wl,-z,relro -Wl,--as-needed -Wl,-z,now -specs=/usr/lib/rpm/redhat/redhat-hardened-ld -Wl,-rpath-link,/usr/lib64 -o lthemeengine .build/obj/LDesktopUtils.o .build/obj/LuminaOS-Linux.o .build/obj/LUtils.o .build/obj/LuminaThemes.o .build/obj/LuminaXDG.o .build/obj/LFileInfo.o .build/obj/main.o .build/obj/mainwindow.o .build/obj/tabpage.o .build/obj/appearancepage.o .build/obj/fontspage.o .build/obj/lthemeengine.o .build/obj/paletteeditdialog.o .build/obj/iconthemepage.o .build/obj/interfacepage.o .build/obj/fontconfigdialog.o .build/obj/qsspage.o .build/obj/qsseditordialog.o .build/obj/cursorthemepage.o .build/obj/moc_LuminaThemes.o .build/obj/moc_LuminaXDG.o .build/obj/moc_mainwindow.o .build/obj/moc_tabpage.o .build/obj/moc_appearancepage.o .build/obj/moc_fontspage.o .build/obj/moc_paletteeditdialog.o .build/obj/moc_iconthemepage.o .build/obj/moc_interfacepage.o .build/obj/moc_fontconfigdialog.o .build/obj/moc_qsspage.o .build/obj/moc_qsseditordialog.o .build/obj/moc_cursorthemepage.o   -L/home/q5sys/git/lumina/src-qt5/core/libLumina -L/usr/lib64 -L/usr/lib64/qt5 -L/usr/local/lib -L/usr/lib -L/lib /usr/lib64/libQt5Svg.so /usr/lib64/libQt5Widgets.so /usr/lib64/libQt5X11Extras.so /usr/lib64/libQt5Multimedia.so /usr/lib64/libQt5Gui.so /usr/lib64/libQt5Network.so /usr/lib64/libQt5Concurrent.so /usr/lib64/libQt5Core.so -lGL -lpthread   
g++ -c -pipe -O2 -flto=auto -ffat-lto-objects -fexceptions -g -grecord-gcc-switches -pipe -Wall -Werror=format-security -Wp,-D_FORTIFY_SOURCE=2 -Wp,-D_GLIBCXX_ASSERTIONS -specs=/usr/lib/rpm/redhat/redhat-hardened-cc1 -fstack-protector-strong -specs=/usr/lib/rpm/redhat/redhat-annobin-cc1 -m64 -mtune=generic -fasynchronous-unwind-tables -fstack-clash-protection -fcf-protection -std=gnu++11 -Wall -Wextra -D_REENTRANT -fPIC -DPREFIX=QString\(\"/usr\"\) -DL_ETCDIR=QString\(\"/etc\"\) -DL_SHAREDIR=QString\(\"/usr/share\"\) -DGIT_VERSION="\"a88ea52f\"" -DQT_NO_DEBUG -DQT_MULTIMEDIAWIDGETS_LIB -DQT_SVG_LIB -DQT_WIDGETS_LIB -DQT_X11EXTRAS_LIB -DQT_MULTIMEDIA_LIB -DQT_QUICK_LIB -DQT_GUI_LIB -DQT_QMLMODELS_LIB -DQT_QML_LIB -DQT_NETWORK_LIB -DQT_CONCURRENT_LIB -DQT_CORE_LIB -I. -I../libLumina -I/usr/include/qt5 -I/usr -I/usr/include -I/home/q5sys/git/lumina/src-qt5/core/lumina-desktop -I../../src-cpp -Isrc-screensaver -I/usr/include/qt5/QtMultimediaWidgets -I/usr/include/qt5/QtSvg -I/usr/include/qt5/QtWidgets -I/usr/include/qt5/QtX11Extras -I/usr/include/qt5/QtMultimedia -I/usr/include/qt5/QtQuick -I/usr/include/qt5/QtGui -I/usr/include/qt5/QtQmlModels -I/usr/include/qt5/QtQml -I/usr/include/qt5/QtNetwork -I/usr/include/qt5/QtConcurrent -I/usr/include/qt5/QtCore -I.build/moc -I.build/ui -I/usr/lib64/qt5/mkspecs/linux-g++ -o .build/obj/moc_LLockScreen.o .build/moc/moc_LLockScreen.cpp
../../../libLumina/LuminaOS-Linux.cpp: In static member function ‘static void LOS::startMixerUtility()’:
../../../libLumina/LuminaOS-Linux.cpp:134:26: warning: ‘static bool QProcess::startDetached(const QString&)’ is deprecated: Use QProcess::startDetached(const QString &program, const QStringList &arguments) instead [-Wdeprecated-declarations]
  134 |   QProcess::startDetached(LOS::AppPrefix() + "bin/pavucontrol");
      |   ~~~~~~~~~~~~~~~~~~~~~~~^~~~~~~~~~~~~~~~~~~~~~~~~~~~~~~~~~~~~~
In file included from /usr/include/qt5/QtCore/QProcess:1,
                 from ../../../libLumina/LuminaOS.h:17,
                 from ../../../libLumina/LuminaOS-Linux.cpp:9:
/usr/include/qt5/QtCore/qprocess.h:280:17: note: declared here
  280 |     static bool startDetached(const QString &command);
      |                 ^~~~~~~~~~~~~
../../../libLumina/LuminaOS-Linux.cpp: In static member function ‘static void LOS::systemShutdown(bool)’:
../../../libLumina/LuminaOS-Linux.cpp:155:26: warning: ‘static bool QProcess::startDetached(const QString&)’ is deprecated: Use QProcess::startDetached(const QString &program, const QStringList &arguments) instead [-Wdeprecated-declarations]
  155 |   QProcess::startDetached("shutdown -P -h now");
      |   ~~~~~~~~~~~~~~~~~~~~~~~^~~~~~~~~~~~~~~~~~~~~~
In file included from /usr/include/qt5/QtCore/QProcess:1,
                 from ../../../libLumina/LuminaOS.h:17,
                 from ../../../libLumina/LuminaOS-Linux.cpp:9:
/usr/include/qt5/QtCore/qprocess.h:280:17: note: declared here
  280 |     static bool startDetached(const QString &command);
      |                 ^~~~~~~~~~~~~
../../../libLumina/LuminaOS-Linux.cpp: In static member function ‘static void LOS::systemRestart(bool)’:
../../../libLumina/LuminaOS-Linux.cpp:161:26: warning: ‘static bool QProcess::startDetached(const QString&)’ is deprecated: Use QProcess::startDetached(const QString &program, const QStringList &arguments) instead [-Wdeprecated-declarations]
  161 |   QProcess::startDetached("shutdown -r now");
      |   ~~~~~~~~~~~~~~~~~~~~~~~^~~~~~~~~~~~~~~~~~~
In file included from /usr/include/qt5/QtCore/QProcess:1,
                 from ../../../libLumina/LuminaOS.h:17,
                 from ../../../libLumina/LuminaOS-Linux.cpp:9:
/usr/include/qt5/QtCore/qprocess.h:280:17: note: declared here
  280 |     static bool startDetached(const QString &command);
      |                 ^~~~~~~~~~~~~
In file included from .build/moc/../../panel-plugins/taskmanager/LTaskButton.h:26,
                 from .build/moc/../../panel-plugins/taskmanager/LTaskManagerPlugin.h:23,
                 from .build/moc/../../panel-plugins/NewPP.h:23,
                 from .build/moc/../../LPanel.h:24,
                 from .build/moc/../../LDesktop.h:29,
                 from .build/moc/../../LSession.h:30,
                 from .build/moc/../../JsonMenu.h:21,
                 from .build/moc/moc_JsonMenu.cpp:10:
.build/moc/../../panel-plugins/taskmanager/../LTBWidget.h: In member function ‘virtual void LTBWidget::wheelEvent(QWheelEvent*)’:
.build/moc/../../panel-plugins/taskmanager/../LTBWidget.h:65:36: warning: ‘int QWheelEvent::delta() const’ is deprecated: Use angleDelta() [-Wdeprecated-declarations]
   65 |           int change = event->delta()/120; // 1/15th of a rotation (delta/120) is usually one "click" of the wheel
      |                        ~~~~~~~~~~~~^~
In file included from /usr/include/qt5/QtGui/QMoveEvent:1,
                 from .build/moc/../../LPanel.h:19,
                 from .build/moc/../../LDesktop.h:29,
                 from .build/moc/../../LSession.h:30,
                 from .build/moc/../../JsonMenu.h:21,
                 from .build/moc/moc_JsonMenu.cpp:10:
/usr/include/qt5/QtGui/qevent.h:219:16: note: declared here
  219 |     inline int delta() const  { return qt4D; }
      |                ^~~~~
In file included from .build/moc/../../panel-plugins/taskmanager/LTaskManagerPlugin.h:23,
                 from .build/moc/../../panel-plugins/NewPP.h:23,
                 from .build/moc/../../LPanel.h:24,
                 from .build/moc/../../LDesktop.h:29,
                 from .build/moc/../../LSession.h:30,
                 from .build/moc/../../JsonMenu.h:21,
                 from .build/moc/moc_JsonMenu.cpp:10:
.build/moc/../../panel-plugins/taskmanager/LTaskButton.h: In member function ‘virtual void LTaskButton::changeEvent(QEvent*)’:
.build/moc/../../panel-plugins/taskmanager/LTaskButton.h:76:37: warning: ‘int qrand()’ is deprecated: use QRandomGenerator instead [-Wdeprecated-declarations]
   76 |             QTimer::singleShot(qrand()%100+500, this, SLOT(UpdateButton()) );
      |                                ~~~~~^~
In file included from /usr/include/qt5/QtGui/qtguiglobal.h:43,
                 from /usr/include/qt5/QtWidgets/qtwidgetsglobal.h:43,
                 from /usr/include/qt5/QtWidgets/qmenu.h:43,
                 from /usr/include/qt5/QtWidgets/QMenu:1,
                 from .build/moc/../../JsonMenu.h:13,
                 from .build/moc/moc_JsonMenu.cpp:10:
/usr/include/qt5/QtCore/qglobal.h:1274:80: note: declared here
 1274 | Q_CORE_EXPORT QT_DEPRECATED_VERSION_X_5_15("use QRandomGenerator instead") int qrand();
      |                                                                                ^~~~~
In file included from .build/moc/../../LDesktop.h:32,
                 from .build/moc/../../LSession.h:30,
                 from .build/moc/../../JsonMenu.h:21,
                 from .build/moc/moc_JsonMenu.cpp:10:
.build/moc/../../LDesktopPluginSpace.h: In member function ‘void LDesktopPluginSpace::RemoveItem(QString)’:
.build/moc/../../LDesktopPluginSpace.h:184:77: warning: ‘static bool QProcess::startDetached(const QString&)’ is deprecated: Use QProcess::startDetached(const QString &program, const QStringList &arguments) instead [-Wdeprecated-declarations]
  184 |               if(!info.isSymLink() && info.isDir()){ QProcess::startDetached("rm -r \""+info.absoluteFilePath()+"\""); }
      |                                                      ~~~~~~~~~~~~~~~~~~~~~~~^~~~~~~~~~~~~~~~~~~~~~~~~~~~~~~~~~~~~~~~~
In file included from /usr/include/qt5/QtCore/QProcess:1,
                 from ../libLumina/LUtils.h:11,
                 from .build/moc/../../JsonMenu.h:19,
                 from .build/moc/moc_JsonMenu.cpp:10:
/usr/include/qt5/QtCore/qprocess.h:280:17: note: declared here
  280 |     static bool startDetached(const QString &command);
      |                 ^~~~~~~~~~~~~
g++ -c -pipe -O2 -flto=auto -ffat-lto-objects -fexceptions -g -grecord-gcc-switches -pipe -Wall -Werror=format-security -Wp,-D_FORTIFY_SOURCE=2 -Wp,-D_GLIBCXX_ASSERTIONS -specs=/usr/lib/rpm/redhat/redhat-hardened-cc1 -fstack-protector-strong -specs=/usr/lib/rpm/redhat/redhat-annobin-cc1 -m64 -mtune=generic -fasynchronous-unwind-tables -fstack-clash-protection -fcf-protection -std=gnu++11 -Wall -Wextra -D_REENTRANT -fPIC -DPREFIX=QString\(\"/usr\"\) -DL_ETCDIR=QString\(\"/etc\"\) -DL_SHAREDIR=QString\(\"/usr/share\"\) -DGIT_VERSION="\"a88ea52f\"" -DLTHEMEENGINE_DATADIR=\"/usr/share\" -DQT_NO_DEBUG -DQT_SVG_LIB -DQT_WIDGETS_LIB -DQT_X11EXTRAS_LIB -DQT_MULTIMEDIA_LIB -DQT_GUI_LIB -DQT_NETWORK_LIB -DQT_CONCURRENT_LIB -DQT_CORE_LIB -I. -I../../../libLumina -I/usr/include/qt5 -I/usr -I/usr/include -I/home/q5sys/git/lumina/src-qt5/core/lumina-theme-engine/src/lthemeengine-sstest -I/usr/include/qt5/QtSvg -I/usr/include/qt5/QtWidgets -I/usr/include/qt5/QtX11Extras -I/usr/include/qt5/QtMultimedia -I/usr/include/qt5/QtGui -I/usr/include/qt5/QtNetwork -I/usr/include/qt5/QtConcurrent -I/usr/include/qt5/QtCore -I.build/moc -I/usr/lib64/qt5/mkspecs/linux-g++ -o .build/obj/LUtils.o ../../../libLumina/LUtils.cpp
In file included from ./global-includes.h:72,
                 from src-screensaver/LScreenSaver.h:10,
                 from .build/moc/../../LSession.h:33,
                 from .build/moc/../../JsonMenu.h:21,
                 from .build/moc/moc_JsonMenu.cpp:10:
../libLumina/ExternalProcess.h: In static member function ‘static void ExternalProcess::launch(QString, QStringList, bool)’:
../libLumina/ExternalProcess.h:84:41: warning: ‘void QProcess::start(const QString&, QIODevice::OpenMode)’ is deprecated: Use QProcess::start(const QString &program, const QStringList &arguments,OpenMode mode = ReadWrite) instead [-Wdeprecated-declarations]
   84 |           if(args.isEmpty()){ tmp->start(program); }
      |                               ~~~~~~~~~~^~~~~~~~~
In file included from /usr/include/qt5/QtCore/QProcess:1,
                 from ../libLumina/LUtils.h:11,
                 from .build/moc/../../JsonMenu.h:19,
                 from .build/moc/moc_JsonMenu.cpp:10:
/usr/include/qt5/QtCore/qprocess.h:168:10: note: declared here
  168 |     void start(const QString &command, OpenMode mode = ReadWrite);
      |          ^~~~~
In file included from ./global-includes.h:72,
                 from .build/moc/../../src-screensaver/LLockScreen.h:10,
                 from .build/moc/moc_LLockScreen.cpp:10:
../libLumina/ExternalProcess.h: In static member function ‘static void ExternalProcess::launch(QString, QStringList, bool)’:
../libLumina/ExternalProcess.h:84:41: warning: ‘void QProcess::start(const QString&, QIODevice::OpenMode)’ is deprecated: Use QProcess::start(const QString &program, const QStringList &arguments,OpenMode mode = ReadWrite) instead [-Wdeprecated-declarations]
   84 |           if(args.isEmpty()){ tmp->start(program); }
      |                               ~~~~~~~~~~^~~~~~~~~
In file included from /usr/include/qt5/QtCore/QtCore:170,
                 from /usr/include/qt5/QtConcurrent/QtConcurrentDepends:3,
                 from /usr/include/qt5/QtConcurrent/QtConcurrent:3,
                 from ./global-includes.h:61,
                 from .build/moc/../../src-screensaver/LLockScreen.h:10,
                 from .build/moc/moc_LLockScreen.cpp:10:
/usr/include/qt5/QtCore/qprocess.h:168:10: note: declared here
  168 |     void start(const QString &command, OpenMode mode = ReadWrite);
      |          ^~~~~
../../../libLumina/LUtils.cpp: In static member function ‘static QString LUtils::runCommand(bool&, QString, QStringList, QString, QStringList)’:
../../../libLumina/LUtils.cpp:130:38: warning: ‘void QProcess::start(const QString&, QIODevice::OpenMode)’ is deprecated: Use QProcess::start(const QString &program, const QStringList &arguments,OpenMode mode = ReadWrite) instead [-Wdeprecated-declarations]
  130 |   if(arguments.isEmpty()){ proc.start(command); }
      |                            ~~~~~~~~~~^~~~~~~~~
In file included from /usr/include/qt5/QtCore/QProcess:1,
                 from ../../../libLumina/LUtils.h:11,
                 from ../../../libLumina/LUtils.cpp:7:
/usr/include/qt5/QtCore/qprocess.h:168:10: note: declared here
  168 |     void start(const QString &command, OpenMode mode = ReadWrite);
      |          ^~~~~
g++ -c -pipe -O2 -flto=auto -ffat-lto-objects -fexceptions -g -grecord-gcc-switches -pipe -Wall -Werror=format-security -Wp,-D_FORTIFY_SOURCE=2 -Wp,-D_GLIBCXX_ASSERTIONS -specs=/usr/lib/rpm/redhat/redhat-hardened-cc1 -fstack-protector-strong -specs=/usr/lib/rpm/redhat/redhat-annobin-cc1 -m64 -mtune=generic -fasynchronous-unwind-tables -fstack-clash-protection -fcf-protection -std=gnu++11 -Wall -Wextra -D_REENTRANT -fPIC -DPREFIX=QString\(\"/usr\"\) -DL_ETCDIR=QString\(\"/etc\"\) -DL_SHAREDIR=QString\(\"/usr/share\"\) -DGIT_VERSION="\"a88ea52f\"" -DQT_NO_DEBUG -DQT_MULTIMEDIAWIDGETS_LIB -DQT_SVG_LIB -DQT_WIDGETS_LIB -DQT_X11EXTRAS_LIB -DQT_MULTIMEDIA_LIB -DQT_QUICK_LIB -DQT_GUI_LIB -DQT_QMLMODELS_LIB -DQT_QML_LIB -DQT_NETWORK_LIB -DQT_CONCURRENT_LIB -DQT_CORE_LIB -I. -I../libLumina -I/usr/include/qt5 -I/usr -I/usr/include -I/home/q5sys/git/lumina/src-qt5/core/lumina-desktop -I../../src-cpp -Isrc-screensaver -I/usr/include/qt5/QtMultimediaWidgets -I/usr/include/qt5/QtSvg -I/usr/include/qt5/QtWidgets -I/usr/include/qt5/QtX11Extras -I/usr/include/qt5/QtMultimedia -I/usr/include/qt5/QtQuick -I/usr/include/qt5/QtGui -I/usr/include/qt5/QtQmlModels -I/usr/include/qt5/QtQml -I/usr/include/qt5/QtNetwork -I/usr/include/qt5/QtConcurrent -I/usr/include/qt5/QtCore -I.build/moc -I.build/ui -I/usr/lib64/qt5/mkspecs/linux-g++ -o .build/obj/moc_LScreenSaver.o .build/moc/moc_LScreenSaver.cpp
g++ -c -pipe -O2 -flto=auto -ffat-lto-objects -fexceptions -g -grecord-gcc-switches -pipe -Wall -Werror=format-security -Wp,-D_FORTIFY_SOURCE=2 -Wp,-D_GLIBCXX_ASSERTIONS -specs=/usr/lib/rpm/redhat/redhat-hardened-cc1 -fstack-protector-strong -specs=/usr/lib/rpm/redhat/redhat-annobin-cc1 -m64 -mtune=generic -fasynchronous-unwind-tables -fstack-clash-protection -fcf-protection -std=gnu++11 -Wall -Wextra -D_REENTRANT -fPIC -DPREFIX=QString\(\"/usr\"\) -DL_ETCDIR=QString\(\"/etc\"\) -DL_SHAREDIR=QString\(\"/usr/share\"\) -DGIT_VERSION="\"a88ea52f\"" -DLTHEMEENGINE_DATADIR=\"/usr/share\" -DQT_NO_DEBUG -DQT_SVG_LIB -DQT_WIDGETS_LIB -DQT_X11EXTRAS_LIB -DQT_MULTIMEDIA_LIB -DQT_GUI_LIB -DQT_NETWORK_LIB -DQT_CONCURRENT_LIB -DQT_CORE_LIB -I. -I../../../libLumina -I/usr/include/qt5 -I/usr -I/usr/include -I/home/q5sys/git/lumina/src-qt5/core/lumina-theme-engine/src/lthemeengine-sstest -I/usr/include/qt5/QtSvg -I/usr/include/qt5/QtWidgets -I/usr/include/qt5/QtX11Extras -I/usr/include/qt5/QtMultimedia -I/usr/include/qt5/QtGui -I/usr/include/qt5/QtNetwork -I/usr/include/qt5/QtConcurrent -I/usr/include/qt5/QtCore -I.build/moc -I/usr/lib64/qt5/mkspecs/linux-g++ -o .build/obj/LuminaThemes.o ../../../libLumina/LuminaThemes.cpp
In file included from ./global-includes.h:72,
                 from .build/moc/../../src-screensaver/LScreenSaver.h:10,
                 from .build/moc/moc_LScreenSaver.cpp:10:
../libLumina/ExternalProcess.h: In static member function ‘static void ExternalProcess::launch(QString, QStringList, bool)’:
../libLumina/ExternalProcess.h:84:41: warning: ‘void QProcess::start(const QString&, QIODevice::OpenMode)’ is deprecated: Use QProcess::start(const QString &program, const QStringList &arguments,OpenMode mode = ReadWrite) instead [-Wdeprecated-declarations]
   84 |           if(args.isEmpty()){ tmp->start(program); }
      |                               ~~~~~~~~~~^~~~~~~~~
In file included from /usr/include/qt5/QtCore/QtCore:170,
                 from /usr/include/qt5/QtConcurrent/QtConcurrentDepends:3,
                 from /usr/include/qt5/QtConcurrent/QtConcurrent:3,
                 from ./global-includes.h:61,
                 from .build/moc/../../src-screensaver/LScreenSaver.h:10,
                 from .build/moc/moc_LScreenSaver.cpp:10:
/usr/include/qt5/QtCore/qprocess.h:168:10: note: declared here
  168 |     void start(const QString &command, OpenMode mode = ReadWrite);
      |          ^~~~~
g++ -c -pipe -O2 -flto=auto -ffat-lto-objects -fexceptions -g -grecord-gcc-switches -pipe -Wall -Werror=format-security -Wp,-D_FORTIFY_SOURCE=2 -Wp,-D_GLIBCXX_ASSERTIONS -specs=/usr/lib/rpm/redhat/redhat-hardened-cc1 -fstack-protector-strong -specs=/usr/lib/rpm/redhat/redhat-annobin-cc1 -m64 -mtune=generic -fasynchronous-unwind-tables -fstack-clash-protection -fcf-protection -std=gnu++11 -Wall -Wextra -D_REENTRANT -fPIC -DPREFIX=QString\(\"/usr\"\) -DL_ETCDIR=QString\(\"/etc\"\) -DL_SHAREDIR=QString\(\"/usr/share\"\) -DGIT_VERSION="\"a88ea52f\"" -DLTHEMEENGINE_DATADIR=\"/usr/share\" -DQT_NO_DEBUG -DQT_SVG_LIB -DQT_WIDGETS_LIB -DQT_X11EXTRAS_LIB -DQT_MULTIMEDIA_LIB -DQT_GUI_LIB -DQT_NETWORK_LIB -DQT_CONCURRENT_LIB -DQT_CORE_LIB -I. -I../../../libLumina -I/usr/include/qt5 -I/usr -I/usr/include -I/home/q5sys/git/lumina/src-qt5/core/lumina-theme-engine/src/lthemeengine-sstest -I/usr/include/qt5/QtSvg -I/usr/include/qt5/QtWidgets -I/usr/include/qt5/QtX11Extras -I/usr/include/qt5/QtMultimedia -I/usr/include/qt5/QtGui -I/usr/include/qt5/QtNetwork -I/usr/include/qt5/QtConcurrent -I/usr/include/qt5/QtCore -I.build/moc -I/usr/lib64/qt5/mkspecs/linux-g++ -o .build/obj/LuminaXDG.o ../../../libLumina/LuminaXDG.cpp
make[4]: Leaving directory '/home/q5sys/git/lumina/src-qt5/core/lumina-theme-engine/src/lthemeengine'
g++ -c -pipe -O2 -flto=auto -ffat-lto-objects -fexceptions -g -grecord-gcc-switches -pipe -Wall -Werror=format-security -Wp,-D_FORTIFY_SOURCE=2 -Wp,-D_GLIBCXX_ASSERTIONS -specs=/usr/lib/rpm/redhat/redhat-hardened-cc1 -fstack-protector-strong -specs=/usr/lib/rpm/redhat/redhat-annobin-cc1 -m64 -mtune=generic -fasynchronous-unwind-tables -fstack-clash-protection -fcf-protection -std=gnu++11 -Wall -Wextra -D_REENTRANT -fPIC -DPREFIX=QString\(\"/usr\"\) -DL_ETCDIR=QString\(\"/etc\"\) -DL_SHAREDIR=QString\(\"/usr/share\"\) -DGIT_VERSION="\"a88ea52f\"" -DLTHEMEENGINE_DATADIR=\"/usr/share\" -DQT_NO_DEBUG -DQT_SVG_LIB -DQT_WIDGETS_LIB -DQT_X11EXTRAS_LIB -DQT_MULTIMEDIA_LIB -DQT_GUI_LIB -DQT_NETWORK_LIB -DQT_CONCURRENT_LIB -DQT_CORE_LIB -I. -I../../../libLumina -I/usr/include/qt5 -I/usr -I/usr/include -I/home/q5sys/git/lumina/src-qt5/core/lumina-theme-engine/src/lthemeengine-sstest -I/usr/include/qt5/QtSvg -I/usr/include/qt5/QtWidgets -I/usr/include/qt5/QtX11Extras -I/usr/include/qt5/QtMultimedia -I/usr/include/qt5/QtGui -I/usr/include/qt5/QtNetwork -I/usr/include/qt5/QtConcurrent -I/usr/include/qt5/QtCore -I.build/moc -I/usr/lib64/qt5/mkspecs/linux-g++ -o .build/obj/LFileInfo.o ../../../libLumina/LFileInfo.cpp
g++ -c -pipe -O2 -flto=auto -ffat-lto-objects -fexceptions -g -grecord-gcc-switches -pipe -Wall -Werror=format-security -Wp,-D_FORTIFY_SOURCE=2 -Wp,-D_GLIBCXX_ASSERTIONS -specs=/usr/lib/rpm/redhat/redhat-hardened-cc1 -fstack-protector-strong -specs=/usr/lib/rpm/redhat/redhat-annobin-cc1 -m64 -mtune=generic -fasynchronous-unwind-tables -fstack-clash-protection -fcf-protection -std=gnu++11 -Wall -Wextra -D_REENTRANT -fPIC -DPREFIX=QString\(\"/usr\"\) -DL_ETCDIR=QString\(\"/etc\"\) -DL_SHAREDIR=QString\(\"/usr/share\"\) -DGIT_VERSION="\"a88ea52f\"" -DQT_NO_DEBUG -DQT_MULTIMEDIAWIDGETS_LIB -DQT_SVG_LIB -DQT_WIDGETS_LIB -DQT_X11EXTRAS_LIB -DQT_MULTIMEDIA_LIB -DQT_QUICK_LIB -DQT_GUI_LIB -DQT_QMLMODELS_LIB -DQT_QML_LIB -DQT_NETWORK_LIB -DQT_CONCURRENT_LIB -DQT_CORE_LIB -I. -I../libLumina -I/usr/include/qt5 -I/usr -I/usr/include -I/home/q5sys/git/lumina/src-qt5/core/lumina-desktop -I../../src-cpp -Isrc-screensaver -I/usr/include/qt5/QtMultimediaWidgets -I/usr/include/qt5/QtSvg -I/usr/include/qt5/QtWidgets -I/usr/include/qt5/QtX11Extras -I/usr/include/qt5/QtMultimedia -I/usr/include/qt5/QtQuick -I/usr/include/qt5/QtGui -I/usr/include/qt5/QtQmlModels -I/usr/include/qt5/QtQml -I/usr/include/qt5/QtNetwork -I/usr/include/qt5/QtConcurrent -I/usr/include/qt5/QtCore -I.build/moc -I.build/ui -I/usr/lib64/qt5/mkspecs/linux-g++ -o .build/obj/moc_SSBaseWidget.o .build/moc/moc_SSBaseWidget.cpp
../../../libLumina/LuminaXDG.cpp: In member function ‘void XDGDesktop::sync()’:
../../../libLumina/LuminaXDG.cpp:117:65: warning: ‘QStringList QString::split(const QString&, QString::SplitBehavior, Qt::CaseSensitivity) const’ is deprecated: Use Qt::SplitBehavior variant instead [-Wdeprecated-declarations]
  117 |     else if(var=="Categories" && insection){ catList = val.split(";",QString::SkipEmptyParts); }
      |                                                        ~~~~~~~~~^~~~~~~~~~~~~~~~~~~~~~~~~~~~~
In file included from /usr/include/qt5/QtCore/qobject.h:47,
                 from /usr/include/qt5/QtCore/qiodevice.h:45,
                 from /usr/include/qt5/QtCore/qfiledevice.h:43,
                 from /usr/include/qt5/QtCore/qfile.h:44,
                 from /usr/include/qt5/QtCore/QFile:1,
                 from ../../../libLumina/LuminaXDG.h:18,
                 from ../../../libLumina/LuminaXDG.cpp:7:
/usr/include/qt5/QtCore/qstring.h:609:17: note: declared here
  609 |     QStringList split(const QString &sep, SplitBehavior behavior,
      |                 ^~~~~
../../../libLumina/LuminaXDG.cpp:118:68: warning: ‘QStringList QString::split(const QString&, QString::SplitBehavior, Qt::CaseSensitivity) const’ is deprecated: Use Qt::SplitBehavior variant instead [-Wdeprecated-declarations]
  118 |     else if(var=="OnlyShowIn" && insection){ showInList = val.split(";",QString::SkipEmptyParts); }
      |                                                           ~~~~~~~~~^~~~~~~~~~~~~~~~~~~~~~~~~~~~~
In file included from /usr/include/qt5/QtCore/qobject.h:47,
                 from /usr/include/qt5/QtCore/qiodevice.h:45,
                 from /usr/include/qt5/QtCore/qfiledevice.h:43,
                 from /usr/include/qt5/QtCore/qfile.h:44,
                 from /usr/include/qt5/QtCore/QFile:1,
                 from ../../../libLumina/LuminaXDG.h:18,
                 from ../../../libLumina/LuminaXDG.cpp:7:
/usr/include/qt5/QtCore/qstring.h:609:17: note: declared here
  609 |     QStringList split(const QString &sep, SplitBehavior behavior,
      |                 ^~~~~
../../../libLumina/LuminaXDG.cpp:119:70: warning: ‘QStringList QString::split(const QString&, QString::SplitBehavior, Qt::CaseSensitivity) const’ is deprecated: Use Qt::SplitBehavior variant instead [-Wdeprecated-declarations]
  119 |     else if(var=="NotShowIn" && insection){ notShowInList = val.split(";",QString::SkipEmptyParts); }
      |                                                             ~~~~~~~~~^~~~~~~~~~~~~~~~~~~~~~~~~~~~~
In file included from /usr/include/qt5/QtCore/qobject.h:47,
                 from /usr/include/qt5/QtCore/qiodevice.h:45,
                 from /usr/include/qt5/QtCore/qfiledevice.h:43,
                 from /usr/include/qt5/QtCore/qfile.h:44,
                 from /usr/include/qt5/QtCore/QFile:1,
                 from ../../../libLumina/LuminaXDG.h:18,
                 from ../../../libLumina/LuminaXDG.cpp:7:
/usr/include/qt5/QtCore/qstring.h:609:17: note: declared here
  609 |     QStringList split(const QString &sep, SplitBehavior behavior,
      |                 ^~~~~
../../../libLumina/LuminaXDG.cpp:121:65: warning: ‘QStringList QString::split(const QString&, QString::SplitBehavior, Qt::CaseSensitivity) const’ is deprecated: Use Qt::SplitBehavior variant instead [-Wdeprecated-declarations]
  121 |     else if(var=="Actions" && insection){ actionList = val.split(";",QString::SkipEmptyParts); }
      |                                                        ~~~~~~~~~^~~~~~~~~~~~~~~~~~~~~~~~~~~~~
In file included from /usr/include/qt5/QtCore/qobject.h:47,
                 from /usr/include/qt5/QtCore/qiodevice.h:45,
                 from /usr/include/qt5/QtCore/qfiledevice.h:43,
                 from /usr/include/qt5/QtCore/qfile.h:44,
                 from /usr/include/qt5/QtCore/QFile:1,
                 from ../../../libLumina/LuminaXDG.h:18,
                 from ../../../libLumina/LuminaXDG.cpp:7:
/usr/include/qt5/QtCore/qstring.h:609:17: note: declared here
  609 |     QStringList split(const QString &sep, SplitBehavior behavior,
      |                 ^~~~~
../../../libLumina/LuminaXDG.cpp:122:64: warning: ‘QStringList QString::split(const QString&, QString::SplitBehavior, Qt::CaseSensitivity) const’ is deprecated: Use Qt::SplitBehavior variant instead [-Wdeprecated-declarations]
  122 |     else if(var=="MimeType" && insection){ mimeList = val.split(";",QString::SkipEmptyParts); }
      |                                                       ~~~~~~~~~^~~~~~~~~~~~~~~~~~~~~~~~~~~~~
In file included from /usr/include/qt5/QtCore/qobject.h:47,
                 from /usr/include/qt5/QtCore/qiodevice.h:45,
                 from /usr/include/qt5/QtCore/qfiledevice.h:43,
                 from /usr/include/qt5/QtCore/qfile.h:44,
                 from /usr/include/qt5/QtCore/QFile:1,
                 from ../../../libLumina/LuminaXDG.h:18,
                 from ../../../libLumina/LuminaXDG.cpp:7:
/usr/include/qt5/QtCore/qstring.h:609:17: note: declared here
  609 |     QStringList split(const QString &sep, SplitBehavior behavior,
      |                 ^~~~~
../../../libLumina/LuminaXDG.cpp:124:66: warning: ‘QStringList QString::split(const QString&, QString::SplitBehavior, Qt::CaseSensitivity) const’ is deprecated: Use Qt::SplitBehavior variant instead [-Wdeprecated-declarations]
  124 |       if(keyList.isEmpty() && loc.isEmpty()){ keyList = val.split(";",QString::SkipEmptyParts); }
      |                                                         ~~~~~~~~~^~~~~~~~~~~~~~~~~~~~~~~~~~~~~
In file included from /usr/include/qt5/QtCore/qobject.h:47,
                 from /usr/include/qt5/QtCore/qiodevice.h:45,
                 from /usr/include/qt5/QtCore/qfiledevice.h:43,
                 from /usr/include/qt5/QtCore/qfile.h:44,
                 from /usr/include/qt5/QtCore/QFile:1,
                 from ../../../libLumina/LuminaXDG.h:18,
                 from ../../../libLumina/LuminaXDG.cpp:7:
/usr/include/qt5/QtCore/qstring.h:609:17: note: declared here
  609 |     QStringList split(const QString &sep, SplitBehavior behavior,
      |                 ^~~~~
../../../libLumina/LuminaXDG.cpp:125:48: warning: ‘QStringList QString::split(const QString&, QString::SplitBehavior, Qt::CaseSensitivity) const’ is deprecated: Use Qt::SplitBehavior variant instead [-Wdeprecated-declarations]
  125 |       else if(loc == lang){ keyList = val.split(";",QString::SkipEmptyParts); }
      |                                       ~~~~~~~~~^~~~~~~~~~~~~~~~~~~~~~~~~~~~~
In file included from /usr/include/qt5/QtCore/qobject.h:47,
                 from /usr/include/qt5/QtCore/qiodevice.h:45,
                 from /usr/include/qt5/QtCore/qfiledevice.h:43,
                 from /usr/include/qt5/QtCore/qfile.h:44,
                 from /usr/include/qt5/QtCore/QFile:1,
                 from ../../../libLumina/LuminaXDG.h:18,
                 from ../../../libLumina/LuminaXDG.cpp:7:
/usr/include/qt5/QtCore/qstring.h:609:17: note: declared here
  609 |     QStringList split(const QString &sep, SplitBehavior behavior,
      |                 ^~~~~
g++ -c -pipe -O2 -flto=auto -ffat-lto-objects -fexceptions -g -grecord-gcc-switches -pipe -Wall -Werror=format-security -Wp,-D_FORTIFY_SOURCE=2 -Wp,-D_GLIBCXX_ASSERTIONS -specs=/usr/lib/rpm/redhat/redhat-hardened-cc1 -fstack-protector-strong -specs=/usr/lib/rpm/redhat/redhat-annobin-cc1 -m64 -mtune=generic -fasynchronous-unwind-tables -fstack-clash-protection -fcf-protection -std=gnu++11 -Wall -Wextra -D_REENTRANT -fPIC -DPREFIX=QString\(\"/usr\"\) -DL_ETCDIR=QString\(\"/etc\"\) -DL_SHAREDIR=QString\(\"/usr/share\"\) -DGIT_VERSION="\"a88ea52f\"" -DLTHEMEENGINE_DATADIR=\"/usr/share\" -DQT_NO_DEBUG -DQT_SVG_LIB -DQT_WIDGETS_LIB -DQT_X11EXTRAS_LIB -DQT_MULTIMEDIA_LIB -DQT_GUI_LIB -DQT_NETWORK_LIB -DQT_CONCURRENT_LIB -DQT_CORE_LIB -I. -I../../../libLumina -I/usr/include/qt5 -I/usr -I/usr/include -I/home/q5sys/git/lumina/src-qt5/core/lumina-theme-engine/src/lthemeengine-sstest -I/usr/include/qt5/QtSvg -I/usr/include/qt5/QtWidgets -I/usr/include/qt5/QtX11Extras -I/usr/include/qt5/QtMultimedia -I/usr/include/qt5/QtGui -I/usr/include/qt5/QtNetwork -I/usr/include/qt5/QtConcurrent -I/usr/include/qt5/QtCore -I.build/moc -I/usr/lib64/qt5/mkspecs/linux-g++ -o .build/obj/main.o main.cpp
../../../libLumina/LuminaXDG.cpp: In static member function ‘static QStringList LXDG::getIconThemeDepChain(QString, QStringList)’:
../../../libLumina/LuminaXDG.cpp:1042:52: warning: ‘QStringList QString::split(const QString&, QString::SplitBehavior, Qt::CaseSensitivity) const’ is deprecated: Use Qt::SplitBehavior variant instead [-Wdeprecated-declarations]
 1042 |         deps = deps.first().section("=",1,-1).split(";",QString::SkipEmptyParts);
      |                ~~~~~~~~~~~~~~~~~~~~~~~~~~~~~~~~~~~~^~~~~~~~~~~~~~~~~~~~~~~~~~~~~
In file included from /usr/include/qt5/QtCore/qobject.h:47,
                 from /usr/include/qt5/QtCore/qiodevice.h:45,
                 from /usr/include/qt5/QtCore/qfiledevice.h:43,
                 from /usr/include/qt5/QtCore/qfile.h:44,
                 from /usr/include/qt5/QtCore/QFile:1,
                 from ../../../libLumina/LuminaXDG.h:18,
                 from ../../../libLumina/LuminaXDG.cpp:7:
/usr/include/qt5/QtCore/qstring.h:609:17: note: declared here
  609 |     QStringList split(const QString &sep, SplitBehavior behavior,
      |                 ^~~~~
../../../libLumina/LuminaXDG.cpp: In static member function ‘static QStringList LXDG::findAvailableAppsForMime(QString)’:
../../../libLumina/LuminaXDG.cpp:1310:62: warning: ‘QStringList QString::split(const QString&, QString::SplitBehavior, Qt::CaseSensitivity) const’ is deprecated: Use Qt::SplitBehavior variant instead [-Wdeprecated-declarations]
 1310 |         QStringList files = matches[j].section("=",1,1).split(";",QString::SkipEmptyParts);
      |                             ~~~~~~~~~~~~~~~~~~~~~~~~~~~~~~~~~^~~~~~~~~~~~~~~~~~~~~~~~~~~~~
In file included from /usr/include/qt5/QtCore/qobject.h:47,
                 from /usr/include/qt5/QtCore/qiodevice.h:45,
                 from /usr/include/qt5/QtCore/qfiledevice.h:43,
                 from /usr/include/qt5/QtCore/qfile.h:44,
                 from /usr/include/qt5/QtCore/QFile:1,
                 from ../../../libLumina/LuminaXDG.h:18,
                 from ../../../libLumina/LuminaXDG.cpp:7:
/usr/include/qt5/QtCore/qstring.h:609:17: note: declared here
  609 |     QStringList split(const QString &sep, SplitBehavior behavior,
      |                 ^~~~~
../../../libLumina/LFileInfo.cpp: In member function ‘void LFileInfo::getZfsDataset()’:
../../../libLumina/LFileInfo.cpp:103:80: warning: ‘QStringList QString::split(const QString&, QString::SplitBehavior, Qt::CaseSensitivity) const’ is deprecated: Use Qt::SplitBehavior variant instead [-Wdeprecated-declarations]
  103 |         if(!gplist.isEmpty()){ gplist = gplist.first().replace("\t", " ").split(" ",QString::SkipEmptyParts); gplist.removeAll("groups"); }
      |                                         ~~~~~~~~~~~~~~~~~~~~~~~~~~~~~~~~~~~~~~~^~~~~~~~~~~~~~~~~~~~~~~~~~~~~
In file included from /usr/include/qt5/QtCore/qobject.h:47,
                 from /usr/include/qt5/QtCore/qiodevice.h:45,
                 from /usr/include/qt5/QtCore/qfiledevice.h:43,
                 from /usr/include/qt5/QtCore/qfile.h:44,
                 from /usr/include/qt5/QtCore/QFile:1,
                 from ../../../libLumina/LuminaXDG.h:18,
                 from ../../../libLumina/LFileInfo.h:13,
                 from ../../../libLumina/LFileInfo.cpp:7:
/usr/include/qt5/QtCore/qstring.h:609:17: note: declared here
  609 |     QStringList split(const QString &sep, SplitBehavior behavior,
      |                 ^~~~~
../../../libLumina/LFileInfo.cpp:107:84: warning: ‘QStringList QString::split(const QString&, QString::SplitBehavior, Qt::CaseSensitivity) const’ is deprecated: Use Qt::SplitBehavior variant instead [-Wdeprecated-declarations]
  107 |           zfs_perms << tmp.first().section(" ",2,2,QString::SectionSkipEmpty).split(",",QString::SkipEmptyParts);
      |                        ~~~~~~~~~~~~~~~~~~~~~~~~~~~~~~~~~~~~~~~~~~~~~~~~~~~~~~~~~~~~^~~~~~~~~~~~~~~~~~~~~~~~~~~~~
In file included from /usr/include/qt5/QtCore/qobject.h:47,
                 from /usr/include/qt5/QtCore/qiodevice.h:45,
                 from /usr/include/qt5/QtCore/qfiledevice.h:43,
                 from /usr/include/qt5/QtCore/qfile.h:44,
                 from /usr/include/qt5/QtCore/QFile:1,
                 from ../../../libLumina/LuminaXDG.h:18,
                 from ../../../libLumina/LFileInfo.h:13,
                 from ../../../libLumina/LFileInfo.cpp:7:
/usr/include/qt5/QtCore/qstring.h:609:17: note: declared here
  609 |     QStringList split(const QString &sep, SplitBehavior behavior,
      |                 ^~~~~
g++ -pipe -O2 -flto=auto -ffat-lto-objects -fexceptions -g -grecord-gcc-switches -pipe -Wall -Werror=format-security -Wp,-D_FORTIFY_SOURCE=2 -Wp,-D_GLIBCXX_ASSERTIONS -specs=/usr/lib/rpm/redhat/redhat-hardened-cc1 -fstack-protector-strong -specs=/usr/lib/rpm/redhat/redhat-annobin-cc1 -m64 -mtune=generic -fasynchronous-unwind-tables -fstack-clash-protection -fcf-protection -std=gnu++11 -Wall -Wextra -dM -E -o .build/moc/moc_predefs.h /usr/lib64/qt5/mkspecs/features/data/dummy.cpp
/usr/lib64/qt5/bin/moc -DPREFIX=QString\(\"/usr\"\) -DL_ETCDIR=QString\(\"/etc\"\) -DL_SHAREDIR=QString\(\"/usr/share\"\) -DGIT_VERSION="\"a88ea52f\"" -DLTHEMEENGINE_DATADIR=\"/usr/share\" -DQT_NO_DEBUG -DQT_SVG_LIB -DQT_WIDGETS_LIB -DQT_X11EXTRAS_LIB -DQT_MULTIMEDIA_LIB -DQT_GUI_LIB -DQT_NETWORK_LIB -DQT_CONCURRENT_LIB -DQT_CORE_LIB --include /home/q5sys/git/lumina/src-qt5/core/lumina-theme-engine/src/lthemeengine-sstest/.build/moc/moc_predefs.h -I/usr/lib64/qt5/mkspecs/linux-g++ -I/home/q5sys/git/lumina/src-qt5/core/lumina-theme-engine/src/lthemeengine-sstest -I/home/q5sys/git/lumina/src-qt5/core/libLumina -I/usr/include/qt5 -I/usr -I/usr/include -I'/home/q5sys/git/lumina/src-qt5/core/lumina-theme-engine/src/lthemeengine-sstest//home/q5sys/git/lumina/src-qt5/core/lumina-theme-engine/src/lthemeengine-sstest' -I/usr/include/qt5/QtSvg -I/usr/include/qt5/QtWidgets -I/usr/include/qt5/QtX11Extras -I/usr/include/qt5/QtMultimedia -I/usr/include/qt5/QtGui -I/usr/include/qt5/QtNetwork -I/usr/include/qt5/QtConcurrent -I/usr/include/qt5/QtCore -I/usr/include/c++/11 -I/usr/include/c++/11/x86_64-redhat-linux -I/usr/include/c++/11/backward -I/usr/lib/gcc/x86_64-redhat-linux/11/include -I/usr/local/include -I/usr/include ../../../libLumina/LuminaThemes.h -o .build/moc/moc_LuminaThemes.cpp
In file included from ./global-includes.h:72,
                 from .build/moc/../../src-screensaver/SSBaseWidget.h:12,
                 from .build/moc/moc_SSBaseWidget.cpp:10:
../libLumina/ExternalProcess.h: In static member function ‘static void ExternalProcess::launch(QString, QStringList, bool)’:
../libLumina/ExternalProcess.h:84:41: warning: ‘void QProcess::start(const QString&, QIODevice::OpenMode)’ is deprecated: Use QProcess::start(const QString &program, const QStringList &arguments,OpenMode mode = ReadWrite) instead [-Wdeprecated-declarations]
   84 |           if(args.isEmpty()){ tmp->start(program); }
      |                               ~~~~~~~~~~^~~~~~~~~
In file included from /usr/include/qt5/QtCore/QtCore:170,
                 from /usr/include/qt5/QtConcurrent/QtConcurrentDepends:3,
                 from /usr/include/qt5/QtConcurrent/QtConcurrent:3,
                 from ./global-includes.h:61,
                 from .build/moc/../../src-screensaver/SSBaseWidget.h:12,
                 from .build/moc/moc_SSBaseWidget.cpp:10:
/usr/include/qt5/QtCore/qprocess.h:168:10: note: declared here
  168 |     void start(const QString &command, OpenMode mode = ReadWrite);
      |          ^~~~~
/usr/lib64/qt5/bin/moc -DPREFIX=QString\(\"/usr\"\) -DL_ETCDIR=QString\(\"/etc\"\) -DL_SHAREDIR=QString\(\"/usr/share\"\) -DGIT_VERSION="\"a88ea52f\"" -DLTHEMEENGINE_DATADIR=\"/usr/share\" -DQT_NO_DEBUG -DQT_SVG_LIB -DQT_WIDGETS_LIB -DQT_X11EXTRAS_LIB -DQT_MULTIMEDIA_LIB -DQT_GUI_LIB -DQT_NETWORK_LIB -DQT_CONCURRENT_LIB -DQT_CORE_LIB --include /home/q5sys/git/lumina/src-qt5/core/lumina-theme-engine/src/lthemeengine-sstest/.build/moc/moc_predefs.h -I/usr/lib64/qt5/mkspecs/linux-g++ -I/home/q5sys/git/lumina/src-qt5/core/lumina-theme-engine/src/lthemeengine-sstest -I/home/q5sys/git/lumina/src-qt5/core/libLumina -I/usr/include/qt5 -I/usr -I/usr/include -I'/home/q5sys/git/lumina/src-qt5/core/lumina-theme-engine/src/lthemeengine-sstest//home/q5sys/git/lumina/src-qt5/core/lumina-theme-engine/src/lthemeengine-sstest' -I/usr/include/qt5/QtSvg -I/usr/include/qt5/QtWidgets -I/usr/include/qt5/QtX11Extras -I/usr/include/qt5/QtMultimedia -I/usr/include/qt5/QtGui -I/usr/include/qt5/QtNetwork -I/usr/include/qt5/QtConcurrent -I/usr/include/qt5/QtCore -I/usr/include/c++/11 -I/usr/include/c++/11/x86_64-redhat-linux -I/usr/include/c++/11/backward -I/usr/lib/gcc/x86_64-redhat-linux/11/include -I/usr/local/include -I/usr/include ../../../libLumina/LuminaXDG.h -o .build/moc/moc_LuminaXDG.cpp
g++ -c -pipe -O2 -flto=auto -ffat-lto-objects -fexceptions -g -grecord-gcc-switches -pipe -Wall -Werror=format-security -Wp,-D_FORTIFY_SOURCE=2 -Wp,-D_GLIBCXX_ASSERTIONS -specs=/usr/lib/rpm/redhat/redhat-hardened-cc1 -fstack-protector-strong -specs=/usr/lib/rpm/redhat/redhat-annobin-cc1 -m64 -mtune=generic -fasynchronous-unwind-tables -fstack-clash-protection -fcf-protection -std=gnu++11 -Wall -Wextra -D_REENTRANT -fPIC -DPREFIX=QString\(\"/usr\"\) -DL_ETCDIR=QString\(\"/etc\"\) -DL_SHAREDIR=QString\(\"/usr/share\"\) -DGIT_VERSION="\"a88ea52f\"" -DLTHEMEENGINE_DATADIR=\"/usr/share\" -DQT_NO_DEBUG -DQT_SVG_LIB -DQT_WIDGETS_LIB -DQT_X11EXTRAS_LIB -DQT_MULTIMEDIA_LIB -DQT_GUI_LIB -DQT_NETWORK_LIB -DQT_CONCURRENT_LIB -DQT_CORE_LIB -I. -I../../../libLumina -I/usr/include/qt5 -I/usr -I/usr/include -I/home/q5sys/git/lumina/src-qt5/core/lumina-theme-engine/src/lthemeengine-sstest -I/usr/include/qt5/QtSvg -I/usr/include/qt5/QtWidgets -I/usr/include/qt5/QtX11Extras -I/usr/include/qt5/QtMultimedia -I/usr/include/qt5/QtGui -I/usr/include/qt5/QtNetwork -I/usr/include/qt5/QtConcurrent -I/usr/include/qt5/QtCore -I.build/moc -I/usr/lib64/qt5/mkspecs/linux-g++ -o .build/obj/moc_LuminaThemes.o .build/moc/moc_LuminaThemes.cpp
g++ -c -pipe -O2 -flto=auto -ffat-lto-objects -fexceptions -g -grecord-gcc-switches -pipe -Wall -Werror=format-security -Wp,-D_FORTIFY_SOURCE=2 -Wp,-D_GLIBCXX_ASSERTIONS -specs=/usr/lib/rpm/redhat/redhat-hardened-cc1 -fstack-protector-strong -specs=/usr/lib/rpm/redhat/redhat-annobin-cc1 -m64 -mtune=generic -fasynchronous-unwind-tables -fstack-clash-protection -fcf-protection -std=gnu++11 -Wall -Wextra -D_REENTRANT -fPIC -DPREFIX=QString\(\"/usr\"\) -DL_ETCDIR=QString\(\"/etc\"\) -DL_SHAREDIR=QString\(\"/usr/share\"\) -DGIT_VERSION="\"a88ea52f\"" -DQT_NO_DEBUG -DQT_MULTIMEDIAWIDGETS_LIB -DQT_SVG_LIB -DQT_WIDGETS_LIB -DQT_X11EXTRAS_LIB -DQT_MULTIMEDIA_LIB -DQT_QUICK_LIB -DQT_GUI_LIB -DQT_QMLMODELS_LIB -DQT_QML_LIB -DQT_NETWORK_LIB -DQT_CONCURRENT_LIB -DQT_CORE_LIB -I. -I../libLumina -I/usr/include/qt5 -I/usr -I/usr/include -I/home/q5sys/git/lumina/src-qt5/core/lumina-desktop -I../../src-cpp -Isrc-screensaver -I/usr/include/qt5/QtMultimediaWidgets -I/usr/include/qt5/QtSvg -I/usr/include/qt5/QtWidgets -I/usr/include/qt5/QtX11Extras -I/usr/include/qt5/QtMultimedia -I/usr/include/qt5/QtQuick -I/usr/include/qt5/QtGui -I/usr/include/qt5/QtQmlModels -I/usr/include/qt5/QtQml -I/usr/include/qt5/QtNetwork -I/usr/include/qt5/QtConcurrent -I/usr/include/qt5/QtCore -I.build/moc -I.build/ui -I/usr/lib64/qt5/mkspecs/linux-g++ -o .build/obj/moc_RotateToolButton.o .build/moc/moc_RotateToolButton.cpp
g++ -c -pipe -O2 -flto=auto -ffat-lto-objects -fexceptions -g -grecord-gcc-switches -pipe -Wall -Werror=format-security -Wp,-D_FORTIFY_SOURCE=2 -Wp,-D_GLIBCXX_ASSERTIONS -specs=/usr/lib/rpm/redhat/redhat-hardened-cc1 -fstack-protector-strong -specs=/usr/lib/rpm/redhat/redhat-annobin-cc1 -m64 -mtune=generic -fasynchronous-unwind-tables -fstack-clash-protection -fcf-protection -std=gnu++11 -Wall -Wextra -D_REENTRANT -fPIC -DPREFIX=QString\(\"/usr\"\) -DL_ETCDIR=QString\(\"/etc\"\) -DL_SHAREDIR=QString\(\"/usr/share\"\) -DGIT_VERSION="\"a88ea52f\"" -DLTHEMEENGINE_DATADIR=\"/usr/share\" -DQT_NO_DEBUG -DQT_SVG_LIB -DQT_WIDGETS_LIB -DQT_X11EXTRAS_LIB -DQT_MULTIMEDIA_LIB -DQT_GUI_LIB -DQT_NETWORK_LIB -DQT_CONCURRENT_LIB -DQT_CORE_LIB -I. -I../../../libLumina -I/usr/include/qt5 -I/usr -I/usr/include -I/home/q5sys/git/lumina/src-qt5/core/lumina-theme-engine/src/lthemeengine-sstest -I/usr/include/qt5/QtSvg -I/usr/include/qt5/QtWidgets -I/usr/include/qt5/QtX11Extras -I/usr/include/qt5/QtMultimedia -I/usr/include/qt5/QtGui -I/usr/include/qt5/QtNetwork -I/usr/include/qt5/QtConcurrent -I/usr/include/qt5/QtCore -I.build/moc -I/usr/lib64/qt5/mkspecs/linux-g++ -o .build/obj/moc_LuminaXDG.o .build/moc/moc_LuminaXDG.cpp
g++ -c -pipe -O2 -flto=auto -ffat-lto-objects -fexceptions -g -grecord-gcc-switches -pipe -Wall -Werror=format-security -Wp,-D_FORTIFY_SOURCE=2 -Wp,-D_GLIBCXX_ASSERTIONS -specs=/usr/lib/rpm/redhat/redhat-hardened-cc1 -fstack-protector-strong -specs=/usr/lib/rpm/redhat/redhat-annobin-cc1 -m64 -mtune=generic -fasynchronous-unwind-tables -fstack-clash-protection -fcf-protection -std=gnu++11 -Wall -Wextra -D_REENTRANT -fPIC -DPREFIX=QString\(\"/usr\"\) -DL_ETCDIR=QString\(\"/etc\"\) -DL_SHAREDIR=QString\(\"/usr/share\"\) -DGIT_VERSION="\"a88ea52f\"" -DQT_NO_DEBUG -DQT_MULTIMEDIAWIDGETS_LIB -DQT_SVG_LIB -DQT_WIDGETS_LIB -DQT_X11EXTRAS_LIB -DQT_MULTIMEDIA_LIB -DQT_QUICK_LIB -DQT_GUI_LIB -DQT_QMLMODELS_LIB -DQT_QML_LIB -DQT_NETWORK_LIB -DQT_CONCURRENT_LIB -DQT_CORE_LIB -I. -I../libLumina -I/usr/include/qt5 -I/usr -I/usr/include -I/home/q5sys/git/lumina/src-qt5/core/lumina-desktop -I../../src-cpp -Isrc-screensaver -I/usr/include/qt5/QtMultimediaWidgets -I/usr/include/qt5/QtSvg -I/usr/include/qt5/QtWidgets -I/usr/include/qt5/QtX11Extras -I/usr/include/qt5/QtMultimedia -I/usr/include/qt5/QtQuick -I/usr/include/qt5/QtGui -I/usr/include/qt5/QtQmlModels -I/usr/include/qt5/QtQml -I/usr/include/qt5/QtNetwork -I/usr/include/qt5/QtConcurrent -I/usr/include/qt5/QtCore -I.build/moc -I.build/ui -I/usr/lib64/qt5/mkspecs/linux-g++ -o .build/obj/moc_LUserButton.o .build/moc/moc_LUserButton.cpp
g++ -c -pipe -O2 -flto=auto -ffat-lto-objects -fexceptions -g -grecord-gcc-switches -pipe -Wall -Werror=format-security -Wp,-D_FORTIFY_SOURCE=2 -Wp,-D_GLIBCXX_ASSERTIONS -specs=/usr/lib/rpm/redhat/redhat-hardened-cc1 -fstack-protector-strong -specs=/usr/lib/rpm/redhat/redhat-annobin-cc1 -m64 -mtune=generic -fasynchronous-unwind-tables -fstack-clash-protection -fcf-protection -std=gnu++11 -Wall -Wextra -D_REENTRANT -fPIC -DPREFIX=QString\(\"/usr\"\) -DL_ETCDIR=QString\(\"/etc\"\) -DL_SHAREDIR=QString\(\"/usr/share\"\) -DGIT_VERSION="\"a88ea52f\"" -DQT_NO_DEBUG -DQT_MULTIMEDIAWIDGETS_LIB -DQT_SVG_LIB -DQT_WIDGETS_LIB -DQT_X11EXTRAS_LIB -DQT_MULTIMEDIA_LIB -DQT_QUICK_LIB -DQT_GUI_LIB -DQT_QMLMODELS_LIB -DQT_QML_LIB -DQT_NETWORK_LIB -DQT_CONCURRENT_LIB -DQT_CORE_LIB -I. -I../libLumina -I/usr/include/qt5 -I/usr -I/usr/include -I/home/q5sys/git/lumina/src-qt5/core/lumina-desktop -I../../src-cpp -Isrc-screensaver -I/usr/include/qt5/QtMultimediaWidgets -I/usr/include/qt5/QtSvg -I/usr/include/qt5/QtWidgets -I/usr/include/qt5/QtX11Extras -I/usr/include/qt5/QtMultimedia -I/usr/include/qt5/QtQuick -I/usr/include/qt5/QtGui -I/usr/include/qt5/QtQmlModels -I/usr/include/qt5/QtQml -I/usr/include/qt5/QtNetwork -I/usr/include/qt5/QtConcurrent -I/usr/include/qt5/QtCore -I.build/moc -I.build/ui -I/usr/lib64/qt5/mkspecs/linux-g++ -o .build/obj/moc_UserWidget.o .build/moc/moc_UserWidget.cpp
g++ -c -pipe -O2 -flto=auto -ffat-lto-objects -fexceptions -g -grecord-gcc-switches -pipe -Wall -Werror=format-security -Wp,-D_FORTIFY_SOURCE=2 -Wp,-D_GLIBCXX_ASSERTIONS -specs=/usr/lib/rpm/redhat/redhat-hardened-cc1 -fstack-protector-strong -specs=/usr/lib/rpm/redhat/redhat-annobin-cc1 -m64 -mtune=generic -fasynchronous-unwind-tables -fstack-clash-protection -fcf-protection -std=gnu++11 -Wall -Wextra -D_REENTRANT -fPIC -DPREFIX=QString\(\"/usr\"\) -DL_ETCDIR=QString\(\"/etc\"\) -DL_SHAREDIR=QString\(\"/usr/share\"\) -DGIT_VERSION="\"a88ea52f\"" -DQT_NO_DEBUG -DQT_MULTIMEDIAWIDGETS_LIB -DQT_SVG_LIB -DQT_WIDGETS_LIB -DQT_X11EXTRAS_LIB -DQT_MULTIMEDIA_LIB -DQT_QUICK_LIB -DQT_GUI_LIB -DQT_QMLMODELS_LIB -DQT_QML_LIB -DQT_NETWORK_LIB -DQT_CONCURRENT_LIB -DQT_CORE_LIB -I. -I../libLumina -I/usr/include/qt5 -I/usr -I/usr/include -I/home/q5sys/git/lumina/src-qt5/core/lumina-desktop -I../../src-cpp -Isrc-screensaver -I/usr/include/qt5/QtMultimediaWidgets -I/usr/include/qt5/QtSvg -I/usr/include/qt5/QtWidgets -I/usr/include/qt5/QtX11Extras -I/usr/include/qt5/QtMultimedia -I/usr/include/qt5/QtQuick -I/usr/include/qt5/QtGui -I/usr/include/qt5/QtQmlModels -I/usr/include/qt5/QtQml -I/usr/include/qt5/QtNetwork -I/usr/include/qt5/QtConcurrent -I/usr/include/qt5/QtCore -I.build/moc -I.build/ui -I/usr/lib64/qt5/mkspecs/linux-g++ -o .build/obj/moc_UserItemWidget.o .build/moc/moc_UserItemWidget.cpp
g++ -Wl,--as-needed -Wl,-z,relro -Wl,--as-needed -Wl,-z,now -specs=/usr/lib/rpm/redhat/redhat-hardened-ld -Wl,-rpath-link,/usr/lib64 -o lthemeengine-sstest .build/obj/LDesktopUtils.o .build/obj/LuminaOS-Linux.o .build/obj/LUtils.o .build/obj/LuminaThemes.o .build/obj/LuminaXDG.o .build/obj/LFileInfo.o .build/obj/main.o .build/obj/moc_LuminaThemes.o .build/obj/moc_LuminaXDG.o   -L/home/q5sys/git/lumina/src-qt5/core/libLumina -L/usr/lib64 -L/usr/lib64/qt5 -L/usr/local/lib -L/usr/lib -L/lib /usr/lib64/libQt5Svg.so /usr/lib64/libQt5Widgets.so /usr/lib64/libQt5X11Extras.so /usr/lib64/libQt5Multimedia.so /usr/lib64/libQt5Gui.so /usr/lib64/libQt5Network.so /usr/lib64/libQt5Concurrent.so /usr/lib64/libQt5Core.so -lGL -lpthread   
g++ -c -pipe -O2 -flto=auto -ffat-lto-objects -fexceptions -g -grecord-gcc-switches -pipe -Wall -Werror=format-security -Wp,-D_FORTIFY_SOURCE=2 -Wp,-D_GLIBCXX_ASSERTIONS -specs=/usr/lib/rpm/redhat/redhat-hardened-cc1 -fstack-protector-strong -specs=/usr/lib/rpm/redhat/redhat-annobin-cc1 -m64 -mtune=generic -fasynchronous-unwind-tables -fstack-clash-protection -fcf-protection -std=gnu++11 -Wall -Wextra -D_REENTRANT -fPIC -DPREFIX=QString\(\"/usr\"\) -DL_ETCDIR=QString\(\"/etc\"\) -DL_SHAREDIR=QString\(\"/usr/share\"\) -DGIT_VERSION="\"a88ea52f\"" -DQT_NO_DEBUG -DQT_MULTIMEDIAWIDGETS_LIB -DQT_SVG_LIB -DQT_WIDGETS_LIB -DQT_X11EXTRAS_LIB -DQT_MULTIMEDIA_LIB -DQT_QUICK_LIB -DQT_GUI_LIB -DQT_QMLMODELS_LIB -DQT_QML_LIB -DQT_NETWORK_LIB -DQT_CONCURRENT_LIB -DQT_CORE_LIB -I. -I../libLumina -I/usr/include/qt5 -I/usr -I/usr/include -I/home/q5sys/git/lumina/src-qt5/core/lumina-desktop -I../../src-cpp -Isrc-screensaver -I/usr/include/qt5/QtMultimediaWidgets -I/usr/include/qt5/QtSvg -I/usr/include/qt5/QtWidgets -I/usr/include/qt5/QtX11Extras -I/usr/include/qt5/QtMultimedia -I/usr/include/qt5/QtQuick -I/usr/include/qt5/QtGui -I/usr/include/qt5/QtQmlModels -I/usr/include/qt5/QtQml -I/usr/include/qt5/QtNetwork -I/usr/include/qt5/QtConcurrent -I/usr/include/qt5/QtCore -I.build/moc -I.build/ui -I/usr/lib64/qt5/mkspecs/linux-g++ -o .build/obj/moc_LDeskBar.o .build/moc/moc_LDeskBar.cpp
make[4]: Leaving directory '/home/q5sys/git/lumina/src-qt5/core/lumina-theme-engine/src/lthemeengine-sstest'
make[3]: Leaving directory '/home/q5sys/git/lumina/src-qt5/core/lumina-theme-engine'
g++ -c -pipe -O2 -flto=auto -ffat-lto-objects -fexceptions -g -grecord-gcc-switches -pipe -Wall -Werror=format-security -Wp,-D_FORTIFY_SOURCE=2 -Wp,-D_GLIBCXX_ASSERTIONS -specs=/usr/lib/rpm/redhat/redhat-hardened-cc1 -fstack-protector-strong -specs=/usr/lib/rpm/redhat/redhat-annobin-cc1 -m64 -mtune=generic -fasynchronous-unwind-tables -fstack-clash-protection -fcf-protection -std=gnu++11 -Wall -Wextra -D_REENTRANT -fPIC -DPREFIX=QString\(\"/usr\"\) -DL_ETCDIR=QString\(\"/etc\"\) -DL_SHAREDIR=QString\(\"/usr/share\"\) -DGIT_VERSION="\"a88ea52f\"" -DQT_NO_DEBUG -DQT_MULTIMEDIAWIDGETS_LIB -DQT_SVG_LIB -DQT_WIDGETS_LIB -DQT_X11EXTRAS_LIB -DQT_MULTIMEDIA_LIB -DQT_QUICK_LIB -DQT_GUI_LIB -DQT_QMLMODELS_LIB -DQT_QML_LIB -DQT_NETWORK_LIB -DQT_CONCURRENT_LIB -DQT_CORE_LIB -I. -I../libLumina -I/usr/include/qt5 -I/usr -I/usr/include -I/home/q5sys/git/lumina/src-qt5/core/lumina-desktop -I../../src-cpp -Isrc-screensaver -I/usr/include/qt5/QtMultimediaWidgets -I/usr/include/qt5/QtSvg -I/usr/include/qt5/QtWidgets -I/usr/include/qt5/QtX11Extras -I/usr/include/qt5/QtMultimedia -I/usr/include/qt5/QtQuick -I/usr/include/qt5/QtGui -I/usr/include/qt5/QtQmlModels -I/usr/include/qt5/QtQml -I/usr/include/qt5/QtNetwork -I/usr/include/qt5/QtConcurrent -I/usr/include/qt5/QtCore -I.build/moc -I.build/ui -I/usr/lib64/qt5/mkspecs/linux-g++ -o .build/obj/moc_LSysTray.o .build/moc/moc_LSysTray.cpp
g++ -c -pipe -O2 -flto=auto -ffat-lto-objects -fexceptions -g -grecord-gcc-switches -pipe -Wall -Werror=format-security -Wp,-D_FORTIFY_SOURCE=2 -Wp,-D_GLIBCXX_ASSERTIONS -specs=/usr/lib/rpm/redhat/redhat-hardened-cc1 -fstack-protector-strong -specs=/usr/lib/rpm/redhat/redhat-annobin-cc1 -m64 -mtune=generic -fasynchronous-unwind-tables -fstack-clash-protection -fcf-protection -std=gnu++11 -Wall -Wextra -D_REENTRANT -fPIC -DPREFIX=QString\(\"/usr\"\) -DL_ETCDIR=QString\(\"/etc\"\) -DL_SHAREDIR=QString\(\"/usr/share\"\) -DGIT_VERSION="\"a88ea52f\"" -DQT_NO_DEBUG -DQT_MULTIMEDIAWIDGETS_LIB -DQT_SVG_LIB -DQT_WIDGETS_LIB -DQT_X11EXTRAS_LIB -DQT_MULTIMEDIA_LIB -DQT_QUICK_LIB -DQT_GUI_LIB -DQT_QMLMODELS_LIB -DQT_QML_LIB -DQT_NETWORK_LIB -DQT_CONCURRENT_LIB -DQT_CORE_LIB -I. -I../libLumina -I/usr/include/qt5 -I/usr -I/usr/include -I/home/q5sys/git/lumina/src-qt5/core/lumina-desktop -I../../src-cpp -Isrc-screensaver -I/usr/include/qt5/QtMultimediaWidgets -I/usr/include/qt5/QtSvg -I/usr/include/qt5/QtWidgets -I/usr/include/qt5/QtX11Extras -I/usr/include/qt5/QtMultimedia -I/usr/include/qt5/QtQuick -I/usr/include/qt5/QtGui -I/usr/include/qt5/QtQmlModels -I/usr/include/qt5/QtQml -I/usr/include/qt5/QtNetwork -I/usr/include/qt5/QtConcurrent -I/usr/include/qt5/QtCore -I.build/moc -I.build/ui -I/usr/lib64/qt5/mkspecs/linux-g++ -o .build/obj/moc_TrayIcon.o .build/moc/moc_TrayIcon.cpp
g++ -c -pipe -O2 -flto=auto -ffat-lto-objects -fexceptions -g -grecord-gcc-switches -pipe -Wall -Werror=format-security -Wp,-D_FORTIFY_SOURCE=2 -Wp,-D_GLIBCXX_ASSERTIONS -specs=/usr/lib/rpm/redhat/redhat-hardened-cc1 -fstack-protector-strong -specs=/usr/lib/rpm/redhat/redhat-annobin-cc1 -m64 -mtune=generic -fasynchronous-unwind-tables -fstack-clash-protection -fcf-protection -std=gnu++11 -Wall -Wextra -D_REENTRANT -fPIC -DPREFIX=QString\(\"/usr\"\) -DL_ETCDIR=QString\(\"/etc\"\) -DL_SHAREDIR=QString\(\"/usr/share\"\) -DGIT_VERSION="\"a88ea52f\"" -DQT_NO_DEBUG -DQT_MULTIMEDIAWIDGETS_LIB -DQT_SVG_LIB -DQT_WIDGETS_LIB -DQT_X11EXTRAS_LIB -DQT_MULTIMEDIA_LIB -DQT_QUICK_LIB -DQT_GUI_LIB -DQT_QMLMODELS_LIB -DQT_QML_LIB -DQT_NETWORK_LIB -DQT_CONCURRENT_LIB -DQT_CORE_LIB -I. -I../libLumina -I/usr/include/qt5 -I/usr -I/usr/include -I/home/q5sys/git/lumina/src-qt5/core/lumina-desktop -I../../src-cpp -Isrc-screensaver -I/usr/include/qt5/QtMultimediaWidgets -I/usr/include/qt5/QtSvg -I/usr/include/qt5/QtWidgets -I/usr/include/qt5/QtX11Extras -I/usr/include/qt5/QtMultimedia -I/usr/include/qt5/QtQuick -I/usr/include/qt5/QtGui -I/usr/include/qt5/QtQmlModels -I/usr/include/qt5/QtQml -I/usr/include/qt5/QtNetwork -I/usr/include/qt5/QtConcurrent -I/usr/include/qt5/QtCore -I.build/moc -I.build/ui -I/usr/lib64/qt5/mkspecs/linux-g++ -o .build/obj/moc_LSpacer.o .build/moc/moc_LSpacer.cpp
g++ -c -pipe -O2 -flto=auto -ffat-lto-objects -fexceptions -g -grecord-gcc-switches -pipe -Wall -Werror=format-security -Wp,-D_FORTIFY_SOURCE=2 -Wp,-D_GLIBCXX_ASSERTIONS -specs=/usr/lib/rpm/redhat/redhat-hardened-cc1 -fstack-protector-strong -specs=/usr/lib/rpm/redhat/redhat-annobin-cc1 -m64 -mtune=generic -fasynchronous-unwind-tables -fstack-clash-protection -fcf-protection -std=gnu++11 -Wall -Wextra -D_REENTRANT -fPIC -DPREFIX=QString\(\"/usr\"\) -DL_ETCDIR=QString\(\"/etc\"\) -DL_SHAREDIR=QString\(\"/usr/share\"\) -DGIT_VERSION="\"a88ea52f\"" -DQT_NO_DEBUG -DQT_MULTIMEDIAWIDGETS_LIB -DQT_SVG_LIB -DQT_WIDGETS_LIB -DQT_X11EXTRAS_LIB -DQT_MULTIMEDIA_LIB -DQT_QUICK_LIB -DQT_GUI_LIB -DQT_QMLMODELS_LIB -DQT_QML_LIB -DQT_NETWORK_LIB -DQT_CONCURRENT_LIB -DQT_CORE_LIB -I. -I../libLumina -I/usr/include/qt5 -I/usr -I/usr/include -I/home/q5sys/git/lumina/src-qt5/core/lumina-desktop -I../../src-cpp -Isrc-screensaver -I/usr/include/qt5/QtMultimediaWidgets -I/usr/include/qt5/QtSvg -I/usr/include/qt5/QtWidgets -I/usr/include/qt5/QtX11Extras -I/usr/include/qt5/QtMultimedia -I/usr/include/qt5/QtQuick -I/usr/include/qt5/QtGui -I/usr/include/qt5/QtQmlModels -I/usr/include/qt5/QtQml -I/usr/include/qt5/QtNetwork -I/usr/include/qt5/QtConcurrent -I/usr/include/qt5/QtCore -I.build/moc -I.build/ui -I/usr/lib64/qt5/mkspecs/linux-g++ -o .build/obj/moc_LLine.o .build/moc/moc_LLine.cpp
g++ -c -pipe -O2 -flto=auto -ffat-lto-objects -fexceptions -g -grecord-gcc-switches -pipe -Wall -Werror=format-security -Wp,-D_FORTIFY_SOURCE=2 -Wp,-D_GLIBCXX_ASSERTIONS -specs=/usr/lib/rpm/redhat/redhat-hardened-cc1 -fstack-protector-strong -specs=/usr/lib/rpm/redhat/redhat-annobin-cc1 -m64 -mtune=generic -fasynchronous-unwind-tables -fstack-clash-protection -fcf-protection -std=gnu++11 -Wall -Wextra -D_REENTRANT -fPIC -DPREFIX=QString\(\"/usr\"\) -DL_ETCDIR=QString\(\"/etc\"\) -DL_SHAREDIR=QString\(\"/usr/share\"\) -DGIT_VERSION="\"a88ea52f\"" -DQT_NO_DEBUG -DQT_MULTIMEDIAWIDGETS_LIB -DQT_SVG_LIB -DQT_WIDGETS_LIB -DQT_X11EXTRAS_LIB -DQT_MULTIMEDIA_LIB -DQT_QUICK_LIB -DQT_GUI_LIB -DQT_QMLMODELS_LIB -DQT_QML_LIB -DQT_NETWORK_LIB -DQT_CONCURRENT_LIB -DQT_CORE_LIB -I. -I../libLumina -I/usr/include/qt5 -I/usr -I/usr/include -I/home/q5sys/git/lumina/src-qt5/core/lumina-desktop -I../../src-cpp -Isrc-screensaver -I/usr/include/qt5/QtMultimediaWidgets -I/usr/include/qt5/QtSvg -I/usr/include/qt5/QtWidgets -I/usr/include/qt5/QtX11Extras -I/usr/include/qt5/QtMultimedia -I/usr/include/qt5/QtQuick -I/usr/include/qt5/QtGui -I/usr/include/qt5/QtQmlModels -I/usr/include/qt5/QtQml -I/usr/include/qt5/QtNetwork -I/usr/include/qt5/QtConcurrent -I/usr/include/qt5/QtCore -I.build/moc -I.build/ui -I/usr/lib64/qt5/mkspecs/linux-g++ -o .build/obj/moc_LClock.o .build/moc/moc_LClock.cpp
g++ -c -pipe -O2 -flto=auto -ffat-lto-objects -fexceptions -g -grecord-gcc-switches -pipe -Wall -Werror=format-security -Wp,-D_FORTIFY_SOURCE=2 -Wp,-D_GLIBCXX_ASSERTIONS -specs=/usr/lib/rpm/redhat/redhat-hardened-cc1 -fstack-protector-strong -specs=/usr/lib/rpm/redhat/redhat-annobin-cc1 -m64 -mtune=generic -fasynchronous-unwind-tables -fstack-clash-protection -fcf-protection -std=gnu++11 -Wall -Wextra -D_REENTRANT -fPIC -DPREFIX=QString\(\"/usr\"\) -DL_ETCDIR=QString\(\"/etc\"\) -DL_SHAREDIR=QString\(\"/usr/share\"\) -DGIT_VERSION="\"a88ea52f\"" -DQT_NO_DEBUG -DQT_MULTIMEDIAWIDGETS_LIB -DQT_SVG_LIB -DQT_WIDGETS_LIB -DQT_X11EXTRAS_LIB -DQT_MULTIMEDIA_LIB -DQT_QUICK_LIB -DQT_GUI_LIB -DQT_QMLMODELS_LIB -DQT_QML_LIB -DQT_NETWORK_LIB -DQT_CONCURRENT_LIB -DQT_CORE_LIB -I. -I../libLumina -I/usr/include/qt5 -I/usr -I/usr/include -I/home/q5sys/git/lumina/src-qt5/core/lumina-desktop -I../../src-cpp -Isrc-screensaver -I/usr/include/qt5/QtMultimediaWidgets -I/usr/include/qt5/QtSvg -I/usr/include/qt5/QtWidgets -I/usr/include/qt5/QtX11Extras -I/usr/include/qt5/QtMultimedia -I/usr/include/qt5/QtQuick -I/usr/include/qt5/QtGui -I/usr/include/qt5/QtQmlModels -I/usr/include/qt5/QtQml -I/usr/include/qt5/QtNetwork -I/usr/include/qt5/QtConcurrent -I/usr/include/qt5/QtCore -I.build/moc -I.build/ui -I/usr/lib64/qt5/mkspecs/linux-g++ -o .build/obj/moc_LBattery.o .build/moc/moc_LBattery.cpp
g++ -c -pipe -O2 -flto=auto -ffat-lto-objects -fexceptions -g -grecord-gcc-switches -pipe -Wall -Werror=format-security -Wp,-D_FORTIFY_SOURCE=2 -Wp,-D_GLIBCXX_ASSERTIONS -specs=/usr/lib/rpm/redhat/redhat-hardened-cc1 -fstack-protector-strong -specs=/usr/lib/rpm/redhat/redhat-annobin-cc1 -m64 -mtune=generic -fasynchronous-unwind-tables -fstack-clash-protection -fcf-protection -std=gnu++11 -Wall -Wextra -D_REENTRANT -fPIC -DPREFIX=QString\(\"/usr\"\) -DL_ETCDIR=QString\(\"/etc\"\) -DL_SHAREDIR=QString\(\"/usr/share\"\) -DGIT_VERSION="\"a88ea52f\"" -DQT_NO_DEBUG -DQT_MULTIMEDIAWIDGETS_LIB -DQT_SVG_LIB -DQT_WIDGETS_LIB -DQT_X11EXTRAS_LIB -DQT_MULTIMEDIA_LIB -DQT_QUICK_LIB -DQT_GUI_LIB -DQT_QMLMODELS_LIB -DQT_QML_LIB -DQT_NETWORK_LIB -DQT_CONCURRENT_LIB -DQT_CORE_LIB -I. -I../libLumina -I/usr/include/qt5 -I/usr -I/usr/include -I/home/q5sys/git/lumina/src-qt5/core/lumina-desktop -I../../src-cpp -Isrc-screensaver -I/usr/include/qt5/QtMultimediaWidgets -I/usr/include/qt5/QtSvg -I/usr/include/qt5/QtWidgets -I/usr/include/qt5/QtX11Extras -I/usr/include/qt5/QtMultimedia -I/usr/include/qt5/QtQuick -I/usr/include/qt5/QtGui -I/usr/include/qt5/QtQmlModels -I/usr/include/qt5/QtQml -I/usr/include/qt5/QtNetwork -I/usr/include/qt5/QtConcurrent -I/usr/include/qt5/QtCore -I.build/moc -I.build/ui -I/usr/lib64/qt5/mkspecs/linux-g++ -o .build/obj/moc_LDesktopSwitcher.o .build/moc/moc_LDesktopSwitcher.cpp
g++ -c -pipe -O2 -flto=auto -ffat-lto-objects -fexceptions -g -grecord-gcc-switches -pipe -Wall -Werror=format-security -Wp,-D_FORTIFY_SOURCE=2 -Wp,-D_GLIBCXX_ASSERTIONS -specs=/usr/lib/rpm/redhat/redhat-hardened-cc1 -fstack-protector-strong -specs=/usr/lib/rpm/redhat/redhat-annobin-cc1 -m64 -mtune=generic -fasynchronous-unwind-tables -fstack-clash-protection -fcf-protection -std=gnu++11 -Wall -Wextra -D_REENTRANT -fPIC -DPREFIX=QString\(\"/usr\"\) -DL_ETCDIR=QString\(\"/etc\"\) -DL_SHAREDIR=QString\(\"/usr/share\"\) -DGIT_VERSION="\"a88ea52f\"" -DQT_NO_DEBUG -DQT_MULTIMEDIAWIDGETS_LIB -DQT_SVG_LIB -DQT_WIDGETS_LIB -DQT_X11EXTRAS_LIB -DQT_MULTIMEDIA_LIB -DQT_QUICK_LIB -DQT_GUI_LIB -DQT_QMLMODELS_LIB -DQT_QML_LIB -DQT_NETWORK_LIB -DQT_CONCURRENT_LIB -DQT_CORE_LIB -I. -I../libLumina -I/usr/include/qt5 -I/usr -I/usr/include -I/home/q5sys/git/lumina/src-qt5/core/lumina-desktop -I../../src-cpp -Isrc-screensaver -I/usr/include/qt5/QtMultimediaWidgets -I/usr/include/qt5/QtSvg -I/usr/include/qt5/QtWidgets -I/usr/include/qt5/QtX11Extras -I/usr/include/qt5/QtMultimedia -I/usr/include/qt5/QtQuick -I/usr/include/qt5/QtGui -I/usr/include/qt5/QtQmlModels -I/usr/include/qt5/QtQml -I/usr/include/qt5/QtNetwork -I/usr/include/qt5/QtConcurrent -I/usr/include/qt5/QtCore -I.build/moc -I.build/ui -I/usr/lib64/qt5/mkspecs/linux-g++ -o .build/obj/moc_LTaskManagerPlugin.o .build/moc/moc_LTaskManagerPlugin.cpp
g++ -c -pipe -O2 -flto=auto -ffat-lto-objects -fexceptions -g -grecord-gcc-switches -pipe -Wall -Werror=format-security -Wp,-D_FORTIFY_SOURCE=2 -Wp,-D_GLIBCXX_ASSERTIONS -specs=/usr/lib/rpm/redhat/redhat-hardened-cc1 -fstack-protector-strong -specs=/usr/lib/rpm/redhat/redhat-annobin-cc1 -m64 -mtune=generic -fasynchronous-unwind-tables -fstack-clash-protection -fcf-protection -std=gnu++11 -Wall -Wextra -D_REENTRANT -fPIC -DPREFIX=QString\(\"/usr\"\) -DL_ETCDIR=QString\(\"/etc\"\) -DL_SHAREDIR=QString\(\"/usr/share\"\) -DGIT_VERSION="\"a88ea52f\"" -DQT_NO_DEBUG -DQT_MULTIMEDIAWIDGETS_LIB -DQT_SVG_LIB -DQT_WIDGETS_LIB -DQT_X11EXTRAS_LIB -DQT_MULTIMEDIA_LIB -DQT_QUICK_LIB -DQT_GUI_LIB -DQT_QMLMODELS_LIB -DQT_QML_LIB -DQT_NETWORK_LIB -DQT_CONCURRENT_LIB -DQT_CORE_LIB -I. -I../libLumina -I/usr/include/qt5 -I/usr -I/usr/include -I/home/q5sys/git/lumina/src-qt5/core/lumina-desktop -I../../src-cpp -Isrc-screensaver -I/usr/include/qt5/QtMultimediaWidgets -I/usr/include/qt5/QtSvg -I/usr/include/qt5/QtWidgets -I/usr/include/qt5/QtX11Extras -I/usr/include/qt5/QtMultimedia -I/usr/include/qt5/QtQuick -I/usr/include/qt5/QtGui -I/usr/include/qt5/QtQmlModels -I/usr/include/qt5/QtQml -I/usr/include/qt5/QtNetwork -I/usr/include/qt5/QtConcurrent -I/usr/include/qt5/QtCore -I.build/moc -I.build/ui -I/usr/lib64/qt5/mkspecs/linux-g++ -o .build/obj/moc_LTaskButton.o .build/moc/moc_LTaskButton.cpp
g++ -c -pipe -O2 -flto=auto -ffat-lto-objects -fexceptions -g -grecord-gcc-switches -pipe -Wall -Werror=format-security -Wp,-D_FORTIFY_SOURCE=2 -Wp,-D_GLIBCXX_ASSERTIONS -specs=/usr/lib/rpm/redhat/redhat-hardened-cc1 -fstack-protector-strong -specs=/usr/lib/rpm/redhat/redhat-annobin-cc1 -m64 -mtune=generic -fasynchronous-unwind-tables -fstack-clash-protection -fcf-protection -std=gnu++11 -Wall -Wextra -D_REENTRANT -fPIC -DPREFIX=QString\(\"/usr\"\) -DL_ETCDIR=QString\(\"/etc\"\) -DL_SHAREDIR=QString\(\"/usr/share\"\) -DGIT_VERSION="\"a88ea52f\"" -DQT_NO_DEBUG -DQT_MULTIMEDIAWIDGETS_LIB -DQT_SVG_LIB -DQT_WIDGETS_LIB -DQT_X11EXTRAS_LIB -DQT_MULTIMEDIA_LIB -DQT_QUICK_LIB -DQT_GUI_LIB -DQT_QMLMODELS_LIB -DQT_QML_LIB -DQT_NETWORK_LIB -DQT_CONCURRENT_LIB -DQT_CORE_LIB -I. -I../libLumina -I/usr/include/qt5 -I/usr -I/usr/include -I/home/q5sys/git/lumina/src-qt5/core/lumina-desktop -I../../src-cpp -Isrc-screensaver -I/usr/include/qt5/QtMultimediaWidgets -I/usr/include/qt5/QtSvg -I/usr/include/qt5/QtWidgets -I/usr/include/qt5/QtX11Extras -I/usr/include/qt5/QtMultimedia -I/usr/include/qt5/QtQuick -I/usr/include/qt5/QtGui -I/usr/include/qt5/QtQmlModels -I/usr/include/qt5/QtQml -I/usr/include/qt5/QtNetwork -I/usr/include/qt5/QtConcurrent -I/usr/include/qt5/QtCore -I.build/moc -I.build/ui -I/usr/lib64/qt5/mkspecs/linux-g++ -o .build/obj/moc_LSysDashboard.o .build/moc/moc_LSysDashboard.cpp
g++ -c -pipe -O2 -flto=auto -ffat-lto-objects -fexceptions -g -grecord-gcc-switches -pipe -Wall -Werror=format-security -Wp,-D_FORTIFY_SOURCE=2 -Wp,-D_GLIBCXX_ASSERTIONS -specs=/usr/lib/rpm/redhat/redhat-hardened-cc1 -fstack-protector-strong -specs=/usr/lib/rpm/redhat/redhat-annobin-cc1 -m64 -mtune=generic -fasynchronous-unwind-tables -fstack-clash-protection -fcf-protection -std=gnu++11 -Wall -Wextra -D_REENTRANT -fPIC -DPREFIX=QString\(\"/usr\"\) -DL_ETCDIR=QString\(\"/etc\"\) -DL_SHAREDIR=QString\(\"/usr/share\"\) -DGIT_VERSION="\"a88ea52f\"" -DQT_NO_DEBUG -DQT_MULTIMEDIAWIDGETS_LIB -DQT_SVG_LIB -DQT_WIDGETS_LIB -DQT_X11EXTRAS_LIB -DQT_MULTIMEDIA_LIB -DQT_QUICK_LIB -DQT_GUI_LIB -DQT_QMLMODELS_LIB -DQT_QML_LIB -DQT_NETWORK_LIB -DQT_CONCURRENT_LIB -DQT_CORE_LIB -I. -I../libLumina -I/usr/include/qt5 -I/usr -I/usr/include -I/home/q5sys/git/lumina/src-qt5/core/lumina-desktop -I../../src-cpp -Isrc-screensaver -I/usr/include/qt5/QtMultimediaWidgets -I/usr/include/qt5/QtSvg -I/usr/include/qt5/QtWidgets -I/usr/include/qt5/QtX11Extras -I/usr/include/qt5/QtMultimedia -I/usr/include/qt5/QtQuick -I/usr/include/qt5/QtGui -I/usr/include/qt5/QtQmlModels -I/usr/include/qt5/QtQml -I/usr/include/qt5/QtNetwork -I/usr/include/qt5/QtConcurrent -I/usr/include/qt5/QtCore -I.build/moc -I.build/ui -I/usr/lib64/qt5/mkspecs/linux-g++ -o .build/obj/moc_SysMenuQuick.o .build/moc/moc_SysMenuQuick.cpp
In file included from .build/moc/../../panel-plugins/taskmanager/LTaskButton.h:26,
                 from .build/moc/../../panel-plugins/taskmanager/LTaskManagerPlugin.h:23,
                 from .build/moc/moc_LTaskManagerPlugin.cpp:10:
.build/moc/../../panel-plugins/taskmanager/../LTBWidget.h: In member function ‘virtual void LTBWidget::wheelEvent(QWheelEvent*)’:
.build/moc/../../panel-plugins/taskmanager/../LTBWidget.h:65:36: warning: ‘int QWheelEvent::delta() const’ is deprecated: Use angleDelta() [-Wdeprecated-declarations]
   65 |           int change = event->delta()/120; // 1/15th of a rotation (delta/120) is usually one "click" of the wheel
      |                        ~~~~~~~~~~~~^~
In file included from /usr/include/qt5/QtGui/QWheelEvent:1,
                 from .build/moc/../../panel-plugins/taskmanager/../LTBWidget.h:12,
                 from .build/moc/../../panel-plugins/taskmanager/LTaskButton.h:26,
                 from .build/moc/../../panel-plugins/taskmanager/LTaskManagerPlugin.h:23,
                 from .build/moc/moc_LTaskManagerPlugin.cpp:10:
/usr/include/qt5/QtGui/qevent.h:219:16: note: declared here
  219 |     inline int delta() const  { return qt4D; }
      |                ^~~~~
In file included from .build/moc/../../panel-plugins/taskmanager/LTaskManagerPlugin.h:23,
                 from .build/moc/moc_LTaskManagerPlugin.cpp:10:
.build/moc/../../panel-plugins/taskmanager/LTaskButton.h: In member function ‘virtual void LTaskButton::changeEvent(QEvent*)’:
.build/moc/../../panel-plugins/taskmanager/LTaskButton.h:76:37: warning: ‘int qrand()’ is deprecated: use QRandomGenerator instead [-Wdeprecated-declarations]
   76 |             QTimer::singleShot(qrand()%100+500, this, SLOT(UpdateButton()) );
      |                                ~~~~~^~
In file included from /usr/include/qt5/QtGui/qtguiglobal.h:43,
                 from /usr/include/qt5/QtWidgets/qtwidgetsglobal.h:43,
                 from /usr/include/qt5/QtWidgets/qwidget.h:43,
                 from /usr/include/qt5/QtWidgets/QWidget:1,
                 from .build/moc/../../panel-plugins/taskmanager/LTaskManagerPlugin.h:11,
                 from .build/moc/moc_LTaskManagerPlugin.cpp:10:
/usr/include/qt5/QtCore/qglobal.h:1274:80: note: declared here
 1274 | Q_CORE_EXPORT QT_DEPRECATED_VERSION_X_5_15("use QRandomGenerator instead") int qrand();
      |                                                                                ^~~~~
In file included from .build/moc/../../panel-plugins/taskmanager/LTaskButton.h:26,
                 from .build/moc/moc_LTaskButton.cpp:10:
.build/moc/../../panel-plugins/taskmanager/../LTBWidget.h: In member function ‘virtual void LTBWidget::wheelEvent(QWheelEvent*)’:
.build/moc/../../panel-plugins/taskmanager/../LTBWidget.h:65:36: warning: ‘int QWheelEvent::delta() const’ is deprecated: Use angleDelta() [-Wdeprecated-declarations]
   65 |           int change = event->delta()/120; // 1/15th of a rotation (delta/120) is usually one "click" of the wheel
      |                        ~~~~~~~~~~~~^~
In file included from /usr/include/qt5/QtGui/QWheelEvent:1,
                 from .build/moc/../../panel-plugins/taskmanager/../LTBWidget.h:12,
                 from .build/moc/../../panel-plugins/taskmanager/LTaskButton.h:26,
                 from .build/moc/moc_LTaskButton.cpp:10:
/usr/include/qt5/QtGui/qevent.h:219:16: note: declared here
  219 |     inline int delta() const  { return qt4D; }
      |                ^~~~~
In file included from .build/moc/moc_LTaskButton.cpp:10:
.build/moc/../../panel-plugins/taskmanager/LTaskButton.h: In member function ‘virtual void LTaskButton::changeEvent(QEvent*)’:
.build/moc/../../panel-plugins/taskmanager/LTaskButton.h:76:37: warning: ‘int qrand()’ is deprecated: use QRandomGenerator instead [-Wdeprecated-declarations]
   76 |             QTimer::singleShot(qrand()%100+500, this, SLOT(UpdateButton()) );
      |                                ~~~~~^~
In file included from /usr/include/qt5/QtGui/qtguiglobal.h:43,
                 from /usr/include/qt5/QtWidgets/qtwidgetsglobal.h:43,
                 from /usr/include/qt5/QtWidgets/qwidget.h:43,
                 from /usr/include/qt5/QtWidgets/QWidget:1,
                 from .build/moc/../../panel-plugins/taskmanager/LTaskButton.h:11,
                 from .build/moc/moc_LTaskButton.cpp:10:
/usr/include/qt5/QtCore/qglobal.h:1274:80: note: declared here
 1274 | Q_CORE_EXPORT QT_DEPRECATED_VERSION_X_5_15("use QRandomGenerator instead") int qrand();
      |                                                                                ^~~~~
g++ -c -pipe -O2 -flto=auto -ffat-lto-objects -fexceptions -g -grecord-gcc-switches -pipe -Wall -Werror=format-security -Wp,-D_FORTIFY_SOURCE=2 -Wp,-D_GLIBCXX_ASSERTIONS -specs=/usr/lib/rpm/redhat/redhat-hardened-cc1 -fstack-protector-strong -specs=/usr/lib/rpm/redhat/redhat-annobin-cc1 -m64 -mtune=generic -fasynchronous-unwind-tables -fstack-clash-protection -fcf-protection -std=gnu++11 -Wall -Wextra -D_REENTRANT -fPIC -DPREFIX=QString\(\"/usr\"\) -DL_ETCDIR=QString\(\"/etc\"\) -DL_SHAREDIR=QString\(\"/usr/share\"\) -DGIT_VERSION="\"a88ea52f\"" -DQT_NO_DEBUG -DQT_MULTIMEDIAWIDGETS_LIB -DQT_SVG_LIB -DQT_WIDGETS_LIB -DQT_X11EXTRAS_LIB -DQT_MULTIMEDIA_LIB -DQT_QUICK_LIB -DQT_GUI_LIB -DQT_QMLMODELS_LIB -DQT_QML_LIB -DQT_NETWORK_LIB -DQT_CONCURRENT_LIB -DQT_CORE_LIB -I. -I../libLumina -I/usr/include/qt5 -I/usr -I/usr/include -I/home/q5sys/git/lumina/src-qt5/core/lumina-desktop -I../../src-cpp -Isrc-screensaver -I/usr/include/qt5/QtMultimediaWidgets -I/usr/include/qt5/QtSvg -I/usr/include/qt5/QtWidgets -I/usr/include/qt5/QtX11Extras -I/usr/include/qt5/QtMultimedia -I/usr/include/qt5/QtQuick -I/usr/include/qt5/QtGui -I/usr/include/qt5/QtQmlModels -I/usr/include/qt5/QtQml -I/usr/include/qt5/QtNetwork -I/usr/include/qt5/QtConcurrent -I/usr/include/qt5/QtCore -I.build/moc -I.build/ui -I/usr/lib64/qt5/mkspecs/linux-g++ -o .build/obj/moc_LHomeButton.o .build/moc/moc_LHomeButton.cpp
g++ -c -pipe -O2 -flto=auto -ffat-lto-objects -fexceptions -g -grecord-gcc-switches -pipe -Wall -Werror=format-security -Wp,-D_FORTIFY_SOURCE=2 -Wp,-D_GLIBCXX_ASSERTIONS -specs=/usr/lib/rpm/redhat/redhat-hardened-cc1 -fstack-protector-strong -specs=/usr/lib/rpm/redhat/redhat-annobin-cc1 -m64 -mtune=generic -fasynchronous-unwind-tables -fstack-clash-protection -fcf-protection -std=gnu++11 -Wall -Wextra -D_REENTRANT -fPIC -DPREFIX=QString\(\"/usr\"\) -DL_ETCDIR=QString\(\"/etc\"\) -DL_SHAREDIR=QString\(\"/usr/share\"\) -DGIT_VERSION="\"a88ea52f\"" -DQT_NO_DEBUG -DQT_MULTIMEDIAWIDGETS_LIB -DQT_SVG_LIB -DQT_WIDGETS_LIB -DQT_X11EXTRAS_LIB -DQT_MULTIMEDIA_LIB -DQT_QUICK_LIB -DQT_GUI_LIB -DQT_QMLMODELS_LIB -DQT_QML_LIB -DQT_NETWORK_LIB -DQT_CONCURRENT_LIB -DQT_CORE_LIB -I. -I../libLumina -I/usr/include/qt5 -I/usr -I/usr/include -I/home/q5sys/git/lumina/src-qt5/core/lumina-desktop -I../../src-cpp -Isrc-screensaver -I/usr/include/qt5/QtMultimediaWidgets -I/usr/include/qt5/QtSvg -I/usr/include/qt5/QtWidgets -I/usr/include/qt5/QtX11Extras -I/usr/include/qt5/QtMultimedia -I/usr/include/qt5/QtQuick -I/usr/include/qt5/QtGui -I/usr/include/qt5/QtQmlModels -I/usr/include/qt5/QtQml -I/usr/include/qt5/QtNetwork -I/usr/include/qt5/QtConcurrent -I/usr/include/qt5/QtCore -I.build/moc -I.build/ui -I/usr/lib64/qt5/mkspecs/linux-g++ -o .build/obj/moc_LAppMenuPlugin.o .build/moc/moc_LAppMenuPlugin.cpp
g++ -c -pipe -O2 -flto=auto -ffat-lto-objects -fexceptions -g -grecord-gcc-switches -pipe -Wall -Werror=format-security -Wp,-D_FORTIFY_SOURCE=2 -Wp,-D_GLIBCXX_ASSERTIONS -specs=/usr/lib/rpm/redhat/redhat-hardened-cc1 -fstack-protector-strong -specs=/usr/lib/rpm/redhat/redhat-annobin-cc1 -m64 -mtune=generic -fasynchronous-unwind-tables -fstack-clash-protection -fcf-protection -std=gnu++11 -Wall -Wextra -D_REENTRANT -fPIC -DPREFIX=QString\(\"/usr\"\) -DL_ETCDIR=QString\(\"/etc\"\) -DL_SHAREDIR=QString\(\"/usr/share\"\) -DGIT_VERSION="\"a88ea52f\"" -DQT_NO_DEBUG -DQT_MULTIMEDIAWIDGETS_LIB -DQT_SVG_LIB -DQT_WIDGETS_LIB -DQT_X11EXTRAS_LIB -DQT_MULTIMEDIA_LIB -DQT_QUICK_LIB -DQT_GUI_LIB -DQT_QMLMODELS_LIB -DQT_QML_LIB -DQT_NETWORK_LIB -DQT_CONCURRENT_LIB -DQT_CORE_LIB -I. -I../libLumina -I/usr/include/qt5 -I/usr -I/usr/include -I/home/q5sys/git/lumina/src-qt5/core/lumina-desktop -I../../src-cpp -Isrc-screensaver -I/usr/include/qt5/QtMultimediaWidgets -I/usr/include/qt5/QtSvg -I/usr/include/qt5/QtWidgets -I/usr/include/qt5/QtX11Extras -I/usr/include/qt5/QtMultimedia -I/usr/include/qt5/QtQuick -I/usr/include/qt5/QtGui -I/usr/include/qt5/QtQmlModels -I/usr/include/qt5/QtQml -I/usr/include/qt5/QtNetwork -I/usr/include/qt5/QtConcurrent -I/usr/include/qt5/QtCore -I.build/moc -I.build/ui -I/usr/lib64/qt5/mkspecs/linux-g++ -o .build/obj/moc_AppLaunchButton.o .build/moc/moc_AppLaunchButton.cpp
g++ -c -pipe -O2 -flto=auto -ffat-lto-objects -fexceptions -g -grecord-gcc-switches -pipe -Wall -Werror=format-security -Wp,-D_FORTIFY_SOURCE=2 -Wp,-D_GLIBCXX_ASSERTIONS -specs=/usr/lib/rpm/redhat/redhat-hardened-cc1 -fstack-protector-strong -specs=/usr/lib/rpm/redhat/redhat-annobin-cc1 -m64 -mtune=generic -fasynchronous-unwind-tables -fstack-clash-protection -fcf-protection -std=gnu++11 -Wall -Wextra -D_REENTRANT -fPIC -DPREFIX=QString\(\"/usr\"\) -DL_ETCDIR=QString\(\"/etc\"\) -DL_SHAREDIR=QString\(\"/usr/share\"\) -DGIT_VERSION="\"a88ea52f\"" -DQT_NO_DEBUG -DQT_MULTIMEDIAWIDGETS_LIB -DQT_SVG_LIB -DQT_WIDGETS_LIB -DQT_X11EXTRAS_LIB -DQT_MULTIMEDIA_LIB -DQT_QUICK_LIB -DQT_GUI_LIB -DQT_QMLMODELS_LIB -DQT_QML_LIB -DQT_NETWORK_LIB -DQT_CONCURRENT_LIB -DQT_CORE_LIB -I. -I../libLumina -I/usr/include/qt5 -I/usr -I/usr/include -I/home/q5sys/git/lumina/src-qt5/core/lumina-desktop -I../../src-cpp -Isrc-screensaver -I/usr/include/qt5/QtMultimediaWidgets -I/usr/include/qt5/QtSvg -I/usr/include/qt5/QtWidgets -I/usr/include/qt5/QtX11Extras -I/usr/include/qt5/QtMultimedia -I/usr/include/qt5/QtQuick -I/usr/include/qt5/QtGui -I/usr/include/qt5/QtQmlModels -I/usr/include/qt5/QtQml -I/usr/include/qt5/QtNetwork -I/usr/include/qt5/QtConcurrent -I/usr/include/qt5/QtCore -I.build/moc -I.build/ui -I/usr/lib64/qt5/mkspecs/linux-g++ -o .build/obj/moc_LStartButton.o .build/moc/moc_LStartButton.cpp
g++ -c -pipe -O2 -flto=auto -ffat-lto-objects -fexceptions -g -grecord-gcc-switches -pipe -Wall -Werror=format-security -Wp,-D_FORTIFY_SOURCE=2 -Wp,-D_GLIBCXX_ASSERTIONS -specs=/usr/lib/rpm/redhat/redhat-hardened-cc1 -fstack-protector-strong -specs=/usr/lib/rpm/redhat/redhat-annobin-cc1 -m64 -mtune=generic -fasynchronous-unwind-tables -fstack-clash-protection -fcf-protection -std=gnu++11 -Wall -Wextra -D_REENTRANT -fPIC -DPREFIX=QString\(\"/usr\"\) -DL_ETCDIR=QString\(\"/etc\"\) -DL_SHAREDIR=QString\(\"/usr/share\"\) -DGIT_VERSION="\"a88ea52f\"" -DQT_NO_DEBUG -DQT_MULTIMEDIAWIDGETS_LIB -DQT_SVG_LIB -DQT_WIDGETS_LIB -DQT_X11EXTRAS_LIB -DQT_MULTIMEDIA_LIB -DQT_QUICK_LIB -DQT_GUI_LIB -DQT_QMLMODELS_LIB -DQT_QML_LIB -DQT_NETWORK_LIB -DQT_CONCURRENT_LIB -DQT_CORE_LIB -I. -I../libLumina -I/usr/include/qt5 -I/usr -I/usr/include -I/home/q5sys/git/lumina/src-qt5/core/lumina-desktop -I../../src-cpp -Isrc-screensaver -I/usr/include/qt5/QtMultimediaWidgets -I/usr/include/qt5/QtSvg -I/usr/include/qt5/QtWidgets -I/usr/include/qt5/QtX11Extras -I/usr/include/qt5/QtMultimedia -I/usr/include/qt5/QtQuick -I/usr/include/qt5/QtGui -I/usr/include/qt5/QtQmlModels -I/usr/include/qt5/QtQml -I/usr/include/qt5/QtNetwork -I/usr/include/qt5/QtConcurrent -I/usr/include/qt5/QtCore -I.build/moc -I.build/ui -I/usr/lib64/qt5/mkspecs/linux-g++ -o .build/obj/moc_StartMenu.o .build/moc/moc_StartMenu.cpp
g++ -c -pipe -O2 -flto=auto -ffat-lto-objects -fexceptions -g -grecord-gcc-switches -pipe -Wall -Werror=format-security -Wp,-D_FORTIFY_SOURCE=2 -Wp,-D_GLIBCXX_ASSERTIONS -specs=/usr/lib/rpm/redhat/redhat-hardened-cc1 -fstack-protector-strong -specs=/usr/lib/rpm/redhat/redhat-annobin-cc1 -m64 -mtune=generic -fasynchronous-unwind-tables -fstack-clash-protection -fcf-protection -std=gnu++11 -Wall -Wextra -D_REENTRANT -fPIC -DPREFIX=QString\(\"/usr\"\) -DL_ETCDIR=QString\(\"/etc\"\) -DL_SHAREDIR=QString\(\"/usr/share\"\) -DGIT_VERSION="\"a88ea52f\"" -DQT_NO_DEBUG -DQT_MULTIMEDIAWIDGETS_LIB -DQT_SVG_LIB -DQT_WIDGETS_LIB -DQT_X11EXTRAS_LIB -DQT_MULTIMEDIA_LIB -DQT_QUICK_LIB -DQT_GUI_LIB -DQT_QMLMODELS_LIB -DQT_QML_LIB -DQT_NETWORK_LIB -DQT_CONCURRENT_LIB -DQT_CORE_LIB -I. -I../libLumina -I/usr/include/qt5 -I/usr -I/usr/include -I/home/q5sys/git/lumina/src-qt5/core/lumina-desktop -I../../src-cpp -Isrc-screensaver -I/usr/include/qt5/QtMultimediaWidgets -I/usr/include/qt5/QtSvg -I/usr/include/qt5/QtWidgets -I/usr/include/qt5/QtX11Extras -I/usr/include/qt5/QtMultimedia -I/usr/include/qt5/QtQuick -I/usr/include/qt5/QtGui -I/usr/include/qt5/QtQmlModels -I/usr/include/qt5/QtQml -I/usr/include/qt5/QtNetwork -I/usr/include/qt5/QtConcurrent -I/usr/include/qt5/QtCore -I.build/moc -I.build/ui -I/usr/lib64/qt5/mkspecs/linux-g++ -o .build/obj/moc_ItemWidget.o .build/moc/moc_ItemWidget.cpp
g++ -c -pipe -O2 -flto=auto -ffat-lto-objects -fexceptions -g -grecord-gcc-switches -pipe -Wall -Werror=format-security -Wp,-D_FORTIFY_SOURCE=2 -Wp,-D_GLIBCXX_ASSERTIONS -specs=/usr/lib/rpm/redhat/redhat-hardened-cc1 -fstack-protector-strong -specs=/usr/lib/rpm/redhat/redhat-annobin-cc1 -m64 -mtune=generic -fasynchronous-unwind-tables -fstack-clash-protection -fcf-protection -std=gnu++11 -Wall -Wextra -D_REENTRANT -fPIC -DPREFIX=QString\(\"/usr\"\) -DL_ETCDIR=QString\(\"/etc\"\) -DL_SHAREDIR=QString\(\"/usr/share\"\) -DGIT_VERSION="\"a88ea52f\"" -DQT_NO_DEBUG -DQT_MULTIMEDIAWIDGETS_LIB -DQT_SVG_LIB -DQT_WIDGETS_LIB -DQT_X11EXTRAS_LIB -DQT_MULTIMEDIA_LIB -DQT_QUICK_LIB -DQT_GUI_LIB -DQT_QMLMODELS_LIB -DQT_QML_LIB -DQT_NETWORK_LIB -DQT_CONCURRENT_LIB -DQT_CORE_LIB -I. -I../libLumina -I/usr/include/qt5 -I/usr -I/usr/include -I/home/q5sys/git/lumina/src-qt5/core/lumina-desktop -I../../src-cpp -Isrc-screensaver -I/usr/include/qt5/QtMultimediaWidgets -I/usr/include/qt5/QtSvg -I/usr/include/qt5/QtWidgets -I/usr/include/qt5/QtX11Extras -I/usr/include/qt5/QtMultimedia -I/usr/include/qt5/QtQuick -I/usr/include/qt5/QtGui -I/usr/include/qt5/QtQmlModels -I/usr/include/qt5/QtQml -I/usr/include/qt5/QtNetwork -I/usr/include/qt5/QtConcurrent -I/usr/include/qt5/QtCore -I.build/moc -I.build/ui -I/usr/lib64/qt5/mkspecs/linux-g++ -o .build/obj/moc_LPAudioPlayer.o .build/moc/moc_LPAudioPlayer.cpp
g++ -c -pipe -O2 -flto=auto -ffat-lto-objects -fexceptions -g -grecord-gcc-switches -pipe -Wall -Werror=format-security -Wp,-D_FORTIFY_SOURCE=2 -Wp,-D_GLIBCXX_ASSERTIONS -specs=/usr/lib/rpm/redhat/redhat-hardened-cc1 -fstack-protector-strong -specs=/usr/lib/rpm/redhat/redhat-annobin-cc1 -m64 -mtune=generic -fasynchronous-unwind-tables -fstack-clash-protection -fcf-protection -std=gnu++11 -Wall -Wextra -D_REENTRANT -fPIC -DPREFIX=QString\(\"/usr\"\) -DL_ETCDIR=QString\(\"/etc\"\) -DL_SHAREDIR=QString\(\"/usr/share\"\) -DGIT_VERSION="\"a88ea52f\"" -DQT_NO_DEBUG -DQT_MULTIMEDIAWIDGETS_LIB -DQT_SVG_LIB -DQT_WIDGETS_LIB -DQT_X11EXTRAS_LIB -DQT_MULTIMEDIA_LIB -DQT_QUICK_LIB -DQT_GUI_LIB -DQT_QMLMODELS_LIB -DQT_QML_LIB -DQT_NETWORK_LIB -DQT_CONCURRENT_LIB -DQT_CORE_LIB -I. -I../libLumina -I/usr/include/qt5 -I/usr -I/usr/include -I/home/q5sys/git/lumina/src-qt5/core/lumina-desktop -I../../src-cpp -Isrc-screensaver -I/usr/include/qt5/QtMultimediaWidgets -I/usr/include/qt5/QtSvg -I/usr/include/qt5/QtWidgets -I/usr/include/qt5/QtX11Extras -I/usr/include/qt5/QtMultimedia -I/usr/include/qt5/QtQuick -I/usr/include/qt5/QtGui -I/usr/include/qt5/QtQmlModels -I/usr/include/qt5/QtQml -I/usr/include/qt5/QtNetwork -I/usr/include/qt5/QtConcurrent -I/usr/include/qt5/QtCore -I.build/moc -I.build/ui -I/usr/lib64/qt5/mkspecs/linux-g++ -o .build/obj/moc_PPlayerWidget.o .build/moc/moc_PPlayerWidget.cpp
g++ -c -pipe -O2 -flto=auto -ffat-lto-objects -fexceptions -g -grecord-gcc-switches -pipe -Wall -Werror=format-security -Wp,-D_FORTIFY_SOURCE=2 -Wp,-D_GLIBCXX_ASSERTIONS -specs=/usr/lib/rpm/redhat/redhat-hardened-cc1 -fstack-protector-strong -specs=/usr/lib/rpm/redhat/redhat-annobin-cc1 -m64 -mtune=generic -fasynchronous-unwind-tables -fstack-clash-protection -fcf-protection -std=gnu++11 -Wall -Wextra -D_REENTRANT -fPIC -DPREFIX=QString\(\"/usr\"\) -DL_ETCDIR=QString\(\"/etc\"\) -DL_SHAREDIR=QString\(\"/usr/share\"\) -DGIT_VERSION="\"a88ea52f\"" -DQT_NO_DEBUG -DQT_MULTIMEDIAWIDGETS_LIB -DQT_SVG_LIB -DQT_WIDGETS_LIB -DQT_X11EXTRAS_LIB -DQT_MULTIMEDIA_LIB -DQT_QUICK_LIB -DQT_GUI_LIB -DQT_QMLMODELS_LIB -DQT_QML_LIB -DQT_NETWORK_LIB -DQT_CONCURRENT_LIB -DQT_CORE_LIB -I. -I../libLumina -I/usr/include/qt5 -I/usr -I/usr/include -I/home/q5sys/git/lumina/src-qt5/core/lumina-desktop -I../../src-cpp -Isrc-screensaver -I/usr/include/qt5/QtMultimediaWidgets -I/usr/include/qt5/QtSvg -I/usr/include/qt5/QtWidgets -I/usr/include/qt5/QtX11Extras -I/usr/include/qt5/QtMultimedia -I/usr/include/qt5/QtQuick -I/usr/include/qt5/QtGui -I/usr/include/qt5/QtQmlModels -I/usr/include/qt5/QtQml -I/usr/include/qt5/QtNetwork -I/usr/include/qt5/QtConcurrent -I/usr/include/qt5/QtCore -I.build/moc -I.build/ui -I/usr/lib64/qt5/mkspecs/linux-g++ -o .build/obj/moc_PPJsonMenu.o .build/moc/moc_PPJsonMenu.cpp
g++ -c -pipe -O2 -flto=auto -ffat-lto-objects -fexceptions -g -grecord-gcc-switches -pipe -Wall -Werror=format-security -Wp,-D_FORTIFY_SOURCE=2 -Wp,-D_GLIBCXX_ASSERTIONS -specs=/usr/lib/rpm/redhat/redhat-hardened-cc1 -fstack-protector-strong -specs=/usr/lib/rpm/redhat/redhat-annobin-cc1 -m64 -mtune=generic -fasynchronous-unwind-tables -fstack-clash-protection -fcf-protection -std=gnu++11 -Wall -Wextra -D_REENTRANT -fPIC -DPREFIX=QString\(\"/usr\"\) -DL_ETCDIR=QString\(\"/etc\"\) -DL_SHAREDIR=QString\(\"/usr/share\"\) -DGIT_VERSION="\"a88ea52f\"" -DQT_NO_DEBUG -DQT_MULTIMEDIAWIDGETS_LIB -DQT_SVG_LIB -DQT_WIDGETS_LIB -DQT_X11EXTRAS_LIB -DQT_MULTIMEDIA_LIB -DQT_QUICK_LIB -DQT_GUI_LIB -DQT_QMLMODELS_LIB -DQT_QML_LIB -DQT_NETWORK_LIB -DQT_CONCURRENT_LIB -DQT_CORE_LIB -I. -I../libLumina -I/usr/include/qt5 -I/usr -I/usr/include -I/home/q5sys/git/lumina/src-qt5/core/lumina-desktop -I../../src-cpp -Isrc-screensaver -I/usr/include/qt5/QtMultimediaWidgets -I/usr/include/qt5/QtSvg -I/usr/include/qt5/QtWidgets -I/usr/include/qt5/QtX11Extras -I/usr/include/qt5/QtMultimedia -I/usr/include/qt5/QtQuick -I/usr/include/qt5/QtGui -I/usr/include/qt5/QtQmlModels -I/usr/include/qt5/QtQml -I/usr/include/qt5/QtNetwork -I/usr/include/qt5/QtConcurrent -I/usr/include/qt5/QtCore -I.build/moc -I.build/ui -I/usr/lib64/qt5/mkspecs/linux-g++ -o .build/obj/moc_CalendarPlugin.o .build/moc/moc_CalendarPlugin.cpp
In file included from .build/moc/../../panel-plugins/audioplayer/LPAudioPlayer.h:11,
                 from .build/moc/moc_LPAudioPlayer.cpp:10:
.build/moc/../../panel-plugins/audioplayer/../LTBWidget.h: In member function ‘virtual void LTBWidget::wheelEvent(QWheelEvent*)’:
.build/moc/../../panel-plugins/audioplayer/../LTBWidget.h:65:36: warning: ‘int QWheelEvent::delta() const’ is deprecated: Use angleDelta() [-Wdeprecated-declarations]
   65 |           int change = event->delta()/120; // 1/15th of a rotation (delta/120) is usually one "click" of the wheel
      |                        ~~~~~~~~~~~~^~
In file included from /usr/include/qt5/QtGui/QWheelEvent:1,
                 from .build/moc/../../panel-plugins/audioplayer/../LTBWidget.h:12,
                 from .build/moc/../../panel-plugins/audioplayer/LPAudioPlayer.h:11,
                 from .build/moc/moc_LPAudioPlayer.cpp:10:
/usr/include/qt5/QtGui/qevent.h:219:16: note: declared here
  219 |     inline int delta() const  { return qt4D; }
      |                ^~~~~
g++ -c -pipe -O2 -flto=auto -ffat-lto-objects -fexceptions -g -grecord-gcc-switches -pipe -Wall -Werror=format-security -Wp,-D_FORTIFY_SOURCE=2 -Wp,-D_GLIBCXX_ASSERTIONS -specs=/usr/lib/rpm/redhat/redhat-hardened-cc1 -fstack-protector-strong -specs=/usr/lib/rpm/redhat/redhat-annobin-cc1 -m64 -mtune=generic -fasynchronous-unwind-tables -fstack-clash-protection -fcf-protection -std=gnu++11 -Wall -Wextra -D_REENTRANT -fPIC -DPREFIX=QString\(\"/usr\"\) -DL_ETCDIR=QString\(\"/etc\"\) -DL_SHAREDIR=QString\(\"/usr/share\"\) -DGIT_VERSION="\"a88ea52f\"" -DQT_NO_DEBUG -DQT_MULTIMEDIAWIDGETS_LIB -DQT_SVG_LIB -DQT_WIDGETS_LIB -DQT_X11EXTRAS_LIB -DQT_MULTIMEDIA_LIB -DQT_QUICK_LIB -DQT_GUI_LIB -DQT_QMLMODELS_LIB -DQT_QML_LIB -DQT_NETWORK_LIB -DQT_CONCURRENT_LIB -DQT_CORE_LIB -I. -I../libLumina -I/usr/include/qt5 -I/usr -I/usr/include -I/home/q5sys/git/lumina/src-qt5/core/lumina-desktop -I../../src-cpp -Isrc-screensaver -I/usr/include/qt5/QtMultimediaWidgets -I/usr/include/qt5/QtSvg -I/usr/include/qt5/QtWidgets -I/usr/include/qt5/QtX11Extras -I/usr/include/qt5/QtMultimedia -I/usr/include/qt5/QtQuick -I/usr/include/qt5/QtGui -I/usr/include/qt5/QtQmlModels -I/usr/include/qt5/QtQml -I/usr/include/qt5/QtNetwork -I/usr/include/qt5/QtConcurrent -I/usr/include/qt5/QtCore -I.build/moc -I.build/ui -I/usr/lib64/qt5/mkspecs/linux-g++ -o .build/obj/moc_AppLauncherPlugin.o .build/moc/moc_AppLauncherPlugin.cpp
g++ -c -pipe -O2 -flto=auto -ffat-lto-objects -fexceptions -g -grecord-gcc-switches -pipe -Wall -Werror=format-security -Wp,-D_FORTIFY_SOURCE=2 -Wp,-D_GLIBCXX_ASSERTIONS -specs=/usr/lib/rpm/redhat/redhat-hardened-cc1 -fstack-protector-strong -specs=/usr/lib/rpm/redhat/redhat-annobin-cc1 -m64 -mtune=generic -fasynchronous-unwind-tables -fstack-clash-protection -fcf-protection -std=gnu++11 -Wall -Wextra -D_REENTRANT -fPIC -DPREFIX=QString\(\"/usr\"\) -DL_ETCDIR=QString\(\"/etc\"\) -DL_SHAREDIR=QString\(\"/usr/share\"\) -DGIT_VERSION="\"a88ea52f\"" -DQT_NO_DEBUG -DQT_MULTIMEDIAWIDGETS_LIB -DQT_SVG_LIB -DQT_WIDGETS_LIB -DQT_X11EXTRAS_LIB -DQT_MULTIMEDIA_LIB -DQT_QUICK_LIB -DQT_GUI_LIB -DQT_QMLMODELS_LIB -DQT_QML_LIB -DQT_NETWORK_LIB -DQT_CONCURRENT_LIB -DQT_CORE_LIB -I. -I../libLumina -I/usr/include/qt5 -I/usr -I/usr/include -I/home/q5sys/git/lumina/src-qt5/core/lumina-desktop -I../../src-cpp -Isrc-screensaver -I/usr/include/qt5/QtMultimediaWidgets -I/usr/include/qt5/QtSvg -I/usr/include/qt5/QtWidgets -I/usr/include/qt5/QtX11Extras -I/usr/include/qt5/QtMultimedia -I/usr/include/qt5/QtQuick -I/usr/include/qt5/QtGui -I/usr/include/qt5/QtQmlModels -I/usr/include/qt5/QtQml -I/usr/include/qt5/QtNetwork -I/usr/include/qt5/QtConcurrent -I/usr/include/qt5/QtCore -I.build/moc -I.build/ui -I/usr/lib64/qt5/mkspecs/linux-g++ -o .build/obj/moc_OutlineToolButton.o .build/moc/moc_OutlineToolButton.cpp
g++ -c -pipe -O2 -flto=auto -ffat-lto-objects -fexceptions -g -grecord-gcc-switches -pipe -Wall -Werror=format-security -Wp,-D_FORTIFY_SOURCE=2 -Wp,-D_GLIBCXX_ASSERTIONS -specs=/usr/lib/rpm/redhat/redhat-hardened-cc1 -fstack-protector-strong -specs=/usr/lib/rpm/redhat/redhat-annobin-cc1 -m64 -mtune=generic -fasynchronous-unwind-tables -fstack-clash-protection -fcf-protection -std=gnu++11 -Wall -Wextra -D_REENTRANT -fPIC -DPREFIX=QString\(\"/usr\"\) -DL_ETCDIR=QString\(\"/etc\"\) -DL_SHAREDIR=QString\(\"/usr/share\"\) -DGIT_VERSION="\"a88ea52f\"" -DQT_NO_DEBUG -DQT_MULTIMEDIAWIDGETS_LIB -DQT_SVG_LIB -DQT_WIDGETS_LIB -DQT_X11EXTRAS_LIB -DQT_MULTIMEDIA_LIB -DQT_QUICK_LIB -DQT_GUI_LIB -DQT_QMLMODELS_LIB -DQT_QML_LIB -DQT_NETWORK_LIB -DQT_CONCURRENT_LIB -DQT_CORE_LIB -I. -I../libLumina -I/usr/include/qt5 -I/usr -I/usr/include -I/home/q5sys/git/lumina/src-qt5/core/lumina-desktop -I../../src-cpp -Isrc-screensaver -I/usr/include/qt5/QtMultimediaWidgets -I/usr/include/qt5/QtSvg -I/usr/include/qt5/QtWidgets -I/usr/include/qt5/QtX11Extras -I/usr/include/qt5/QtMultimedia -I/usr/include/qt5/QtQuick -I/usr/include/qt5/QtGui -I/usr/include/qt5/QtQmlModels -I/usr/include/qt5/QtQml -I/usr/include/qt5/QtNetwork -I/usr/include/qt5/QtConcurrent -I/usr/include/qt5/QtCore -I.build/moc -I.build/ui -I/usr/lib64/qt5/mkspecs/linux-g++ -o .build/obj/moc_DesktopViewPlugin.o .build/moc/moc_DesktopViewPlugin.cpp
g++ -c -pipe -O2 -flto=auto -ffat-lto-objects -fexceptions -g -grecord-gcc-switches -pipe -Wall -Werror=format-security -Wp,-D_FORTIFY_SOURCE=2 -Wp,-D_GLIBCXX_ASSERTIONS -specs=/usr/lib/rpm/redhat/redhat-hardened-cc1 -fstack-protector-strong -specs=/usr/lib/rpm/redhat/redhat-annobin-cc1 -m64 -mtune=generic -fasynchronous-unwind-tables -fstack-clash-protection -fcf-protection -std=gnu++11 -Wall -Wextra -D_REENTRANT -fPIC -DPREFIX=QString\(\"/usr\"\) -DL_ETCDIR=QString\(\"/etc\"\) -DL_SHAREDIR=QString\(\"/usr/share\"\) -DGIT_VERSION="\"a88ea52f\"" -DQT_NO_DEBUG -DQT_MULTIMEDIAWIDGETS_LIB -DQT_SVG_LIB -DQT_WIDGETS_LIB -DQT_X11EXTRAS_LIB -DQT_MULTIMEDIA_LIB -DQT_QUICK_LIB -DQT_GUI_LIB -DQT_QMLMODELS_LIB -DQT_QML_LIB -DQT_NETWORK_LIB -DQT_CONCURRENT_LIB -DQT_CORE_LIB -I. -I../libLumina -I/usr/include/qt5 -I/usr -I/usr/include -I/home/q5sys/git/lumina/src-qt5/core/lumina-desktop -I../../src-cpp -Isrc-screensaver -I/usr/include/qt5/QtMultimediaWidgets -I/usr/include/qt5/QtSvg -I/usr/include/qt5/QtWidgets -I/usr/include/qt5/QtX11Extras -I/usr/include/qt5/QtMultimedia -I/usr/include/qt5/QtQuick -I/usr/include/qt5/QtGui -I/usr/include/qt5/QtQmlModels -I/usr/include/qt5/QtQml -I/usr/include/qt5/QtNetwork -I/usr/include/qt5/QtConcurrent -I/usr/include/qt5/QtCore -I.build/moc -I.build/ui -I/usr/lib64/qt5/mkspecs/linux-g++ -o .build/obj/moc_NotepadPlugin.o .build/moc/moc_NotepadPlugin.cpp
g++ -c -pipe -O2 -flto=auto -ffat-lto-objects -fexceptions -g -grecord-gcc-switches -pipe -Wall -Werror=format-security -Wp,-D_FORTIFY_SOURCE=2 -Wp,-D_GLIBCXX_ASSERTIONS -specs=/usr/lib/rpm/redhat/redhat-hardened-cc1 -fstack-protector-strong -specs=/usr/lib/rpm/redhat/redhat-annobin-cc1 -m64 -mtune=generic -fasynchronous-unwind-tables -fstack-clash-protection -fcf-protection -std=gnu++11 -Wall -Wextra -D_REENTRANT -fPIC -DPREFIX=QString\(\"/usr\"\) -DL_ETCDIR=QString\(\"/etc\"\) -DL_SHAREDIR=QString\(\"/usr/share\"\) -DGIT_VERSION="\"a88ea52f\"" -DQT_NO_DEBUG -DQT_MULTIMEDIAWIDGETS_LIB -DQT_SVG_LIB -DQT_WIDGETS_LIB -DQT_X11EXTRAS_LIB -DQT_MULTIMEDIA_LIB -DQT_QUICK_LIB -DQT_GUI_LIB -DQT_QMLMODELS_LIB -DQT_QML_LIB -DQT_NETWORK_LIB -DQT_CONCURRENT_LIB -DQT_CORE_LIB -I. -I../libLumina -I/usr/include/qt5 -I/usr -I/usr/include -I/home/q5sys/git/lumina/src-qt5/core/lumina-desktop -I../../src-cpp -Isrc-screensaver -I/usr/include/qt5/QtMultimediaWidgets -I/usr/include/qt5/QtSvg -I/usr/include/qt5/QtWidgets -I/usr/include/qt5/QtX11Extras -I/usr/include/qt5/QtMultimedia -I/usr/include/qt5/QtQuick -I/usr/include/qt5/QtGui -I/usr/include/qt5/QtQmlModels -I/usr/include/qt5/QtQml -I/usr/include/qt5/QtNetwork -I/usr/include/qt5/QtConcurrent -I/usr/include/qt5/QtCore -I.build/moc -I.build/ui -I/usr/lib64/qt5/mkspecs/linux-g++ -o .build/obj/moc_PlayerWidget.o .build/moc/moc_PlayerWidget.cpp
g++ -c -pipe -O2 -flto=auto -ffat-lto-objects -fexceptions -g -grecord-gcc-switches -pipe -Wall -Werror=format-security -Wp,-D_FORTIFY_SOURCE=2 -Wp,-D_GLIBCXX_ASSERTIONS -specs=/usr/lib/rpm/redhat/redhat-hardened-cc1 -fstack-protector-strong -specs=/usr/lib/rpm/redhat/redhat-annobin-cc1 -m64 -mtune=generic -fasynchronous-unwind-tables -fstack-clash-protection -fcf-protection -std=gnu++11 -Wall -Wextra -D_REENTRANT -fPIC -DPREFIX=QString\(\"/usr\"\) -DL_ETCDIR=QString\(\"/etc\"\) -DL_SHAREDIR=QString\(\"/usr/share\"\) -DGIT_VERSION="\"a88ea52f\"" -DQT_NO_DEBUG -DQT_MULTIMEDIAWIDGETS_LIB -DQT_SVG_LIB -DQT_WIDGETS_LIB -DQT_X11EXTRAS_LIB -DQT_MULTIMEDIA_LIB -DQT_QUICK_LIB -DQT_GUI_LIB -DQT_QMLMODELS_LIB -DQT_QML_LIB -DQT_NETWORK_LIB -DQT_CONCURRENT_LIB -DQT_CORE_LIB -I. -I../libLumina -I/usr/include/qt5 -I/usr -I/usr/include -I/home/q5sys/git/lumina/src-qt5/core/lumina-desktop -I../../src-cpp -Isrc-screensaver -I/usr/include/qt5/QtMultimediaWidgets -I/usr/include/qt5/QtSvg -I/usr/include/qt5/QtWidgets -I/usr/include/qt5/QtX11Extras -I/usr/include/qt5/QtMultimedia -I/usr/include/qt5/QtQuick -I/usr/include/qt5/QtGui -I/usr/include/qt5/QtQmlModels -I/usr/include/qt5/QtQml -I/usr/include/qt5/QtNetwork -I/usr/include/qt5/QtConcurrent -I/usr/include/qt5/QtCore -I.build/moc -I.build/ui -I/usr/lib64/qt5/mkspecs/linux-g++ -o .build/obj/moc_MonitorWidget.o .build/moc/moc_MonitorWidget.cpp
g++ -c -pipe -O2 -flto=auto -ffat-lto-objects -fexceptions -g -grecord-gcc-switches -pipe -Wall -Werror=format-security -Wp,-D_FORTIFY_SOURCE=2 -Wp,-D_GLIBCXX_ASSERTIONS -specs=/usr/lib/rpm/redhat/redhat-hardened-cc1 -fstack-protector-strong -specs=/usr/lib/rpm/redhat/redhat-annobin-cc1 -m64 -mtune=generic -fasynchronous-unwind-tables -fstack-clash-protection -fcf-protection -std=gnu++11 -Wall -Wextra -D_REENTRANT -fPIC -DPREFIX=QString\(\"/usr\"\) -DL_ETCDIR=QString\(\"/etc\"\) -DL_SHAREDIR=QString\(\"/usr/share\"\) -DGIT_VERSION="\"a88ea52f\"" -DQT_NO_DEBUG -DQT_MULTIMEDIAWIDGETS_LIB -DQT_SVG_LIB -DQT_WIDGETS_LIB -DQT_X11EXTRAS_LIB -DQT_MULTIMEDIA_LIB -DQT_QUICK_LIB -DQT_GUI_LIB -DQT_QMLMODELS_LIB -DQT_QML_LIB -DQT_NETWORK_LIB -DQT_CONCURRENT_LIB -DQT_CORE_LIB -I. -I../libLumina -I/usr/include/qt5 -I/usr -I/usr/include -I/home/q5sys/git/lumina/src-qt5/core/lumina-desktop -I../../src-cpp -Isrc-screensaver -I/usr/include/qt5/QtMultimediaWidgets -I/usr/include/qt5/QtSvg -I/usr/include/qt5/QtWidgets -I/usr/include/qt5/QtX11Extras -I/usr/include/qt5/QtMultimedia -I/usr/include/qt5/QtQuick -I/usr/include/qt5/QtGui -I/usr/include/qt5/QtQmlModels -I/usr/include/qt5/QtQml -I/usr/include/qt5/QtNetwork -I/usr/include/qt5/QtConcurrent -I/usr/include/qt5/QtCore -I.build/moc -I.build/ui -I/usr/lib64/qt5/mkspecs/linux-g++ -o .build/obj/moc_RSSFeedPlugin.o .build/moc/moc_RSSFeedPlugin.cpp
g++ -c -pipe -O2 -flto=auto -ffat-lto-objects -fexceptions -g -grecord-gcc-switches -pipe -Wall -Werror=format-security -Wp,-D_FORTIFY_SOURCE=2 -Wp,-D_GLIBCXX_ASSERTIONS -specs=/usr/lib/rpm/redhat/redhat-hardened-cc1 -fstack-protector-strong -specs=/usr/lib/rpm/redhat/redhat-annobin-cc1 -m64 -mtune=generic -fasynchronous-unwind-tables -fstack-clash-protection -fcf-protection -std=gnu++11 -Wall -Wextra -D_REENTRANT -fPIC -DPREFIX=QString\(\"/usr\"\) -DL_ETCDIR=QString\(\"/etc\"\) -DL_SHAREDIR=QString\(\"/usr/share\"\) -DGIT_VERSION="\"a88ea52f\"" -DQT_NO_DEBUG -DQT_MULTIMEDIAWIDGETS_LIB -DQT_SVG_LIB -DQT_WIDGETS_LIB -DQT_X11EXTRAS_LIB -DQT_MULTIMEDIA_LIB -DQT_QUICK_LIB -DQT_GUI_LIB -DQT_QMLMODELS_LIB -DQT_QML_LIB -DQT_NETWORK_LIB -DQT_CONCURRENT_LIB -DQT_CORE_LIB -I. -I../libLumina -I/usr/include/qt5 -I/usr -I/usr/include -I/home/q5sys/git/lumina/src-qt5/core/lumina-desktop -I../../src-cpp -Isrc-screensaver -I/usr/include/qt5/QtMultimediaWidgets -I/usr/include/qt5/QtSvg -I/usr/include/qt5/QtWidgets -I/usr/include/qt5/QtX11Extras -I/usr/include/qt5/QtMultimedia -I/usr/include/qt5/QtQuick -I/usr/include/qt5/QtGui -I/usr/include/qt5/QtQmlModels -I/usr/include/qt5/QtQml -I/usr/include/qt5/QtNetwork -I/usr/include/qt5/QtConcurrent -I/usr/include/qt5/QtCore -I.build/moc -I.build/ui -I/usr/lib64/qt5/mkspecs/linux-g++ -o .build/obj/moc_RSSObjects.o .build/moc/moc_RSSObjects.cpp
g++ -Wl,--as-needed -Wl,-z,relro -Wl,--as-needed -Wl,-z,now -specs=/usr/lib/rpm/redhat/redhat-hardened-ld -Wl,-rpath-link,/usr/lib64 -o lumina-desktop .build/obj/ResizeMenu.o .build/obj/LDesktopUtils.o .build/obj/LuminaOS-Linux.o .build/obj/LUtils.o .build/obj/LuminaThemes.o .build/obj/LuminaXDG.o .build/obj/LFileInfo.o .build/obj/LuminaX11.o .build/obj/LuminaSingleApplication.o .build/obj/LIconCache.o .build/obj/DesktopSettings.o .build/obj/main.o .build/obj/WMProcess.o .build/obj/LXcbEventFilter.o .build/obj/LSession.o .build/obj/LDesktop.o .build/obj/LDesktopBackground.o .build/obj/LDesktopPluginSpace.o .build/obj/LPanel.o .build/obj/LWinInfo.o .build/obj/AppMenu.o .build/obj/SettingsMenu.o .build/obj/SystemWindow.o .build/obj/BootSplash.o .build/obj/LDPlugin.o .build/obj/plugins-base.o .build/obj/plugins-screensaver.o .build/obj/plugins-desktop.o .build/obj/LLockScreen.o .build/obj/LScreenSaver.o .build/obj/SSBaseWidget.o .build/obj/LUserButton.o .build/obj/UserWidget.o .build/obj/UserItemWidget.o .build/obj/LDeskBar.o .build/obj/LTaskManagerPlugin.o .build/obj/LTaskButton.o .build/obj/LSysTray.o .build/obj/TrayIcon.o .build/obj/LClock.o .build/obj/LBattery.o .build/obj/LDesktopSwitcher.o .build/obj/LSysDashboard.o .build/obj/SysMenuQuick.o .build/obj/LHomeButton.o .build/obj/LAppMenuPlugin.o .build/obj/AppLaunchButton.o .build/obj/LStartButton.o .build/obj/StartMenu.o .build/obj/ItemWidget.o .build/obj/LPAudioPlayer.o .build/obj/PPlayerWidget.o .build/obj/PPJsonMenu.o .build/obj/AppLauncherPlugin.o .build/obj/DesktopViewPlugin.o .build/obj/NotepadPlugin.o .build/obj/PlayerWidget.o .build/obj/MonitorWidget.o .build/obj/RSSFeedPlugin.o .build/obj/RSSObjects.o .build/obj/qrc_Lumina-DE.o .build/obj/moc_ResizeMenu.o .build/obj/moc_LuminaThemes.o .build/obj/moc_LuminaXDG.o .build/obj/moc_LuminaSingleApplication.o .build/obj/moc_ExternalProcess.o .build/obj/moc_LIconCache.o .build/obj/moc_DesktopSettings.o .build/obj/moc_WMProcess.o .build/obj/moc_LSession.o .build/obj/moc_LDesktop.o .build/obj/moc_LDesktopBackground.o .build/obj/moc_LDesktopPluginSpace.o .build/obj/moc_LPanel.o .build/obj/moc_AppMenu.o .build/obj/moc_SettingsMenu.o .build/obj/moc_SystemWindow.o .build/obj/moc_BootSplash.o .build/obj/moc_LPPlugin.o .build/obj/moc_LTBWidget.o .build/obj/moc_LDPlugin.o .build/obj/moc_JsonMenu.o .build/obj/moc_LLockScreen.o .build/obj/moc_LScreenSaver.o .build/obj/moc_SSBaseWidget.o .build/obj/moc_RotateToolButton.o .build/obj/moc_LUserButton.o .build/obj/moc_UserWidget.o .build/obj/moc_UserItemWidget.o .build/obj/moc_LDeskBar.o .build/obj/moc_LSysTray.o .build/obj/moc_TrayIcon.o .build/obj/moc_LSpacer.o .build/obj/moc_LLine.o .build/obj/moc_LClock.o .build/obj/moc_LBattery.o .build/obj/moc_LDesktopSwitcher.o .build/obj/moc_LTaskManagerPlugin.o .build/obj/moc_LTaskButton.o .build/obj/moc_LSysDashboard.o .build/obj/moc_SysMenuQuick.o .build/obj/moc_LHomeButton.o .build/obj/moc_LAppMenuPlugin.o .build/obj/moc_AppLaunchButton.o .build/obj/moc_LStartButton.o .build/obj/moc_StartMenu.o .build/obj/moc_ItemWidget.o .build/obj/moc_LPAudioPlayer.o .build/obj/moc_PPlayerWidget.o .build/obj/moc_PPJsonMenu.o .build/obj/moc_CalendarPlugin.o .build/obj/moc_AppLauncherPlugin.o .build/obj/moc_OutlineToolButton.o .build/obj/moc_DesktopViewPlugin.o .build/obj/moc_NotepadPlugin.o .build/obj/moc_PlayerWidget.o .build/obj/moc_MonitorWidget.o .build/obj/moc_RSSFeedPlugin.o .build/obj/moc_RSSObjects.o   -L/home/q5sys/git/lumina/src-qt5/core/libLumina -L/usr/lib64 -L/usr/lib64/qt5 -L/usr/local/lib -L/usr/lib -L/lib -lc -lxcb -lxcb-ewmh -lxcb-icccm -lxcb-image -lxcb-composite -lxcb-damage -lxcb-util -lxcb-dpms -lXdamage -lX11 /usr/lib64/libQt5MultimediaWidgets.so /usr/lib64/libQt5Svg.so /usr/lib64/libQt5Widgets.so /usr/lib64/libQt5X11Extras.so /usr/lib64/libQt5Multimedia.so /usr/lib64/libQt5Quick.so /usr/lib64/libQt5Gui.so /usr/lib64/libQt5QmlModels.so /usr/lib64/libQt5Qml.so /usr/lib64/libQt5Network.so /usr/lib64/libQt5Concurrent.so /usr/lib64/libQt5Core.so -lGL -lpthread   
make[3]: Leaving directory '/home/q5sys/git/lumina/src-qt5/core/lumina-desktop'
make[2]: Leaving directory '/home/q5sys/git/lumina/src-qt5/core'
cd desktop-utils/ && ( test -e Makefile || /usr/lib64/qt5/bin/qmake -o Makefile /home/q5sys/git/lumina/src-qt5/desktop-utils/desktop-utils.pro 'QMAKE_CFLAGS_DEBUG=-O2 -flto=auto -ffat-lto-objects -fexceptions -g -grecord-gcc-switches -pipe -Wall -Werror=format-security -Wp,-D_FORTIFY_SOURCE=2 -Wp,-D_GLIBCXX_ASSERTIONS -specs=/usr/lib/rpm/redhat/redhat-hardened-cc1 -fstack-protector-strong -specs=/usr/lib/rpm/redhat/redhat-annobin-cc1  -m64  -mtune=generic -fasynchronous-unwind-tables -fstack-clash-protection -fcf-protection ' 'QMAKE_CFLAGS_RELEASE=-O2 -flto=auto -ffat-lto-objects -fexceptions -g -grecord-gcc-switches -pipe -Wall -Werror=format-security -Wp,-D_FORTIFY_SOURCE=2 -Wp,-D_GLIBCXX_ASSERTIONS -specs=/usr/lib/rpm/redhat/redhat-hardened-cc1 -fstack-protector-strong -specs=/usr/lib/rpm/redhat/redhat-annobin-cc1  -m64  -mtune=generic -fasynchronous-unwind-tables -fstack-clash-protection -fcf-protection ' 'QMAKE_CXXFLAGS_DEBUG=-O2 -flto=auto -ffat-lto-objects -fexceptions -g -grecord-gcc-switches -pipe -Wall -Werror=format-security -Wp,-D_FORTIFY_SOURCE=2 -Wp,-D_GLIBCXX_ASSERTIONS -specs=/usr/lib/rpm/redhat/redhat-hardened-cc1 -fstack-protector-strong -specs=/usr/lib/rpm/redhat/redhat-annobin-cc1  -m64  -mtune=generic -fasynchronous-unwind-tables -fstack-clash-protection -fcf-protection ' 'QMAKE_CXXFLAGS_RELEASE=-O2 -flto=auto -ffat-lto-objects -fexceptions -g -grecord-gcc-switches -pipe -Wall -Werror=format-security -Wp,-D_FORTIFY_SOURCE=2 -Wp,-D_GLIBCXX_ASSERTIONS -specs=/usr/lib/rpm/redhat/redhat-hardened-cc1 -fstack-protector-strong -specs=/usr/lib/rpm/redhat/redhat-annobin-cc1  -m64  -mtune=generic -fasynchronous-unwind-tables -fstack-clash-protection -fcf-protection ' 'QMAKE_LFLAGS_DEBUG=-Wl,-z,relro -Wl,--as-needed  -Wl,-z,now -specs=/usr/lib/rpm/redhat/redhat-hardened-ld ' 'QMAKE_LFLAGS_RELEASE=-Wl,-z,relro -Wl,--as-needed  -Wl,-z,now -specs=/usr/lib/rpm/redhat/redhat-hardened-ld ' QMAKE_STRIP= CONFIG+=configure LIBPREFIX=/usr/lib64 L_BINDIR=/usr/bin L_LIBDIR=/usr/lib64 L_SHAREDIR=/usr/share L_ETCDIR=/etc L_INCLUDEDIR=/usr/include L_MANDIR=/usr/share/man QT5LIBDIR=/usr QMAKE_LFLAGS+=-Wl,--as-needed ) && make -f Makefile 
cd core-utils/ && ( test -e Makefile || /usr/lib64/qt5/bin/qmake -o Makefile /home/q5sys/git/lumina/src-qt5/core-utils/core-utils.pro 'QMAKE_CFLAGS_DEBUG=-O2 -flto=auto -ffat-lto-objects -fexceptions -g -grecord-gcc-switches -pipe -Wall -Werror=format-security -Wp,-D_FORTIFY_SOURCE=2 -Wp,-D_GLIBCXX_ASSERTIONS -specs=/usr/lib/rpm/redhat/redhat-hardened-cc1 -fstack-protector-strong -specs=/usr/lib/rpm/redhat/redhat-annobin-cc1  -m64  -mtune=generic -fasynchronous-unwind-tables -fstack-clash-protection -fcf-protection ' 'QMAKE_CFLAGS_RELEASE=-O2 -flto=auto -ffat-lto-objects -fexceptions -g -grecord-gcc-switches -pipe -Wall -Werror=format-security -Wp,-D_FORTIFY_SOURCE=2 -Wp,-D_GLIBCXX_ASSERTIONS -specs=/usr/lib/rpm/redhat/redhat-hardened-cc1 -fstack-protector-strong -specs=/usr/lib/rpm/redhat/redhat-annobin-cc1  -m64  -mtune=generic -fasynchronous-unwind-tables -fstack-clash-protection -fcf-protection ' 'QMAKE_CXXFLAGS_DEBUG=-O2 -flto=auto -ffat-lto-objects -fexceptions -g -grecord-gcc-switches -pipe -Wall -Werror=format-security -Wp,-D_FORTIFY_SOURCE=2 -Wp,-D_GLIBCXX_ASSERTIONS -specs=/usr/lib/rpm/redhat/redhat-hardened-cc1 -fstack-protector-strong -specs=/usr/lib/rpm/redhat/redhat-annobin-cc1  -m64  -mtune=generic -fasynchronous-unwind-tables -fstack-clash-protection -fcf-protection ' 'QMAKE_CXXFLAGS_RELEASE=-O2 -flto=auto -ffat-lto-objects -fexceptions -g -grecord-gcc-switches -pipe -Wall -Werror=format-security -Wp,-D_FORTIFY_SOURCE=2 -Wp,-D_GLIBCXX_ASSERTIONS -specs=/usr/lib/rpm/redhat/redhat-hardened-cc1 -fstack-protector-strong -specs=/usr/lib/rpm/redhat/redhat-annobin-cc1  -m64  -mtune=generic -fasynchronous-unwind-tables -fstack-clash-protection -fcf-protection ' 'QMAKE_LFLAGS_DEBUG=-Wl,-z,relro -Wl,--as-needed  -Wl,-z,now -specs=/usr/lib/rpm/redhat/redhat-hardened-ld ' 'QMAKE_LFLAGS_RELEASE=-Wl,-z,relro -Wl,--as-needed  -Wl,-z,now -specs=/usr/lib/rpm/redhat/redhat-hardened-ld ' QMAKE_STRIP= CONFIG+=configure LIBPREFIX=/usr/lib64 L_BINDIR=/usr/bin L_LIBDIR=/usr/lib64 L_SHAREDIR=/usr/share L_ETCDIR=/etc L_INCLUDEDIR=/usr/include L_MANDIR=/usr/share/man QT5LIBDIR=/usr QMAKE_LFLAGS+=-Wl,--as-needed ) && make -f Makefile 
Project MESSAGE: Build OS Info: Linux, x86_64, #1 SMP Wed Jun 23 16:18:11 UTC 2021
Project MESSAGE:  - Detected Qt Version: 5.15.2
Project MESSAGE: Build Settings Loaded: Linux -
Project MESSAGE: Build OS Info: Linux, x86_64, #1 SMP Wed Jun 23 16:18:11 UTC 2021
Project MESSAGE:  - Detected Qt Version: 5.15.2
Project MESSAGE: Build Settings Loaded: Linux -
make[2]: Entering directory '/home/q5sys/git/lumina/src-qt5/core-utils'
cd lumina-config/ && ( test -e Makefile || /usr/lib64/qt5/bin/qmake -o Makefile /home/q5sys/git/lumina/src-qt5/core-utils/lumina-config/lumina-config.pro 'QMAKE_CFLAGS_DEBUG=-O2 -flto=auto -ffat-lto-objects -fexceptions -g -grecord-gcc-switches -pipe -Wall -Werror=format-security -Wp,-D_FORTIFY_SOURCE=2 -Wp,-D_GLIBCXX_ASSERTIONS -specs=/usr/lib/rpm/redhat/redhat-hardened-cc1 -fstack-protector-strong -specs=/usr/lib/rpm/redhat/redhat-annobin-cc1  -m64  -mtune=generic -fasynchronous-unwind-tables -fstack-clash-protection -fcf-protection ' 'QMAKE_CFLAGS_RELEASE=-O2 -flto=auto -ffat-lto-objects -fexceptions -g -grecord-gcc-switches -pipe -Wall -Werror=format-security -Wp,-D_FORTIFY_SOURCE=2 -Wp,-D_GLIBCXX_ASSERTIONS -specs=/usr/lib/rpm/redhat/redhat-hardened-cc1 -fstack-protector-strong -specs=/usr/lib/rpm/redhat/redhat-annobin-cc1  -m64  -mtune=generic -fasynchronous-unwind-tables -fstack-clash-protection -fcf-protection ' 'QMAKE_CXXFLAGS_DEBUG=-O2 -flto=auto -ffat-lto-objects -fexceptions -g -grecord-gcc-switches -pipe -Wall -Werror=format-security -Wp,-D_FORTIFY_SOURCE=2 -Wp,-D_GLIBCXX_ASSERTIONS -specs=/usr/lib/rpm/redhat/redhat-hardened-cc1 -fstack-protector-strong -specs=/usr/lib/rpm/redhat/redhat-annobin-cc1  -m64  -mtune=generic -fasynchronous-unwind-tables -fstack-clash-protection -fcf-protection ' 'QMAKE_CXXFLAGS_RELEASE=-O2 -flto=auto -ffat-lto-objects -fexceptions -g -grecord-gcc-switches -pipe -Wall -Werror=format-security -Wp,-D_FORTIFY_SOURCE=2 -Wp,-D_GLIBCXX_ASSERTIONS -specs=/usr/lib/rpm/redhat/redhat-hardened-cc1 -fstack-protector-strong -specs=/usr/lib/rpm/redhat/redhat-annobin-cc1  -m64  -mtune=generic -fasynchronous-unwind-tables -fstack-clash-protection -fcf-protection ' 'QMAKE_LFLAGS_DEBUG=-Wl,-z,relro -Wl,--as-needed  -Wl,-z,now -specs=/usr/lib/rpm/redhat/redhat-hardened-ld ' 'QMAKE_LFLAGS_RELEASE=-Wl,-z,relro -Wl,--as-needed  -Wl,-z,now -specs=/usr/lib/rpm/redhat/redhat-hardened-ld ' QMAKE_STRIP= CONFIG+=configure LIBPREFIX=/usr/lib64 L_BINDIR=/usr/bin L_LIBDIR=/usr/lib64 L_SHAREDIR=/usr/share L_ETCDIR=/etc L_INCLUDEDIR=/usr/include L_MANDIR=/usr/share/man QT5LIBDIR=/usr QMAKE_LFLAGS+=-Wl,--as-needed ) && make -f Makefile 
cd lumina-search/ && ( test -e Makefile || /usr/lib64/qt5/bin/qmake -o Makefile /home/q5sys/git/lumina/src-qt5/core-utils/lumina-search/lumina-search.pro 'QMAKE_CFLAGS_DEBUG=-O2 -flto=auto -ffat-lto-objects -fexceptions -g -grecord-gcc-switches -pipe -Wall -Werror=format-security -Wp,-D_FORTIFY_SOURCE=2 -Wp,-D_GLIBCXX_ASSERTIONS -specs=/usr/lib/rpm/redhat/redhat-hardened-cc1 -fstack-protector-strong -specs=/usr/lib/rpm/redhat/redhat-annobin-cc1  -m64  -mtune=generic -fasynchronous-unwind-tables -fstack-clash-protection -fcf-protection ' 'QMAKE_CFLAGS_RELEASE=-O2 -flto=auto -ffat-lto-objects -fexceptions -g -grecord-gcc-switches -pipe -Wall -Werror=format-security -Wp,-D_FORTIFY_SOURCE=2 -Wp,-D_GLIBCXX_ASSERTIONS -specs=/usr/lib/rpm/redhat/redhat-hardened-cc1 -fstack-protector-strong -specs=/usr/lib/rpm/redhat/redhat-annobin-cc1  -m64  -mtune=generic -fasynchronous-unwind-tables -fstack-clash-protection -fcf-protection ' 'QMAKE_CXXFLAGS_DEBUG=-O2 -flto=auto -ffat-lto-objects -fexceptions -g -grecord-gcc-switches -pipe -Wall -Werror=format-security -Wp,-D_FORTIFY_SOURCE=2 -Wp,-D_GLIBCXX_ASSERTIONS -specs=/usr/lib/rpm/redhat/redhat-hardened-cc1 -fstack-protector-strong -specs=/usr/lib/rpm/redhat/redhat-annobin-cc1  -m64  -mtune=generic -fasynchronous-unwind-tables -fstack-clash-protection -fcf-protection ' 'QMAKE_CXXFLAGS_RELEASE=-O2 -flto=auto -ffat-lto-objects -fexceptions -g -grecord-gcc-switches -pipe -Wall -Werror=format-security -Wp,-D_FORTIFY_SOURCE=2 -Wp,-D_GLIBCXX_ASSERTIONS -specs=/usr/lib/rpm/redhat/redhat-hardened-cc1 -fstack-protector-strong -specs=/usr/lib/rpm/redhat/redhat-annobin-cc1  -m64  -mtune=generic -fasynchronous-unwind-tables -fstack-clash-protection -fcf-protection ' 'QMAKE_LFLAGS_DEBUG=-Wl,-z,relro -Wl,--as-needed  -Wl,-z,now -specs=/usr/lib/rpm/redhat/redhat-hardened-ld ' 'QMAKE_LFLAGS_RELEASE=-Wl,-z,relro -Wl,--as-needed  -Wl,-z,now -specs=/usr/lib/rpm/redhat/redhat-hardened-ld ' QMAKE_STRIP= CONFIG+=configure LIBPREFIX=/usr/lib64 L_BINDIR=/usr/bin L_LIBDIR=/usr/lib64 L_SHAREDIR=/usr/share L_ETCDIR=/etc L_INCLUDEDIR=/usr/include L_MANDIR=/usr/share/man QT5LIBDIR=/usr QMAKE_LFLAGS+=-Wl,--as-needed ) && make -f Makefile 
cd lumina-xconfig/ && ( test -e Makefile || /usr/lib64/qt5/bin/qmake -o Makefile /home/q5sys/git/lumina/src-qt5/core-utils/lumina-xconfig/lumina-xconfig.pro 'QMAKE_CFLAGS_DEBUG=-O2 -flto=auto -ffat-lto-objects -fexceptions -g -grecord-gcc-switches -pipe -Wall -Werror=format-security -Wp,-D_FORTIFY_SOURCE=2 -Wp,-D_GLIBCXX_ASSERTIONS -specs=/usr/lib/rpm/redhat/redhat-hardened-cc1 -fstack-protector-strong -specs=/usr/lib/rpm/redhat/redhat-annobin-cc1  -m64  -mtune=generic -fasynchronous-unwind-tables -fstack-clash-protection -fcf-protection ' 'QMAKE_CFLAGS_RELEASE=-O2 -flto=auto -ffat-lto-objects -fexceptions -g -grecord-gcc-switches -pipe -Wall -Werror=format-security -Wp,-D_FORTIFY_SOURCE=2 -Wp,-D_GLIBCXX_ASSERTIONS -specs=/usr/lib/rpm/redhat/redhat-hardened-cc1 -fstack-protector-strong -specs=/usr/lib/rpm/redhat/redhat-annobin-cc1  -m64  -mtune=generic -fasynchronous-unwind-tables -fstack-clash-protection -fcf-protection ' 'QMAKE_CXXFLAGS_DEBUG=-O2 -flto=auto -ffat-lto-objects -fexceptions -g -grecord-gcc-switches -pipe -Wall -Werror=format-security -Wp,-D_FORTIFY_SOURCE=2 -Wp,-D_GLIBCXX_ASSERTIONS -specs=/usr/lib/rpm/redhat/redhat-hardened-cc1 -fstack-protector-strong -specs=/usr/lib/rpm/redhat/redhat-annobin-cc1  -m64  -mtune=generic -fasynchronous-unwind-tables -fstack-clash-protection -fcf-protection ' 'QMAKE_CXXFLAGS_RELEASE=-O2 -flto=auto -ffat-lto-objects -fexceptions -g -grecord-gcc-switches -pipe -Wall -Werror=format-security -Wp,-D_FORTIFY_SOURCE=2 -Wp,-D_GLIBCXX_ASSERTIONS -specs=/usr/lib/rpm/redhat/redhat-hardened-cc1 -fstack-protector-strong -specs=/usr/lib/rpm/redhat/redhat-annobin-cc1  -m64  -mtune=generic -fasynchronous-unwind-tables -fstack-clash-protection -fcf-protection ' 'QMAKE_LFLAGS_DEBUG=-Wl,-z,relro -Wl,--as-needed  -Wl,-z,now -specs=/usr/lib/rpm/redhat/redhat-hardened-ld ' 'QMAKE_LFLAGS_RELEASE=-Wl,-z,relro -Wl,--as-needed  -Wl,-z,now -specs=/usr/lib/rpm/redhat/redhat-hardened-ld ' QMAKE_STRIP= CONFIG+=configure LIBPREFIX=/usr/lib64 L_BINDIR=/usr/bin L_LIBDIR=/usr/lib64 L_SHAREDIR=/usr/share L_ETCDIR=/etc L_INCLUDEDIR=/usr/include L_MANDIR=/usr/share/man QT5LIBDIR=/usr QMAKE_LFLAGS+=-Wl,--as-needed ) && make -f Makefile 
make[2]: Entering directory '/home/q5sys/git/lumina/src-qt5/desktop-utils'
cd lumina-fm/ && ( test -e Makefile || /usr/lib64/qt5/bin/qmake -o Makefile /home/q5sys/git/lumina/src-qt5/desktop-utils/lumina-fm/lumina-fm.pro 'QMAKE_CFLAGS_DEBUG=-O2 -flto=auto -ffat-lto-objects -fexceptions -g -grecord-gcc-switches -pipe -Wall -Werror=format-security -Wp,-D_FORTIFY_SOURCE=2 -Wp,-D_GLIBCXX_ASSERTIONS -specs=/usr/lib/rpm/redhat/redhat-hardened-cc1 -fstack-protector-strong -specs=/usr/lib/rpm/redhat/redhat-annobin-cc1  -m64  -mtune=generic -fasynchronous-unwind-tables -fstack-clash-protection -fcf-protection ' 'QMAKE_CFLAGS_RELEASE=-O2 -flto=auto -ffat-lto-objects -fexceptions -g -grecord-gcc-switches -pipe -Wall -Werror=format-security -Wp,-D_FORTIFY_SOURCE=2 -Wp,-D_GLIBCXX_ASSERTIONS -specs=/usr/lib/rpm/redhat/redhat-hardened-cc1 -fstack-protector-strong -specs=/usr/lib/rpm/redhat/redhat-annobin-cc1  -m64  -mtune=generic -fasynchronous-unwind-tables -fstack-clash-protection -fcf-protection ' 'QMAKE_CXXFLAGS_DEBUG=-O2 -flto=auto -ffat-lto-objects -fexceptions -g -grecord-gcc-switches -pipe -Wall -Werror=format-security -Wp,-D_FORTIFY_SOURCE=2 -Wp,-D_GLIBCXX_ASSERTIONS -specs=/usr/lib/rpm/redhat/redhat-hardened-cc1 -fstack-protector-strong -specs=/usr/lib/rpm/redhat/redhat-annobin-cc1  -m64  -mtune=generic -fasynchronous-unwind-tables -fstack-clash-protection -fcf-protection ' 'QMAKE_CXXFLAGS_RELEASE=-O2 -flto=auto -ffat-lto-objects -fexceptions -g -grecord-gcc-switches -pipe -Wall -Werror=format-security -Wp,-D_FORTIFY_SOURCE=2 -Wp,-D_GLIBCXX_ASSERTIONS -specs=/usr/lib/rpm/redhat/redhat-hardened-cc1 -fstack-protector-strong -specs=/usr/lib/rpm/redhat/redhat-annobin-cc1  -m64  -mtune=generic -fasynchronous-unwind-tables -fstack-clash-protection -fcf-protection ' 'QMAKE_LFLAGS_DEBUG=-Wl,-z,relro -Wl,--as-needed  -Wl,-z,now -specs=/usr/lib/rpm/redhat/redhat-hardened-ld ' 'QMAKE_LFLAGS_RELEASE=-Wl,-z,relro -Wl,--as-needed  -Wl,-z,now -specs=/usr/lib/rpm/redhat/redhat-hardened-ld ' QMAKE_STRIP= CONFIG+=configure LIBPREFIX=/usr/lib64 L_BINDIR=/usr/bin L_LIBDIR=/usr/lib64 L_SHAREDIR=/usr/share L_ETCDIR=/etc L_INCLUDEDIR=/usr/include L_MANDIR=/usr/share/man QT5LIBDIR=/usr QMAKE_LFLAGS+=-Wl,--as-needed ) && make -f Makefile 
Project MESSAGE: Build OS Info: Linux, x86_64, #1 SMP Wed Jun 23 16:18:11 UTC 2021
Project MESSAGE: Build OS Info: Linux, x86_64, #1 SMP Wed Jun 23 16:18:11 UTC 2021
Project MESSAGE:  - Detected Qt Version: 5.15.2
Project MESSAGE:  - Detected Qt Version: 5.15.2
Project MESSAGE: Build Settings Loaded: Linux -
Project MESSAGE: Build Settings Loaded: Linux -
Project MESSAGE: Build OS Info: Linux, x86_64, #1 SMP Wed Jun 23 16:18:11 UTC 2021
Project MESSAGE:  - Detected Qt Version: 5.15.2
Project MESSAGE: Build Settings Loaded: Linux -
Project MESSAGE: Build OS Info: Linux, x86_64, #1 SMP Wed Jun 23 16:18:11 UTC 2021
Project MESSAGE:  - Detected Qt Version: 5.15.2
Project MESSAGE: Build Settings Loaded: Linux -
make[3]: Entering directory '/home/q5sys/git/lumina/src-qt5/core-utils/lumina-xconfig'
/usr/lib64/qt5/bin/uic MainUI.ui -o .build/ui/ui_MainUI.h
make[3]: Entering directory '/home/q5sys/git/lumina/src-qt5/core-utils/lumina-search'
/usr/lib64/qt5/bin/uic MainUI.ui -o .build/ui/ui_MainUI.h
g++ -c -pipe -O2 -flto=auto -ffat-lto-objects -fexceptions -g -grecord-gcc-switches -pipe -Wall -Werror=format-security -Wp,-D_FORTIFY_SOURCE=2 -Wp,-D_GLIBCXX_ASSERTIONS -specs=/usr/lib/rpm/redhat/redhat-hardened-cc1 -fstack-protector-strong -specs=/usr/lib/rpm/redhat/redhat-annobin-cc1 -m64 -mtune=generic -fasynchronous-unwind-tables -fstack-clash-protection -fcf-protection -std=gnu++11 -Wall -Wextra -D_REENTRANT -fPIC -DPREFIX=QString\(\"/usr\"\) -DL_ETCDIR=QString\(\"/etc\"\) -DL_SHAREDIR=QString\(\"/usr/share\"\) -DGIT_VERSION="\"a88ea52f\"" -DQT_NO_DEBUG -DQT_SVG_LIB -DQT_WIDGETS_LIB -DQT_MULTIMEDIA_LIB -DQT_X11EXTRAS_LIB -DQT_GUI_LIB -DQT_NETWORK_LIB -DQT_CONCURRENT_LIB -DQT_CORE_LIB -I. -I../../core/libLumina -I/usr/include/qt5 -I/usr -I/usr/include -I/home/q5sys/git/lumina/src-qt5/core-utils/lumina-xconfig -I/usr/include/qt5/QtSvg -I/usr/include/qt5/QtWidgets -I/usr/include/qt5/QtMultimedia -I/usr/include/qt5/QtX11Extras -I/usr/include/qt5/QtGui -I/usr/include/qt5/QtNetwork -I/usr/include/qt5/QtConcurrent -I/usr/include/qt5/QtCore -I.build/moc -I.build/ui -I/usr/lib64/qt5/mkspecs/linux-g++ -o .build/obj/LuminaOS-Linux.o ../../core/libLumina/LuminaOS-Linux.cpp
/usr/lib64/qt5/bin/uic ConfigUI.ui -o .build/ui/ui_ConfigUI.h
g++ -c -pipe -O2 -flto=auto -ffat-lto-objects -fexceptions -g -grecord-gcc-switches -pipe -Wall -Werror=format-security -Wp,-D_FORTIFY_SOURCE=2 -Wp,-D_GLIBCXX_ASSERTIONS -specs=/usr/lib/rpm/redhat/redhat-hardened-cc1 -fstack-protector-strong -specs=/usr/lib/rpm/redhat/redhat-annobin-cc1 -m64 -mtune=generic -fasynchronous-unwind-tables -fstack-clash-protection -fcf-protection -std=gnu++11 -Wall -Wextra -D_REENTRANT -fPIC -DPREFIX=QString\(\"/usr\"\) -DL_ETCDIR=QString\(\"/etc\"\) -DL_SHAREDIR=QString\(\"/usr/share\"\) -DGIT_VERSION="\"a88ea52f\"" -DQT_NO_DEBUG -DQT_SVG_LIB -DQT_WIDGETS_LIB -DQT_MULTIMEDIA_LIB -DQT_GUI_LIB -DQT_CONCURRENT_LIB -DQT_NETWORK_LIB -DQT_CORE_LIB -I. -I../../core/libLumina -I/usr/include/qt5 -I/usr -I/usr/include -I/home/q5sys/git/lumina/src-qt5/core-utils/lumina-search -I/usr/include/qt5/QtSvg -I/usr/include/qt5/QtWidgets -I/usr/include/qt5/QtMultimedia -I/usr/include/qt5/QtGui -I/usr/include/qt5/QtConcurrent -I/usr/include/qt5/QtNetwork -I/usr/include/qt5/QtCore -I.build/moc -I.build/ui -I/usr/lib64/qt5/mkspecs/linux-g++ -o .build/obj/LuminaOS-Linux.o ../../core/libLumina/LuminaOS-Linux.cpp
make[3]: Entering directory '/home/q5sys/git/lumina/src-qt5/desktop-utils/lumina-fm'
/usr/lib64/qt5/bin/uic MainUI.ui -o .build/ui/ui_MainUI.h
/usr/lib64/qt5/bin/uic FODialog.ui -o .build/ui/ui_FODialog.h
/usr/lib64/qt5/bin/uic BMMDialog.ui -o .build/ui/ui_BMMDialog.h
/usr/lib64/qt5/bin/uic widgets/MultimediaWidget.ui -o .build/ui/ui_MultimediaWidget.h
/usr/lib64/qt5/bin/uic widgets/SlideshowWidget.ui -o .build/ui/ui_SlideshowWidget.h
/usr/lib64/qt5/bin/uic widgets/DirWidget2.ui -o .build/ui/ui_DirWidget2.h
/usr/lib64/qt5/bin/uic gitWizard.ui -o .build/ui/ui_gitWizard.h
/usr/lib64/qt5/bin/uic OPWidget.ui -o .build/ui/ui_OPWidget.h
g++ -c -pipe -O2 -flto=auto -ffat-lto-objects -fexceptions -g -grecord-gcc-switches -pipe -Wall -Werror=format-security -Wp,-D_FORTIFY_SOURCE=2 -Wp,-D_GLIBCXX_ASSERTIONS -specs=/usr/lib/rpm/redhat/redhat-hardened-cc1 -fstack-protector-strong -specs=/usr/lib/rpm/redhat/redhat-annobin-cc1 -m64 -mtune=generic -fasynchronous-unwind-tables -fstack-clash-protection -fcf-protection -std=gnu++11 -Wall -Wextra -D_REENTRANT -fPIC -DPREFIX=QString\(\"/usr\"\) -DL_ETCDIR=QString\(\"/etc\"\) -DL_SHAREDIR=QString\(\"/usr/share\"\) -DGIT_VERSION="\"a88ea52f\"" -DQT_NO_DEBUG -DQT_MULTIMEDIAWIDGETS_LIB -DQT_SVG_LIB -DQT_WIDGETS_LIB -DQT_MULTIMEDIA_LIB -DQT_X11EXTRAS_LIB -DQT_GUI_LIB -DQT_NETWORK_LIB -DQT_CONCURRENT_LIB -DQT_CORE_LIB -I. -I../../core/libLumina -I/usr/include/qt5 -I/usr -I/usr/include -I/home/q5sys/git/lumina/src-qt5/desktop-utils/lumina-fm -I/usr/include/qt5/QtMultimediaWidgets -I/usr/include/qt5/QtSvg -I/usr/include/qt5/QtWidgets -I/usr/include/qt5/QtMultimedia -I/usr/include/qt5/QtX11Extras -I/usr/include/qt5/QtGui -I/usr/include/qt5/QtNetwork -I/usr/include/qt5/QtConcurrent -I/usr/include/qt5/QtCore -I.build/moc -I.build/ui -I/usr/lib64/qt5/mkspecs/linux-g++ -o .build/obj/LDesktopUtils.o ../../core/libLumina/LDesktopUtils.cpp
make[3]: Entering directory '/home/q5sys/git/lumina/src-qt5/core-utils/lumina-config'
/usr/lib64/qt5/bin/uic mainWindow.ui -o .build/ui/ui_mainWindow.h
/usr/lib64/qt5/bin/uic AppDialog.ui -o .build/ui/ui_AppDialog.h
/usr/lib64/qt5/bin/uic ColorDialog.ui -o .build/ui/ui_ColorDialog.h
/usr/lib64/qt5/bin/uic ThemeDialog.ui -o .build/ui/ui_ThemeDialog.h
/usr/lib64/qt5/bin/uic GetPluginDialog.ui -o .build/ui/ui_GetPluginDialog.h
/usr/lib64/qt5/bin/uic ScriptDialog.ui -o .build/ui/ui_ScriptDialog.h
/usr/lib64/qt5/bin/uic PanelWidget.ui -o .build/ui/ui_PanelWidget.h
/usr/lib64/qt5/bin/uic pages/page_main.ui -o .build/ui/ui_page_main.h
/usr/lib64/qt5/bin/uic pages/page_wallpaper.ui -o .build/ui/ui_page_wallpaper.h
/usr/lib64/qt5/bin/uic pages/page_autostart.ui -o .build/ui/ui_page_autostart.h
/usr/lib64/qt5/bin/uic pages/page_defaultapps.ui -o .build/ui/ui_page_defaultapps.h
/usr/lib64/qt5/bin/uic pages/page_fluxbox_keys.ui -o .build/ui/ui_page_fluxbox_keys.h
/usr/lib64/qt5/bin/uic pages/page_fluxbox_settings.ui -o .build/ui/ui_page_fluxbox_settings.h
/usr/lib64/qt5/bin/uic pages/page_interface_desktop.ui -o .build/ui/ui_page_interface_desktop.h
/usr/lib64/qt5/bin/uic pages/page_interface_menu.ui -o .build/ui/ui_page_interface_menu.h
/usr/lib64/qt5/bin/uic pages/page_interface_panels.ui -o .build/ui/ui_page_interface_panels.h
/usr/lib64/qt5/bin/uic pages/page_session_locale.ui -o .build/ui/ui_page_session_locale.h
/usr/lib64/qt5/bin/uic pages/page_session_options.ui -o .build/ui/ui_page_session_options.h
/usr/lib64/qt5/bin/uic pages/page_compton.ui -o .build/ui/ui_page_compton.h
/usr/lib64/qt5/bin/uic pages/page_soundtheme.ui -o .build/ui/ui_page_soundtheme.h
g++ -c -pipe -O2 -flto=auto -ffat-lto-objects -fexceptions -g -grecord-gcc-switches -pipe -Wall -Werror=format-security -Wp,-D_FORTIFY_SOURCE=2 -Wp,-D_GLIBCXX_ASSERTIONS -specs=/usr/lib/rpm/redhat/redhat-hardened-cc1 -fstack-protector-strong -specs=/usr/lib/rpm/redhat/redhat-annobin-cc1 -m64 -mtune=generic -fasynchronous-unwind-tables -fstack-clash-protection -fcf-protection -std=gnu++11 -Wall -Wextra -D_REENTRANT -fPIC -DPREFIX=QString\(\"/usr\"\) -DL_ETCDIR=QString\(\"/etc\"\) -DL_SHAREDIR=QString\(\"/usr/share\"\) -DGIT_VERSION="\"a88ea52f\"" -DNO_XINPUT -DQT_NO_DEBUG -DQT_SVG_LIB -DQT_WIDGETS_LIB -DQT_X11EXTRAS_LIB -DQT_MULTIMEDIA_LIB -DQT_GUI_LIB -DQT_NETWORK_LIB -DQT_CONCURRENT_LIB -DQT_CORE_LIB -I. -I../../core/libLumina -I/usr/include/qt5 -I/usr -I/usr/include -I/home/q5sys/git/lumina/src-qt5/core-utils/lumina-config -I/usr/include/qt5/QtSvg -I/usr/include/qt5/QtWidgets -I/usr/include/qt5/QtX11Extras -I/usr/include/qt5/QtMultimedia -I/usr/include/qt5/QtGui -I/usr/include/qt5/QtNetwork -I/usr/include/qt5/QtConcurrent -I/usr/include/qt5/QtCore -I.build/moc -I.build/ui -I/usr/lib64/qt5/mkspecs/linux-g++ -o .build/obj/LDesktopUtils.o ../../core/libLumina/LDesktopUtils.cpp
../../core/libLumina/LuminaOS-Linux.cpp: In static member function ‘static void LOS::startMixerUtility()’:
../../core/libLumina/LuminaOS-Linux.cpp:134:26: warning: ‘static bool QProcess::startDetached(const QString&)’ is deprecated: Use QProcess::startDetached(const QString &program, const QStringList &arguments) instead [-Wdeprecated-declarations]
  134 |   QProcess::startDetached(LOS::AppPrefix() + "bin/pavucontrol");
      |   ~~~~~~~~~~~~~~~~~~~~~~~^~~~~~~~~~~~~~~~~~~~~~~~~~~~~~~~~~~~~~
In file included from /usr/include/qt5/QtCore/QProcess:1,
                 from ../../core/libLumina/LuminaOS.h:17,
                 from ../../core/libLumina/LuminaOS-Linux.cpp:9:
/usr/include/qt5/QtCore/qprocess.h:280:17: note: declared here
  280 |     static bool startDetached(const QString &command);
      |                 ^~~~~~~~~~~~~
../../core/libLumina/LuminaOS-Linux.cpp: In static member function ‘static void LOS::systemShutdown(bool)’:
../../core/libLumina/LuminaOS-Linux.cpp:155:26: warning: ‘static bool QProcess::startDetached(const QString&)’ is deprecated: Use QProcess::startDetached(const QString &program, const QStringList &arguments) instead [-Wdeprecated-declarations]
  155 |   QProcess::startDetached("shutdown -P -h now");
      |   ~~~~~~~~~~~~~~~~~~~~~~~^~~~~~~~~~~~~~~~~~~~~~
In file included from /usr/include/qt5/QtCore/QProcess:1,
                 from ../../core/libLumina/LuminaOS.h:17,
                 from ../../core/libLumina/LuminaOS-Linux.cpp:9:
/usr/include/qt5/QtCore/qprocess.h:280:17: note: declared here
  280 |     static bool startDetached(const QString &command);
      |                 ^~~~~~~~~~~~~
../../core/libLumina/LuminaOS-Linux.cpp: In static member function ‘static void LOS::systemRestart(bool)’:
../../core/libLumina/LuminaOS-Linux.cpp:161:26: warning: ‘static bool QProcess::startDetached(const QString&)’ is deprecated: Use QProcess::startDetached(const QString &program, const QStringList &arguments) instead [-Wdeprecated-declarations]
  161 |   QProcess::startDetached("shutdown -r now");
      |   ~~~~~~~~~~~~~~~~~~~~~~~^~~~~~~~~~~~~~~~~~~
In file included from /usr/include/qt5/QtCore/QProcess:1,
                 from ../../core/libLumina/LuminaOS.h:17,
                 from ../../core/libLumina/LuminaOS-Linux.cpp:9:
/usr/include/qt5/QtCore/qprocess.h:280:17: note: declared here
  280 |     static bool startDetached(const QString &command);
      |                 ^~~~~~~~~~~~~
../../core/libLumina/LuminaOS-Linux.cpp: In static member function ‘static void LOS::startMixerUtility()’:
../../core/libLumina/LuminaOS-Linux.cpp:134:26: warning: ‘static bool QProcess::startDetached(const QString&)’ is deprecated: Use QProcess::startDetached(const QString &program, const QStringList &arguments) instead [-Wdeprecated-declarations]
  134 |   QProcess::startDetached(LOS::AppPrefix() + "bin/pavucontrol");
      |   ~~~~~~~~~~~~~~~~~~~~~~~^~~~~~~~~~~~~~~~~~~~~~~~~~~~~~~~~~~~~~
In file included from /usr/include/qt5/QtCore/QProcess:1,
                 from ../../core/libLumina/LuminaOS.h:17,
                 from ../../core/libLumina/LuminaOS-Linux.cpp:9:
/usr/include/qt5/QtCore/qprocess.h:280:17: note: declared here
  280 |     static bool startDetached(const QString &command);
      |                 ^~~~~~~~~~~~~
../../core/libLumina/LuminaOS-Linux.cpp: In static member function ‘static void LOS::systemShutdown(bool)’:
../../core/libLumina/LuminaOS-Linux.cpp:155:26: warning: ‘static bool QProcess::startDetached(const QString&)’ is deprecated: Use QProcess::startDetached(const QString &program, const QStringList &arguments) instead [-Wdeprecated-declarations]
  155 |   QProcess::startDetached("shutdown -P -h now");
      |   ~~~~~~~~~~~~~~~~~~~~~~~^~~~~~~~~~~~~~~~~~~~~~
In file included from /usr/include/qt5/QtCore/QProcess:1,
                 from ../../core/libLumina/LuminaOS.h:17,
                 from ../../core/libLumina/LuminaOS-Linux.cpp:9:
/usr/include/qt5/QtCore/qprocess.h:280:17: note: declared here
  280 |     static bool startDetached(const QString &command);
      |                 ^~~~~~~~~~~~~
../../core/libLumina/LuminaOS-Linux.cpp: In static member function ‘static void LOS::systemRestart(bool)’:
../../core/libLumina/LuminaOS-Linux.cpp:161:26: warning: ‘static bool QProcess::startDetached(const QString&)’ is deprecated: Use QProcess::startDetached(const QString &program, const QStringList &arguments) instead [-Wdeprecated-declarations]
  161 |   QProcess::startDetached("shutdown -r now");
      |   ~~~~~~~~~~~~~~~~~~~~~~~^~~~~~~~~~~~~~~~~~~
In file included from /usr/include/qt5/QtCore/QProcess:1,
                 from ../../core/libLumina/LuminaOS.h:17,
                 from ../../core/libLumina/LuminaOS-Linux.cpp:9:
/usr/include/qt5/QtCore/qprocess.h:280:17: note: declared here
  280 |     static bool startDetached(const QString &command);
      |                 ^~~~~~~~~~~~~
../../core/libLumina/LDesktopUtils.cpp: In static member function ‘static void LDesktopUtils::LoadSystemDefaults(bool)’:
../../core/libLumina/LDesktopUtils.cpp:405:70: warning: ‘QStringList QString::split(const QString&, QString::SplitBehavior, Qt::CaseSensitivity) const’ is deprecated: Use Qt::SplitBehavior variant instead [-Wdeprecated-declarations]
  405 |     else if(var=="theme_styles"){ LTHEME::setCurrentStyles( val.split(",",QString::SkipEmptyParts) ); }
      |                                                             ~~~~~~~~~^~~~~~~~~~~~~~~~~~~~~~~~~~~~~
In file included from /usr/include/qt5/QtCore/QString:1,
                 from ../../core/libLumina/LDesktopUtils.h:10,
                 from ../../core/libLumina/LDesktopUtils.cpp:7:
/usr/include/qt5/QtCore/qstring.h:609:17: note: declared here
  609 |     QStringList split(const QString &sep, SplitBehavior behavior,
      |                 ^~~~~
../../core/libLumina/LDesktopUtils.cpp:474:24: warning: ‘static int QProcess::execute(const QString&)’ is deprecated: Use QProcess::execute(const QString &program, const QStringList &arguments) instead [-Wdeprecated-declarations]
  474 |       QProcess::execute(val);
      |       ~~~~~~~~~~~~~~~~~^~~~~
In file included from /usr/include/qt5/QtCore/QProcess:1,
                 from ../../core/libLumina/LUtils.h:11,
                 from ../../core/libLumina/LDesktopUtils.h:18,
                 from ../../core/libLumina/LDesktopUtils.cpp:7:
/usr/include/qt5/QtCore/qprocess.h:265:16: note: declared here
  265 |     static int execute(const QString &command);
      |                ^~~~~~~
../../core/libLumina/LDesktopUtils.cpp: In static member function ‘static void LDesktopUtils::LoadSystemDefaults(bool)’:
../../core/libLumina/LDesktopUtils.cpp:405:70: warning: ‘QStringList QString::split(const QString&, QString::SplitBehavior, Qt::CaseSensitivity) const’ is deprecated: Use Qt::SplitBehavior variant instead [-Wdeprecated-declarations]
  405 |     else if(var=="theme_styles"){ LTHEME::setCurrentStyles( val.split(",",QString::SkipEmptyParts) ); }
      |                                                             ~~~~~~~~~^~~~~~~~~~~~~~~~~~~~~~~~~~~~~
In file included from /usr/include/qt5/QtCore/QString:1,
                 from ../../core/libLumina/LDesktopUtils.h:10,
                 from ../../core/libLumina/LDesktopUtils.cpp:7:
/usr/include/qt5/QtCore/qstring.h:609:17: note: declared here
  609 |     QStringList split(const QString &sep, SplitBehavior behavior,
      |                 ^~~~~
../../core/libLumina/LDesktopUtils.cpp:474:24: warning: ‘static int QProcess::execute(const QString&)’ is deprecated: Use QProcess::execute(const QString &program, const QStringList &arguments) instead [-Wdeprecated-declarations]
  474 |       QProcess::execute(val);
      |       ~~~~~~~~~~~~~~~~~^~~~~
In file included from /usr/include/qt5/QtCore/QProcess:1,
                 from ../../core/libLumina/LUtils.h:11,
                 from ../../core/libLumina/LDesktopUtils.h:18,
                 from ../../core/libLumina/LDesktopUtils.cpp:7:
/usr/include/qt5/QtCore/qprocess.h:265:16: note: declared here
  265 |     static int execute(const QString &command);
      |                ^~~~~~~
../../core/libLumina/LDesktopUtils.cpp: In static member function ‘static bool LDesktopUtils::checkUserFiles(QString, QString)’:
../../core/libLumina/LDesktopUtils.cpp:517:58: warning: ignoring return value of ‘int system(const char*)’ declared with attribute ‘warn_unused_result’ [-Wunused-result]
  517 |     if( oldversion < 100000 && nversion>=100000 ){ system("rm -rf ~/.lumina"); qDebug() << "Current desktop settings obsolete: Re-implementing defaults"; }
      |                                                    ~~~~~~^~~~~~~~~~~~~~~~~~~~
../../core/libLumina/LDesktopUtils.cpp: In static member function ‘static bool LDesktopUtils::checkUserFiles(QString, QString)’:
../../core/libLumina/LDesktopUtils.cpp:517:58: warning: ignoring return value of ‘int system(const char*)’ declared with attribute ‘warn_unused_result’ [-Wunused-result]
  517 |     if( oldversion < 100000 && nversion>=100000 ){ system("rm -rf ~/.lumina"); qDebug() << "Current desktop settings obsolete: Re-implementing defaults"; }
      |                                                    ~~~~~~^~~~~~~~~~~~~~~~~~~~
g++ -c -pipe -O2 -flto=auto -ffat-lto-objects -fexceptions -g -grecord-gcc-switches -pipe -Wall -Werror=format-security -Wp,-D_FORTIFY_SOURCE=2 -Wp,-D_GLIBCXX_ASSERTIONS -specs=/usr/lib/rpm/redhat/redhat-hardened-cc1 -fstack-protector-strong -specs=/usr/lib/rpm/redhat/redhat-annobin-cc1 -m64 -mtune=generic -fasynchronous-unwind-tables -fstack-clash-protection -fcf-protection -std=gnu++11 -Wall -Wextra -D_REENTRANT -fPIC -DPREFIX=QString\(\"/usr\"\) -DL_ETCDIR=QString\(\"/etc\"\) -DL_SHAREDIR=QString\(\"/usr/share\"\) -DGIT_VERSION="\"a88ea52f\"" -DQT_NO_DEBUG -DQT_SVG_LIB -DQT_WIDGETS_LIB -DQT_MULTIMEDIA_LIB -DQT_GUI_LIB -DQT_CONCURRENT_LIB -DQT_NETWORK_LIB -DQT_CORE_LIB -I. -I../../core/libLumina -I/usr/include/qt5 -I/usr -I/usr/include -I/home/q5sys/git/lumina/src-qt5/core-utils/lumina-search -I/usr/include/qt5/QtSvg -I/usr/include/qt5/QtWidgets -I/usr/include/qt5/QtMultimedia -I/usr/include/qt5/QtGui -I/usr/include/qt5/QtConcurrent -I/usr/include/qt5/QtNetwork -I/usr/include/qt5/QtCore -I.build/moc -I.build/ui -I/usr/lib64/qt5/mkspecs/linux-g++ -o .build/obj/LUtils.o ../../core/libLumina/LUtils.cpp
g++ -c -pipe -O2 -flto=auto -ffat-lto-objects -fexceptions -g -grecord-gcc-switches -pipe -Wall -Werror=format-security -Wp,-D_FORTIFY_SOURCE=2 -Wp,-D_GLIBCXX_ASSERTIONS -specs=/usr/lib/rpm/redhat/redhat-hardened-cc1 -fstack-protector-strong -specs=/usr/lib/rpm/redhat/redhat-annobin-cc1 -m64 -mtune=generic -fasynchronous-unwind-tables -fstack-clash-protection -fcf-protection -std=gnu++11 -Wall -Wextra -D_REENTRANT -fPIC -DPREFIX=QString\(\"/usr\"\) -DL_ETCDIR=QString\(\"/etc\"\) -DL_SHAREDIR=QString\(\"/usr/share\"\) -DGIT_VERSION="\"a88ea52f\"" -DQT_NO_DEBUG -DQT_SVG_LIB -DQT_WIDGETS_LIB -DQT_MULTIMEDIA_LIB -DQT_X11EXTRAS_LIB -DQT_GUI_LIB -DQT_NETWORK_LIB -DQT_CONCURRENT_LIB -DQT_CORE_LIB -I. -I../../core/libLumina -I/usr/include/qt5 -I/usr -I/usr/include -I/home/q5sys/git/lumina/src-qt5/core-utils/lumina-xconfig -I/usr/include/qt5/QtSvg -I/usr/include/qt5/QtWidgets -I/usr/include/qt5/QtMultimedia -I/usr/include/qt5/QtX11Extras -I/usr/include/qt5/QtGui -I/usr/include/qt5/QtNetwork -I/usr/include/qt5/QtConcurrent -I/usr/include/qt5/QtCore -I.build/moc -I.build/ui -I/usr/lib64/qt5/mkspecs/linux-g++ -o .build/obj/LUtils.o ../../core/libLumina/LUtils.cpp
../../core/libLumina/LUtils.cpp: In static member function ‘static QString LUtils::runCommand(bool&, QString, QStringList, QString, QStringList)’:
../../core/libLumina/LUtils.cpp:130:38: warning: ‘void QProcess::start(const QString&, QIODevice::OpenMode)’ is deprecated: Use QProcess::start(const QString &program, const QStringList &arguments,OpenMode mode = ReadWrite) instead [-Wdeprecated-declarations]
  130 |   if(arguments.isEmpty()){ proc.start(command); }
      |                            ~~~~~~~~~~^~~~~~~~~
In file included from /usr/include/qt5/QtCore/QProcess:1,
                 from ../../core/libLumina/LUtils.h:11,
                 from ../../core/libLumina/LUtils.cpp:7:
/usr/include/qt5/QtCore/qprocess.h:168:10: note: declared here
  168 |     void start(const QString &command, OpenMode mode = ReadWrite);
      |          ^~~~~
../../core/libLumina/LUtils.cpp: In static member function ‘static QString LUtils::runCommand(bool&, QString, QStringList, QString, QStringList)’:
../../core/libLumina/LUtils.cpp:130:38: warning: ‘void QProcess::start(const QString&, QIODevice::OpenMode)’ is deprecated: Use QProcess::start(const QString &program, const QStringList &arguments,OpenMode mode = ReadWrite) instead [-Wdeprecated-declarations]
  130 |   if(arguments.isEmpty()){ proc.start(command); }
      |                            ~~~~~~~~~~^~~~~~~~~
In file included from /usr/include/qt5/QtCore/QProcess:1,
                 from ../../core/libLumina/LUtils.h:11,
                 from ../../core/libLumina/LUtils.cpp:7:
/usr/include/qt5/QtCore/qprocess.h:168:10: note: declared here
  168 |     void start(const QString &command, OpenMode mode = ReadWrite);
      |          ^~~~~
g++ -c -pipe -O2 -flto=auto -ffat-lto-objects -fexceptions -g -grecord-gcc-switches -pipe -Wall -Werror=format-security -Wp,-D_FORTIFY_SOURCE=2 -Wp,-D_GLIBCXX_ASSERTIONS -specs=/usr/lib/rpm/redhat/redhat-hardened-cc1 -fstack-protector-strong -specs=/usr/lib/rpm/redhat/redhat-annobin-cc1 -m64 -mtune=generic -fasynchronous-unwind-tables -fstack-clash-protection -fcf-protection -std=gnu++11 -Wall -Wextra -D_REENTRANT -fPIC -DPREFIX=QString\(\"/usr\"\) -DL_ETCDIR=QString\(\"/etc\"\) -DL_SHAREDIR=QString\(\"/usr/share\"\) -DGIT_VERSION="\"a88ea52f\"" -DNO_XINPUT -DQT_NO_DEBUG -DQT_SVG_LIB -DQT_WIDGETS_LIB -DQT_X11EXTRAS_LIB -DQT_MULTIMEDIA_LIB -DQT_GUI_LIB -DQT_NETWORK_LIB -DQT_CONCURRENT_LIB -DQT_CORE_LIB -I. -I../../core/libLumina -I/usr/include/qt5 -I/usr -I/usr/include -I/home/q5sys/git/lumina/src-qt5/core-utils/lumina-config -I/usr/include/qt5/QtSvg -I/usr/include/qt5/QtWidgets -I/usr/include/qt5/QtX11Extras -I/usr/include/qt5/QtMultimedia -I/usr/include/qt5/QtGui -I/usr/include/qt5/QtNetwork -I/usr/include/qt5/QtConcurrent -I/usr/include/qt5/QtCore -I.build/moc -I.build/ui -I/usr/lib64/qt5/mkspecs/linux-g++ -o .build/obj/LuminaOS-Linux.o ../../core/libLumina/LuminaOS-Linux.cpp
g++ -c -pipe -O2 -flto=auto -ffat-lto-objects -fexceptions -g -grecord-gcc-switches -pipe -Wall -Werror=format-security -Wp,-D_FORTIFY_SOURCE=2 -Wp,-D_GLIBCXX_ASSERTIONS -specs=/usr/lib/rpm/redhat/redhat-hardened-cc1 -fstack-protector-strong -specs=/usr/lib/rpm/redhat/redhat-annobin-cc1 -m64 -mtune=generic -fasynchronous-unwind-tables -fstack-clash-protection -fcf-protection -std=gnu++11 -Wall -Wextra -D_REENTRANT -fPIC -DPREFIX=QString\(\"/usr\"\) -DL_ETCDIR=QString\(\"/etc\"\) -DL_SHAREDIR=QString\(\"/usr/share\"\) -DGIT_VERSION="\"a88ea52f\"" -DQT_NO_DEBUG -DQT_MULTIMEDIAWIDGETS_LIB -DQT_SVG_LIB -DQT_WIDGETS_LIB -DQT_MULTIMEDIA_LIB -DQT_X11EXTRAS_LIB -DQT_GUI_LIB -DQT_NETWORK_LIB -DQT_CONCURRENT_LIB -DQT_CORE_LIB -I. -I../../core/libLumina -I/usr/include/qt5 -I/usr -I/usr/include -I/home/q5sys/git/lumina/src-qt5/desktop-utils/lumina-fm -I/usr/include/qt5/QtMultimediaWidgets -I/usr/include/qt5/QtSvg -I/usr/include/qt5/QtWidgets -I/usr/include/qt5/QtMultimedia -I/usr/include/qt5/QtX11Extras -I/usr/include/qt5/QtGui -I/usr/include/qt5/QtNetwork -I/usr/include/qt5/QtConcurrent -I/usr/include/qt5/QtCore -I.build/moc -I.build/ui -I/usr/lib64/qt5/mkspecs/linux-g++ -o .build/obj/LuminaOS-Linux.o ../../core/libLumina/LuminaOS-Linux.cpp
../../core/libLumina/LuminaOS-Linux.cpp: In static member function ‘static void LOS::startMixerUtility()’:
../../core/libLumina/LuminaOS-Linux.cpp:134:26: warning: ‘static bool QProcess::startDetached(const QString&)’ is deprecated: Use QProcess::startDetached(const QString &program, const QStringList &arguments) instead [-Wdeprecated-declarations]
  134 |   QProcess::startDetached(LOS::AppPrefix() + "bin/pavucontrol");
      |   ~~~~~~~~~~~~~~~~~~~~~~~^~~~~~~~~~~~~~~~~~~~~~~~~~~~~~~~~~~~~~
In file included from /usr/include/qt5/QtCore/QProcess:1,
                 from ../../core/libLumina/LuminaOS.h:17,
                 from ../../core/libLumina/LuminaOS-Linux.cpp:9:
/usr/include/qt5/QtCore/qprocess.h:280:17: note: declared here
  280 |     static bool startDetached(const QString &command);
      |                 ^~~~~~~~~~~~~
../../core/libLumina/LuminaOS-Linux.cpp: In static member function ‘static void LOS::systemShutdown(bool)’:
../../core/libLumina/LuminaOS-Linux.cpp:155:26: warning: ‘static bool QProcess::startDetached(const QString&)’ is deprecated: Use QProcess::startDetached(const QString &program, const QStringList &arguments) instead [-Wdeprecated-declarations]
  155 |   QProcess::startDetached("shutdown -P -h now");
      |   ~~~~~~~~~~~~~~~~~~~~~~~^~~~~~~~~~~~~~~~~~~~~~
In file included from /usr/include/qt5/QtCore/QProcess:1,
                 from ../../core/libLumina/LuminaOS.h:17,
                 from ../../core/libLumina/LuminaOS-Linux.cpp:9:
/usr/include/qt5/QtCore/qprocess.h:280:17: note: declared here
  280 |     static bool startDetached(const QString &command);
      |                 ^~~~~~~~~~~~~
../../core/libLumina/LuminaOS-Linux.cpp: In static member function ‘static void LOS::systemRestart(bool)’:
../../core/libLumina/LuminaOS-Linux.cpp:161:26: warning: ‘static bool QProcess::startDetached(const QString&)’ is deprecated: Use QProcess::startDetached(const QString &program, const QStringList &arguments) instead [-Wdeprecated-declarations]
  161 |   QProcess::startDetached("shutdown -r now");
      |   ~~~~~~~~~~~~~~~~~~~~~~~^~~~~~~~~~~~~~~~~~~
In file included from /usr/include/qt5/QtCore/QProcess:1,
                 from ../../core/libLumina/LuminaOS.h:17,
                 from ../../core/libLumina/LuminaOS-Linux.cpp:9:
/usr/include/qt5/QtCore/qprocess.h:280:17: note: declared here
  280 |     static bool startDetached(const QString &command);
      |                 ^~~~~~~~~~~~~
../../core/libLumina/LuminaOS-Linux.cpp: In static member function ‘static void LOS::startMixerUtility()’:
../../core/libLumina/LuminaOS-Linux.cpp:134:26: warning: ‘static bool QProcess::startDetached(const QString&)’ is deprecated: Use QProcess::startDetached(const QString &program, const QStringList &arguments) instead [-Wdeprecated-declarations]
  134 |   QProcess::startDetached(LOS::AppPrefix() + "bin/pavucontrol");
      |   ~~~~~~~~~~~~~~~~~~~~~~~^~~~~~~~~~~~~~~~~~~~~~~~~~~~~~~~~~~~~~
In file included from /usr/include/qt5/QtCore/QProcess:1,
                 from ../../core/libLumina/LuminaOS.h:17,
                 from ../../core/libLumina/LuminaOS-Linux.cpp:9:
/usr/include/qt5/QtCore/qprocess.h:280:17: note: declared here
  280 |     static bool startDetached(const QString &command);
      |                 ^~~~~~~~~~~~~
../../core/libLumina/LuminaOS-Linux.cpp: In static member function ‘static void LOS::systemShutdown(bool)’:
../../core/libLumina/LuminaOS-Linux.cpp:155:26: warning: ‘static bool QProcess::startDetached(const QString&)’ is deprecated: Use QProcess::startDetached(const QString &program, const QStringList &arguments) instead [-Wdeprecated-declarations]
  155 |   QProcess::startDetached("shutdown -P -h now");
      |   ~~~~~~~~~~~~~~~~~~~~~~~^~~~~~~~~~~~~~~~~~~~~~
In file included from /usr/include/qt5/QtCore/QProcess:1,
                 from ../../core/libLumina/LuminaOS.h:17,
                 from ../../core/libLumina/LuminaOS-Linux.cpp:9:
/usr/include/qt5/QtCore/qprocess.h:280:17: note: declared here
  280 |     static bool startDetached(const QString &command);
      |                 ^~~~~~~~~~~~~
../../core/libLumina/LuminaOS-Linux.cpp: In static member function ‘static void LOS::systemRestart(bool)’:
../../core/libLumina/LuminaOS-Linux.cpp:161:26: warning: ‘static bool QProcess::startDetached(const QString&)’ is deprecated: Use QProcess::startDetached(const QString &program, const QStringList &arguments) instead [-Wdeprecated-declarations]
  161 |   QProcess::startDetached("shutdown -r now");
      |   ~~~~~~~~~~~~~~~~~~~~~~~^~~~~~~~~~~~~~~~~~~
In file included from /usr/include/qt5/QtCore/QProcess:1,
                 from ../../core/libLumina/LuminaOS.h:17,
                 from ../../core/libLumina/LuminaOS-Linux.cpp:9:
/usr/include/qt5/QtCore/qprocess.h:280:17: note: declared here
  280 |     static bool startDetached(const QString &command);
      |                 ^~~~~~~~~~~~~
g++ -c -pipe -O2 -flto=auto -ffat-lto-objects -fexceptions -g -grecord-gcc-switches -pipe -Wall -Werror=format-security -Wp,-D_FORTIFY_SOURCE=2 -Wp,-D_GLIBCXX_ASSERTIONS -specs=/usr/lib/rpm/redhat/redhat-hardened-cc1 -fstack-protector-strong -specs=/usr/lib/rpm/redhat/redhat-annobin-cc1 -m64 -mtune=generic -fasynchronous-unwind-tables -fstack-clash-protection -fcf-protection -std=gnu++11 -Wall -Wextra -D_REENTRANT -fPIC -DPREFIX=QString\(\"/usr\"\) -DL_ETCDIR=QString\(\"/etc\"\) -DL_SHAREDIR=QString\(\"/usr/share\"\) -DGIT_VERSION="\"a88ea52f\"" -DNO_XINPUT -DQT_NO_DEBUG -DQT_SVG_LIB -DQT_WIDGETS_LIB -DQT_X11EXTRAS_LIB -DQT_MULTIMEDIA_LIB -DQT_GUI_LIB -DQT_NETWORK_LIB -DQT_CONCURRENT_LIB -DQT_CORE_LIB -I. -I../../core/libLumina -I/usr/include/qt5 -I/usr -I/usr/include -I/home/q5sys/git/lumina/src-qt5/core-utils/lumina-config -I/usr/include/qt5/QtSvg -I/usr/include/qt5/QtWidgets -I/usr/include/qt5/QtX11Extras -I/usr/include/qt5/QtMultimedia -I/usr/include/qt5/QtGui -I/usr/include/qt5/QtNetwork -I/usr/include/qt5/QtConcurrent -I/usr/include/qt5/QtCore -I.build/moc -I.build/ui -I/usr/lib64/qt5/mkspecs/linux-g++ -o .build/obj/LUtils.o ../../core/libLumina/LUtils.cpp
g++ -c -pipe -O2 -flto=auto -ffat-lto-objects -fexceptions -g -grecord-gcc-switches -pipe -Wall -Werror=format-security -Wp,-D_FORTIFY_SOURCE=2 -Wp,-D_GLIBCXX_ASSERTIONS -specs=/usr/lib/rpm/redhat/redhat-hardened-cc1 -fstack-protector-strong -specs=/usr/lib/rpm/redhat/redhat-annobin-cc1 -m64 -mtune=generic -fasynchronous-unwind-tables -fstack-clash-protection -fcf-protection -std=gnu++11 -Wall -Wextra -D_REENTRANT -fPIC -DPREFIX=QString\(\"/usr\"\) -DL_ETCDIR=QString\(\"/etc\"\) -DL_SHAREDIR=QString\(\"/usr/share\"\) -DGIT_VERSION="\"a88ea52f\"" -DQT_NO_DEBUG -DQT_MULTIMEDIAWIDGETS_LIB -DQT_SVG_LIB -DQT_WIDGETS_LIB -DQT_MULTIMEDIA_LIB -DQT_X11EXTRAS_LIB -DQT_GUI_LIB -DQT_NETWORK_LIB -DQT_CONCURRENT_LIB -DQT_CORE_LIB -I. -I../../core/libLumina -I/usr/include/qt5 -I/usr -I/usr/include -I/home/q5sys/git/lumina/src-qt5/desktop-utils/lumina-fm -I/usr/include/qt5/QtMultimediaWidgets -I/usr/include/qt5/QtSvg -I/usr/include/qt5/QtWidgets -I/usr/include/qt5/QtMultimedia -I/usr/include/qt5/QtX11Extras -I/usr/include/qt5/QtGui -I/usr/include/qt5/QtNetwork -I/usr/include/qt5/QtConcurrent -I/usr/include/qt5/QtCore -I.build/moc -I.build/ui -I/usr/lib64/qt5/mkspecs/linux-g++ -o .build/obj/LUtils.o ../../core/libLumina/LUtils.cpp
g++ -c -pipe -O2 -flto=auto -ffat-lto-objects -fexceptions -g -grecord-gcc-switches -pipe -Wall -Werror=format-security -Wp,-D_FORTIFY_SOURCE=2 -Wp,-D_GLIBCXX_ASSERTIONS -specs=/usr/lib/rpm/redhat/redhat-hardened-cc1 -fstack-protector-strong -specs=/usr/lib/rpm/redhat/redhat-annobin-cc1 -m64 -mtune=generic -fasynchronous-unwind-tables -fstack-clash-protection -fcf-protection -std=gnu++11 -Wall -Wextra -D_REENTRANT -fPIC -DPREFIX=QString\(\"/usr\"\) -DL_ETCDIR=QString\(\"/etc\"\) -DL_SHAREDIR=QString\(\"/usr/share\"\) -DGIT_VERSION="\"a88ea52f\"" -DQT_NO_DEBUG -DQT_SVG_LIB -DQT_WIDGETS_LIB -DQT_MULTIMEDIA_LIB -DQT_X11EXTRAS_LIB -DQT_GUI_LIB -DQT_NETWORK_LIB -DQT_CONCURRENT_LIB -DQT_CORE_LIB -I. -I../../core/libLumina -I/usr/include/qt5 -I/usr -I/usr/include -I/home/q5sys/git/lumina/src-qt5/core-utils/lumina-xconfig -I/usr/include/qt5/QtSvg -I/usr/include/qt5/QtWidgets -I/usr/include/qt5/QtMultimedia -I/usr/include/qt5/QtX11Extras -I/usr/include/qt5/QtGui -I/usr/include/qt5/QtNetwork -I/usr/include/qt5/QtConcurrent -I/usr/include/qt5/QtCore -I.build/moc -I.build/ui -I/usr/lib64/qt5/mkspecs/linux-g++ -o .build/obj/LuminaXDG.o ../../core/libLumina/LuminaXDG.cpp
g++ -c -pipe -O2 -flto=auto -ffat-lto-objects -fexceptions -g -grecord-gcc-switches -pipe -Wall -Werror=format-security -Wp,-D_FORTIFY_SOURCE=2 -Wp,-D_GLIBCXX_ASSERTIONS -specs=/usr/lib/rpm/redhat/redhat-hardened-cc1 -fstack-protector-strong -specs=/usr/lib/rpm/redhat/redhat-annobin-cc1 -m64 -mtune=generic -fasynchronous-unwind-tables -fstack-clash-protection -fcf-protection -std=gnu++11 -Wall -Wextra -D_REENTRANT -fPIC -DPREFIX=QString\(\"/usr\"\) -DL_ETCDIR=QString\(\"/etc\"\) -DL_SHAREDIR=QString\(\"/usr/share\"\) -DGIT_VERSION="\"a88ea52f\"" -DQT_NO_DEBUG -DQT_SVG_LIB -DQT_WIDGETS_LIB -DQT_MULTIMEDIA_LIB -DQT_GUI_LIB -DQT_CONCURRENT_LIB -DQT_NETWORK_LIB -DQT_CORE_LIB -I. -I../../core/libLumina -I/usr/include/qt5 -I/usr -I/usr/include -I/home/q5sys/git/lumina/src-qt5/core-utils/lumina-search -I/usr/include/qt5/QtSvg -I/usr/include/qt5/QtWidgets -I/usr/include/qt5/QtMultimedia -I/usr/include/qt5/QtGui -I/usr/include/qt5/QtConcurrent -I/usr/include/qt5/QtNetwork -I/usr/include/qt5/QtCore -I.build/moc -I.build/ui -I/usr/lib64/qt5/mkspecs/linux-g++ -o .build/obj/LuminaXDG.o ../../core/libLumina/LuminaXDG.cpp
../../core/libLumina/LuminaXDG.cpp: In member function ‘void XDGDesktop::sync()’:
../../core/libLumina/LuminaXDG.cpp:117:65: warning: ‘QStringList QString::split(const QString&, QString::SplitBehavior, Qt::CaseSensitivity) const’ is deprecated: Use Qt::SplitBehavior variant instead [-Wdeprecated-declarations]
  117 |     else if(var=="Categories" && insection){ catList = val.split(";",QString::SkipEmptyParts); }
      |                                                        ~~~~~~~~~^~~~~~~~~~~~~~~~~~~~~~~~~~~~~
In file included from /usr/include/qt5/QtCore/qobject.h:47,
                 from /usr/include/qt5/QtCore/qiodevice.h:45,
                 from /usr/include/qt5/QtCore/qfiledevice.h:43,
                 from /usr/include/qt5/QtCore/qfile.h:44,
                 from /usr/include/qt5/QtCore/QFile:1,
                 from ../../core/libLumina/LuminaXDG.h:18,
                 from ../../core/libLumina/LuminaXDG.cpp:7:
/usr/include/qt5/QtCore/qstring.h:609:17: note: declared here
  609 |     QStringList split(const QString &sep, SplitBehavior behavior,
      |                 ^~~~~
../../core/libLumina/LuminaXDG.cpp:118:68: warning: ‘QStringList QString::split(const QString&, QString::SplitBehavior, Qt::CaseSensitivity) const’ is deprecated: Use Qt::SplitBehavior variant instead [-Wdeprecated-declarations]
  118 |     else if(var=="OnlyShowIn" && insection){ showInList = val.split(";",QString::SkipEmptyParts); }
      |                                                           ~~~~~~~~~^~~~~~~~~~~~~~~~~~~~~~~~~~~~~
In file included from /usr/include/qt5/QtCore/qobject.h:47,
                 from /usr/include/qt5/QtCore/qiodevice.h:45,
                 from /usr/include/qt5/QtCore/qfiledevice.h:43,
                 from /usr/include/qt5/QtCore/qfile.h:44,
                 from /usr/include/qt5/QtCore/QFile:1,
                 from ../../core/libLumina/LuminaXDG.h:18,
                 from ../../core/libLumina/LuminaXDG.cpp:7:
/usr/include/qt5/QtCore/qstring.h:609:17: note: declared here
  609 |     QStringList split(const QString &sep, SplitBehavior behavior,
      |                 ^~~~~
../../core/libLumina/LuminaXDG.cpp:119:70: warning: ‘QStringList QString::split(const QString&, QString::SplitBehavior, Qt::CaseSensitivity) const’ is deprecated: Use Qt::SplitBehavior variant instead [-Wdeprecated-declarations]
  119 |     else if(var=="NotShowIn" && insection){ notShowInList = val.split(";",QString::SkipEmptyParts); }
      |                                                             ~~~~~~~~~^~~~~~~~~~~~~~~~~~~~~~~~~~~~~
In file included from /usr/include/qt5/QtCore/qobject.h:47,
                 from /usr/include/qt5/QtCore/qiodevice.h:45,
                 from /usr/include/qt5/QtCore/qfiledevice.h:43,
                 from /usr/include/qt5/QtCore/qfile.h:44,
                 from /usr/include/qt5/QtCore/QFile:1,
                 from ../../core/libLumina/LuminaXDG.h:18,
                 from ../../core/libLumina/LuminaXDG.cpp:7:
/usr/include/qt5/QtCore/qstring.h:609:17: note: declared here
  609 |     QStringList split(const QString &sep, SplitBehavior behavior,
      |                 ^~~~~
../../core/libLumina/LuminaXDG.cpp:121:65: warning: ‘QStringList QString::split(const QString&, QString::SplitBehavior, Qt::CaseSensitivity) const’ is deprecated: Use Qt::SplitBehavior variant instead [-Wdeprecated-declarations]
  121 |     else if(var=="Actions" && insection){ actionList = val.split(";",QString::SkipEmptyParts); }
      |                                                        ~~~~~~~~~^~~~~~~~~~~~~~~~~~~~~~~~~~~~~
In file included from /usr/include/qt5/QtCore/qobject.h:47,
                 from /usr/include/qt5/QtCore/qiodevice.h:45,
                 from /usr/include/qt5/QtCore/qfiledevice.h:43,
                 from /usr/include/qt5/QtCore/qfile.h:44,
                 from /usr/include/qt5/QtCore/QFile:1,
                 from ../../core/libLumina/LuminaXDG.h:18,
                 from ../../core/libLumina/LuminaXDG.cpp:7:
/usr/include/qt5/QtCore/qstring.h:609:17: note: declared here
  609 |     QStringList split(const QString &sep, SplitBehavior behavior,
      |                 ^~~~~
../../core/libLumina/LuminaXDG.cpp:122:64: warning: ‘QStringList QString::split(const QString&, QString::SplitBehavior, Qt::CaseSensitivity) const’ is deprecated: Use Qt::SplitBehavior variant instead [-Wdeprecated-declarations]
  122 |     else if(var=="MimeType" && insection){ mimeList = val.split(";",QString::SkipEmptyParts); }
      |                                                       ~~~~~~~~~^~~~~~~~~~~~~~~~~~~~~~~~~~~~~
In file included from /usr/include/qt5/QtCore/qobject.h:47,
                 from /usr/include/qt5/QtCore/qiodevice.h:45,
                 from /usr/include/qt5/QtCore/qfiledevice.h:43,
                 from /usr/include/qt5/QtCore/qfile.h:44,
                 from /usr/include/qt5/QtCore/QFile:1,
                 from ../../core/libLumina/LuminaXDG.h:18,
                 from ../../core/libLumina/LuminaXDG.cpp:7:
/usr/include/qt5/QtCore/qstring.h:609:17: note: declared here
  609 |     QStringList split(const QString &sep, SplitBehavior behavior,
      |                 ^~~~~
../../core/libLumina/LuminaXDG.cpp:124:66: warning: ‘QStringList QString::split(const QString&, QString::SplitBehavior, Qt::CaseSensitivity) const’ is deprecated: Use Qt::SplitBehavior variant instead [-Wdeprecated-declarations]
  124 |       if(keyList.isEmpty() && loc.isEmpty()){ keyList = val.split(";",QString::SkipEmptyParts); }
      |                                                         ~~~~~~~~~^~~~~~~~~~~~~~~~~~~~~~~~~~~~~
In file included from /usr/include/qt5/QtCore/qobject.h:47,
                 from /usr/include/qt5/QtCore/qiodevice.h:45,
                 from /usr/include/qt5/QtCore/qfiledevice.h:43,
                 from /usr/include/qt5/QtCore/qfile.h:44,
                 from /usr/include/qt5/QtCore/QFile:1,
                 from ../../core/libLumina/LuminaXDG.h:18,
                 from ../../core/libLumina/LuminaXDG.cpp:7:
/usr/include/qt5/QtCore/qstring.h:609:17: note: declared here
  609 |     QStringList split(const QString &sep, SplitBehavior behavior,
      |                 ^~~~~
../../core/libLumina/LuminaXDG.cpp:125:48: warning: ‘QStringList QString::split(const QString&, QString::SplitBehavior, Qt::CaseSensitivity) const’ is deprecated: Use Qt::SplitBehavior variant instead [-Wdeprecated-declarations]
  125 |       else if(loc == lang){ keyList = val.split(";",QString::SkipEmptyParts); }
      |                                       ~~~~~~~~~^~~~~~~~~~~~~~~~~~~~~~~~~~~~~
In file included from /usr/include/qt5/QtCore/qobject.h:47,
                 from /usr/include/qt5/QtCore/qiodevice.h:45,
                 from /usr/include/qt5/QtCore/qfiledevice.h:43,
                 from /usr/include/qt5/QtCore/qfile.h:44,
                 from /usr/include/qt5/QtCore/QFile:1,
                 from ../../core/libLumina/LuminaXDG.h:18,
                 from ../../core/libLumina/LuminaXDG.cpp:7:
/usr/include/qt5/QtCore/qstring.h:609:17: note: declared here
  609 |     QStringList split(const QString &sep, SplitBehavior behavior,
      |                 ^~~~~
../../core/libLumina/LUtils.cpp: In static member function ‘static QString LUtils::runCommand(bool&, QString, QStringList, QString, QStringList)’:
../../core/libLumina/LUtils.cpp:130:38: warning: ‘void QProcess::start(const QString&, QIODevice::OpenMode)’ is deprecated: Use QProcess::start(const QString &program, const QStringList &arguments,OpenMode mode = ReadWrite) instead [-Wdeprecated-declarations]
  130 |   if(arguments.isEmpty()){ proc.start(command); }
      |                            ~~~~~~~~~~^~~~~~~~~
In file included from /usr/include/qt5/QtCore/QProcess:1,
                 from ../../core/libLumina/LUtils.h:11,
                 from ../../core/libLumina/LUtils.cpp:7:
/usr/include/qt5/QtCore/qprocess.h:168:10: note: declared here
  168 |     void start(const QString &command, OpenMode mode = ReadWrite);
      |          ^~~~~
../../core/libLumina/LuminaXDG.cpp: In member function ‘void XDGDesktop::sync()’:
../../core/libLumina/LuminaXDG.cpp:117:65: warning: ‘QStringList QString::split(const QString&, QString::SplitBehavior, Qt::CaseSensitivity) const’ is deprecated: Use Qt::SplitBehavior variant instead [-Wdeprecated-declarations]
  117 |     else if(var=="Categories" && insection){ catList = val.split(";",QString::SkipEmptyParts); }
      |                                                        ~~~~~~~~~^~~~~~~~~~~~~~~~~~~~~~~~~~~~~
In file included from /usr/include/qt5/QtCore/qobject.h:47,
                 from /usr/include/qt5/QtCore/qiodevice.h:45,
                 from /usr/include/qt5/QtCore/qfiledevice.h:43,
                 from /usr/include/qt5/QtCore/qfile.h:44,
                 from /usr/include/qt5/QtCore/QFile:1,
                 from ../../core/libLumina/LuminaXDG.h:18,
                 from ../../core/libLumina/LuminaXDG.cpp:7:
/usr/include/qt5/QtCore/qstring.h:609:17: note: declared here
  609 |     QStringList split(const QString &sep, SplitBehavior behavior,
      |                 ^~~~~
../../core/libLumina/LuminaXDG.cpp:118:68: warning: ‘QStringList QString::split(const QString&, QString::SplitBehavior, Qt::CaseSensitivity) const’ is deprecated: Use Qt::SplitBehavior variant instead [-Wdeprecated-declarations]
  118 |     else if(var=="OnlyShowIn" && insection){ showInList = val.split(";",QString::SkipEmptyParts); }
      |                                                           ~~~~~~~~~^~~~~~~~~~~~~~~~~~~~~~~~~~~~~
In file included from /usr/include/qt5/QtCore/qobject.h:47,
                 from /usr/include/qt5/QtCore/qiodevice.h:45,
                 from /usr/include/qt5/QtCore/qfiledevice.h:43,
                 from /usr/include/qt5/QtCore/qfile.h:44,
                 from /usr/include/qt5/QtCore/QFile:1,
                 from ../../core/libLumina/LuminaXDG.h:18,
                 from ../../core/libLumina/LuminaXDG.cpp:7:
/usr/include/qt5/QtCore/qstring.h:609:17: note: declared here
  609 |     QStringList split(const QString &sep, SplitBehavior behavior,
      |                 ^~~~~
../../core/libLumina/LuminaXDG.cpp:119:70: warning: ‘QStringList QString::split(const QString&, QString::SplitBehavior, Qt::CaseSensitivity) const’ is deprecated: Use Qt::SplitBehavior variant instead [-Wdeprecated-declarations]
  119 |     else if(var=="NotShowIn" && insection){ notShowInList = val.split(";",QString::SkipEmptyParts); }
      |                                                             ~~~~~~~~~^~~~~~~~~~~~~~~~~~~~~~~~~~~~~
In file included from /usr/include/qt5/QtCore/qobject.h:47,
                 from /usr/include/qt5/QtCore/qiodevice.h:45,
                 from /usr/include/qt5/QtCore/qfiledevice.h:43,
                 from /usr/include/qt5/QtCore/qfile.h:44,
                 from /usr/include/qt5/QtCore/QFile:1,
                 from ../../core/libLumina/LuminaXDG.h:18,
                 from ../../core/libLumina/LuminaXDG.cpp:7:
/usr/include/qt5/QtCore/qstring.h:609:17: note: declared here
  609 |     QStringList split(const QString &sep, SplitBehavior behavior,
      |                 ^~~~~
../../core/libLumina/LuminaXDG.cpp:121:65: warning: ‘QStringList QString::split(const QString&, QString::SplitBehavior, Qt::CaseSensitivity) const’ is deprecated: Use Qt::SplitBehavior variant instead [-Wdeprecated-declarations]
  121 |     else if(var=="Actions" && insection){ actionList = val.split(";",QString::SkipEmptyParts); }
      |                                                        ~~~~~~~~~^~~~~~~~~~~~~~~~~~~~~~~~~~~~~
In file included from /usr/include/qt5/QtCore/qobject.h:47,
                 from /usr/include/qt5/QtCore/qiodevice.h:45,
                 from /usr/include/qt5/QtCore/qfiledevice.h:43,
                 from /usr/include/qt5/QtCore/qfile.h:44,
                 from /usr/include/qt5/QtCore/QFile:1,
                 from ../../core/libLumina/LuminaXDG.h:18,
                 from ../../core/libLumina/LuminaXDG.cpp:7:
/usr/include/qt5/QtCore/qstring.h:609:17: note: declared here
  609 |     QStringList split(const QString &sep, SplitBehavior behavior,
      |                 ^~~~~
../../core/libLumina/LuminaXDG.cpp:122:64: warning: ‘QStringList QString::split(const QString&, QString::SplitBehavior, Qt::CaseSensitivity) const’ is deprecated: Use Qt::SplitBehavior variant instead [-Wdeprecated-declarations]
  122 |     else if(var=="MimeType" && insection){ mimeList = val.split(";",QString::SkipEmptyParts); }
      |                                                       ~~~~~~~~~^~~~~~~~~~~~~~~~~~~~~~~~~~~~~
In file included from /usr/include/qt5/QtCore/qobject.h:47,
                 from /usr/include/qt5/QtCore/qiodevice.h:45,
                 from /usr/include/qt5/QtCore/qfiledevice.h:43,
                 from /usr/include/qt5/QtCore/qfile.h:44,
                 from /usr/include/qt5/QtCore/QFile:1,
                 from ../../core/libLumina/LuminaXDG.h:18,
                 from ../../core/libLumina/LuminaXDG.cpp:7:
/usr/include/qt5/QtCore/qstring.h:609:17: note: declared here
  609 |     QStringList split(const QString &sep, SplitBehavior behavior,
      |                 ^~~~~
../../core/libLumina/LuminaXDG.cpp:124:66: warning: ‘QStringList QString::split(const QString&, QString::SplitBehavior, Qt::CaseSensitivity) const’ is deprecated: Use Qt::SplitBehavior variant instead [-Wdeprecated-declarations]
  124 |       if(keyList.isEmpty() && loc.isEmpty()){ keyList = val.split(";",QString::SkipEmptyParts); }
      |                                                         ~~~~~~~~~^~~~~~~~~~~~~~~~~~~~~~~~~~~~~
In file included from /usr/include/qt5/QtCore/qobject.h:47,
                 from /usr/include/qt5/QtCore/qiodevice.h:45,
                 from /usr/include/qt5/QtCore/qfiledevice.h:43,
                 from /usr/include/qt5/QtCore/qfile.h:44,
                 from /usr/include/qt5/QtCore/QFile:1,
                 from ../../core/libLumina/LuminaXDG.h:18,
                 from ../../core/libLumina/LuminaXDG.cpp:7:
/usr/include/qt5/QtCore/qstring.h:609:17: note: declared here
  609 |     QStringList split(const QString &sep, SplitBehavior behavior,
      |                 ^~~~~
../../core/libLumina/LuminaXDG.cpp:125:48: warning: ‘QStringList QString::split(const QString&, QString::SplitBehavior, Qt::CaseSensitivity) const’ is deprecated: Use Qt::SplitBehavior variant instead [-Wdeprecated-declarations]
  125 |       else if(loc == lang){ keyList = val.split(";",QString::SkipEmptyParts); }
      |                                       ~~~~~~~~~^~~~~~~~~~~~~~~~~~~~~~~~~~~~~
In file included from /usr/include/qt5/QtCore/qobject.h:47,
                 from /usr/include/qt5/QtCore/qiodevice.h:45,
                 from /usr/include/qt5/QtCore/qfiledevice.h:43,
                 from /usr/include/qt5/QtCore/qfile.h:44,
                 from /usr/include/qt5/QtCore/QFile:1,
                 from ../../core/libLumina/LuminaXDG.h:18,
                 from ../../core/libLumina/LuminaXDG.cpp:7:
/usr/include/qt5/QtCore/qstring.h:609:17: note: declared here
  609 |     QStringList split(const QString &sep, SplitBehavior behavior,
      |                 ^~~~~
../../core/libLumina/LuminaXDG.cpp: In static member function ‘static QStringList LXDG::getIconThemeDepChain(QString, QStringList)’:
../../core/libLumina/LuminaXDG.cpp:1042:52: warning: ‘QStringList QString::split(const QString&, QString::SplitBehavior, Qt::CaseSensitivity) const’ is deprecated: Use Qt::SplitBehavior variant instead [-Wdeprecated-declarations]
 1042 |         deps = deps.first().section("=",1,-1).split(";",QString::SkipEmptyParts);
      |                ~~~~~~~~~~~~~~~~~~~~~~~~~~~~~~~~~~~~^~~~~~~~~~~~~~~~~~~~~~~~~~~~~
In file included from /usr/include/qt5/QtCore/qobject.h:47,
                 from /usr/include/qt5/QtCore/qiodevice.h:45,
                 from /usr/include/qt5/QtCore/qfiledevice.h:43,
                 from /usr/include/qt5/QtCore/qfile.h:44,
                 from /usr/include/qt5/QtCore/QFile:1,
                 from ../../core/libLumina/LuminaXDG.h:18,
                 from ../../core/libLumina/LuminaXDG.cpp:7:
/usr/include/qt5/QtCore/qstring.h:609:17: note: declared here
  609 |     QStringList split(const QString &sep, SplitBehavior behavior,
      |                 ^~~~~
../../core/libLumina/LuminaXDG.cpp: In static member function ‘static QStringList LXDG::findAvailableAppsForMime(QString)’:
../../core/libLumina/LuminaXDG.cpp:1310:62: warning: ‘QStringList QString::split(const QString&, QString::SplitBehavior, Qt::CaseSensitivity) const’ is deprecated: Use Qt::SplitBehavior variant instead [-Wdeprecated-declarations]
 1310 |         QStringList files = matches[j].section("=",1,1).split(";",QString::SkipEmptyParts);
      |                             ~~~~~~~~~~~~~~~~~~~~~~~~~~~~~~~~~^~~~~~~~~~~~~~~~~~~~~~~~~~~~~
In file included from /usr/include/qt5/QtCore/qobject.h:47,
                 from /usr/include/qt5/QtCore/qiodevice.h:45,
                 from /usr/include/qt5/QtCore/qfiledevice.h:43,
                 from /usr/include/qt5/QtCore/qfile.h:44,
                 from /usr/include/qt5/QtCore/QFile:1,
                 from ../../core/libLumina/LuminaXDG.h:18,
                 from ../../core/libLumina/LuminaXDG.cpp:7:
/usr/include/qt5/QtCore/qstring.h:609:17: note: declared here
  609 |     QStringList split(const QString &sep, SplitBehavior behavior,
      |                 ^~~~~
../../core/libLumina/LUtils.cpp: In static member function ‘static QString LUtils::runCommand(bool&, QString, QStringList, QString, QStringList)’:
../../core/libLumina/LUtils.cpp:130:38: warning: ‘void QProcess::start(const QString&, QIODevice::OpenMode)’ is deprecated: Use QProcess::start(const QString &program, const QStringList &arguments,OpenMode mode = ReadWrite) instead [-Wdeprecated-declarations]
  130 |   if(arguments.isEmpty()){ proc.start(command); }
      |                            ~~~~~~~~~~^~~~~~~~~
In file included from /usr/include/qt5/QtCore/QProcess:1,
                 from ../../core/libLumina/LUtils.h:11,
                 from ../../core/libLumina/LUtils.cpp:7:
/usr/include/qt5/QtCore/qprocess.h:168:10: note: declared here
  168 |     void start(const QString &command, OpenMode mode = ReadWrite);
      |          ^~~~~
../../core/libLumina/LuminaXDG.cpp: In static member function ‘static QStringList LXDG::getIconThemeDepChain(QString, QStringList)’:
../../core/libLumina/LuminaXDG.cpp:1042:52: warning: ‘QStringList QString::split(const QString&, QString::SplitBehavior, Qt::CaseSensitivity) const’ is deprecated: Use Qt::SplitBehavior variant instead [-Wdeprecated-declarations]
 1042 |         deps = deps.first().section("=",1,-1).split(";",QString::SkipEmptyParts);
      |                ~~~~~~~~~~~~~~~~~~~~~~~~~~~~~~~~~~~~^~~~~~~~~~~~~~~~~~~~~~~~~~~~~
In file included from /usr/include/qt5/QtCore/qobject.h:47,
                 from /usr/include/qt5/QtCore/qiodevice.h:45,
                 from /usr/include/qt5/QtCore/qfiledevice.h:43,
                 from /usr/include/qt5/QtCore/qfile.h:44,
                 from /usr/include/qt5/QtCore/QFile:1,
                 from ../../core/libLumina/LuminaXDG.h:18,
                 from ../../core/libLumina/LuminaXDG.cpp:7:
/usr/include/qt5/QtCore/qstring.h:609:17: note: declared here
  609 |     QStringList split(const QString &sep, SplitBehavior behavior,
      |                 ^~~~~
../../core/libLumina/LuminaXDG.cpp: In static member function ‘static QStringList LXDG::findAvailableAppsForMime(QString)’:
../../core/libLumina/LuminaXDG.cpp:1310:62: warning: ‘QStringList QString::split(const QString&, QString::SplitBehavior, Qt::CaseSensitivity) const’ is deprecated: Use Qt::SplitBehavior variant instead [-Wdeprecated-declarations]
 1310 |         QStringList files = matches[j].section("=",1,1).split(";",QString::SkipEmptyParts);
      |                             ~~~~~~~~~~~~~~~~~~~~~~~~~~~~~~~~~^~~~~~~~~~~~~~~~~~~~~~~~~~~~~
In file included from /usr/include/qt5/QtCore/qobject.h:47,
                 from /usr/include/qt5/QtCore/qiodevice.h:45,
                 from /usr/include/qt5/QtCore/qfiledevice.h:43,
                 from /usr/include/qt5/QtCore/qfile.h:44,
                 from /usr/include/qt5/QtCore/QFile:1,
                 from ../../core/libLumina/LuminaXDG.h:18,
                 from ../../core/libLumina/LuminaXDG.cpp:7:
/usr/include/qt5/QtCore/qstring.h:609:17: note: declared here
  609 |     QStringList split(const QString &sep, SplitBehavior behavior,
      |                 ^~~~~
g++ -c -pipe -O2 -flto=auto -ffat-lto-objects -fexceptions -g -grecord-gcc-switches -pipe -Wall -Werror=format-security -Wp,-D_FORTIFY_SOURCE=2 -Wp,-D_GLIBCXX_ASSERTIONS -specs=/usr/lib/rpm/redhat/redhat-hardened-cc1 -fstack-protector-strong -specs=/usr/lib/rpm/redhat/redhat-annobin-cc1 -m64 -mtune=generic -fasynchronous-unwind-tables -fstack-clash-protection -fcf-protection -std=gnu++11 -Wall -Wextra -D_REENTRANT -fPIC -DPREFIX=QString\(\"/usr\"\) -DL_ETCDIR=QString\(\"/etc\"\) -DL_SHAREDIR=QString\(\"/usr/share\"\) -DGIT_VERSION="\"a88ea52f\"" -DNO_XINPUT -DQT_NO_DEBUG -DQT_SVG_LIB -DQT_WIDGETS_LIB -DQT_X11EXTRAS_LIB -DQT_MULTIMEDIA_LIB -DQT_GUI_LIB -DQT_NETWORK_LIB -DQT_CONCURRENT_LIB -DQT_CORE_LIB -I. -I../../core/libLumina -I/usr/include/qt5 -I/usr -I/usr/include -I/home/q5sys/git/lumina/src-qt5/core-utils/lumina-config -I/usr/include/qt5/QtSvg -I/usr/include/qt5/QtWidgets -I/usr/include/qt5/QtX11Extras -I/usr/include/qt5/QtMultimedia -I/usr/include/qt5/QtGui -I/usr/include/qt5/QtNetwork -I/usr/include/qt5/QtConcurrent -I/usr/include/qt5/QtCore -I.build/moc -I.build/ui -I/usr/lib64/qt5/mkspecs/linux-g++ -o .build/obj/LuminaThemes.o ../../core/libLumina/LuminaThemes.cpp
g++ -c -pipe -O2 -flto=auto -ffat-lto-objects -fexceptions -g -grecord-gcc-switches -pipe -Wall -Werror=format-security -Wp,-D_FORTIFY_SOURCE=2 -Wp,-D_GLIBCXX_ASSERTIONS -specs=/usr/lib/rpm/redhat/redhat-hardened-cc1 -fstack-protector-strong -specs=/usr/lib/rpm/redhat/redhat-annobin-cc1 -m64 -mtune=generic -fasynchronous-unwind-tables -fstack-clash-protection -fcf-protection -std=gnu++11 -Wall -Wextra -D_REENTRANT -fPIC -DPREFIX=QString\(\"/usr\"\) -DL_ETCDIR=QString\(\"/etc\"\) -DL_SHAREDIR=QString\(\"/usr/share\"\) -DGIT_VERSION="\"a88ea52f\"" -DQT_NO_DEBUG -DQT_MULTIMEDIAWIDGETS_LIB -DQT_SVG_LIB -DQT_WIDGETS_LIB -DQT_MULTIMEDIA_LIB -DQT_X11EXTRAS_LIB -DQT_GUI_LIB -DQT_NETWORK_LIB -DQT_CONCURRENT_LIB -DQT_CORE_LIB -I. -I../../core/libLumina -I/usr/include/qt5 -I/usr -I/usr/include -I/home/q5sys/git/lumina/src-qt5/desktop-utils/lumina-fm -I/usr/include/qt5/QtMultimediaWidgets -I/usr/include/qt5/QtSvg -I/usr/include/qt5/QtWidgets -I/usr/include/qt5/QtMultimedia -I/usr/include/qt5/QtX11Extras -I/usr/include/qt5/QtGui -I/usr/include/qt5/QtNetwork -I/usr/include/qt5/QtConcurrent -I/usr/include/qt5/QtCore -I.build/moc -I.build/ui -I/usr/lib64/qt5/mkspecs/linux-g++ -o .build/obj/LuminaThemes.o ../../core/libLumina/LuminaThemes.cpp
g++ -c -pipe -O2 -flto=auto -ffat-lto-objects -fexceptions -g -grecord-gcc-switches -pipe -Wall -Werror=format-security -Wp,-D_FORTIFY_SOURCE=2 -Wp,-D_GLIBCXX_ASSERTIONS -specs=/usr/lib/rpm/redhat/redhat-hardened-cc1 -fstack-protector-strong -specs=/usr/lib/rpm/redhat/redhat-annobin-cc1 -m64 -mtune=generic -fasynchronous-unwind-tables -fstack-clash-protection -fcf-protection -std=gnu++11 -Wall -Wextra -D_REENTRANT -fPIC -DPREFIX=QString\(\"/usr\"\) -DL_ETCDIR=QString\(\"/etc\"\) -DL_SHAREDIR=QString\(\"/usr/share\"\) -DGIT_VERSION="\"a88ea52f\"" -DQT_NO_DEBUG -DQT_SVG_LIB -DQT_WIDGETS_LIB -DQT_MULTIMEDIA_LIB -DQT_X11EXTRAS_LIB -DQT_GUI_LIB -DQT_NETWORK_LIB -DQT_CONCURRENT_LIB -DQT_CORE_LIB -I. -I../../core/libLumina -I/usr/include/qt5 -I/usr -I/usr/include -I/home/q5sys/git/lumina/src-qt5/core-utils/lumina-xconfig -I/usr/include/qt5/QtSvg -I/usr/include/qt5/QtWidgets -I/usr/include/qt5/QtMultimedia -I/usr/include/qt5/QtX11Extras -I/usr/include/qt5/QtGui -I/usr/include/qt5/QtNetwork -I/usr/include/qt5/QtConcurrent -I/usr/include/qt5/QtCore -I.build/moc -I.build/ui -I/usr/lib64/qt5/mkspecs/linux-g++ -o .build/obj/LFileInfo.o ../../core/libLumina/LFileInfo.cpp
g++ -c -pipe -O2 -flto=auto -ffat-lto-objects -fexceptions -g -grecord-gcc-switches -pipe -Wall -Werror=format-security -Wp,-D_FORTIFY_SOURCE=2 -Wp,-D_GLIBCXX_ASSERTIONS -specs=/usr/lib/rpm/redhat/redhat-hardened-cc1 -fstack-protector-strong -specs=/usr/lib/rpm/redhat/redhat-annobin-cc1 -m64 -mtune=generic -fasynchronous-unwind-tables -fstack-clash-protection -fcf-protection -std=gnu++11 -Wall -Wextra -D_REENTRANT -fPIC -DPREFIX=QString\(\"/usr\"\) -DL_ETCDIR=QString\(\"/etc\"\) -DL_SHAREDIR=QString\(\"/usr/share\"\) -DGIT_VERSION="\"a88ea52f\"" -DQT_NO_DEBUG -DQT_SVG_LIB -DQT_WIDGETS_LIB -DQT_MULTIMEDIA_LIB -DQT_GUI_LIB -DQT_CONCURRENT_LIB -DQT_NETWORK_LIB -DQT_CORE_LIB -I. -I../../core/libLumina -I/usr/include/qt5 -I/usr -I/usr/include -I/home/q5sys/git/lumina/src-qt5/core-utils/lumina-search -I/usr/include/qt5/QtSvg -I/usr/include/qt5/QtWidgets -I/usr/include/qt5/QtMultimedia -I/usr/include/qt5/QtGui -I/usr/include/qt5/QtConcurrent -I/usr/include/qt5/QtNetwork -I/usr/include/qt5/QtCore -I.build/moc -I.build/ui -I/usr/lib64/qt5/mkspecs/linux-g++ -o .build/obj/LFileInfo.o ../../core/libLumina/LFileInfo.cpp
../../core/libLumina/LFileInfo.cpp: In member function ‘void LFileInfo::getZfsDataset()’:
../../core/libLumina/LFileInfo.cpp:103:80: warning: ‘QStringList QString::split(const QString&, QString::SplitBehavior, Qt::CaseSensitivity) const’ is deprecated: Use Qt::SplitBehavior variant instead [-Wdeprecated-declarations]
  103 |         if(!gplist.isEmpty()){ gplist = gplist.first().replace("\t", " ").split(" ",QString::SkipEmptyParts); gplist.removeAll("groups"); }
      |                                         ~~~~~~~~~~~~~~~~~~~~~~~~~~~~~~~~~~~~~~~^~~~~~~~~~~~~~~~~~~~~~~~~~~~~
In file included from /usr/include/qt5/QtCore/qobject.h:47,
                 from /usr/include/qt5/QtCore/qiodevice.h:45,
                 from /usr/include/qt5/QtCore/qfiledevice.h:43,
                 from /usr/include/qt5/QtCore/qfile.h:44,
                 from /usr/include/qt5/QtCore/QFile:1,
                 from ../../core/libLumina/LuminaXDG.h:18,
                 from ../../core/libLumina/LFileInfo.h:13,
                 from ../../core/libLumina/LFileInfo.cpp:7:
/usr/include/qt5/QtCore/qstring.h:609:17: note: declared here
  609 |     QStringList split(const QString &sep, SplitBehavior behavior,
      |                 ^~~~~
../../core/libLumina/LFileInfo.cpp:107:84: warning: ‘QStringList QString::split(const QString&, QString::SplitBehavior, Qt::CaseSensitivity) const’ is deprecated: Use Qt::SplitBehavior variant instead [-Wdeprecated-declarations]
  107 |           zfs_perms << tmp.first().section(" ",2,2,QString::SectionSkipEmpty).split(",",QString::SkipEmptyParts);
      |                        ~~~~~~~~~~~~~~~~~~~~~~~~~~~~~~~~~~~~~~~~~~~~~~~~~~~~~~~~~~~~^~~~~~~~~~~~~~~~~~~~~~~~~~~~~
In file included from /usr/include/qt5/QtCore/qobject.h:47,
                 from /usr/include/qt5/QtCore/qiodevice.h:45,
                 from /usr/include/qt5/QtCore/qfiledevice.h:43,
                 from /usr/include/qt5/QtCore/qfile.h:44,
                 from /usr/include/qt5/QtCore/QFile:1,
                 from ../../core/libLumina/LuminaXDG.h:18,
                 from ../../core/libLumina/LFileInfo.h:13,
                 from ../../core/libLumina/LFileInfo.cpp:7:
/usr/include/qt5/QtCore/qstring.h:609:17: note: declared here
  609 |     QStringList split(const QString &sep, SplitBehavior behavior,
      |                 ^~~~~
../../core/libLumina/LFileInfo.cpp: In member function ‘void LFileInfo::getZfsDataset()’:
../../core/libLumina/LFileInfo.cpp:103:80: warning: ‘QStringList QString::split(const QString&, QString::SplitBehavior, Qt::CaseSensitivity) const’ is deprecated: Use Qt::SplitBehavior variant instead [-Wdeprecated-declarations]
  103 |         if(!gplist.isEmpty()){ gplist = gplist.first().replace("\t", " ").split(" ",QString::SkipEmptyParts); gplist.removeAll("groups"); }
      |                                         ~~~~~~~~~~~~~~~~~~~~~~~~~~~~~~~~~~~~~~~^~~~~~~~~~~~~~~~~~~~~~~~~~~~~
In file included from /usr/include/qt5/QtCore/qobject.h:47,
                 from /usr/include/qt5/QtCore/qiodevice.h:45,
                 from /usr/include/qt5/QtCore/qfiledevice.h:43,
                 from /usr/include/qt5/QtCore/qfile.h:44,
                 from /usr/include/qt5/QtCore/QFile:1,
                 from ../../core/libLumina/LuminaXDG.h:18,
                 from ../../core/libLumina/LFileInfo.h:13,
                 from ../../core/libLumina/LFileInfo.cpp:7:
/usr/include/qt5/QtCore/qstring.h:609:17: note: declared here
  609 |     QStringList split(const QString &sep, SplitBehavior behavior,
      |                 ^~~~~
../../core/libLumina/LFileInfo.cpp:107:84: warning: ‘QStringList QString::split(const QString&, QString::SplitBehavior, Qt::CaseSensitivity) const’ is deprecated: Use Qt::SplitBehavior variant instead [-Wdeprecated-declarations]
  107 |           zfs_perms << tmp.first().section(" ",2,2,QString::SectionSkipEmpty).split(",",QString::SkipEmptyParts);
      |                        ~~~~~~~~~~~~~~~~~~~~~~~~~~~~~~~~~~~~~~~~~~~~~~~~~~~~~~~~~~~~^~~~~~~~~~~~~~~~~~~~~~~~~~~~~
In file included from /usr/include/qt5/QtCore/qobject.h:47,
                 from /usr/include/qt5/QtCore/qiodevice.h:45,
                 from /usr/include/qt5/QtCore/qfiledevice.h:43,
                 from /usr/include/qt5/QtCore/qfile.h:44,
                 from /usr/include/qt5/QtCore/QFile:1,
                 from ../../core/libLumina/LuminaXDG.h:18,
                 from ../../core/libLumina/LFileInfo.h:13,
                 from ../../core/libLumina/LFileInfo.cpp:7:
/usr/include/qt5/QtCore/qstring.h:609:17: note: declared here
  609 |     QStringList split(const QString &sep, SplitBehavior behavior,
      |                 ^~~~~
g++ -c -pipe -O2 -flto=auto -ffat-lto-objects -fexceptions -g -grecord-gcc-switches -pipe -Wall -Werror=format-security -Wp,-D_FORTIFY_SOURCE=2 -Wp,-D_GLIBCXX_ASSERTIONS -specs=/usr/lib/rpm/redhat/redhat-hardened-cc1 -fstack-protector-strong -specs=/usr/lib/rpm/redhat/redhat-annobin-cc1 -m64 -mtune=generic -fasynchronous-unwind-tables -fstack-clash-protection -fcf-protection -std=gnu++11 -Wall -Wextra -D_REENTRANT -fPIC -DPREFIX=QString\(\"/usr\"\) -DL_ETCDIR=QString\(\"/etc\"\) -DL_SHAREDIR=QString\(\"/usr/share\"\) -DGIT_VERSION="\"a88ea52f\"" -DNO_XINPUT -DQT_NO_DEBUG -DQT_SVG_LIB -DQT_WIDGETS_LIB -DQT_X11EXTRAS_LIB -DQT_MULTIMEDIA_LIB -DQT_GUI_LIB -DQT_NETWORK_LIB -DQT_CONCURRENT_LIB -DQT_CORE_LIB -I. -I../../core/libLumina -I/usr/include/qt5 -I/usr -I/usr/include -I/home/q5sys/git/lumina/src-qt5/core-utils/lumina-config -I/usr/include/qt5/QtSvg -I/usr/include/qt5/QtWidgets -I/usr/include/qt5/QtX11Extras -I/usr/include/qt5/QtMultimedia -I/usr/include/qt5/QtGui -I/usr/include/qt5/QtNetwork -I/usr/include/qt5/QtConcurrent -I/usr/include/qt5/QtCore -I.build/moc -I.build/ui -I/usr/lib64/qt5/mkspecs/linux-g++ -o .build/obj/LuminaXDG.o ../../core/libLumina/LuminaXDG.cpp
g++ -c -pipe -O2 -flto=auto -ffat-lto-objects -fexceptions -g -grecord-gcc-switches -pipe -Wall -Werror=format-security -Wp,-D_FORTIFY_SOURCE=2 -Wp,-D_GLIBCXX_ASSERTIONS -specs=/usr/lib/rpm/redhat/redhat-hardened-cc1 -fstack-protector-strong -specs=/usr/lib/rpm/redhat/redhat-annobin-cc1 -m64 -mtune=generic -fasynchronous-unwind-tables -fstack-clash-protection -fcf-protection -std=gnu++11 -Wall -Wextra -D_REENTRANT -fPIC -DPREFIX=QString\(\"/usr\"\) -DL_ETCDIR=QString\(\"/etc\"\) -DL_SHAREDIR=QString\(\"/usr/share\"\) -DGIT_VERSION="\"a88ea52f\"" -DQT_NO_DEBUG -DQT_MULTIMEDIAWIDGETS_LIB -DQT_SVG_LIB -DQT_WIDGETS_LIB -DQT_MULTIMEDIA_LIB -DQT_X11EXTRAS_LIB -DQT_GUI_LIB -DQT_NETWORK_LIB -DQT_CONCURRENT_LIB -DQT_CORE_LIB -I. -I../../core/libLumina -I/usr/include/qt5 -I/usr -I/usr/include -I/home/q5sys/git/lumina/src-qt5/desktop-utils/lumina-fm -I/usr/include/qt5/QtMultimediaWidgets -I/usr/include/qt5/QtSvg -I/usr/include/qt5/QtWidgets -I/usr/include/qt5/QtMultimedia -I/usr/include/qt5/QtX11Extras -I/usr/include/qt5/QtGui -I/usr/include/qt5/QtNetwork -I/usr/include/qt5/QtConcurrent -I/usr/include/qt5/QtCore -I.build/moc -I.build/ui -I/usr/lib64/qt5/mkspecs/linux-g++ -o .build/obj/LuminaXDG.o ../../core/libLumina/LuminaXDG.cpp
g++ -c -pipe -O2 -flto=auto -ffat-lto-objects -fexceptions -g -grecord-gcc-switches -pipe -Wall -Werror=format-security -Wp,-D_FORTIFY_SOURCE=2 -Wp,-D_GLIBCXX_ASSERTIONS -specs=/usr/lib/rpm/redhat/redhat-hardened-cc1 -fstack-protector-strong -specs=/usr/lib/rpm/redhat/redhat-annobin-cc1 -m64 -mtune=generic -fasynchronous-unwind-tables -fstack-clash-protection -fcf-protection -std=gnu++11 -Wall -Wextra -D_REENTRANT -fPIC -DPREFIX=QString\(\"/usr\"\) -DL_ETCDIR=QString\(\"/etc\"\) -DL_SHAREDIR=QString\(\"/usr/share\"\) -DGIT_VERSION="\"a88ea52f\"" -DQT_NO_DEBUG -DQT_SVG_LIB -DQT_WIDGETS_LIB -DQT_MULTIMEDIA_LIB -DQT_X11EXTRAS_LIB -DQT_GUI_LIB -DQT_NETWORK_LIB -DQT_CONCURRENT_LIB -DQT_CORE_LIB -I. -I../../core/libLumina -I/usr/include/qt5 -I/usr -I/usr/include -I/home/q5sys/git/lumina/src-qt5/core-utils/lumina-xconfig -I/usr/include/qt5/QtSvg -I/usr/include/qt5/QtWidgets -I/usr/include/qt5/QtMultimedia -I/usr/include/qt5/QtX11Extras -I/usr/include/qt5/QtGui -I/usr/include/qt5/QtNetwork -I/usr/include/qt5/QtConcurrent -I/usr/include/qt5/QtCore -I.build/moc -I.build/ui -I/usr/lib64/qt5/mkspecs/linux-g++ -o .build/obj/LuminaSingleApplication.o ../../core/libLumina/LuminaSingleApplication.cpp
../../core/libLumina/LuminaXDG.cpp: In member function ‘void XDGDesktop::sync()’:
../../core/libLumina/LuminaXDG.cpp:117:65: warning: ‘QStringList QString::split(const QString&, QString::SplitBehavior, Qt::CaseSensitivity) const’ is deprecated: Use Qt::SplitBehavior variant instead [-Wdeprecated-declarations]
  117 |     else if(var=="Categories" && insection){ catList = val.split(";",QString::SkipEmptyParts); }
      |                                                        ~~~~~~~~~^~~~~~~~~~~~~~~~~~~~~~~~~~~~~
In file included from /usr/include/qt5/QtCore/qobject.h:47,
                 from /usr/include/qt5/QtCore/qiodevice.h:45,
                 from /usr/include/qt5/QtCore/qfiledevice.h:43,
                 from /usr/include/qt5/QtCore/qfile.h:44,
                 from /usr/include/qt5/QtCore/QFile:1,
                 from ../../core/libLumina/LuminaXDG.h:18,
                 from ../../core/libLumina/LuminaXDG.cpp:7:
/usr/include/qt5/QtCore/qstring.h:609:17: note: declared here
  609 |     QStringList split(const QString &sep, SplitBehavior behavior,
      |                 ^~~~~
../../core/libLumina/LuminaXDG.cpp:118:68: warning: ‘QStringList QString::split(const QString&, QString::SplitBehavior, Qt::CaseSensitivity) const’ is deprecated: Use Qt::SplitBehavior variant instead [-Wdeprecated-declarations]
  118 |     else if(var=="OnlyShowIn" && insection){ showInList = val.split(";",QString::SkipEmptyParts); }
      |                                                           ~~~~~~~~~^~~~~~~~~~~~~~~~~~~~~~~~~~~~~
In file included from /usr/include/qt5/QtCore/qobject.h:47,
                 from /usr/include/qt5/QtCore/qiodevice.h:45,
                 from /usr/include/qt5/QtCore/qfiledevice.h:43,
                 from /usr/include/qt5/QtCore/qfile.h:44,
                 from /usr/include/qt5/QtCore/QFile:1,
                 from ../../core/libLumina/LuminaXDG.h:18,
                 from ../../core/libLumina/LuminaXDG.cpp:7:
/usr/include/qt5/QtCore/qstring.h:609:17: note: declared here
  609 |     QStringList split(const QString &sep, SplitBehavior behavior,
      |                 ^~~~~
../../core/libLumina/LuminaXDG.cpp:119:70: warning: ‘QStringList QString::split(const QString&, QString::SplitBehavior, Qt::CaseSensitivity) const’ is deprecated: Use Qt::SplitBehavior variant instead [-Wdeprecated-declarations]
  119 |     else if(var=="NotShowIn" && insection){ notShowInList = val.split(";",QString::SkipEmptyParts); }
      |                                                             ~~~~~~~~~^~~~~~~~~~~~~~~~~~~~~~~~~~~~~
In file included from /usr/include/qt5/QtCore/qobject.h:47,
                 from /usr/include/qt5/QtCore/qiodevice.h:45,
                 from /usr/include/qt5/QtCore/qfiledevice.h:43,
                 from /usr/include/qt5/QtCore/qfile.h:44,
                 from /usr/include/qt5/QtCore/QFile:1,
                 from ../../core/libLumina/LuminaXDG.h:18,
                 from ../../core/libLumina/LuminaXDG.cpp:7:
/usr/include/qt5/QtCore/qstring.h:609:17: note: declared here
  609 |     QStringList split(const QString &sep, SplitBehavior behavior,
      |                 ^~~~~
../../core/libLumina/LuminaXDG.cpp:121:65: warning: ‘QStringList QString::split(const QString&, QString::SplitBehavior, Qt::CaseSensitivity) const’ is deprecated: Use Qt::SplitBehavior variant instead [-Wdeprecated-declarations]
  121 |     else if(var=="Actions" && insection){ actionList = val.split(";",QString::SkipEmptyParts); }
      |                                                        ~~~~~~~~~^~~~~~~~~~~~~~~~~~~~~~~~~~~~~
In file included from /usr/include/qt5/QtCore/qobject.h:47,
                 from /usr/include/qt5/QtCore/qiodevice.h:45,
                 from /usr/include/qt5/QtCore/qfiledevice.h:43,
                 from /usr/include/qt5/QtCore/qfile.h:44,
                 from /usr/include/qt5/QtCore/QFile:1,
                 from ../../core/libLumina/LuminaXDG.h:18,
                 from ../../core/libLumina/LuminaXDG.cpp:7:
/usr/include/qt5/QtCore/qstring.h:609:17: note: declared here
  609 |     QStringList split(const QString &sep, SplitBehavior behavior,
      |                 ^~~~~
../../core/libLumina/LuminaXDG.cpp:122:64: warning: ‘QStringList QString::split(const QString&, QString::SplitBehavior, Qt::CaseSensitivity) const’ is deprecated: Use Qt::SplitBehavior variant instead [-Wdeprecated-declarations]
  122 |     else if(var=="MimeType" && insection){ mimeList = val.split(";",QString::SkipEmptyParts); }
      |                                                       ~~~~~~~~~^~~~~~~~~~~~~~~~~~~~~~~~~~~~~
In file included from /usr/include/qt5/QtCore/qobject.h:47,
                 from /usr/include/qt5/QtCore/qiodevice.h:45,
                 from /usr/include/qt5/QtCore/qfiledevice.h:43,
                 from /usr/include/qt5/QtCore/qfile.h:44,
                 from /usr/include/qt5/QtCore/QFile:1,
                 from ../../core/libLumina/LuminaXDG.h:18,
                 from ../../core/libLumina/LuminaXDG.cpp:7:
/usr/include/qt5/QtCore/qstring.h:609:17: note: declared here
  609 |     QStringList split(const QString &sep, SplitBehavior behavior,
      |                 ^~~~~
../../core/libLumina/LuminaXDG.cpp:124:66: warning: ‘QStringList QString::split(const QString&, QString::SplitBehavior, Qt::CaseSensitivity) const’ is deprecated: Use Qt::SplitBehavior variant instead [-Wdeprecated-declarations]
  124 |       if(keyList.isEmpty() && loc.isEmpty()){ keyList = val.split(";",QString::SkipEmptyParts); }
      |                                                         ~~~~~~~~~^~~~~~~~~~~~~~~~~~~~~~~~~~~~~
In file included from /usr/include/qt5/QtCore/qobject.h:47,
                 from /usr/include/qt5/QtCore/qiodevice.h:45,
                 from /usr/include/qt5/QtCore/qfiledevice.h:43,
                 from /usr/include/qt5/QtCore/qfile.h:44,
                 from /usr/include/qt5/QtCore/QFile:1,
                 from ../../core/libLumina/LuminaXDG.h:18,
                 from ../../core/libLumina/LuminaXDG.cpp:7:
/usr/include/qt5/QtCore/qstring.h:609:17: note: declared here
  609 |     QStringList split(const QString &sep, SplitBehavior behavior,
      |                 ^~~~~
../../core/libLumina/LuminaXDG.cpp:125:48: warning: ‘QStringList QString::split(const QString&, QString::SplitBehavior, Qt::CaseSensitivity) const’ is deprecated: Use Qt::SplitBehavior variant instead [-Wdeprecated-declarations]
  125 |       else if(loc == lang){ keyList = val.split(";",QString::SkipEmptyParts); }
      |                                       ~~~~~~~~~^~~~~~~~~~~~~~~~~~~~~~~~~~~~~
In file included from /usr/include/qt5/QtCore/qobject.h:47,
                 from /usr/include/qt5/QtCore/qiodevice.h:45,
                 from /usr/include/qt5/QtCore/qfiledevice.h:43,
                 from /usr/include/qt5/QtCore/qfile.h:44,
                 from /usr/include/qt5/QtCore/QFile:1,
                 from ../../core/libLumina/LuminaXDG.h:18,
                 from ../../core/libLumina/LuminaXDG.cpp:7:
/usr/include/qt5/QtCore/qstring.h:609:17: note: declared here
  609 |     QStringList split(const QString &sep, SplitBehavior behavior,
      |                 ^~~~~
../../core/libLumina/LuminaXDG.cpp: In static member function ‘static QStringList LXDG::getIconThemeDepChain(QString, QStringList)’:
../../core/libLumina/LuminaXDG.cpp:1042:52: warning: ‘QStringList QString::split(const QString&, QString::SplitBehavior, Qt::CaseSensitivity) const’ is deprecated: Use Qt::SplitBehavior variant instead [-Wdeprecated-declarations]
 1042 |         deps = deps.first().section("=",1,-1).split(";",QString::SkipEmptyParts);
      |                ~~~~~~~~~~~~~~~~~~~~~~~~~~~~~~~~~~~~^~~~~~~~~~~~~~~~~~~~~~~~~~~~~
In file included from /usr/include/qt5/QtCore/qobject.h:47,
                 from /usr/include/qt5/QtCore/qiodevice.h:45,
                 from /usr/include/qt5/QtCore/qfiledevice.h:43,
                 from /usr/include/qt5/QtCore/qfile.h:44,
                 from /usr/include/qt5/QtCore/QFile:1,
                 from ../../core/libLumina/LuminaXDG.h:18,
                 from ../../core/libLumina/LuminaXDG.cpp:7:
/usr/include/qt5/QtCore/qstring.h:609:17: note: declared here
  609 |     QStringList split(const QString &sep, SplitBehavior behavior,
      |                 ^~~~~
../../core/libLumina/LuminaXDG.cpp: In static member function ‘static QStringList LXDG::findAvailableAppsForMime(QString)’:
../../core/libLumina/LuminaXDG.cpp:1310:62: warning: ‘QStringList QString::split(const QString&, QString::SplitBehavior, Qt::CaseSensitivity) const’ is deprecated: Use Qt::SplitBehavior variant instead [-Wdeprecated-declarations]
 1310 |         QStringList files = matches[j].section("=",1,1).split(";",QString::SkipEmptyParts);
      |                             ~~~~~~~~~~~~~~~~~~~~~~~~~~~~~~~~~^~~~~~~~~~~~~~~~~~~~~~~~~~~~~
In file included from /usr/include/qt5/QtCore/qobject.h:47,
                 from /usr/include/qt5/QtCore/qiodevice.h:45,
                 from /usr/include/qt5/QtCore/qfiledevice.h:43,
                 from /usr/include/qt5/QtCore/qfile.h:44,
                 from /usr/include/qt5/QtCore/QFile:1,
                 from ../../core/libLumina/LuminaXDG.h:18,
                 from ../../core/libLumina/LuminaXDG.cpp:7:
/usr/include/qt5/QtCore/qstring.h:609:17: note: declared here
  609 |     QStringList split(const QString &sep, SplitBehavior behavior,
      |                 ^~~~~
g++ -c -pipe -O2 -flto=auto -ffat-lto-objects -fexceptions -g -grecord-gcc-switches -pipe -Wall -Werror=format-security -Wp,-D_FORTIFY_SOURCE=2 -Wp,-D_GLIBCXX_ASSERTIONS -specs=/usr/lib/rpm/redhat/redhat-hardened-cc1 -fstack-protector-strong -specs=/usr/lib/rpm/redhat/redhat-annobin-cc1 -m64 -mtune=generic -fasynchronous-unwind-tables -fstack-clash-protection -fcf-protection -std=gnu++11 -Wall -Wextra -D_REENTRANT -fPIC -DPREFIX=QString\(\"/usr\"\) -DL_ETCDIR=QString\(\"/etc\"\) -DL_SHAREDIR=QString\(\"/usr/share\"\) -DGIT_VERSION="\"a88ea52f\"" -DQT_NO_DEBUG -DQT_SVG_LIB -DQT_WIDGETS_LIB -DQT_MULTIMEDIA_LIB -DQT_GUI_LIB -DQT_CONCURRENT_LIB -DQT_NETWORK_LIB -DQT_CORE_LIB -I. -I../../core/libLumina -I/usr/include/qt5 -I/usr -I/usr/include -I/home/q5sys/git/lumina/src-qt5/core-utils/lumina-search -I/usr/include/qt5/QtSvg -I/usr/include/qt5/QtWidgets -I/usr/include/qt5/QtMultimedia -I/usr/include/qt5/QtGui -I/usr/include/qt5/QtConcurrent -I/usr/include/qt5/QtNetwork -I/usr/include/qt5/QtCore -I.build/moc -I.build/ui -I/usr/lib64/qt5/mkspecs/linux-g++ -o .build/obj/LuminaThemes.o ../../core/libLumina/LuminaThemes.cpp
../../core/libLumina/LuminaXDG.cpp: In member function ‘void XDGDesktop::sync()’:
../../core/libLumina/LuminaXDG.cpp:117:65: warning: ‘QStringList QString::split(const QString&, QString::SplitBehavior, Qt::CaseSensitivity) const’ is deprecated: Use Qt::SplitBehavior variant instead [-Wdeprecated-declarations]
  117 |     else if(var=="Categories" && insection){ catList = val.split(";",QString::SkipEmptyParts); }
      |                                                        ~~~~~~~~~^~~~~~~~~~~~~~~~~~~~~~~~~~~~~
In file included from /usr/include/qt5/QtCore/qobject.h:47,
                 from /usr/include/qt5/QtCore/qiodevice.h:45,
                 from /usr/include/qt5/QtCore/qfiledevice.h:43,
                 from /usr/include/qt5/QtCore/qfile.h:44,
                 from /usr/include/qt5/QtCore/QFile:1,
                 from ../../core/libLumina/LuminaXDG.h:18,
                 from ../../core/libLumina/LuminaXDG.cpp:7:
/usr/include/qt5/QtCore/qstring.h:609:17: note: declared here
  609 |     QStringList split(const QString &sep, SplitBehavior behavior,
      |                 ^~~~~
../../core/libLumina/LuminaXDG.cpp:118:68: warning: ‘QStringList QString::split(const QString&, QString::SplitBehavior, Qt::CaseSensitivity) const’ is deprecated: Use Qt::SplitBehavior variant instead [-Wdeprecated-declarations]
  118 |     else if(var=="OnlyShowIn" && insection){ showInList = val.split(";",QString::SkipEmptyParts); }
      |                                                           ~~~~~~~~~^~~~~~~~~~~~~~~~~~~~~~~~~~~~~
In file included from /usr/include/qt5/QtCore/qobject.h:47,
                 from /usr/include/qt5/QtCore/qiodevice.h:45,
                 from /usr/include/qt5/QtCore/qfiledevice.h:43,
                 from /usr/include/qt5/QtCore/qfile.h:44,
                 from /usr/include/qt5/QtCore/QFile:1,
                 from ../../core/libLumina/LuminaXDG.h:18,
                 from ../../core/libLumina/LuminaXDG.cpp:7:
/usr/include/qt5/QtCore/qstring.h:609:17: note: declared here
  609 |     QStringList split(const QString &sep, SplitBehavior behavior,
      |                 ^~~~~
../../core/libLumina/LuminaXDG.cpp:119:70: warning: ‘QStringList QString::split(const QString&, QString::SplitBehavior, Qt::CaseSensitivity) const’ is deprecated: Use Qt::SplitBehavior variant instead [-Wdeprecated-declarations]
  119 |     else if(var=="NotShowIn" && insection){ notShowInList = val.split(";",QString::SkipEmptyParts); }
      |                                                             ~~~~~~~~~^~~~~~~~~~~~~~~~~~~~~~~~~~~~~
In file included from /usr/include/qt5/QtCore/qobject.h:47,
                 from /usr/include/qt5/QtCore/qiodevice.h:45,
                 from /usr/include/qt5/QtCore/qfiledevice.h:43,
                 from /usr/include/qt5/QtCore/qfile.h:44,
                 from /usr/include/qt5/QtCore/QFile:1,
                 from ../../core/libLumina/LuminaXDG.h:18,
                 from ../../core/libLumina/LuminaXDG.cpp:7:
/usr/include/qt5/QtCore/qstring.h:609:17: note: declared here
  609 |     QStringList split(const QString &sep, SplitBehavior behavior,
      |                 ^~~~~
../../core/libLumina/LuminaXDG.cpp:121:65: warning: ‘QStringList QString::split(const QString&, QString::SplitBehavior, Qt::CaseSensitivity) const’ is deprecated: Use Qt::SplitBehavior variant instead [-Wdeprecated-declarations]
  121 |     else if(var=="Actions" && insection){ actionList = val.split(";",QString::SkipEmptyParts); }
      |                                                        ~~~~~~~~~^~~~~~~~~~~~~~~~~~~~~~~~~~~~~
In file included from /usr/include/qt5/QtCore/qobject.h:47,
                 from /usr/include/qt5/QtCore/qiodevice.h:45,
                 from /usr/include/qt5/QtCore/qfiledevice.h:43,
                 from /usr/include/qt5/QtCore/qfile.h:44,
                 from /usr/include/qt5/QtCore/QFile:1,
                 from ../../core/libLumina/LuminaXDG.h:18,
                 from ../../core/libLumina/LuminaXDG.cpp:7:
/usr/include/qt5/QtCore/qstring.h:609:17: note: declared here
  609 |     QStringList split(const QString &sep, SplitBehavior behavior,
      |                 ^~~~~
../../core/libLumina/LuminaXDG.cpp:122:64: warning: ‘QStringList QString::split(const QString&, QString::SplitBehavior, Qt::CaseSensitivity) const’ is deprecated: Use Qt::SplitBehavior variant instead [-Wdeprecated-declarations]
  122 |     else if(var=="MimeType" && insection){ mimeList = val.split(";",QString::SkipEmptyParts); }
      |                                                       ~~~~~~~~~^~~~~~~~~~~~~~~~~~~~~~~~~~~~~
In file included from /usr/include/qt5/QtCore/qobject.h:47,
                 from /usr/include/qt5/QtCore/qiodevice.h:45,
                 from /usr/include/qt5/QtCore/qfiledevice.h:43,
                 from /usr/include/qt5/QtCore/qfile.h:44,
                 from /usr/include/qt5/QtCore/QFile:1,
                 from ../../core/libLumina/LuminaXDG.h:18,
                 from ../../core/libLumina/LuminaXDG.cpp:7:
/usr/include/qt5/QtCore/qstring.h:609:17: note: declared here
  609 |     QStringList split(const QString &sep, SplitBehavior behavior,
      |                 ^~~~~
../../core/libLumina/LuminaXDG.cpp:124:66: warning: ‘QStringList QString::split(const QString&, QString::SplitBehavior, Qt::CaseSensitivity) const’ is deprecated: Use Qt::SplitBehavior variant instead [-Wdeprecated-declarations]
  124 |       if(keyList.isEmpty() && loc.isEmpty()){ keyList = val.split(";",QString::SkipEmptyParts); }
      |                                                         ~~~~~~~~~^~~~~~~~~~~~~~~~~~~~~~~~~~~~~
In file included from /usr/include/qt5/QtCore/qobject.h:47,
                 from /usr/include/qt5/QtCore/qiodevice.h:45,
                 from /usr/include/qt5/QtCore/qfiledevice.h:43,
                 from /usr/include/qt5/QtCore/qfile.h:44,
                 from /usr/include/qt5/QtCore/QFile:1,
                 from ../../core/libLumina/LuminaXDG.h:18,
                 from ../../core/libLumina/LuminaXDG.cpp:7:
/usr/include/qt5/QtCore/qstring.h:609:17: note: declared here
  609 |     QStringList split(const QString &sep, SplitBehavior behavior,
      |                 ^~~~~
../../core/libLumina/LuminaXDG.cpp:125:48: warning: ‘QStringList QString::split(const QString&, QString::SplitBehavior, Qt::CaseSensitivity) const’ is deprecated: Use Qt::SplitBehavior variant instead [-Wdeprecated-declarations]
  125 |       else if(loc == lang){ keyList = val.split(";",QString::SkipEmptyParts); }
      |                                       ~~~~~~~~~^~~~~~~~~~~~~~~~~~~~~~~~~~~~~
In file included from /usr/include/qt5/QtCore/qobject.h:47,
                 from /usr/include/qt5/QtCore/qiodevice.h:45,
                 from /usr/include/qt5/QtCore/qfiledevice.h:43,
                 from /usr/include/qt5/QtCore/qfile.h:44,
                 from /usr/include/qt5/QtCore/QFile:1,
                 from ../../core/libLumina/LuminaXDG.h:18,
                 from ../../core/libLumina/LuminaXDG.cpp:7:
/usr/include/qt5/QtCore/qstring.h:609:17: note: declared here
  609 |     QStringList split(const QString &sep, SplitBehavior behavior,
      |                 ^~~~~
../../core/libLumina/LuminaXDG.cpp: In static member function ‘static QStringList LXDG::getIconThemeDepChain(QString, QStringList)’:
../../core/libLumina/LuminaXDG.cpp:1042:52: warning: ‘QStringList QString::split(const QString&, QString::SplitBehavior, Qt::CaseSensitivity) const’ is deprecated: Use Qt::SplitBehavior variant instead [-Wdeprecated-declarations]
 1042 |         deps = deps.first().section("=",1,-1).split(";",QString::SkipEmptyParts);
      |                ~~~~~~~~~~~~~~~~~~~~~~~~~~~~~~~~~~~~^~~~~~~~~~~~~~~~~~~~~~~~~~~~~
In file included from /usr/include/qt5/QtCore/qobject.h:47,
                 from /usr/include/qt5/QtCore/qiodevice.h:45,
                 from /usr/include/qt5/QtCore/qfiledevice.h:43,
                 from /usr/include/qt5/QtCore/qfile.h:44,
                 from /usr/include/qt5/QtCore/QFile:1,
                 from ../../core/libLumina/LuminaXDG.h:18,
                 from ../../core/libLumina/LuminaXDG.cpp:7:
/usr/include/qt5/QtCore/qstring.h:609:17: note: declared here
  609 |     QStringList split(const QString &sep, SplitBehavior behavior,
      |                 ^~~~~
../../core/libLumina/LuminaXDG.cpp: In static member function ‘static QStringList LXDG::findAvailableAppsForMime(QString)’:
../../core/libLumina/LuminaXDG.cpp:1310:62: warning: ‘QStringList QString::split(const QString&, QString::SplitBehavior, Qt::CaseSensitivity) const’ is deprecated: Use Qt::SplitBehavior variant instead [-Wdeprecated-declarations]
 1310 |         QStringList files = matches[j].section("=",1,1).split(";",QString::SkipEmptyParts);
      |                             ~~~~~~~~~~~~~~~~~~~~~~~~~~~~~~~~~^~~~~~~~~~~~~~~~~~~~~~~~~~~~~
In file included from /usr/include/qt5/QtCore/qobject.h:47,
                 from /usr/include/qt5/QtCore/qiodevice.h:45,
                 from /usr/include/qt5/QtCore/qfiledevice.h:43,
                 from /usr/include/qt5/QtCore/qfile.h:44,
                 from /usr/include/qt5/QtCore/QFile:1,
                 from ../../core/libLumina/LuminaXDG.h:18,
                 from ../../core/libLumina/LuminaXDG.cpp:7:
/usr/include/qt5/QtCore/qstring.h:609:17: note: declared here
  609 |     QStringList split(const QString &sep, SplitBehavior behavior,
      |                 ^~~~~
g++ -c -pipe -O2 -flto=auto -ffat-lto-objects -fexceptions -g -grecord-gcc-switches -pipe -Wall -Werror=format-security -Wp,-D_FORTIFY_SOURCE=2 -Wp,-D_GLIBCXX_ASSERTIONS -specs=/usr/lib/rpm/redhat/redhat-hardened-cc1 -fstack-protector-strong -specs=/usr/lib/rpm/redhat/redhat-annobin-cc1 -m64 -mtune=generic -fasynchronous-unwind-tables -fstack-clash-protection -fcf-protection -std=gnu++11 -Wall -Wextra -D_REENTRANT -fPIC -DPREFIX=QString\(\"/usr\"\) -DL_ETCDIR=QString\(\"/etc\"\) -DL_SHAREDIR=QString\(\"/usr/share\"\) -DGIT_VERSION="\"a88ea52f\"" -DQT_NO_DEBUG -DQT_SVG_LIB -DQT_WIDGETS_LIB -DQT_MULTIMEDIA_LIB -DQT_X11EXTRAS_LIB -DQT_GUI_LIB -DQT_NETWORK_LIB -DQT_CONCURRENT_LIB -DQT_CORE_LIB -I. -I../../core/libLumina -I/usr/include/qt5 -I/usr -I/usr/include -I/home/q5sys/git/lumina/src-qt5/core-utils/lumina-xconfig -I/usr/include/qt5/QtSvg -I/usr/include/qt5/QtWidgets -I/usr/include/qt5/QtMultimedia -I/usr/include/qt5/QtX11Extras -I/usr/include/qt5/QtGui -I/usr/include/qt5/QtNetwork -I/usr/include/qt5/QtConcurrent -I/usr/include/qt5/QtCore -I.build/moc -I.build/ui -I/usr/lib64/qt5/mkspecs/linux-g++ -o .build/obj/LuminaThemes.o ../../core/libLumina/LuminaThemes.cpp
g++ -c -pipe -O2 -flto=auto -ffat-lto-objects -fexceptions -g -grecord-gcc-switches -pipe -Wall -Werror=format-security -Wp,-D_FORTIFY_SOURCE=2 -Wp,-D_GLIBCXX_ASSERTIONS -specs=/usr/lib/rpm/redhat/redhat-hardened-cc1 -fstack-protector-strong -specs=/usr/lib/rpm/redhat/redhat-annobin-cc1 -m64 -mtune=generic -fasynchronous-unwind-tables -fstack-clash-protection -fcf-protection -std=gnu++11 -Wall -Wextra -D_REENTRANT -fPIC -DPREFIX=QString\(\"/usr\"\) -DL_ETCDIR=QString\(\"/etc\"\) -DL_SHAREDIR=QString\(\"/usr/share\"\) -DGIT_VERSION="\"a88ea52f\"" -DQT_NO_DEBUG -DQT_SVG_LIB -DQT_WIDGETS_LIB -DQT_MULTIMEDIA_LIB -DQT_GUI_LIB -DQT_CONCURRENT_LIB -DQT_NETWORK_LIB -DQT_CORE_LIB -I. -I../../core/libLumina -I/usr/include/qt5 -I/usr -I/usr/include -I/home/q5sys/git/lumina/src-qt5/core-utils/lumina-search -I/usr/include/qt5/QtSvg -I/usr/include/qt5/QtWidgets -I/usr/include/qt5/QtMultimedia -I/usr/include/qt5/QtGui -I/usr/include/qt5/QtConcurrent -I/usr/include/qt5/QtNetwork -I/usr/include/qt5/QtCore -I.build/moc -I.build/ui -I/usr/lib64/qt5/mkspecs/linux-g++ -o .build/obj/main.o main.cpp
g++ -c -pipe -O2 -flto=auto -ffat-lto-objects -fexceptions -g -grecord-gcc-switches -pipe -Wall -Werror=format-security -Wp,-D_FORTIFY_SOURCE=2 -Wp,-D_GLIBCXX_ASSERTIONS -specs=/usr/lib/rpm/redhat/redhat-hardened-cc1 -fstack-protector-strong -specs=/usr/lib/rpm/redhat/redhat-annobin-cc1 -m64 -mtune=generic -fasynchronous-unwind-tables -fstack-clash-protection -fcf-protection -std=gnu++11 -Wall -Wextra -D_REENTRANT -fPIC -DPREFIX=QString\(\"/usr\"\) -DL_ETCDIR=QString\(\"/etc\"\) -DL_SHAREDIR=QString\(\"/usr/share\"\) -DGIT_VERSION="\"a88ea52f\"" -DNO_XINPUT -DQT_NO_DEBUG -DQT_SVG_LIB -DQT_WIDGETS_LIB -DQT_X11EXTRAS_LIB -DQT_MULTIMEDIA_LIB -DQT_GUI_LIB -DQT_NETWORK_LIB -DQT_CONCURRENT_LIB -DQT_CORE_LIB -I. -I../../core/libLumina -I/usr/include/qt5 -I/usr -I/usr/include -I/home/q5sys/git/lumina/src-qt5/core-utils/lumina-config -I/usr/include/qt5/QtSvg -I/usr/include/qt5/QtWidgets -I/usr/include/qt5/QtX11Extras -I/usr/include/qt5/QtMultimedia -I/usr/include/qt5/QtGui -I/usr/include/qt5/QtNetwork -I/usr/include/qt5/QtConcurrent -I/usr/include/qt5/QtCore -I.build/moc -I.build/ui -I/usr/lib64/qt5/mkspecs/linux-g++ -o .build/obj/LFileInfo.o ../../core/libLumina/LFileInfo.cpp
g++ -c -pipe -O2 -flto=auto -ffat-lto-objects -fexceptions -g -grecord-gcc-switches -pipe -Wall -Werror=format-security -Wp,-D_FORTIFY_SOURCE=2 -Wp,-D_GLIBCXX_ASSERTIONS -specs=/usr/lib/rpm/redhat/redhat-hardened-cc1 -fstack-protector-strong -specs=/usr/lib/rpm/redhat/redhat-annobin-cc1 -m64 -mtune=generic -fasynchronous-unwind-tables -fstack-clash-protection -fcf-protection -std=gnu++11 -Wall -Wextra -D_REENTRANT -fPIC -DPREFIX=QString\(\"/usr\"\) -DL_ETCDIR=QString\(\"/etc\"\) -DL_SHAREDIR=QString\(\"/usr/share\"\) -DGIT_VERSION="\"a88ea52f\"" -DQT_NO_DEBUG -DQT_MULTIMEDIAWIDGETS_LIB -DQT_SVG_LIB -DQT_WIDGETS_LIB -DQT_MULTIMEDIA_LIB -DQT_X11EXTRAS_LIB -DQT_GUI_LIB -DQT_NETWORK_LIB -DQT_CONCURRENT_LIB -DQT_CORE_LIB -I. -I../../core/libLumina -I/usr/include/qt5 -I/usr -I/usr/include -I/home/q5sys/git/lumina/src-qt5/desktop-utils/lumina-fm -I/usr/include/qt5/QtMultimediaWidgets -I/usr/include/qt5/QtSvg -I/usr/include/qt5/QtWidgets -I/usr/include/qt5/QtMultimedia -I/usr/include/qt5/QtX11Extras -I/usr/include/qt5/QtGui -I/usr/include/qt5/QtNetwork -I/usr/include/qt5/QtConcurrent -I/usr/include/qt5/QtCore -I.build/moc -I.build/ui -I/usr/lib64/qt5/mkspecs/linux-g++ -o .build/obj/LFileInfo.o ../../core/libLumina/LFileInfo.cpp
g++ -c -pipe -O2 -flto=auto -ffat-lto-objects -fexceptions -g -grecord-gcc-switches -pipe -Wall -Werror=format-security -Wp,-D_FORTIFY_SOURCE=2 -Wp,-D_GLIBCXX_ASSERTIONS -specs=/usr/lib/rpm/redhat/redhat-hardened-cc1 -fstack-protector-strong -specs=/usr/lib/rpm/redhat/redhat-annobin-cc1 -m64 -mtune=generic -fasynchronous-unwind-tables -fstack-clash-protection -fcf-protection -std=gnu++11 -Wall -Wextra -D_REENTRANT -fPIC -DPREFIX=QString\(\"/usr\"\) -DL_ETCDIR=QString\(\"/etc\"\) -DL_SHAREDIR=QString\(\"/usr/share\"\) -DGIT_VERSION="\"a88ea52f\"" -DQT_NO_DEBUG -DQT_SVG_LIB -DQT_WIDGETS_LIB -DQT_MULTIMEDIA_LIB -DQT_X11EXTRAS_LIB -DQT_GUI_LIB -DQT_NETWORK_LIB -DQT_CONCURRENT_LIB -DQT_CORE_LIB -I. -I../../core/libLumina -I/usr/include/qt5 -I/usr -I/usr/include -I/home/q5sys/git/lumina/src-qt5/core-utils/lumina-xconfig -I/usr/include/qt5/QtSvg -I/usr/include/qt5/QtWidgets -I/usr/include/qt5/QtMultimedia -I/usr/include/qt5/QtX11Extras -I/usr/include/qt5/QtGui -I/usr/include/qt5/QtNetwork -I/usr/include/qt5/QtConcurrent -I/usr/include/qt5/QtCore -I.build/moc -I.build/ui -I/usr/lib64/qt5/mkspecs/linux-g++ -o .build/obj/main.o main.cpp
../../core/libLumina/LFileInfo.cpp: In member function ‘void LFileInfo::getZfsDataset()’:
../../core/libLumina/LFileInfo.cpp:103:80: warning: ‘QStringList QString::split(const QString&, QString::SplitBehavior, Qt::CaseSensitivity) const’ is deprecated: Use Qt::SplitBehavior variant instead [-Wdeprecated-declarations]
  103 |         if(!gplist.isEmpty()){ gplist = gplist.first().replace("\t", " ").split(" ",QString::SkipEmptyParts); gplist.removeAll("groups"); }
      |                                         ~~~~~~~~~~~~~~~~~~~~~~~~~~~~~~~~~~~~~~~^~~~~~~~~~~~~~~~~~~~~~~~~~~~~
In file included from /usr/include/qt5/QtCore/qobject.h:47,
                 from /usr/include/qt5/QtCore/qiodevice.h:45,
                 from /usr/include/qt5/QtCore/qfiledevice.h:43,
                 from /usr/include/qt5/QtCore/qfile.h:44,
                 from /usr/include/qt5/QtCore/QFile:1,
                 from ../../core/libLumina/LuminaXDG.h:18,
                 from ../../core/libLumina/LFileInfo.h:13,
                 from ../../core/libLumina/LFileInfo.cpp:7:
/usr/include/qt5/QtCore/qstring.h:609:17: note: declared here
  609 |     QStringList split(const QString &sep, SplitBehavior behavior,
      |                 ^~~~~
../../core/libLumina/LFileInfo.cpp:107:84: warning: ‘QStringList QString::split(const QString&, QString::SplitBehavior, Qt::CaseSensitivity) const’ is deprecated: Use Qt::SplitBehavior variant instead [-Wdeprecated-declarations]
  107 |           zfs_perms << tmp.first().section(" ",2,2,QString::SectionSkipEmpty).split(",",QString::SkipEmptyParts);
      |                        ~~~~~~~~~~~~~~~~~~~~~~~~~~~~~~~~~~~~~~~~~~~~~~~~~~~~~~~~~~~~^~~~~~~~~~~~~~~~~~~~~~~~~~~~~
In file included from /usr/include/qt5/QtCore/qobject.h:47,
                 from /usr/include/qt5/QtCore/qiodevice.h:45,
                 from /usr/include/qt5/QtCore/qfiledevice.h:43,
                 from /usr/include/qt5/QtCore/qfile.h:44,
                 from /usr/include/qt5/QtCore/QFile:1,
                 from ../../core/libLumina/LuminaXDG.h:18,
                 from ../../core/libLumina/LFileInfo.h:13,
                 from ../../core/libLumina/LFileInfo.cpp:7:
/usr/include/qt5/QtCore/qstring.h:609:17: note: declared here
  609 |     QStringList split(const QString &sep, SplitBehavior behavior,
      |                 ^~~~~
g++ -c -pipe -O2 -flto=auto -ffat-lto-objects -fexceptions -g -grecord-gcc-switches -pipe -Wall -Werror=format-security -Wp,-D_FORTIFY_SOURCE=2 -Wp,-D_GLIBCXX_ASSERTIONS -specs=/usr/lib/rpm/redhat/redhat-hardened-cc1 -fstack-protector-strong -specs=/usr/lib/rpm/redhat/redhat-annobin-cc1 -m64 -mtune=generic -fasynchronous-unwind-tables -fstack-clash-protection -fcf-protection -std=gnu++11 -Wall -Wextra -D_REENTRANT -fPIC -DPREFIX=QString\(\"/usr\"\) -DL_ETCDIR=QString\(\"/etc\"\) -DL_SHAREDIR=QString\(\"/usr/share\"\) -DGIT_VERSION="\"a88ea52f\"" -DQT_NO_DEBUG -DQT_SVG_LIB -DQT_WIDGETS_LIB -DQT_MULTIMEDIA_LIB -DQT_GUI_LIB -DQT_CONCURRENT_LIB -DQT_NETWORK_LIB -DQT_CORE_LIB -I. -I../../core/libLumina -I/usr/include/qt5 -I/usr -I/usr/include -I/home/q5sys/git/lumina/src-qt5/core-utils/lumina-search -I/usr/include/qt5/QtSvg -I/usr/include/qt5/QtWidgets -I/usr/include/qt5/QtMultimedia -I/usr/include/qt5/QtGui -I/usr/include/qt5/QtConcurrent -I/usr/include/qt5/QtNetwork -I/usr/include/qt5/QtCore -I.build/moc -I.build/ui -I/usr/lib64/qt5/mkspecs/linux-g++ -o .build/obj/MainUI.o MainUI.cpp
../../core/libLumina/LFileInfo.cpp: In member function ‘void LFileInfo::getZfsDataset()’:
../../core/libLumina/LFileInfo.cpp:103:80: warning: ‘QStringList QString::split(const QString&, QString::SplitBehavior, Qt::CaseSensitivity) const’ is deprecated: Use Qt::SplitBehavior variant instead [-Wdeprecated-declarations]
  103 |         if(!gplist.isEmpty()){ gplist = gplist.first().replace("\t", " ").split(" ",QString::SkipEmptyParts); gplist.removeAll("groups"); }
      |                                         ~~~~~~~~~~~~~~~~~~~~~~~~~~~~~~~~~~~~~~~^~~~~~~~~~~~~~~~~~~~~~~~~~~~~
In file included from /usr/include/qt5/QtCore/qobject.h:47,
                 from /usr/include/qt5/QtCore/qiodevice.h:45,
                 from /usr/include/qt5/QtCore/qfiledevice.h:43,
                 from /usr/include/qt5/QtCore/qfile.h:44,
                 from /usr/include/qt5/QtCore/QFile:1,
                 from ../../core/libLumina/LuminaXDG.h:18,
                 from ../../core/libLumina/LFileInfo.h:13,
                 from ../../core/libLumina/LFileInfo.cpp:7:
/usr/include/qt5/QtCore/qstring.h:609:17: note: declared here
  609 |     QStringList split(const QString &sep, SplitBehavior behavior,
      |                 ^~~~~
../../core/libLumina/LFileInfo.cpp:107:84: warning: ‘QStringList QString::split(const QString&, QString::SplitBehavior, Qt::CaseSensitivity) const’ is deprecated: Use Qt::SplitBehavior variant instead [-Wdeprecated-declarations]
  107 |           zfs_perms << tmp.first().section(" ",2,2,QString::SectionSkipEmpty).split(",",QString::SkipEmptyParts);
      |                        ~~~~~~~~~~~~~~~~~~~~~~~~~~~~~~~~~~~~~~~~~~~~~~~~~~~~~~~~~~~~^~~~~~~~~~~~~~~~~~~~~~~~~~~~~
In file included from /usr/include/qt5/QtCore/qobject.h:47,
                 from /usr/include/qt5/QtCore/qiodevice.h:45,
                 from /usr/include/qt5/QtCore/qfiledevice.h:43,
                 from /usr/include/qt5/QtCore/qfile.h:44,
                 from /usr/include/qt5/QtCore/QFile:1,
                 from ../../core/libLumina/LuminaXDG.h:18,
                 from ../../core/libLumina/LFileInfo.h:13,
                 from ../../core/libLumina/LFileInfo.cpp:7:
/usr/include/qt5/QtCore/qstring.h:609:17: note: declared here
  609 |     QStringList split(const QString &sep, SplitBehavior behavior,
      |                 ^~~~~
g++ -c -pipe -O2 -flto=auto -ffat-lto-objects -fexceptions -g -grecord-gcc-switches -pipe -Wall -Werror=format-security -Wp,-D_FORTIFY_SOURCE=2 -Wp,-D_GLIBCXX_ASSERTIONS -specs=/usr/lib/rpm/redhat/redhat-hardened-cc1 -fstack-protector-strong -specs=/usr/lib/rpm/redhat/redhat-annobin-cc1 -m64 -mtune=generic -fasynchronous-unwind-tables -fstack-clash-protection -fcf-protection -std=gnu++11 -Wall -Wextra -D_REENTRANT -fPIC -DPREFIX=QString\(\"/usr\"\) -DL_ETCDIR=QString\(\"/etc\"\) -DL_SHAREDIR=QString\(\"/usr/share\"\) -DGIT_VERSION="\"a88ea52f\"" -DQT_NO_DEBUG -DQT_SVG_LIB -DQT_WIDGETS_LIB -DQT_MULTIMEDIA_LIB -DQT_X11EXTRAS_LIB -DQT_GUI_LIB -DQT_NETWORK_LIB -DQT_CONCURRENT_LIB -DQT_CORE_LIB -I. -I../../core/libLumina -I/usr/include/qt5 -I/usr -I/usr/include -I/home/q5sys/git/lumina/src-qt5/core-utils/lumina-xconfig -I/usr/include/qt5/QtSvg -I/usr/include/qt5/QtWidgets -I/usr/include/qt5/QtMultimedia -I/usr/include/qt5/QtX11Extras -I/usr/include/qt5/QtGui -I/usr/include/qt5/QtNetwork -I/usr/include/qt5/QtConcurrent -I/usr/include/qt5/QtCore -I.build/moc -I.build/ui -I/usr/lib64/qt5/mkspecs/linux-g++ -o .build/obj/MainUI.o MainUI.cpp
g++ -c -pipe -O2 -flto=auto -ffat-lto-objects -fexceptions -g -grecord-gcc-switches -pipe -Wall -Werror=format-security -Wp,-D_FORTIFY_SOURCE=2 -Wp,-D_GLIBCXX_ASSERTIONS -specs=/usr/lib/rpm/redhat/redhat-hardened-cc1 -fstack-protector-strong -specs=/usr/lib/rpm/redhat/redhat-annobin-cc1 -m64 -mtune=generic -fasynchronous-unwind-tables -fstack-clash-protection -fcf-protection -std=gnu++11 -Wall -Wextra -D_REENTRANT -fPIC -DPREFIX=QString\(\"/usr\"\) -DL_ETCDIR=QString\(\"/etc\"\) -DL_SHAREDIR=QString\(\"/usr/share\"\) -DGIT_VERSION="\"a88ea52f\"" -DNO_XINPUT -DQT_NO_DEBUG -DQT_SVG_LIB -DQT_WIDGETS_LIB -DQT_X11EXTRAS_LIB -DQT_MULTIMEDIA_LIB -DQT_GUI_LIB -DQT_NETWORK_LIB -DQT_CONCURRENT_LIB -DQT_CORE_LIB -I. -I../../core/libLumina -I/usr/include/qt5 -I/usr -I/usr/include -I/home/q5sys/git/lumina/src-qt5/core-utils/lumina-config -I/usr/include/qt5/QtSvg -I/usr/include/qt5/QtWidgets -I/usr/include/qt5/QtX11Extras -I/usr/include/qt5/QtMultimedia -I/usr/include/qt5/QtGui -I/usr/include/qt5/QtNetwork -I/usr/include/qt5/QtConcurrent -I/usr/include/qt5/QtCore -I.build/moc -I.build/ui -I/usr/lib64/qt5/mkspecs/linux-g++ -o .build/obj/LuminaSingleApplication.o ../../core/libLumina/LuminaSingleApplication.cpp
MainUI.cpp: In member function ‘void MainUI::LaunchItem()’:
MainUI.cpp:115:24: warning: ‘static bool QProcess::startDetached(const QString&)’ is deprecated: Use QProcess::startDetached(const QString &program, const QStringList &arguments) instead [-Wdeprecated-declarations]
  115 | QProcess::startDetached("lumina-open \""+item+"\"");
      | ~~~~~~~~~~~~~~~~~~~~~~~^~~~~~~~~~~~~~~~~~~~~~~~~~~~
In file included from /usr/include/qt5/QtCore/QProcess:1,
                 from MainUI.h:15,
                 from MainUI.cpp:7:
/usr/include/qt5/QtCore/qprocess.h:280:17: note: declared here
  280 |     static bool startDetached(const QString &command);
      |                 ^~~~~~~~~~~~~
MainUI.cpp: In member function ‘void MainUI::LaunchItem(QListWidgetItem*)’:
MainUI.cpp:121:28: warning: ‘static bool QProcess::startDetached(const QString&)’ is deprecated: Use QProcess::startDetached(const QString &program, const QStringList &arguments) instead [-Wdeprecated-declarations]
  121 |     QProcess::startDetached("lumina-open \""+item->whatsThis()+"\"");
      |     ~~~~~~~~~~~~~~~~~~~~~~~^~~~~~~~~~~~~~~~~~~~~~~~~~~~~~~~~~~~~~~~~
In file included from /usr/include/qt5/QtCore/QProcess:1,
                 from MainUI.h:15,
                 from MainUI.cpp:7:
/usr/include/qt5/QtCore/qprocess.h:280:17: note: declared here
  280 |     static bool startDetached(const QString &command);
      |                 ^~~~~~~~~~~~~
MainUI.cpp: In member function ‘void MainUI::foundSearchItem(QString)’:
MainUI.cpp:174:10: warning: unused variable ‘ok’ [-Wunused-variable]
  174 |     bool ok = false;
      |          ^~
MainUI.cpp: In member function ‘void MainUI::RestartFluxbox()’:
MainUI.cpp:417:26: warning: ‘static bool QProcess::startDetached(const QString&)’ is deprecated: Use QProcess::startDetached(const QString &program, const QStringList &arguments) instead [-Wdeprecated-declarations]
  417 |   QProcess::startDetached("pkill fluxbox");
      |   ~~~~~~~~~~~~~~~~~~~~~~~^~~~~~~~~~~~~~~~~
In file included from /usr/include/qt5/QtCore/QProcess:1,
                 from ../../core/libLumina/LUtils.h:11,
                 from MainUI.cpp:11:
/usr/include/qt5/QtCore/qprocess.h:280:17: note: declared here
  280 |     static bool startDetached(const QString &command);
      |                 ^~~~~~~~~~~~~
g++ -c -pipe -O2 -flto=auto -ffat-lto-objects -fexceptions -g -grecord-gcc-switches -pipe -Wall -Werror=format-security -Wp,-D_FORTIFY_SOURCE=2 -Wp,-D_GLIBCXX_ASSERTIONS -specs=/usr/lib/rpm/redhat/redhat-hardened-cc1 -fstack-protector-strong -specs=/usr/lib/rpm/redhat/redhat-annobin-cc1 -m64 -mtune=generic -fasynchronous-unwind-tables -fstack-clash-protection -fcf-protection -std=gnu++11 -Wall -Wextra -D_REENTRANT -fPIC -DPREFIX=QString\(\"/usr\"\) -DL_ETCDIR=QString\(\"/etc\"\) -DL_SHAREDIR=QString\(\"/usr/share\"\) -DGIT_VERSION="\"a88ea52f\"" -DQT_NO_DEBUG -DQT_MULTIMEDIAWIDGETS_LIB -DQT_SVG_LIB -DQT_WIDGETS_LIB -DQT_MULTIMEDIA_LIB -DQT_X11EXTRAS_LIB -DQT_GUI_LIB -DQT_NETWORK_LIB -DQT_CONCURRENT_LIB -DQT_CORE_LIB -I. -I../../core/libLumina -I/usr/include/qt5 -I/usr -I/usr/include -I/home/q5sys/git/lumina/src-qt5/desktop-utils/lumina-fm -I/usr/include/qt5/QtMultimediaWidgets -I/usr/include/qt5/QtSvg -I/usr/include/qt5/QtWidgets -I/usr/include/qt5/QtMultimedia -I/usr/include/qt5/QtX11Extras -I/usr/include/qt5/QtGui -I/usr/include/qt5/QtNetwork -I/usr/include/qt5/QtConcurrent -I/usr/include/qt5/QtCore -I.build/moc -I.build/ui -I/usr/lib64/qt5/mkspecs/linux-g++ -o .build/obj/LuminaSingleApplication.o ../../core/libLumina/LuminaSingleApplication.cpp
g++ -c -pipe -O2 -flto=auto -ffat-lto-objects -fexceptions -g -grecord-gcc-switches -pipe -Wall -Werror=format-security -Wp,-D_FORTIFY_SOURCE=2 -Wp,-D_GLIBCXX_ASSERTIONS -specs=/usr/lib/rpm/redhat/redhat-hardened-cc1 -fstack-protector-strong -specs=/usr/lib/rpm/redhat/redhat-annobin-cc1 -m64 -mtune=generic -fasynchronous-unwind-tables -fstack-clash-protection -fcf-protection -std=gnu++11 -Wall -Wextra -D_REENTRANT -fPIC -DPREFIX=QString\(\"/usr\"\) -DL_ETCDIR=QString\(\"/etc\"\) -DL_SHAREDIR=QString\(\"/usr/share\"\) -DGIT_VERSION="\"a88ea52f\"" -DQT_NO_DEBUG -DQT_SVG_LIB -DQT_WIDGETS_LIB -DQT_MULTIMEDIA_LIB -DQT_GUI_LIB -DQT_CONCURRENT_LIB -DQT_NETWORK_LIB -DQT_CORE_LIB -I. -I../../core/libLumina -I/usr/include/qt5 -I/usr -I/usr/include -I/home/q5sys/git/lumina/src-qt5/core-utils/lumina-search -I/usr/include/qt5/QtSvg -I/usr/include/qt5/QtWidgets -I/usr/include/qt5/QtMultimedia -I/usr/include/qt5/QtGui -I/usr/include/qt5/QtConcurrent -I/usr/include/qt5/QtNetwork -I/usr/include/qt5/QtCore -I.build/moc -I.build/ui -I/usr/lib64/qt5/mkspecs/linux-g++ -o .build/obj/Worker.o Worker.cpp
g++ -c -pipe -O2 -flto=auto -ffat-lto-objects -fexceptions -g -grecord-gcc-switches -pipe -Wall -Werror=format-security -Wp,-D_FORTIFY_SOURCE=2 -Wp,-D_GLIBCXX_ASSERTIONS -specs=/usr/lib/rpm/redhat/redhat-hardened-cc1 -fstack-protector-strong -specs=/usr/lib/rpm/redhat/redhat-annobin-cc1 -m64 -mtune=generic -fasynchronous-unwind-tables -fstack-clash-protection -fcf-protection -std=gnu++11 -Wall -Wextra -D_REENTRANT -fPIC -DPREFIX=QString\(\"/usr\"\) -DL_ETCDIR=QString\(\"/etc\"\) -DL_SHAREDIR=QString\(\"/usr/share\"\) -DGIT_VERSION="\"a88ea52f\"" -DNO_XINPUT -DQT_NO_DEBUG -DQT_SVG_LIB -DQT_WIDGETS_LIB -DQT_X11EXTRAS_LIB -DQT_MULTIMEDIA_LIB -DQT_GUI_LIB -DQT_NETWORK_LIB -DQT_CONCURRENT_LIB -DQT_CORE_LIB -I. -I../../core/libLumina -I/usr/include/qt5 -I/usr -I/usr/include -I/home/q5sys/git/lumina/src-qt5/core-utils/lumina-config -I/usr/include/qt5/QtSvg -I/usr/include/qt5/QtWidgets -I/usr/include/qt5/QtX11Extras -I/usr/include/qt5/QtMultimedia -I/usr/include/qt5/QtGui -I/usr/include/qt5/QtNetwork -I/usr/include/qt5/QtConcurrent -I/usr/include/qt5/QtCore -I.build/moc -I.build/ui -I/usr/lib64/qt5/mkspecs/linux-g++ -o .build/obj/main.o main.cpp
g++ -c -pipe -O2 -flto=auto -ffat-lto-objects -fexceptions -g -grecord-gcc-switches -pipe -Wall -Werror=format-security -Wp,-D_FORTIFY_SOURCE=2 -Wp,-D_GLIBCXX_ASSERTIONS -specs=/usr/lib/rpm/redhat/redhat-hardened-cc1 -fstack-protector-strong -specs=/usr/lib/rpm/redhat/redhat-annobin-cc1 -m64 -mtune=generic -fasynchronous-unwind-tables -fstack-clash-protection -fcf-protection -std=gnu++11 -Wall -Wextra -D_REENTRANT -fPIC -DPREFIX=QString\(\"/usr\"\) -DL_ETCDIR=QString\(\"/etc\"\) -DL_SHAREDIR=QString\(\"/usr/share\"\) -DGIT_VERSION="\"a88ea52f\"" -DQT_NO_DEBUG -DQT_MULTIMEDIAWIDGETS_LIB -DQT_SVG_LIB -DQT_WIDGETS_LIB -DQT_MULTIMEDIA_LIB -DQT_X11EXTRAS_LIB -DQT_GUI_LIB -DQT_NETWORK_LIB -DQT_CONCURRENT_LIB -DQT_CORE_LIB -I. -I../../core/libLumina -I/usr/include/qt5 -I/usr -I/usr/include -I/home/q5sys/git/lumina/src-qt5/desktop-utils/lumina-fm -I/usr/include/qt5/QtMultimediaWidgets -I/usr/include/qt5/QtSvg -I/usr/include/qt5/QtWidgets -I/usr/include/qt5/QtMultimedia -I/usr/include/qt5/QtX11Extras -I/usr/include/qt5/QtGui -I/usr/include/qt5/QtNetwork -I/usr/include/qt5/QtConcurrent -I/usr/include/qt5/QtCore -I.build/moc -I.build/ui -I/usr/lib64/qt5/mkspecs/linux-g++ -o .build/obj/XDGMime.o ../../core/libLumina/XDGMime.cpp
g++ -c -pipe -O2 -flto=auto -ffat-lto-objects -fexceptions -g -grecord-gcc-switches -pipe -Wall -Werror=format-security -Wp,-D_FORTIFY_SOURCE=2 -Wp,-D_GLIBCXX_ASSERTIONS -specs=/usr/lib/rpm/redhat/redhat-hardened-cc1 -fstack-protector-strong -specs=/usr/lib/rpm/redhat/redhat-annobin-cc1 -m64 -mtune=generic -fasynchronous-unwind-tables -fstack-clash-protection -fcf-protection -std=gnu++11 -Wall -Wextra -D_REENTRANT -fPIC -DPREFIX=QString\(\"/usr\"\) -DL_ETCDIR=QString\(\"/etc\"\) -DL_SHAREDIR=QString\(\"/usr/share\"\) -DGIT_VERSION="\"a88ea52f\"" -DQT_NO_DEBUG -DQT_SVG_LIB -DQT_WIDGETS_LIB -DQT_MULTIMEDIA_LIB -DQT_X11EXTRAS_LIB -DQT_GUI_LIB -DQT_NETWORK_LIB -DQT_CONCURRENT_LIB -DQT_CORE_LIB -I. -I../../core/libLumina -I/usr/include/qt5 -I/usr -I/usr/include -I/home/q5sys/git/lumina/src-qt5/core-utils/lumina-xconfig -I/usr/include/qt5/QtSvg -I/usr/include/qt5/QtWidgets -I/usr/include/qt5/QtMultimedia -I/usr/include/qt5/QtX11Extras -I/usr/include/qt5/QtGui -I/usr/include/qt5/QtNetwork -I/usr/include/qt5/QtConcurrent -I/usr/include/qt5/QtCore -I.build/moc -I.build/ui -I/usr/lib64/qt5/mkspecs/linux-g++ -o .build/obj/ScreenSettings.o ScreenSettings.cpp
g++ -c -pipe -O2 -flto=auto -ffat-lto-objects -fexceptions -g -grecord-gcc-switches -pipe -Wall -Werror=format-security -Wp,-D_FORTIFY_SOURCE=2 -Wp,-D_GLIBCXX_ASSERTIONS -specs=/usr/lib/rpm/redhat/redhat-hardened-cc1 -fstack-protector-strong -specs=/usr/lib/rpm/redhat/redhat-annobin-cc1 -m64 -mtune=generic -fasynchronous-unwind-tables -fstack-clash-protection -fcf-protection -std=gnu++11 -Wall -Wextra -D_REENTRANT -fPIC -DPREFIX=QString\(\"/usr\"\) -DL_ETCDIR=QString\(\"/etc\"\) -DL_SHAREDIR=QString\(\"/usr/share\"\) -DGIT_VERSION="\"a88ea52f\"" -DQT_NO_DEBUG -DQT_SVG_LIB -DQT_WIDGETS_LIB -DQT_MULTIMEDIA_LIB -DQT_GUI_LIB -DQT_CONCURRENT_LIB -DQT_NETWORK_LIB -DQT_CORE_LIB -I. -I../../core/libLumina -I/usr/include/qt5 -I/usr -I/usr/include -I/home/q5sys/git/lumina/src-qt5/core-utils/lumina-search -I/usr/include/qt5/QtSvg -I/usr/include/qt5/QtWidgets -I/usr/include/qt5/QtMultimedia -I/usr/include/qt5/QtGui -I/usr/include/qt5/QtConcurrent -I/usr/include/qt5/QtNetwork -I/usr/include/qt5/QtCore -I.build/moc -I.build/ui -I/usr/lib64/qt5/mkspecs/linux-g++ -o .build/obj/ConfigUI.o ConfigUI.cpp
g++ -c -pipe -O2 -flto=auto -ffat-lto-objects -fexceptions -g -grecord-gcc-switches -pipe -Wall -Werror=format-security -Wp,-D_FORTIFY_SOURCE=2 -Wp,-D_GLIBCXX_ASSERTIONS -specs=/usr/lib/rpm/redhat/redhat-hardened-cc1 -fstack-protector-strong -specs=/usr/lib/rpm/redhat/redhat-annobin-cc1 -m64 -mtune=generic -fasynchronous-unwind-tables -fstack-clash-protection -fcf-protection -std=gnu++11 -Wall -Wextra -D_REENTRANT -fPIC -DPREFIX=QString\(\"/usr\"\) -DL_ETCDIR=QString\(\"/etc\"\) -DL_SHAREDIR=QString\(\"/usr/share\"\) -DGIT_VERSION="\"a88ea52f\"" -DNO_XINPUT -DQT_NO_DEBUG -DQT_SVG_LIB -DQT_WIDGETS_LIB -DQT_X11EXTRAS_LIB -DQT_MULTIMEDIA_LIB -DQT_GUI_LIB -DQT_NETWORK_LIB -DQT_CONCURRENT_LIB -DQT_CORE_LIB -I. -I../../core/libLumina -I/usr/include/qt5 -I/usr -I/usr/include -I/home/q5sys/git/lumina/src-qt5/core-utils/lumina-config -I/usr/include/qt5/QtSvg -I/usr/include/qt5/QtWidgets -I/usr/include/qt5/QtX11Extras -I/usr/include/qt5/QtMultimedia -I/usr/include/qt5/QtGui -I/usr/include/qt5/QtNetwork -I/usr/include/qt5/QtConcurrent -I/usr/include/qt5/QtCore -I.build/moc -I.build/ui -I/usr/lib64/qt5/mkspecs/linux-g++ -o .build/obj/mainWindow.o mainWindow.cpp
../../core/libLumina/XDGMime.cpp: In static member function ‘static QStringList XDGMime::findAvailableAppsForMime(QString)’:
../../core/libLumina/XDGMime.cpp:279:62: warning: ‘QStringList QString::split(const QString&, QString::SplitBehavior, Qt::CaseSensitivity) const’ is deprecated: Use Qt::SplitBehavior variant instead [-Wdeprecated-declarations]
  279 |         QStringList files = matches[j].section("=",1,1).split(";",QString::SkipEmptyParts);
      |                             ~~~~~~~~~~~~~~~~~~~~~~~~~~~~~~~~~^~~~~~~~~~~~~~~~~~~~~~~~~~~~~
In file included from /usr/include/qt5/QtCore/qobject.h:47,
                 from /usr/include/qt5/QtCore/qiodevice.h:45,
                 from /usr/include/qt5/QtCore/qfiledevice.h:43,
                 from /usr/include/qt5/QtCore/qfile.h:44,
                 from /usr/include/qt5/QtCore/QFile:1,
                 from ../../core/libLumina/XDGMime.h:16,
                 from ../../core/libLumina/XDGMime.cpp:7:
/usr/include/qt5/QtCore/qstring.h:609:17: note: declared here
  609 |     QStringList split(const QString &sep, SplitBehavior behavior,
      |                 ^~~~~
ScreenSettings.cpp: In static member function ‘static QList<ScreenInfo> RRSettings::CurrentScreens()’:
ScreenSettings.cpp:93:57: warning: ‘QStringList QString::split(const QString&, QString::SplitBehavior, Qt::CaseSensitivity) const’ is deprecated: Use Qt::SplitBehavior variant instead [-Wdeprecated-declarations]
   93 |       QString devrotate = info[i].section("(",0,0).split(" ",QString::SkipEmptyParts).last();
      |                           ~~~~~~~~~~~~~~~~~~~~~~~~~~~~~~^~~~~~~~~~~~~~~~~~~~~~~~~~~~~
In file included from /usr/include/qt5/QtCore/QString:1,
                 from ScreenSettings.h:10,
                 from ScreenSettings.cpp:7:
/usr/include/qt5/QtCore/qstring.h:609:17: note: declared here
  609 |     QStringList split(const QString &sep, SplitBehavior behavior,
      |                 ^~~~~
g++ -pipe -O2 -flto=auto -ffat-lto-objects -fexceptions -g -grecord-gcc-switches -pipe -Wall -Werror=format-security -Wp,-D_FORTIFY_SOURCE=2 -Wp,-D_GLIBCXX_ASSERTIONS -specs=/usr/lib/rpm/redhat/redhat-hardened-cc1 -fstack-protector-strong -specs=/usr/lib/rpm/redhat/redhat-annobin-cc1 -m64 -mtune=generic -fasynchronous-unwind-tables -fstack-clash-protection -fcf-protection -std=gnu++11 -Wall -Wextra -dM -E -o .build/moc/moc_predefs.h /usr/lib64/qt5/mkspecs/features/data/dummy.cpp
/usr/lib64/qt5/bin/moc -DPREFIX=QString\(\"/usr\"\) -DL_ETCDIR=QString\(\"/etc\"\) -DL_SHAREDIR=QString\(\"/usr/share\"\) -DGIT_VERSION="\"a88ea52f\"" -DQT_NO_DEBUG -DQT_SVG_LIB -DQT_WIDGETS_LIB -DQT_MULTIMEDIA_LIB -DQT_GUI_LIB -DQT_CONCURRENT_LIB -DQT_NETWORK_LIB -DQT_CORE_LIB --include /home/q5sys/git/lumina/src-qt5/core-utils/lumina-search/.build/moc/moc_predefs.h -I/usr/lib64/qt5/mkspecs/linux-g++ -I/home/q5sys/git/lumina/src-qt5/core-utils/lumina-search -I/home/q5sys/git/lumina/src-qt5/core/libLumina -I/usr/include/qt5 -I/usr -I/usr/include -I'/home/q5sys/git/lumina/src-qt5/core-utils/lumina-search//home/q5sys/git/lumina/src-qt5/core-utils/lumina-search' -I/usr/include/qt5/QtSvg -I/usr/include/qt5/QtWidgets -I/usr/include/qt5/QtMultimedia -I/usr/include/qt5/QtGui -I/usr/include/qt5/QtConcurrent -I/usr/include/qt5/QtNetwork -I/usr/include/qt5/QtCore -I/usr/include/c++/11 -I/usr/include/c++/11/x86_64-redhat-linux -I/usr/include/c++/11/backward -I/usr/lib/gcc/x86_64-redhat-linux/11/include -I/usr/local/include -I/usr/include ../../core/libLumina/LuminaXDG.h -o .build/moc/moc_LuminaXDG.cpp
/usr/lib64/qt5/bin/moc -DPREFIX=QString\(\"/usr\"\) -DL_ETCDIR=QString\(\"/etc\"\) -DL_SHAREDIR=QString\(\"/usr/share\"\) -DGIT_VERSION="\"a88ea52f\"" -DQT_NO_DEBUG -DQT_SVG_LIB -DQT_WIDGETS_LIB -DQT_MULTIMEDIA_LIB -DQT_GUI_LIB -DQT_CONCURRENT_LIB -DQT_NETWORK_LIB -DQT_CORE_LIB --include /home/q5sys/git/lumina/src-qt5/core-utils/lumina-search/.build/moc/moc_predefs.h -I/usr/lib64/qt5/mkspecs/linux-g++ -I/home/q5sys/git/lumina/src-qt5/core-utils/lumina-search -I/home/q5sys/git/lumina/src-qt5/core/libLumina -I/usr/include/qt5 -I/usr -I/usr/include -I'/home/q5sys/git/lumina/src-qt5/core-utils/lumina-search//home/q5sys/git/lumina/src-qt5/core-utils/lumina-search' -I/usr/include/qt5/QtSvg -I/usr/include/qt5/QtWidgets -I/usr/include/qt5/QtMultimedia -I/usr/include/qt5/QtGui -I/usr/include/qt5/QtConcurrent -I/usr/include/qt5/QtNetwork -I/usr/include/qt5/QtCore -I/usr/include/c++/11 -I/usr/include/c++/11/x86_64-redhat-linux -I/usr/include/c++/11/backward -I/usr/lib/gcc/x86_64-redhat-linux/11/include -I/usr/local/include -I/usr/include ../../core/libLumina/LuminaThemes.h -o .build/moc/moc_LuminaThemes.cpp
/usr/lib64/qt5/bin/moc -DPREFIX=QString\(\"/usr\"\) -DL_ETCDIR=QString\(\"/etc\"\) -DL_SHAREDIR=QString\(\"/usr/share\"\) -DGIT_VERSION="\"a88ea52f\"" -DQT_NO_DEBUG -DQT_SVG_LIB -DQT_WIDGETS_LIB -DQT_MULTIMEDIA_LIB -DQT_GUI_LIB -DQT_CONCURRENT_LIB -DQT_NETWORK_LIB -DQT_CORE_LIB --include /home/q5sys/git/lumina/src-qt5/core-utils/lumina-search/.build/moc/moc_predefs.h -I/usr/lib64/qt5/mkspecs/linux-g++ -I/home/q5sys/git/lumina/src-qt5/core-utils/lumina-search -I/home/q5sys/git/lumina/src-qt5/core/libLumina -I/usr/include/qt5 -I/usr -I/usr/include -I'/home/q5sys/git/lumina/src-qt5/core-utils/lumina-search//home/q5sys/git/lumina/src-qt5/core-utils/lumina-search' -I/usr/include/qt5/QtSvg -I/usr/include/qt5/QtWidgets -I/usr/include/qt5/QtMultimedia -I/usr/include/qt5/QtGui -I/usr/include/qt5/QtConcurrent -I/usr/include/qt5/QtNetwork -I/usr/include/qt5/QtCore -I/usr/include/c++/11 -I/usr/include/c++/11/x86_64-redhat-linux -I/usr/include/c++/11/backward -I/usr/lib/gcc/x86_64-redhat-linux/11/include -I/usr/local/include -I/usr/include MainUI.h -o .build/moc/moc_MainUI.cpp
/usr/lib64/qt5/bin/moc -DPREFIX=QString\(\"/usr\"\) -DL_ETCDIR=QString\(\"/etc\"\) -DL_SHAREDIR=QString\(\"/usr/share\"\) -DGIT_VERSION="\"a88ea52f\"" -DQT_NO_DEBUG -DQT_SVG_LIB -DQT_WIDGETS_LIB -DQT_MULTIMEDIA_LIB -DQT_GUI_LIB -DQT_CONCURRENT_LIB -DQT_NETWORK_LIB -DQT_CORE_LIB --include /home/q5sys/git/lumina/src-qt5/core-utils/lumina-search/.build/moc/moc_predefs.h -I/usr/lib64/qt5/mkspecs/linux-g++ -I/home/q5sys/git/lumina/src-qt5/core-utils/lumina-search -I/home/q5sys/git/lumina/src-qt5/core/libLumina -I/usr/include/qt5 -I/usr -I/usr/include -I'/home/q5sys/git/lumina/src-qt5/core-utils/lumina-search//home/q5sys/git/lumina/src-qt5/core-utils/lumina-search' -I/usr/include/qt5/QtSvg -I/usr/include/qt5/QtWidgets -I/usr/include/qt5/QtMultimedia -I/usr/include/qt5/QtGui -I/usr/include/qt5/QtConcurrent -I/usr/include/qt5/QtNetwork -I/usr/include/qt5/QtCore -I/usr/include/c++/11 -I/usr/include/c++/11/x86_64-redhat-linux -I/usr/include/c++/11/backward -I/usr/lib/gcc/x86_64-redhat-linux/11/include -I/usr/local/include -I/usr/include Worker.h -o .build/moc/moc_Worker.cpp
/usr/lib64/qt5/bin/moc -DPREFIX=QString\(\"/usr\"\) -DL_ETCDIR=QString\(\"/etc\"\) -DL_SHAREDIR=QString\(\"/usr/share\"\) -DGIT_VERSION="\"a88ea52f\"" -DQT_NO_DEBUG -DQT_SVG_LIB -DQT_WIDGETS_LIB -DQT_MULTIMEDIA_LIB -DQT_GUI_LIB -DQT_CONCURRENT_LIB -DQT_NETWORK_LIB -DQT_CORE_LIB --include /home/q5sys/git/lumina/src-qt5/core-utils/lumina-search/.build/moc/moc_predefs.h -I/usr/lib64/qt5/mkspecs/linux-g++ -I/home/q5sys/git/lumina/src-qt5/core-utils/lumina-search -I/home/q5sys/git/lumina/src-qt5/core/libLumina -I/usr/include/qt5 -I/usr -I/usr/include -I'/home/q5sys/git/lumina/src-qt5/core-utils/lumina-search//home/q5sys/git/lumina/src-qt5/core-utils/lumina-search' -I/usr/include/qt5/QtSvg -I/usr/include/qt5/QtWidgets -I/usr/include/qt5/QtMultimedia -I/usr/include/qt5/QtGui -I/usr/include/qt5/QtConcurrent -I/usr/include/qt5/QtNetwork -I/usr/include/qt5/QtCore -I/usr/include/c++/11 -I/usr/include/c++/11/x86_64-redhat-linux -I/usr/include/c++/11/backward -I/usr/lib/gcc/x86_64-redhat-linux/11/include -I/usr/local/include -I/usr/include ConfigUI.h -o .build/moc/moc_ConfigUI.cpp
g++ -c -pipe -O2 -flto=auto -ffat-lto-objects -fexceptions -g -grecord-gcc-switches -pipe -Wall -Werror=format-security -Wp,-D_FORTIFY_SOURCE=2 -Wp,-D_GLIBCXX_ASSERTIONS -specs=/usr/lib/rpm/redhat/redhat-hardened-cc1 -fstack-protector-strong -specs=/usr/lib/rpm/redhat/redhat-annobin-cc1 -m64 -mtune=generic -fasynchronous-unwind-tables -fstack-clash-protection -fcf-protection -std=gnu++11 -Wall -Wextra -D_REENTRANT -fPIC -DPREFIX=QString\(\"/usr\"\) -DL_ETCDIR=QString\(\"/etc\"\) -DL_SHAREDIR=QString\(\"/usr/share\"\) -DGIT_VERSION="\"a88ea52f\"" -DQT_NO_DEBUG -DQT_SVG_LIB -DQT_WIDGETS_LIB -DQT_MULTIMEDIA_LIB -DQT_GUI_LIB -DQT_CONCURRENT_LIB -DQT_NETWORK_LIB -DQT_CORE_LIB -I. -I../../core/libLumina -I/usr/include/qt5 -I/usr -I/usr/include -I/home/q5sys/git/lumina/src-qt5/core-utils/lumina-search -I/usr/include/qt5/QtSvg -I/usr/include/qt5/QtWidgets -I/usr/include/qt5/QtMultimedia -I/usr/include/qt5/QtGui -I/usr/include/qt5/QtConcurrent -I/usr/include/qt5/QtNetwork -I/usr/include/qt5/QtCore -I.build/moc -I.build/ui -I/usr/lib64/qt5/mkspecs/linux-g++ -o .build/obj/moc_LuminaXDG.o .build/moc/moc_LuminaXDG.cpp
g++ -c -pipe -O2 -flto=auto -ffat-lto-objects -fexceptions -g -grecord-gcc-switches -pipe -Wall -Werror=format-security -Wp,-D_FORTIFY_SOURCE=2 -Wp,-D_GLIBCXX_ASSERTIONS -specs=/usr/lib/rpm/redhat/redhat-hardened-cc1 -fstack-protector-strong -specs=/usr/lib/rpm/redhat/redhat-annobin-cc1 -m64 -mtune=generic -fasynchronous-unwind-tables -fstack-clash-protection -fcf-protection -std=gnu++11 -Wall -Wextra -D_REENTRANT -fPIC -DPREFIX=QString\(\"/usr\"\) -DL_ETCDIR=QString\(\"/etc\"\) -DL_SHAREDIR=QString\(\"/usr/share\"\) -DGIT_VERSION="\"a88ea52f\"" -DNO_XINPUT -DQT_NO_DEBUG -DQT_SVG_LIB -DQT_WIDGETS_LIB -DQT_X11EXTRAS_LIB -DQT_MULTIMEDIA_LIB -DQT_GUI_LIB -DQT_NETWORK_LIB -DQT_CONCURRENT_LIB -DQT_CORE_LIB -I. -I../../core/libLumina -I/usr/include/qt5 -I/usr -I/usr/include -I/home/q5sys/git/lumina/src-qt5/core-utils/lumina-config -I/usr/include/qt5/QtSvg -I/usr/include/qt5/QtWidgets -I/usr/include/qt5/QtX11Extras -I/usr/include/qt5/QtMultimedia -I/usr/include/qt5/QtGui -I/usr/include/qt5/QtNetwork -I/usr/include/qt5/QtConcurrent -I/usr/include/qt5/QtCore -I.build/moc -I.build/ui -I/usr/lib64/qt5/mkspecs/linux-g++ -o .build/obj/LPlugins.o LPlugins.cpp
g++ -pipe -O2 -flto=auto -ffat-lto-objects -fexceptions -g -grecord-gcc-switches -pipe -Wall -Werror=format-security -Wp,-D_FORTIFY_SOURCE=2 -Wp,-D_GLIBCXX_ASSERTIONS -specs=/usr/lib/rpm/redhat/redhat-hardened-cc1 -fstack-protector-strong -specs=/usr/lib/rpm/redhat/redhat-annobin-cc1 -m64 -mtune=generic -fasynchronous-unwind-tables -fstack-clash-protection -fcf-protection -std=gnu++11 -Wall -Wextra -dM -E -o .build/moc/moc_predefs.h /usr/lib64/qt5/mkspecs/features/data/dummy.cpp
/usr/lib64/qt5/bin/moc -DPREFIX=QString\(\"/usr\"\) -DL_ETCDIR=QString\(\"/etc\"\) -DL_SHAREDIR=QString\(\"/usr/share\"\) -DGIT_VERSION="\"a88ea52f\"" -DQT_NO_DEBUG -DQT_SVG_LIB -DQT_WIDGETS_LIB -DQT_MULTIMEDIA_LIB -DQT_X11EXTRAS_LIB -DQT_GUI_LIB -DQT_NETWORK_LIB -DQT_CONCURRENT_LIB -DQT_CORE_LIB --include /home/q5sys/git/lumina/src-qt5/core-utils/lumina-xconfig/.build/moc/moc_predefs.h -I/usr/lib64/qt5/mkspecs/linux-g++ -I/home/q5sys/git/lumina/src-qt5/core-utils/lumina-xconfig -I/home/q5sys/git/lumina/src-qt5/core/libLumina -I/usr/include/qt5 -I/usr -I/usr/include -I'/home/q5sys/git/lumina/src-qt5/core-utils/lumina-xconfig//home/q5sys/git/lumina/src-qt5/core-utils/lumina-xconfig' -I/usr/include/qt5/QtSvg -I/usr/include/qt5/QtWidgets -I/usr/include/qt5/QtMultimedia -I/usr/include/qt5/QtX11Extras -I/usr/include/qt5/QtGui -I/usr/include/qt5/QtNetwork -I/usr/include/qt5/QtConcurrent -I/usr/include/qt5/QtCore -I/usr/include/c++/11 -I/usr/include/c++/11/x86_64-redhat-linux -I/usr/include/c++/11/backward -I/usr/lib/gcc/x86_64-redhat-linux/11/include -I/usr/local/include -I/usr/include ../../core/libLumina/LuminaXDG.h -o .build/moc/moc_LuminaXDG.cpp
/usr/lib64/qt5/bin/moc -DPREFIX=QString\(\"/usr\"\) -DL_ETCDIR=QString\(\"/etc\"\) -DL_SHAREDIR=QString\(\"/usr/share\"\) -DGIT_VERSION="\"a88ea52f\"" -DQT_NO_DEBUG -DQT_SVG_LIB -DQT_WIDGETS_LIB -DQT_MULTIMEDIA_LIB -DQT_X11EXTRAS_LIB -DQT_GUI_LIB -DQT_NETWORK_LIB -DQT_CONCURRENT_LIB -DQT_CORE_LIB --include /home/q5sys/git/lumina/src-qt5/core-utils/lumina-xconfig/.build/moc/moc_predefs.h -I/usr/lib64/qt5/mkspecs/linux-g++ -I/home/q5sys/git/lumina/src-qt5/core-utils/lumina-xconfig -I/home/q5sys/git/lumina/src-qt5/core/libLumina -I/usr/include/qt5 -I/usr -I/usr/include -I'/home/q5sys/git/lumina/src-qt5/core-utils/lumina-xconfig//home/q5sys/git/lumina/src-qt5/core-utils/lumina-xconfig' -I/usr/include/qt5/QtSvg -I/usr/include/qt5/QtWidgets -I/usr/include/qt5/QtMultimedia -I/usr/include/qt5/QtX11Extras -I/usr/include/qt5/QtGui -I/usr/include/qt5/QtNetwork -I/usr/include/qt5/QtConcurrent -I/usr/include/qt5/QtCore -I/usr/include/c++/11 -I/usr/include/c++/11/x86_64-redhat-linux -I/usr/include/c++/11/backward -I/usr/lib/gcc/x86_64-redhat-linux/11/include -I/usr/local/include -I/usr/include ../../core/libLumina/LuminaSingleApplication.h -o .build/moc/moc_LuminaSingleApplication.cpp
/usr/lib64/qt5/bin/moc -DPREFIX=QString\(\"/usr\"\) -DL_ETCDIR=QString\(\"/etc\"\) -DL_SHAREDIR=QString\(\"/usr/share\"\) -DGIT_VERSION="\"a88ea52f\"" -DQT_NO_DEBUG -DQT_SVG_LIB -DQT_WIDGETS_LIB -DQT_MULTIMEDIA_LIB -DQT_X11EXTRAS_LIB -DQT_GUI_LIB -DQT_NETWORK_LIB -DQT_CONCURRENT_LIB -DQT_CORE_LIB --include /home/q5sys/git/lumina/src-qt5/core-utils/lumina-xconfig/.build/moc/moc_predefs.h -I/usr/lib64/qt5/mkspecs/linux-g++ -I/home/q5sys/git/lumina/src-qt5/core-utils/lumina-xconfig -I/home/q5sys/git/lumina/src-qt5/core/libLumina -I/usr/include/qt5 -I/usr -I/usr/include -I'/home/q5sys/git/lumina/src-qt5/core-utils/lumina-xconfig//home/q5sys/git/lumina/src-qt5/core-utils/lumina-xconfig' -I/usr/include/qt5/QtSvg -I/usr/include/qt5/QtWidgets -I/usr/include/qt5/QtMultimedia -I/usr/include/qt5/QtX11Extras -I/usr/include/qt5/QtGui -I/usr/include/qt5/QtNetwork -I/usr/include/qt5/QtConcurrent -I/usr/include/qt5/QtCore -I/usr/include/c++/11 -I/usr/include/c++/11/x86_64-redhat-linux -I/usr/include/c++/11/backward -I/usr/lib/gcc/x86_64-redhat-linux/11/include -I/usr/local/include -I/usr/include ../../core/libLumina/LuminaThemes.h -o .build/moc/moc_LuminaThemes.cpp
/usr/lib64/qt5/bin/moc -DPREFIX=QString\(\"/usr\"\) -DL_ETCDIR=QString\(\"/etc\"\) -DL_SHAREDIR=QString\(\"/usr/share\"\) -DGIT_VERSION="\"a88ea52f\"" -DQT_NO_DEBUG -DQT_SVG_LIB -DQT_WIDGETS_LIB -DQT_MULTIMEDIA_LIB -DQT_X11EXTRAS_LIB -DQT_GUI_LIB -DQT_NETWORK_LIB -DQT_CONCURRENT_LIB -DQT_CORE_LIB --include /home/q5sys/git/lumina/src-qt5/core-utils/lumina-xconfig/.build/moc/moc_predefs.h -I/usr/lib64/qt5/mkspecs/linux-g++ -I/home/q5sys/git/lumina/src-qt5/core-utils/lumina-xconfig -I/home/q5sys/git/lumina/src-qt5/core/libLumina -I/usr/include/qt5 -I/usr -I/usr/include -I'/home/q5sys/git/lumina/src-qt5/core-utils/lumina-xconfig//home/q5sys/git/lumina/src-qt5/core-utils/lumina-xconfig' -I/usr/include/qt5/QtSvg -I/usr/include/qt5/QtWidgets -I/usr/include/qt5/QtMultimedia -I/usr/include/qt5/QtX11Extras -I/usr/include/qt5/QtGui -I/usr/include/qt5/QtNetwork -I/usr/include/qt5/QtConcurrent -I/usr/include/qt5/QtCore -I/usr/include/c++/11 -I/usr/include/c++/11/x86_64-redhat-linux -I/usr/include/c++/11/backward -I/usr/lib/gcc/x86_64-redhat-linux/11/include -I/usr/local/include -I/usr/include MainUI.h -o .build/moc/moc_MainUI.cpp
g++ -c -pipe -O2 -flto=auto -ffat-lto-objects -fexceptions -g -grecord-gcc-switches -pipe -Wall -Werror=format-security -Wp,-D_FORTIFY_SOURCE=2 -Wp,-D_GLIBCXX_ASSERTIONS -specs=/usr/lib/rpm/redhat/redhat-hardened-cc1 -fstack-protector-strong -specs=/usr/lib/rpm/redhat/redhat-annobin-cc1 -m64 -mtune=generic -fasynchronous-unwind-tables -fstack-clash-protection -fcf-protection -std=gnu++11 -Wall -Wextra -D_REENTRANT -fPIC -DPREFIX=QString\(\"/usr\"\) -DL_ETCDIR=QString\(\"/etc\"\) -DL_SHAREDIR=QString\(\"/usr/share\"\) -DGIT_VERSION="\"a88ea52f\"" -DQT_NO_DEBUG -DQT_MULTIMEDIAWIDGETS_LIB -DQT_SVG_LIB -DQT_WIDGETS_LIB -DQT_MULTIMEDIA_LIB -DQT_X11EXTRAS_LIB -DQT_GUI_LIB -DQT_NETWORK_LIB -DQT_CONCURRENT_LIB -DQT_CORE_LIB -I. -I../../core/libLumina -I/usr/include/qt5 -I/usr -I/usr/include -I/home/q5sys/git/lumina/src-qt5/desktop-utils/lumina-fm -I/usr/include/qt5/QtMultimediaWidgets -I/usr/include/qt5/QtSvg -I/usr/include/qt5/QtWidgets -I/usr/include/qt5/QtMultimedia -I/usr/include/qt5/QtX11Extras -I/usr/include/qt5/QtGui -I/usr/include/qt5/QtNetwork -I/usr/include/qt5/QtConcurrent -I/usr/include/qt5/QtCore -I.build/moc -I.build/ui -I/usr/lib64/qt5/mkspecs/linux-g++ -o .build/obj/LVideoLabel.o ../../core/libLumina/LVideoLabel.cpp
g++ -c -pipe -O2 -flto=auto -ffat-lto-objects -fexceptions -g -grecord-gcc-switches -pipe -Wall -Werror=format-security -Wp,-D_FORTIFY_SOURCE=2 -Wp,-D_GLIBCXX_ASSERTIONS -specs=/usr/lib/rpm/redhat/redhat-hardened-cc1 -fstack-protector-strong -specs=/usr/lib/rpm/redhat/redhat-annobin-cc1 -m64 -mtune=generic -fasynchronous-unwind-tables -fstack-clash-protection -fcf-protection -std=gnu++11 -Wall -Wextra -D_REENTRANT -fPIC -DPREFIX=QString\(\"/usr\"\) -DL_ETCDIR=QString\(\"/etc\"\) -DL_SHAREDIR=QString\(\"/usr/share\"\) -DGIT_VERSION="\"a88ea52f\"" -DQT_NO_DEBUG -DQT_SVG_LIB -DQT_WIDGETS_LIB -DQT_MULTIMEDIA_LIB -DQT_X11EXTRAS_LIB -DQT_GUI_LIB -DQT_NETWORK_LIB -DQT_CONCURRENT_LIB -DQT_CORE_LIB -I. -I../../core/libLumina -I/usr/include/qt5 -I/usr -I/usr/include -I/home/q5sys/git/lumina/src-qt5/core-utils/lumina-xconfig -I/usr/include/qt5/QtSvg -I/usr/include/qt5/QtWidgets -I/usr/include/qt5/QtMultimedia -I/usr/include/qt5/QtX11Extras -I/usr/include/qt5/QtGui -I/usr/include/qt5/QtNetwork -I/usr/include/qt5/QtConcurrent -I/usr/include/qt5/QtCore -I.build/moc -I.build/ui -I/usr/lib64/qt5/mkspecs/linux-g++ -o .build/obj/moc_LuminaXDG.o .build/moc/moc_LuminaXDG.cpp
g++ -c -pipe -O2 -flto=auto -ffat-lto-objects -fexceptions -g -grecord-gcc-switches -pipe -Wall -Werror=format-security -Wp,-D_FORTIFY_SOURCE=2 -Wp,-D_GLIBCXX_ASSERTIONS -specs=/usr/lib/rpm/redhat/redhat-hardened-cc1 -fstack-protector-strong -specs=/usr/lib/rpm/redhat/redhat-annobin-cc1 -m64 -mtune=generic -fasynchronous-unwind-tables -fstack-clash-protection -fcf-protection -std=gnu++11 -Wall -Wextra -D_REENTRANT -fPIC -DPREFIX=QString\(\"/usr\"\) -DL_ETCDIR=QString\(\"/etc\"\) -DL_SHAREDIR=QString\(\"/usr/share\"\) -DGIT_VERSION="\"a88ea52f\"" -DQT_NO_DEBUG -DQT_SVG_LIB -DQT_WIDGETS_LIB -DQT_MULTIMEDIA_LIB -DQT_GUI_LIB -DQT_CONCURRENT_LIB -DQT_NETWORK_LIB -DQT_CORE_LIB -I. -I../../core/libLumina -I/usr/include/qt5 -I/usr -I/usr/include -I/home/q5sys/git/lumina/src-qt5/core-utils/lumina-search -I/usr/include/qt5/QtSvg -I/usr/include/qt5/QtWidgets -I/usr/include/qt5/QtMultimedia -I/usr/include/qt5/QtGui -I/usr/include/qt5/QtConcurrent -I/usr/include/qt5/QtNetwork -I/usr/include/qt5/QtCore -I.build/moc -I.build/ui -I/usr/lib64/qt5/mkspecs/linux-g++ -o .build/obj/moc_LuminaThemes.o .build/moc/moc_LuminaThemes.cpp
../../core/libLumina/LVideoLabel.cpp: In constructor ‘LVideoLabel::LVideoLabel(QString, bool, QWidget*)’:
../../core/libLumina/LVideoLabel.cpp:12:27: warning: ‘int qrand()’ is deprecated: use QRandomGenerator instead [-Wdeprecated-declarations]
   12 |   QTimer::singleShot(qrand()%10, this, SLOT(initializeBackend()) );
      |                      ~~~~~^~
In file included from /usr/include/qt5/QtGui/qtguiglobal.h:43,
                 from /usr/include/qt5/QtWidgets/qtwidgetsglobal.h:43,
                 from /usr/include/qt5/QtWidgets/qlabel.h:43,
                 from /usr/include/qt5/QtWidgets/QLabel:1,
                 from ../../core/libLumina/LVideoLabel.h:4,
                 from ../../core/libLumina/LVideoLabel.cpp:1:
/usr/include/qt5/QtCore/qglobal.h:1274:80: note: declared here
 1274 | Q_CORE_EXPORT QT_DEPRECATED_VERSION_X_5_15("use QRandomGenerator instead") int qrand();
      |                                                                                ^~~~~
../../core/libLumina/LVideoLabel.cpp: In member function ‘void LVideoLabel::stateChanged(QMediaPlayer::State)’:
../../core/libLumina/LVideoLabel.cpp:63:52: warning: unused parameter ‘state’ [-Wunused-parameter]
   63 | void LVideoLabel::stateChanged(QMediaPlayer::State state) {
      |                                ~~~~~~~~~~~~~~~~~~~~^~~~~
../../core/libLumina/LVideoLabel.cpp: In member function ‘void LVideoLabel::setDuration(QMediaPlayer::MediaStatus)’:
../../core/libLumina/LVideoLabel.cpp:77:29: warning: ‘int qrand()’ is deprecated: use QRandomGenerator instead [-Wdeprecated-declarations]
   77 |     QTimer::singleShot(qrand()%100, mediaPlayer, SLOT(play())); //mediaPlayer->play();
      |                        ~~~~~^~
In file included from /usr/include/qt5/QtGui/qtguiglobal.h:43,
                 from /usr/include/qt5/QtWidgets/qtwidgetsglobal.h:43,
                 from /usr/include/qt5/QtWidgets/qlabel.h:43,
                 from /usr/include/qt5/QtWidgets/QLabel:1,
                 from ../../core/libLumina/LVideoLabel.h:4,
                 from ../../core/libLumina/LVideoLabel.cpp:1:
/usr/include/qt5/QtCore/qglobal.h:1274:80: note: declared here
 1274 | Q_CORE_EXPORT QT_DEPRECATED_VERSION_X_5_15("use QRandomGenerator instead") int qrand();
      |                                                                                ^~~~~
g++ -c -pipe -O2 -flto=auto -ffat-lto-objects -fexceptions -g -grecord-gcc-switches -pipe -Wall -Werror=format-security -Wp,-D_FORTIFY_SOURCE=2 -Wp,-D_GLIBCXX_ASSERTIONS -specs=/usr/lib/rpm/redhat/redhat-hardened-cc1 -fstack-protector-strong -specs=/usr/lib/rpm/redhat/redhat-annobin-cc1 -m64 -mtune=generic -fasynchronous-unwind-tables -fstack-clash-protection -fcf-protection -std=gnu++11 -Wall -Wextra -D_REENTRANT -fPIC -DPREFIX=QString\(\"/usr\"\) -DL_ETCDIR=QString\(\"/etc\"\) -DL_SHAREDIR=QString\(\"/usr/share\"\) -DGIT_VERSION="\"a88ea52f\"" -DQT_NO_DEBUG -DQT_SVG_LIB -DQT_WIDGETS_LIB -DQT_MULTIMEDIA_LIB -DQT_X11EXTRAS_LIB -DQT_GUI_LIB -DQT_NETWORK_LIB -DQT_CONCURRENT_LIB -DQT_CORE_LIB -I. -I../../core/libLumina -I/usr/include/qt5 -I/usr -I/usr/include -I/home/q5sys/git/lumina/src-qt5/core-utils/lumina-xconfig -I/usr/include/qt5/QtSvg -I/usr/include/qt5/QtWidgets -I/usr/include/qt5/QtMultimedia -I/usr/include/qt5/QtX11Extras -I/usr/include/qt5/QtGui -I/usr/include/qt5/QtNetwork -I/usr/include/qt5/QtConcurrent -I/usr/include/qt5/QtCore -I.build/moc -I.build/ui -I/usr/lib64/qt5/mkspecs/linux-g++ -o .build/obj/moc_LuminaSingleApplication.o .build/moc/moc_LuminaSingleApplication.cpp
g++ -c -pipe -O2 -flto=auto -ffat-lto-objects -fexceptions -g -grecord-gcc-switches -pipe -Wall -Werror=format-security -Wp,-D_FORTIFY_SOURCE=2 -Wp,-D_GLIBCXX_ASSERTIONS -specs=/usr/lib/rpm/redhat/redhat-hardened-cc1 -fstack-protector-strong -specs=/usr/lib/rpm/redhat/redhat-annobin-cc1 -m64 -mtune=generic -fasynchronous-unwind-tables -fstack-clash-protection -fcf-protection -std=gnu++11 -Wall -Wextra -D_REENTRANT -fPIC -DPREFIX=QString\(\"/usr\"\) -DL_ETCDIR=QString\(\"/etc\"\) -DL_SHAREDIR=QString\(\"/usr/share\"\) -DGIT_VERSION="\"a88ea52f\"" -DQT_NO_DEBUG -DQT_MULTIMEDIAWIDGETS_LIB -DQT_SVG_LIB -DQT_WIDGETS_LIB -DQT_MULTIMEDIA_LIB -DQT_X11EXTRAS_LIB -DQT_GUI_LIB -DQT_NETWORK_LIB -DQT_CONCURRENT_LIB -DQT_CORE_LIB -I. -I../../core/libLumina -I/usr/include/qt5 -I/usr -I/usr/include -I/home/q5sys/git/lumina/src-qt5/desktop-utils/lumina-fm -I/usr/include/qt5/QtMultimediaWidgets -I/usr/include/qt5/QtSvg -I/usr/include/qt5/QtWidgets -I/usr/include/qt5/QtMultimedia -I/usr/include/qt5/QtX11Extras -I/usr/include/qt5/QtGui -I/usr/include/qt5/QtNetwork -I/usr/include/qt5/QtConcurrent -I/usr/include/qt5/QtCore -I.build/moc -I.build/ui -I/usr/lib64/qt5/mkspecs/linux-g++ -o .build/obj/LVideoSurface.o ../../core/libLumina/LVideoSurface.cpp
g++ -c -pipe -O2 -flto=auto -ffat-lto-objects -fexceptions -g -grecord-gcc-switches -pipe -Wall -Werror=format-security -Wp,-D_FORTIFY_SOURCE=2 -Wp,-D_GLIBCXX_ASSERTIONS -specs=/usr/lib/rpm/redhat/redhat-hardened-cc1 -fstack-protector-strong -specs=/usr/lib/rpm/redhat/redhat-annobin-cc1 -m64 -mtune=generic -fasynchronous-unwind-tables -fstack-clash-protection -fcf-protection -std=gnu++11 -Wall -Wextra -D_REENTRANT -fPIC -DPREFIX=QString\(\"/usr\"\) -DL_ETCDIR=QString\(\"/etc\"\) -DL_SHAREDIR=QString\(\"/usr/share\"\) -DGIT_VERSION="\"a88ea52f\"" -DNO_XINPUT -DQT_NO_DEBUG -DQT_SVG_LIB -DQT_WIDGETS_LIB -DQT_X11EXTRAS_LIB -DQT_MULTIMEDIA_LIB -DQT_GUI_LIB -DQT_NETWORK_LIB -DQT_CONCURRENT_LIB -DQT_CORE_LIB -I. -I../../core/libLumina -I/usr/include/qt5 -I/usr -I/usr/include -I/home/q5sys/git/lumina/src-qt5/core-utils/lumina-config -I/usr/include/qt5/QtSvg -I/usr/include/qt5/QtWidgets -I/usr/include/qt5/QtX11Extras -I/usr/include/qt5/QtMultimedia -I/usr/include/qt5/QtGui -I/usr/include/qt5/QtNetwork -I/usr/include/qt5/QtConcurrent -I/usr/include/qt5/QtCore -I.build/moc -I.build/ui -I/usr/lib64/qt5/mkspecs/linux-g++ -o .build/obj/ColorDialog.o ColorDialog.cpp
g++ -c -pipe -O2 -flto=auto -ffat-lto-objects -fexceptions -g -grecord-gcc-switches -pipe -Wall -Werror=format-security -Wp,-D_FORTIFY_SOURCE=2 -Wp,-D_GLIBCXX_ASSERTIONS -specs=/usr/lib/rpm/redhat/redhat-hardened-cc1 -fstack-protector-strong -specs=/usr/lib/rpm/redhat/redhat-annobin-cc1 -m64 -mtune=generic -fasynchronous-unwind-tables -fstack-clash-protection -fcf-protection -std=gnu++11 -Wall -Wextra -D_REENTRANT -fPIC -DPREFIX=QString\(\"/usr\"\) -DL_ETCDIR=QString\(\"/etc\"\) -DL_SHAREDIR=QString\(\"/usr/share\"\) -DGIT_VERSION="\"a88ea52f\"" -DQT_NO_DEBUG -DQT_SVG_LIB -DQT_WIDGETS_LIB -DQT_MULTIMEDIA_LIB -DQT_GUI_LIB -DQT_CONCURRENT_LIB -DQT_NETWORK_LIB -DQT_CORE_LIB -I. -I../../core/libLumina -I/usr/include/qt5 -I/usr -I/usr/include -I/home/q5sys/git/lumina/src-qt5/core-utils/lumina-search -I/usr/include/qt5/QtSvg -I/usr/include/qt5/QtWidgets -I/usr/include/qt5/QtMultimedia -I/usr/include/qt5/QtGui -I/usr/include/qt5/QtConcurrent -I/usr/include/qt5/QtNetwork -I/usr/include/qt5/QtCore -I.build/moc -I.build/ui -I/usr/lib64/qt5/mkspecs/linux-g++ -o .build/obj/moc_MainUI.o .build/moc/moc_MainUI.cpp
g++ -c -pipe -O2 -flto=auto -ffat-lto-objects -fexceptions -g -grecord-gcc-switches -pipe -Wall -Werror=format-security -Wp,-D_FORTIFY_SOURCE=2 -Wp,-D_GLIBCXX_ASSERTIONS -specs=/usr/lib/rpm/redhat/redhat-hardened-cc1 -fstack-protector-strong -specs=/usr/lib/rpm/redhat/redhat-annobin-cc1 -m64 -mtune=generic -fasynchronous-unwind-tables -fstack-clash-protection -fcf-protection -std=gnu++11 -Wall -Wextra -D_REENTRANT -fPIC -DPREFIX=QString\(\"/usr\"\) -DL_ETCDIR=QString\(\"/etc\"\) -DL_SHAREDIR=QString\(\"/usr/share\"\) -DGIT_VERSION="\"a88ea52f\"" -DQT_NO_DEBUG -DQT_MULTIMEDIAWIDGETS_LIB -DQT_SVG_LIB -DQT_WIDGETS_LIB -DQT_MULTIMEDIA_LIB -DQT_X11EXTRAS_LIB -DQT_GUI_LIB -DQT_NETWORK_LIB -DQT_CONCURRENT_LIB -DQT_CORE_LIB -I. -I../../core/libLumina -I/usr/include/qt5 -I/usr -I/usr/include -I/home/q5sys/git/lumina/src-qt5/desktop-utils/lumina-fm -I/usr/include/qt5/QtMultimediaWidgets -I/usr/include/qt5/QtSvg -I/usr/include/qt5/QtWidgets -I/usr/include/qt5/QtMultimedia -I/usr/include/qt5/QtX11Extras -I/usr/include/qt5/QtGui -I/usr/include/qt5/QtNetwork -I/usr/include/qt5/QtConcurrent -I/usr/include/qt5/QtCore -I.build/moc -I.build/ui -I/usr/lib64/qt5/mkspecs/linux-g++ -o .build/obj/LVideoWidget.o ../../core/libLumina/LVideoWidget.cpp
g++ -c -pipe -O2 -flto=auto -ffat-lto-objects -fexceptions -g -grecord-gcc-switches -pipe -Wall -Werror=format-security -Wp,-D_FORTIFY_SOURCE=2 -Wp,-D_GLIBCXX_ASSERTIONS -specs=/usr/lib/rpm/redhat/redhat-hardened-cc1 -fstack-protector-strong -specs=/usr/lib/rpm/redhat/redhat-annobin-cc1 -m64 -mtune=generic -fasynchronous-unwind-tables -fstack-clash-protection -fcf-protection -std=gnu++11 -Wall -Wextra -D_REENTRANT -fPIC -DPREFIX=QString\(\"/usr\"\) -DL_ETCDIR=QString\(\"/etc\"\) -DL_SHAREDIR=QString\(\"/usr/share\"\) -DGIT_VERSION="\"a88ea52f\"" -DQT_NO_DEBUG -DQT_SVG_LIB -DQT_WIDGETS_LIB -DQT_MULTIMEDIA_LIB -DQT_X11EXTRAS_LIB -DQT_GUI_LIB -DQT_NETWORK_LIB -DQT_CONCURRENT_LIB -DQT_CORE_LIB -I. -I../../core/libLumina -I/usr/include/qt5 -I/usr -I/usr/include -I/home/q5sys/git/lumina/src-qt5/core-utils/lumina-xconfig -I/usr/include/qt5/QtSvg -I/usr/include/qt5/QtWidgets -I/usr/include/qt5/QtMultimedia -I/usr/include/qt5/QtX11Extras -I/usr/include/qt5/QtGui -I/usr/include/qt5/QtNetwork -I/usr/include/qt5/QtConcurrent -I/usr/include/qt5/QtCore -I.build/moc -I.build/ui -I/usr/lib64/qt5/mkspecs/linux-g++ -o .build/obj/moc_LuminaThemes.o .build/moc/moc_LuminaThemes.cpp
g++ -c -pipe -O2 -flto=auto -ffat-lto-objects -fexceptions -g -grecord-gcc-switches -pipe -Wall -Werror=format-security -Wp,-D_FORTIFY_SOURCE=2 -Wp,-D_GLIBCXX_ASSERTIONS -specs=/usr/lib/rpm/redhat/redhat-hardened-cc1 -fstack-protector-strong -specs=/usr/lib/rpm/redhat/redhat-annobin-cc1 -m64 -mtune=generic -fasynchronous-unwind-tables -fstack-clash-protection -fcf-protection -std=gnu++11 -Wall -Wextra -D_REENTRANT -fPIC -DPREFIX=QString\(\"/usr\"\) -DL_ETCDIR=QString\(\"/etc\"\) -DL_SHAREDIR=QString\(\"/usr/share\"\) -DGIT_VERSION="\"a88ea52f\"" -DQT_NO_DEBUG -DQT_SVG_LIB -DQT_WIDGETS_LIB -DQT_MULTIMEDIA_LIB -DQT_GUI_LIB -DQT_CONCURRENT_LIB -DQT_NETWORK_LIB -DQT_CORE_LIB -I. -I../../core/libLumina -I/usr/include/qt5 -I/usr -I/usr/include -I/home/q5sys/git/lumina/src-qt5/core-utils/lumina-search -I/usr/include/qt5/QtSvg -I/usr/include/qt5/QtWidgets -I/usr/include/qt5/QtMultimedia -I/usr/include/qt5/QtGui -I/usr/include/qt5/QtConcurrent -I/usr/include/qt5/QtNetwork -I/usr/include/qt5/QtCore -I.build/moc -I.build/ui -I/usr/lib64/qt5/mkspecs/linux-g++ -o .build/obj/moc_Worker.o .build/moc/moc_Worker.cpp
g++ -c -pipe -O2 -flto=auto -ffat-lto-objects -fexceptions -g -grecord-gcc-switches -pipe -Wall -Werror=format-security -Wp,-D_FORTIFY_SOURCE=2 -Wp,-D_GLIBCXX_ASSERTIONS -specs=/usr/lib/rpm/redhat/redhat-hardened-cc1 -fstack-protector-strong -specs=/usr/lib/rpm/redhat/redhat-annobin-cc1 -m64 -mtune=generic -fasynchronous-unwind-tables -fstack-clash-protection -fcf-protection -std=gnu++11 -Wall -Wextra -D_REENTRANT -fPIC -DPREFIX=QString\(\"/usr\"\) -DL_ETCDIR=QString\(\"/etc\"\) -DL_SHAREDIR=QString\(\"/usr/share\"\) -DGIT_VERSION="\"a88ea52f\"" -DNO_XINPUT -DQT_NO_DEBUG -DQT_SVG_LIB -DQT_WIDGETS_LIB -DQT_X11EXTRAS_LIB -DQT_MULTIMEDIA_LIB -DQT_GUI_LIB -DQT_NETWORK_LIB -DQT_CONCURRENT_LIB -DQT_CORE_LIB -I. -I../../core/libLumina -I/usr/include/qt5 -I/usr -I/usr/include -I/home/q5sys/git/lumina/src-qt5/core-utils/lumina-config -I/usr/include/qt5/QtSvg -I/usr/include/qt5/QtWidgets -I/usr/include/qt5/QtX11Extras -I/usr/include/qt5/QtMultimedia -I/usr/include/qt5/QtGui -I/usr/include/qt5/QtNetwork -I/usr/include/qt5/QtConcurrent -I/usr/include/qt5/QtCore -I.build/moc -I.build/ui -I/usr/lib64/qt5/mkspecs/linux-g++ -o .build/obj/ThemeDialog.o ThemeDialog.cpp
g++ -c -pipe -O2 -flto=auto -ffat-lto-objects -fexceptions -g -grecord-gcc-switches -pipe -Wall -Werror=format-security -Wp,-D_FORTIFY_SOURCE=2 -Wp,-D_GLIBCXX_ASSERTIONS -specs=/usr/lib/rpm/redhat/redhat-hardened-cc1 -fstack-protector-strong -specs=/usr/lib/rpm/redhat/redhat-annobin-cc1 -m64 -mtune=generic -fasynchronous-unwind-tables -fstack-clash-protection -fcf-protection -std=gnu++11 -Wall -Wextra -D_REENTRANT -fPIC -DPREFIX=QString\(\"/usr\"\) -DL_ETCDIR=QString\(\"/etc\"\) -DL_SHAREDIR=QString\(\"/usr/share\"\) -DGIT_VERSION="\"a88ea52f\"" -DQT_NO_DEBUG -DQT_SVG_LIB -DQT_WIDGETS_LIB -DQT_MULTIMEDIA_LIB -DQT_X11EXTRAS_LIB -DQT_GUI_LIB -DQT_NETWORK_LIB -DQT_CONCURRENT_LIB -DQT_CORE_LIB -I. -I../../core/libLumina -I/usr/include/qt5 -I/usr -I/usr/include -I/home/q5sys/git/lumina/src-qt5/core-utils/lumina-xconfig -I/usr/include/qt5/QtSvg -I/usr/include/qt5/QtWidgets -I/usr/include/qt5/QtMultimedia -I/usr/include/qt5/QtX11Extras -I/usr/include/qt5/QtGui -I/usr/include/qt5/QtNetwork -I/usr/include/qt5/QtConcurrent -I/usr/include/qt5/QtCore -I.build/moc -I.build/ui -I/usr/lib64/qt5/mkspecs/linux-g++ -o .build/obj/moc_MainUI.o .build/moc/moc_MainUI.cpp
g++ -c -pipe -O2 -flto=auto -ffat-lto-objects -fexceptions -g -grecord-gcc-switches -pipe -Wall -Werror=format-security -Wp,-D_FORTIFY_SOURCE=2 -Wp,-D_GLIBCXX_ASSERTIONS -specs=/usr/lib/rpm/redhat/redhat-hardened-cc1 -fstack-protector-strong -specs=/usr/lib/rpm/redhat/redhat-annobin-cc1 -m64 -mtune=generic -fasynchronous-unwind-tables -fstack-clash-protection -fcf-protection -std=gnu++11 -Wall -Wextra -D_REENTRANT -fPIC -DPREFIX=QString\(\"/usr\"\) -DL_ETCDIR=QString\(\"/etc\"\) -DL_SHAREDIR=QString\(\"/usr/share\"\) -DGIT_VERSION="\"a88ea52f\"" -DQT_NO_DEBUG -DQT_MULTIMEDIAWIDGETS_LIB -DQT_SVG_LIB -DQT_WIDGETS_LIB -DQT_MULTIMEDIA_LIB -DQT_X11EXTRAS_LIB -DQT_GUI_LIB -DQT_NETWORK_LIB -DQT_CONCURRENT_LIB -DQT_CORE_LIB -I. -I../../core/libLumina -I/usr/include/qt5 -I/usr -I/usr/include -I/home/q5sys/git/lumina/src-qt5/desktop-utils/lumina-fm -I/usr/include/qt5/QtMultimediaWidgets -I/usr/include/qt5/QtSvg -I/usr/include/qt5/QtWidgets -I/usr/include/qt5/QtMultimedia -I/usr/include/qt5/QtX11Extras -I/usr/include/qt5/QtGui -I/usr/include/qt5/QtNetwork -I/usr/include/qt5/QtConcurrent -I/usr/include/qt5/QtCore -I.build/moc -I.build/ui -I/usr/lib64/qt5/mkspecs/linux-g++ -o .build/obj/main.o main.cpp
g++ -c -pipe -O2 -flto=auto -ffat-lto-objects -fexceptions -g -grecord-gcc-switches -pipe -Wall -Werror=format-security -Wp,-D_FORTIFY_SOURCE=2 -Wp,-D_GLIBCXX_ASSERTIONS -specs=/usr/lib/rpm/redhat/redhat-hardened-cc1 -fstack-protector-strong -specs=/usr/lib/rpm/redhat/redhat-annobin-cc1 -m64 -mtune=generic -fasynchronous-unwind-tables -fstack-clash-protection -fcf-protection -std=gnu++11 -Wall -Wextra -D_REENTRANT -fPIC -DPREFIX=QString\(\"/usr\"\) -DL_ETCDIR=QString\(\"/etc\"\) -DL_SHAREDIR=QString\(\"/usr/share\"\) -DGIT_VERSION="\"a88ea52f\"" -DQT_NO_DEBUG -DQT_SVG_LIB -DQT_WIDGETS_LIB -DQT_MULTIMEDIA_LIB -DQT_GUI_LIB -DQT_CONCURRENT_LIB -DQT_NETWORK_LIB -DQT_CORE_LIB -I. -I../../core/libLumina -I/usr/include/qt5 -I/usr -I/usr/include -I/home/q5sys/git/lumina/src-qt5/core-utils/lumina-search -I/usr/include/qt5/QtSvg -I/usr/include/qt5/QtWidgets -I/usr/include/qt5/QtMultimedia -I/usr/include/qt5/QtGui -I/usr/include/qt5/QtConcurrent -I/usr/include/qt5/QtNetwork -I/usr/include/qt5/QtCore -I.build/moc -I.build/ui -I/usr/lib64/qt5/mkspecs/linux-g++ -o .build/obj/moc_ConfigUI.o .build/moc/moc_ConfigUI.cpp
g++ -Wl,--as-needed -Wl,-z,relro -Wl,--as-needed -Wl,-z,now -specs=/usr/lib/rpm/redhat/redhat-hardened-ld -o lumina-search .build/obj/LuminaOS-Linux.o .build/obj/LUtils.o .build/obj/LuminaXDG.o .build/obj/LFileInfo.o .build/obj/LuminaThemes.o .build/obj/main.o .build/obj/MainUI.o .build/obj/Worker.o .build/obj/ConfigUI.o .build/obj/moc_LuminaXDG.o .build/obj/moc_LuminaThemes.o .build/obj/moc_MainUI.o .build/obj/moc_Worker.o .build/obj/moc_ConfigUI.o   -L/home/q5sys/git/lumina/src-qt5/core/libLumina -L/usr/lib64 -L/usr/lib64/qt5 -L/usr/local/lib -L/usr/lib -L/lib /usr/lib64/libQt5Svg.so /usr/lib64/libQt5Widgets.so /usr/lib64/libQt5Multimedia.so /usr/lib64/libQt5Gui.so /usr/lib64/libQt5Concurrent.so /usr/lib64/libQt5Network.so /usr/lib64/libQt5Core.so -lGL -lpthread   
g++ -Wl,--as-needed -Wl,-z,relro -Wl,--as-needed -Wl,-z,now -specs=/usr/lib/rpm/redhat/redhat-hardened-ld -Wl,-rpath-link,/usr/lib64 -o lumina-xconfig .build/obj/LuminaOS-Linux.o .build/obj/LUtils.o .build/obj/LuminaXDG.o .build/obj/LFileInfo.o .build/obj/LuminaSingleApplication.o .build/obj/LuminaThemes.o .build/obj/main.o .build/obj/MainUI.o .build/obj/ScreenSettings.o .build/obj/moc_LuminaXDG.o .build/obj/moc_LuminaSingleApplication.o .build/obj/moc_LuminaThemes.o .build/obj/moc_MainUI.o   -L/home/q5sys/git/lumina/src-qt5/core/libLumina -L/usr/lib64 -L/usr/lib64/qt5 -L/usr/local/lib -L/usr/lib -L/lib /usr/lib64/libQt5Svg.so /usr/lib64/libQt5Widgets.so /usr/lib64/libQt5Multimedia.so /usr/lib64/libQt5X11Extras.so /usr/lib64/libQt5Gui.so /usr/lib64/libQt5Network.so /usr/lib64/libQt5Concurrent.so /usr/lib64/libQt5Core.so -lGL -lpthread   
main.cpp: In function ‘int main(int, char**)’:
main.cpp:19:11: warning: ‘void qsrand(uint)’ is deprecated: use QRandomGenerator instead [-Wdeprecated-declarations]
   19 |     qsrand(QDateTime::currentMSecsSinceEpoch());
      |     ~~~~~~^~~~~~~~~~~~~~~~~~~~~~~~~~~~~~~~~~~~~
In file included from /usr/include/qt5/QtGui/qtguiglobal.h:43,
                 from /usr/include/qt5/QtWidgets/qtwidgetsglobal.h:43,
                 from /usr/include/qt5/QtWidgets/qapplication.h:43,
                 from /usr/include/qt5/QtWidgets/QApplication:1,
                 from main.cpp:1:
/usr/include/qt5/QtCore/qglobal.h:1273:81: note: declared here
 1273 | Q_CORE_EXPORT QT_DEPRECATED_VERSION_X_5_15("use QRandomGenerator instead") void qsrand(uint seed);
      |                                                                                 ^~~~~~
g++ -c -pipe -O2 -flto=auto -ffat-lto-objects -fexceptions -g -grecord-gcc-switches -pipe -Wall -Werror=format-security -Wp,-D_FORTIFY_SOURCE=2 -Wp,-D_GLIBCXX_ASSERTIONS -specs=/usr/lib/rpm/redhat/redhat-hardened-cc1 -fstack-protector-strong -specs=/usr/lib/rpm/redhat/redhat-annobin-cc1 -m64 -mtune=generic -fasynchronous-unwind-tables -fstack-clash-protection -fcf-protection -std=gnu++11 -Wall -Wextra -D_REENTRANT -fPIC -DPREFIX=QString\(\"/usr\"\) -DL_ETCDIR=QString\(\"/etc\"\) -DL_SHAREDIR=QString\(\"/usr/share\"\) -DGIT_VERSION="\"a88ea52f\"" -DNO_XINPUT -DQT_NO_DEBUG -DQT_SVG_LIB -DQT_WIDGETS_LIB -DQT_X11EXTRAS_LIB -DQT_MULTIMEDIA_LIB -DQT_GUI_LIB -DQT_NETWORK_LIB -DQT_CONCURRENT_LIB -DQT_CORE_LIB -I. -I../../core/libLumina -I/usr/include/qt5 -I/usr -I/usr/include -I/home/q5sys/git/lumina/src-qt5/core-utils/lumina-config -I/usr/include/qt5/QtSvg -I/usr/include/qt5/QtWidgets -I/usr/include/qt5/QtX11Extras -I/usr/include/qt5/QtMultimedia -I/usr/include/qt5/QtGui -I/usr/include/qt5/QtNetwork -I/usr/include/qt5/QtConcurrent -I/usr/include/qt5/QtCore -I.build/moc -I.build/ui -I/usr/lib64/qt5/mkspecs/linux-g++ -o .build/obj/GetPluginDialog.o GetPluginDialog.cpp
g++ -c -pipe -O2 -flto=auto -ffat-lto-objects -fexceptions -g -grecord-gcc-switches -pipe -Wall -Werror=format-security -Wp,-D_FORTIFY_SOURCE=2 -Wp,-D_GLIBCXX_ASSERTIONS -specs=/usr/lib/rpm/redhat/redhat-hardened-cc1 -fstack-protector-strong -specs=/usr/lib/rpm/redhat/redhat-annobin-cc1 -m64 -mtune=generic -fasynchronous-unwind-tables -fstack-clash-protection -fcf-protection -std=gnu++11 -Wall -Wextra -D_REENTRANT -fPIC -DPREFIX=QString\(\"/usr\"\) -DL_ETCDIR=QString\(\"/etc\"\) -DL_SHAREDIR=QString\(\"/usr/share\"\) -DGIT_VERSION="\"a88ea52f\"" -DQT_NO_DEBUG -DQT_MULTIMEDIAWIDGETS_LIB -DQT_SVG_LIB -DQT_WIDGETS_LIB -DQT_MULTIMEDIA_LIB -DQT_X11EXTRAS_LIB -DQT_GUI_LIB -DQT_NETWORK_LIB -DQT_CONCURRENT_LIB -DQT_CORE_LIB -I. -I../../core/libLumina -I/usr/include/qt5 -I/usr -I/usr/include -I/home/q5sys/git/lumina/src-qt5/desktop-utils/lumina-fm -I/usr/include/qt5/QtMultimediaWidgets -I/usr/include/qt5/QtSvg -I/usr/include/qt5/QtWidgets -I/usr/include/qt5/QtMultimedia -I/usr/include/qt5/QtX11Extras -I/usr/include/qt5/QtGui -I/usr/include/qt5/QtNetwork -I/usr/include/qt5/QtConcurrent -I/usr/include/qt5/QtCore -I.build/moc -I.build/ui -I/usr/lib64/qt5/mkspecs/linux-g++ -o .build/obj/MainUI.o MainUI.cpp
In file included from MainUI.cpp:17:
../../core/libLumina/ExternalProcess.h: In static member function ‘static void ExternalProcess::launch(QString, QStringList, bool)’:
../../core/libLumina/ExternalProcess.h:84:41: warning: ‘void QProcess::start(const QString&, QIODevice::OpenMode)’ is deprecated: Use QProcess::start(const QString &program, const QStringList &arguments,OpenMode mode = ReadWrite) instead [-Wdeprecated-declarations]
   84 |           if(args.isEmpty()){ tmp->start(program); }
      |                               ~~~~~~~~~~^~~~~~~~~
In file included from /usr/include/qt5/QtCore/QProcess:1,
                 from MainUI.h:19,
                 from MainUI.cpp:7:
/usr/include/qt5/QtCore/qprocess.h:168:10: note: declared here
  168 |     void start(const QString &command, OpenMode mode = ReadWrite);
      |          ^~~~~
g++ -c -pipe -O2 -flto=auto -ffat-lto-objects -fexceptions -g -grecord-gcc-switches -pipe -Wall -Werror=format-security -Wp,-D_FORTIFY_SOURCE=2 -Wp,-D_GLIBCXX_ASSERTIONS -specs=/usr/lib/rpm/redhat/redhat-hardened-cc1 -fstack-protector-strong -specs=/usr/lib/rpm/redhat/redhat-annobin-cc1 -m64 -mtune=generic -fasynchronous-unwind-tables -fstack-clash-protection -fcf-protection -std=gnu++11 -Wall -Wextra -D_REENTRANT -fPIC -DPREFIX=QString\(\"/usr\"\) -DL_ETCDIR=QString\(\"/etc\"\) -DL_SHAREDIR=QString\(\"/usr/share\"\) -DGIT_VERSION="\"a88ea52f\"" -DNO_XINPUT -DQT_NO_DEBUG -DQT_SVG_LIB -DQT_WIDGETS_LIB -DQT_X11EXTRAS_LIB -DQT_MULTIMEDIA_LIB -DQT_GUI_LIB -DQT_NETWORK_LIB -DQT_CONCURRENT_LIB -DQT_CORE_LIB -I. -I../../core/libLumina -I/usr/include/qt5 -I/usr -I/usr/include -I/home/q5sys/git/lumina/src-qt5/core-utils/lumina-config -I/usr/include/qt5/QtSvg -I/usr/include/qt5/QtWidgets -I/usr/include/qt5/QtX11Extras -I/usr/include/qt5/QtMultimedia -I/usr/include/qt5/QtGui -I/usr/include/qt5/QtNetwork -I/usr/include/qt5/QtConcurrent -I/usr/include/qt5/QtCore -I.build/moc -I.build/ui -I/usr/lib64/qt5/mkspecs/linux-g++ -o .build/obj/ScriptDialog.o ScriptDialog.cpp
MainUI.cpp: In member function ‘void MainUI::on_actionNew_Window_triggered()’:
MainUI.cpp:484:26: warning: ‘static bool QProcess::startDetached(const QString&)’ is deprecated: Use QProcess::startDetached(const QString &program, const QStringList &arguments) instead [-Wdeprecated-declarations]
  484 |   QProcess::startDetached("lumina-fm -new-instance");
      |   ~~~~~~~~~~~~~~~~~~~~~~~^~~~~~~~~~~~~~~~~~~~~~~~~~~
In file included from /usr/include/qt5/QtCore/QProcess:1,
                 from MainUI.h:19,
                 from MainUI.cpp:7:
/usr/include/qt5/QtCore/qprocess.h:280:17: note: declared here
  280 |     static bool startDetached(const QString &command);
      |                 ^~~~~~~~~~~~~
MainUI.cpp: In member function ‘void MainUI::on_actionSearch_triggered()’:
MainUI.cpp:494:26: warning: ‘static bool QProcess::startDetached(const QString&)’ is deprecated: Use QProcess::startDetached(const QString &program, const QStringList &arguments) instead [-Wdeprecated-declarations]
  494 |   QProcess::startDetached("lumina-search -dir \""+dir->currentDir()+"\"");
      |   ~~~~~~~~~~~~~~~~~~~~~~~^~~~~~~~~~~~~~~~~~~~~~~~~~~~~~~~~~~~~~~~~~~~~~~~
In file included from /usr/include/qt5/QtCore/QProcess:1,
                 from MainUI.h:19,
                 from MainUI.cpp:7:
/usr/include/qt5/QtCore/qprocess.h:280:17: note: declared here
  280 |     static bool startDetached(const QString &command);
      |                 ^~~~~~~~~~~~~
MainUI.cpp: In member function ‘void MainUI::sortModeName(bool)’:
MainUI.cpp:618:8: warning: unused variable ‘sortbyName’ [-Wunused-variable]
  618 |   bool sortbyName = radio_sort_name->isChecked();
      |        ^~~~~~~~~~
MainUI.cpp: In member function ‘void MainUI::sortModeSize(bool)’:
MainUI.cpp:628:8: warning: unused variable ‘sortbySize’ [-Wunused-variable]
  628 |   bool sortbySize = radio_sort_size->isChecked();
      |        ^~~~~~~~~~
MainUI.cpp: In member function ‘void MainUI::sortModeType(bool)’:
MainUI.cpp:638:8: warning: unused variable ‘sortbyType’ [-Wunused-variable]
  638 |   bool sortbyType = radio_sort_type->isChecked();
      |        ^~~~~~~~~~
MainUI.cpp: In member function ‘void MainUI::sortModeDateM(bool)’:
MainUI.cpp:648:8: warning: unused variable ‘sortbyDateM’ [-Wunused-variable]
  648 |   bool sortbyDateM = radio_sort_datemod->isChecked();
      |        ^~~~~~~~~~~
MainUI.cpp: In member function ‘void MainUI::sortModeDateC(bool)’:
MainUI.cpp:658:8: warning: unused variable ‘sortbyDateC’ [-Wunused-variable]
  658 |   bool sortbyDateC = radio_sort_datecre->isChecked();
      |        ^~~~~~~~~~~
MainUI.cpp: In member function ‘void MainUI::CreateBookMark()’:
MainUI.cpp:724:39: warning: ‘constexpr QFlags<T>::QFlags(QFlags<T>::Zero) [with Enum = Qt::WindowType; QFlags<T>::Zero = int QFlags<Qt::WindowType>::Private::*]’ is deprecated: Use default constructor instead [-Wdeprecated-declarations]
  724 |   QString name = QInputDialog::getText(this, tr("New Bookmark"), tr("Name:"), QLineEdit::Normal, dir, \
      |                  ~~~~~~~~~~~~~~~~~~~~~^~~~~~~~~~~~~~~~~~~~~~~~~~~~~~~~~~~~~~~~~~~~~~~~~~~~~~~~~~~~~~~~~
  725 |         &ok, 0, Qt::ImhFormattedNumbersOnly | Qt::ImhUppercaseOnly | Qt::ImhLowercaseOnly);
      |         ~~~~~~~~~~~~~~~~~~~~~~~~~~~~~~~~~~~~~~~~~~~~~~~~~~~~~~~~~~~~~~~~~~~~~~~~~~~~~~~~~~
In file included from /usr/include/qt5/QtCore/qglobal.h:1299,
                 from /usr/include/qt5/QtGui/qtguiglobal.h:43,
                 from /usr/include/qt5/QtWidgets/qtwidgetsglobal.h:43,
                 from /usr/include/qt5/QtWidgets/qmainwindow.h:43,
                 from /usr/include/qt5/QtWidgets/QMainWindow:1,
                 from MainUI.h:12,
                 from MainUI.cpp:7:
/usr/include/qt5/QtCore/qflags.h:123:80: note: declared here
  123 |     QT_DEPRECATED_X("Use default constructor instead") Q_DECL_CONSTEXPR inline QFlags(Zero) noexcept : i(0) {}
      |                                                                                ^~~~~~
MainUI.cpp: In member function ‘void MainUI::OpenTerminal(QString)’:
MainUI.cpp:879:26: warning: ‘static bool QProcess::startDetached(const QString&)’ is deprecated: Use QProcess::startDetached(const QString &program, const QStringList &arguments) instead [-Wdeprecated-declarations]
  879 |   QProcess::startDetached(cmd);
      |   ~~~~~~~~~~~~~~~~~~~~~~~^~~~~
In file included from /usr/include/qt5/QtCore/QProcess:1,
                 from MainUI.h:19,
                 from MainUI.cpp:7:
/usr/include/qt5/QtCore/qprocess.h:280:17: note: declared here
  280 |     static bool startDetached(const QString &command);
      |                 ^~~~~~~~~~~~~
make[3]: Leaving directory '/home/q5sys/git/lumina/src-qt5/core-utils/lumina-search'
cd lumina-screenshot/ && ( test -e Makefile || /usr/lib64/qt5/bin/qmake -o Makefile /home/q5sys/git/lumina/src-qt5/desktop-utils/lumina-screenshot/lumina-screenshot.pro 'QMAKE_CFLAGS_DEBUG=-O2 -flto=auto -ffat-lto-objects -fexceptions -g -grecord-gcc-switches -pipe -Wall -Werror=format-security -Wp,-D_FORTIFY_SOURCE=2 -Wp,-D_GLIBCXX_ASSERTIONS -specs=/usr/lib/rpm/redhat/redhat-hardened-cc1 -fstack-protector-strong -specs=/usr/lib/rpm/redhat/redhat-annobin-cc1  -m64  -mtune=generic -fasynchronous-unwind-tables -fstack-clash-protection -fcf-protection ' 'QMAKE_CFLAGS_RELEASE=-O2 -flto=auto -ffat-lto-objects -fexceptions -g -grecord-gcc-switches -pipe -Wall -Werror=format-security -Wp,-D_FORTIFY_SOURCE=2 -Wp,-D_GLIBCXX_ASSERTIONS -specs=/usr/lib/rpm/redhat/redhat-hardened-cc1 -fstack-protector-strong -specs=/usr/lib/rpm/redhat/redhat-annobin-cc1  -m64  -mtune=generic -fasynchronous-unwind-tables -fstack-clash-protection -fcf-protection ' 'QMAKE_CXXFLAGS_DEBUG=-O2 -flto=auto -ffat-lto-objects -fexceptions -g -grecord-gcc-switches -pipe -Wall -Werror=format-security -Wp,-D_FORTIFY_SOURCE=2 -Wp,-D_GLIBCXX_ASSERTIONS -specs=/usr/lib/rpm/redhat/redhat-hardened-cc1 -fstack-protector-strong -specs=/usr/lib/rpm/redhat/redhat-annobin-cc1  -m64  -mtune=generic -fasynchronous-unwind-tables -fstack-clash-protection -fcf-protection ' 'QMAKE_CXXFLAGS_RELEASE=-O2 -flto=auto -ffat-lto-objects -fexceptions -g -grecord-gcc-switches -pipe -Wall -Werror=format-security -Wp,-D_FORTIFY_SOURCE=2 -Wp,-D_GLIBCXX_ASSERTIONS -specs=/usr/lib/rpm/redhat/redhat-hardened-cc1 -fstack-protector-strong -specs=/usr/lib/rpm/redhat/redhat-annobin-cc1  -m64  -mtune=generic -fasynchronous-unwind-tables -fstack-clash-protection -fcf-protection ' 'QMAKE_LFLAGS_DEBUG=-Wl,-z,relro -Wl,--as-needed  -Wl,-z,now -specs=/usr/lib/rpm/redhat/redhat-hardened-ld ' 'QMAKE_LFLAGS_RELEASE=-Wl,-z,relro -Wl,--as-needed  -Wl,-z,now -specs=/usr/lib/rpm/redhat/redhat-hardened-ld ' QMAKE_STRIP= CONFIG+=configure LIBPREFIX=/usr/lib64 L_BINDIR=/usr/bin L_LIBDIR=/usr/lib64 L_SHAREDIR=/usr/share L_ETCDIR=/etc L_INCLUDEDIR=/usr/include L_MANDIR=/usr/share/man QT5LIBDIR=/usr QMAKE_LFLAGS+=-Wl,--as-needed ) && make -f Makefile 
Project MESSAGE: Build OS Info: Linux, x86_64, #1 SMP Wed Jun 23 16:18:11 UTC 2021
Project MESSAGE:  - Detected Qt Version: 5.15.2
Project MESSAGE: Build Settings Loaded: Linux -
make[3]: Entering directory '/home/q5sys/git/lumina/src-qt5/desktop-utils/lumina-screenshot'
/usr/lib64/qt5/bin/uic MainUI.ui -o .build/ui/ui_MainUI.h
g++ -c -pipe -O2 -flto=auto -ffat-lto-objects -fexceptions -g -grecord-gcc-switches -pipe -Wall -Werror=format-security -Wp,-D_FORTIFY_SOURCE=2 -Wp,-D_GLIBCXX_ASSERTIONS -specs=/usr/lib/rpm/redhat/redhat-hardened-cc1 -fstack-protector-strong -specs=/usr/lib/rpm/redhat/redhat-annobin-cc1 -m64 -mtune=generic -fasynchronous-unwind-tables -fstack-clash-protection -fcf-protection -std=gnu++11 -Wall -Wextra -D_REENTRANT -fPIC -DPREFIX=QString\(\"/usr\"\) -DL_ETCDIR=QString\(\"/etc\"\) -DL_SHAREDIR=QString\(\"/usr/share\"\) -DGIT_VERSION="\"a88ea52f\"" -DQT_NO_DEBUG -DQT_SVG_LIB -DQT_WIDGETS_LIB -DQT_X11EXTRAS_LIB -DQT_MULTIMEDIA_LIB -DQT_GUI_LIB -DQT_NETWORK_LIB -DQT_CONCURRENT_LIB -DQT_CORE_LIB -I. -I../../core/libLumina -I/usr/include/qt5 -I/usr -I/usr/include -I/home/q5sys/git/lumina/src-qt5/desktop-utils/lumina-screenshot -I/usr/include/qt5/QtSvg -I/usr/include/qt5/QtWidgets -I/usr/include/qt5/QtX11Extras -I/usr/include/qt5/QtMultimedia -I/usr/include/qt5/QtGui -I/usr/include/qt5/QtNetwork -I/usr/include/qt5/QtConcurrent -I/usr/include/qt5/QtCore -I.build/moc -I.build/ui -I/usr/lib64/qt5/mkspecs/linux-g++ -o .build/obj/LuminaOS-Linux.o ../../core/libLumina/LuminaOS-Linux.cpp
make[3]: Leaving directory '/home/q5sys/git/lumina/src-qt5/core-utils/lumina-xconfig'
g++ -c -pipe -O2 -flto=auto -ffat-lto-objects -fexceptions -g -grecord-gcc-switches -pipe -Wall -Werror=format-security -Wp,-D_FORTIFY_SOURCE=2 -Wp,-D_GLIBCXX_ASSERTIONS -specs=/usr/lib/rpm/redhat/redhat-hardened-cc1 -fstack-protector-strong -specs=/usr/lib/rpm/redhat/redhat-annobin-cc1 -m64 -mtune=generic -fasynchronous-unwind-tables -fstack-clash-protection -fcf-protection -std=gnu++11 -Wall -Wextra -D_REENTRANT -fPIC -DPREFIX=QString\(\"/usr\"\) -DL_ETCDIR=QString\(\"/etc\"\) -DL_SHAREDIR=QString\(\"/usr/share\"\) -DGIT_VERSION="\"a88ea52f\"" -DQT_NO_DEBUG -DQT_SVG_LIB -DQT_WIDGETS_LIB -DQT_X11EXTRAS_LIB -DQT_MULTIMEDIA_LIB -DQT_GUI_LIB -DQT_NETWORK_LIB -DQT_CONCURRENT_LIB -DQT_CORE_LIB -I. -I../../core/libLumina -I/usr/include/qt5 -I/usr -I/usr/include -I/home/q5sys/git/lumina/src-qt5/desktop-utils/lumina-screenshot -I/usr/include/qt5/QtSvg -I/usr/include/qt5/QtWidgets -I/usr/include/qt5/QtX11Extras -I/usr/include/qt5/QtMultimedia -I/usr/include/qt5/QtGui -I/usr/include/qt5/QtNetwork -I/usr/include/qt5/QtConcurrent -I/usr/include/qt5/QtCore -I.build/moc -I.build/ui -I/usr/lib64/qt5/mkspecs/linux-g++ -o .build/obj/LUtils.o ../../core/libLumina/LUtils.cpp
../../core/libLumina/LuminaOS-Linux.cpp: In static member function ‘static void LOS::startMixerUtility()’:
../../core/libLumina/LuminaOS-Linux.cpp:134:26: warning: ‘static bool QProcess::startDetached(const QString&)’ is deprecated: Use QProcess::startDetached(const QString &program, const QStringList &arguments) instead [-Wdeprecated-declarations]
  134 |   QProcess::startDetached(LOS::AppPrefix() + "bin/pavucontrol");
      |   ~~~~~~~~~~~~~~~~~~~~~~~^~~~~~~~~~~~~~~~~~~~~~~~~~~~~~~~~~~~~~
In file included from /usr/include/qt5/QtCore/QProcess:1,
                 from ../../core/libLumina/LuminaOS.h:17,
                 from ../../core/libLumina/LuminaOS-Linux.cpp:9:
/usr/include/qt5/QtCore/qprocess.h:280:17: note: declared here
  280 |     static bool startDetached(const QString &command);
      |                 ^~~~~~~~~~~~~
../../core/libLumina/LuminaOS-Linux.cpp: In static member function ‘static void LOS::systemShutdown(bool)’:
../../core/libLumina/LuminaOS-Linux.cpp:155:26: warning: ‘static bool QProcess::startDetached(const QString&)’ is deprecated: Use QProcess::startDetached(const QString &program, const QStringList &arguments) instead [-Wdeprecated-declarations]
  155 |   QProcess::startDetached("shutdown -P -h now");
      |   ~~~~~~~~~~~~~~~~~~~~~~~^~~~~~~~~~~~~~~~~~~~~~
In file included from /usr/include/qt5/QtCore/QProcess:1,
                 from ../../core/libLumina/LuminaOS.h:17,
                 from ../../core/libLumina/LuminaOS-Linux.cpp:9:
/usr/include/qt5/QtCore/qprocess.h:280:17: note: declared here
  280 |     static bool startDetached(const QString &command);
      |                 ^~~~~~~~~~~~~
../../core/libLumina/LuminaOS-Linux.cpp: In static member function ‘static void LOS::systemRestart(bool)’:
../../core/libLumina/LuminaOS-Linux.cpp:161:26: warning: ‘static bool QProcess::startDetached(const QString&)’ is deprecated: Use QProcess::startDetached(const QString &program, const QStringList &arguments) instead [-Wdeprecated-declarations]
  161 |   QProcess::startDetached("shutdown -r now");
      |   ~~~~~~~~~~~~~~~~~~~~~~~^~~~~~~~~~~~~~~~~~~
In file included from /usr/include/qt5/QtCore/QProcess:1,
                 from ../../core/libLumina/LuminaOS.h:17,
                 from ../../core/libLumina/LuminaOS-Linux.cpp:9:
/usr/include/qt5/QtCore/qprocess.h:280:17: note: declared here
  280 |     static bool startDetached(const QString &command);
      |                 ^~~~~~~~~~~~~
g++ -c -pipe -O2 -flto=auto -ffat-lto-objects -fexceptions -g -grecord-gcc-switches -pipe -Wall -Werror=format-security -Wp,-D_FORTIFY_SOURCE=2 -Wp,-D_GLIBCXX_ASSERTIONS -specs=/usr/lib/rpm/redhat/redhat-hardened-cc1 -fstack-protector-strong -specs=/usr/lib/rpm/redhat/redhat-annobin-cc1 -m64 -mtune=generic -fasynchronous-unwind-tables -fstack-clash-protection -fcf-protection -std=gnu++11 -Wall -Wextra -D_REENTRANT -fPIC -DPREFIX=QString\(\"/usr\"\) -DL_ETCDIR=QString\(\"/etc\"\) -DL_SHAREDIR=QString\(\"/usr/share\"\) -DGIT_VERSION="\"a88ea52f\"" -DNO_XINPUT -DQT_NO_DEBUG -DQT_SVG_LIB -DQT_WIDGETS_LIB -DQT_X11EXTRAS_LIB -DQT_MULTIMEDIA_LIB -DQT_GUI_LIB -DQT_NETWORK_LIB -DQT_CONCURRENT_LIB -DQT_CORE_LIB -I. -I../../core/libLumina -I/usr/include/qt5 -I/usr -I/usr/include -I/home/q5sys/git/lumina/src-qt5/core-utils/lumina-config -I/usr/include/qt5/QtSvg -I/usr/include/qt5/QtWidgets -I/usr/include/qt5/QtX11Extras -I/usr/include/qt5/QtMultimedia -I/usr/include/qt5/QtGui -I/usr/include/qt5/QtNetwork -I/usr/include/qt5/QtConcurrent -I/usr/include/qt5/QtCore -I.build/moc -I.build/ui -I/usr/lib64/qt5/mkspecs/linux-g++ -o .build/obj/PanelWidget.o PanelWidget.cpp
../../core/libLumina/LUtils.cpp: In static member function ‘static QString LUtils::runCommand(bool&, QString, QStringList, QString, QStringList)’:
../../core/libLumina/LUtils.cpp:130:38: warning: ‘void QProcess::start(const QString&, QIODevice::OpenMode)’ is deprecated: Use QProcess::start(const QString &program, const QStringList &arguments,OpenMode mode = ReadWrite) instead [-Wdeprecated-declarations]
  130 |   if(arguments.isEmpty()){ proc.start(command); }
      |                            ~~~~~~~~~~^~~~~~~~~
In file included from /usr/include/qt5/QtCore/QProcess:1,
                 from ../../core/libLumina/LUtils.h:11,
                 from ../../core/libLumina/LUtils.cpp:7:
/usr/include/qt5/QtCore/qprocess.h:168:10: note: declared here
  168 |     void start(const QString &command, OpenMode mode = ReadWrite);
      |          ^~~~~
g++ -c -pipe -O2 -flto=auto -ffat-lto-objects -fexceptions -g -grecord-gcc-switches -pipe -Wall -Werror=format-security -Wp,-D_FORTIFY_SOURCE=2 -Wp,-D_GLIBCXX_ASSERTIONS -specs=/usr/lib/rpm/redhat/redhat-hardened-cc1 -fstack-protector-strong -specs=/usr/lib/rpm/redhat/redhat-annobin-cc1 -m64 -mtune=generic -fasynchronous-unwind-tables -fstack-clash-protection -fcf-protection -std=gnu++11 -Wall -Wextra -D_REENTRANT -fPIC -DPREFIX=QString\(\"/usr\"\) -DL_ETCDIR=QString\(\"/etc\"\) -DL_SHAREDIR=QString\(\"/usr/share\"\) -DGIT_VERSION="\"a88ea52f\"" -DQT_NO_DEBUG -DQT_SVG_LIB -DQT_WIDGETS_LIB -DQT_X11EXTRAS_LIB -DQT_MULTIMEDIA_LIB -DQT_GUI_LIB -DQT_NETWORK_LIB -DQT_CONCURRENT_LIB -DQT_CORE_LIB -I. -I../../core/libLumina -I/usr/include/qt5 -I/usr -I/usr/include -I/home/q5sys/git/lumina/src-qt5/desktop-utils/lumina-screenshot -I/usr/include/qt5/QtSvg -I/usr/include/qt5/QtWidgets -I/usr/include/qt5/QtX11Extras -I/usr/include/qt5/QtMultimedia -I/usr/include/qt5/QtGui -I/usr/include/qt5/QtNetwork -I/usr/include/qt5/QtConcurrent -I/usr/include/qt5/QtCore -I.build/moc -I.build/ui -I/usr/lib64/qt5/mkspecs/linux-g++ -o .build/obj/LuminaXDG.o ../../core/libLumina/LuminaXDG.cpp
g++ -c -pipe -O2 -flto=auto -ffat-lto-objects -fexceptions -g -grecord-gcc-switches -pipe -Wall -Werror=format-security -Wp,-D_FORTIFY_SOURCE=2 -Wp,-D_GLIBCXX_ASSERTIONS -specs=/usr/lib/rpm/redhat/redhat-hardened-cc1 -fstack-protector-strong -specs=/usr/lib/rpm/redhat/redhat-annobin-cc1 -m64 -mtune=generic -fasynchronous-unwind-tables -fstack-clash-protection -fcf-protection -std=gnu++11 -Wall -Wextra -D_REENTRANT -fPIC -DPREFIX=QString\(\"/usr\"\) -DL_ETCDIR=QString\(\"/etc\"\) -DL_SHAREDIR=QString\(\"/usr/share\"\) -DGIT_VERSION="\"a88ea52f\"" -DQT_NO_DEBUG -DQT_MULTIMEDIAWIDGETS_LIB -DQT_SVG_LIB -DQT_WIDGETS_LIB -DQT_MULTIMEDIA_LIB -DQT_X11EXTRAS_LIB -DQT_GUI_LIB -DQT_NETWORK_LIB -DQT_CONCURRENT_LIB -DQT_CORE_LIB -I. -I../../core/libLumina -I/usr/include/qt5 -I/usr -I/usr/include -I/home/q5sys/git/lumina/src-qt5/desktop-utils/lumina-fm -I/usr/include/qt5/QtMultimediaWidgets -I/usr/include/qt5/QtSvg -I/usr/include/qt5/QtWidgets -I/usr/include/qt5/QtMultimedia -I/usr/include/qt5/QtX11Extras -I/usr/include/qt5/QtGui -I/usr/include/qt5/QtNetwork -I/usr/include/qt5/QtConcurrent -I/usr/include/qt5/QtCore -I.build/moc -I.build/ui -I/usr/lib64/qt5/mkspecs/linux-g++ -o .build/obj/FODialog.o FODialog.cpp
../../core/libLumina/LuminaXDG.cpp: In member function ‘void XDGDesktop::sync()’:
../../core/libLumina/LuminaXDG.cpp:117:65: warning: ‘QStringList QString::split(const QString&, QString::SplitBehavior, Qt::CaseSensitivity) const’ is deprecated: Use Qt::SplitBehavior variant instead [-Wdeprecated-declarations]
  117 |     else if(var=="Categories" && insection){ catList = val.split(";",QString::SkipEmptyParts); }
      |                                                        ~~~~~~~~~^~~~~~~~~~~~~~~~~~~~~~~~~~~~~
In file included from /usr/include/qt5/QtCore/qobject.h:47,
                 from /usr/include/qt5/QtCore/qiodevice.h:45,
                 from /usr/include/qt5/QtCore/qfiledevice.h:43,
                 from /usr/include/qt5/QtCore/qfile.h:44,
                 from /usr/include/qt5/QtCore/QFile:1,
                 from ../../core/libLumina/LuminaXDG.h:18,
                 from ../../core/libLumina/LuminaXDG.cpp:7:
/usr/include/qt5/QtCore/qstring.h:609:17: note: declared here
  609 |     QStringList split(const QString &sep, SplitBehavior behavior,
      |                 ^~~~~
../../core/libLumina/LuminaXDG.cpp:118:68: warning: ‘QStringList QString::split(const QString&, QString::SplitBehavior, Qt::CaseSensitivity) const’ is deprecated: Use Qt::SplitBehavior variant instead [-Wdeprecated-declarations]
  118 |     else if(var=="OnlyShowIn" && insection){ showInList = val.split(";",QString::SkipEmptyParts); }
      |                                                           ~~~~~~~~~^~~~~~~~~~~~~~~~~~~~~~~~~~~~~
In file included from /usr/include/qt5/QtCore/qobject.h:47,
                 from /usr/include/qt5/QtCore/qiodevice.h:45,
                 from /usr/include/qt5/QtCore/qfiledevice.h:43,
                 from /usr/include/qt5/QtCore/qfile.h:44,
                 from /usr/include/qt5/QtCore/QFile:1,
                 from ../../core/libLumina/LuminaXDG.h:18,
                 from ../../core/libLumina/LuminaXDG.cpp:7:
/usr/include/qt5/QtCore/qstring.h:609:17: note: declared here
  609 |     QStringList split(const QString &sep, SplitBehavior behavior,
      |                 ^~~~~
../../core/libLumina/LuminaXDG.cpp:119:70: warning: ‘QStringList QString::split(const QString&, QString::SplitBehavior, Qt::CaseSensitivity) const’ is deprecated: Use Qt::SplitBehavior variant instead [-Wdeprecated-declarations]
  119 |     else if(var=="NotShowIn" && insection){ notShowInList = val.split(";",QString::SkipEmptyParts); }
      |                                                             ~~~~~~~~~^~~~~~~~~~~~~~~~~~~~~~~~~~~~~
In file included from /usr/include/qt5/QtCore/qobject.h:47,
                 from /usr/include/qt5/QtCore/qiodevice.h:45,
                 from /usr/include/qt5/QtCore/qfiledevice.h:43,
                 from /usr/include/qt5/QtCore/qfile.h:44,
                 from /usr/include/qt5/QtCore/QFile:1,
                 from ../../core/libLumina/LuminaXDG.h:18,
                 from ../../core/libLumina/LuminaXDG.cpp:7:
/usr/include/qt5/QtCore/qstring.h:609:17: note: declared here
  609 |     QStringList split(const QString &sep, SplitBehavior behavior,
      |                 ^~~~~
../../core/libLumina/LuminaXDG.cpp:121:65: warning: ‘QStringList QString::split(const QString&, QString::SplitBehavior, Qt::CaseSensitivity) const’ is deprecated: Use Qt::SplitBehavior variant instead [-Wdeprecated-declarations]
  121 |     else if(var=="Actions" && insection){ actionList = val.split(";",QString::SkipEmptyParts); }
      |                                                        ~~~~~~~~~^~~~~~~~~~~~~~~~~~~~~~~~~~~~~
In file included from /usr/include/qt5/QtCore/qobject.h:47,
                 from /usr/include/qt5/QtCore/qiodevice.h:45,
                 from /usr/include/qt5/QtCore/qfiledevice.h:43,
                 from /usr/include/qt5/QtCore/qfile.h:44,
                 from /usr/include/qt5/QtCore/QFile:1,
                 from ../../core/libLumina/LuminaXDG.h:18,
                 from ../../core/libLumina/LuminaXDG.cpp:7:
/usr/include/qt5/QtCore/qstring.h:609:17: note: declared here
  609 |     QStringList split(const QString &sep, SplitBehavior behavior,
      |                 ^~~~~
../../core/libLumina/LuminaXDG.cpp:122:64: warning: ‘QStringList QString::split(const QString&, QString::SplitBehavior, Qt::CaseSensitivity) const’ is deprecated: Use Qt::SplitBehavior variant instead [-Wdeprecated-declarations]
  122 |     else if(var=="MimeType" && insection){ mimeList = val.split(";",QString::SkipEmptyParts); }
      |                                                       ~~~~~~~~~^~~~~~~~~~~~~~~~~~~~~~~~~~~~~
In file included from /usr/include/qt5/QtCore/qobject.h:47,
                 from /usr/include/qt5/QtCore/qiodevice.h:45,
                 from /usr/include/qt5/QtCore/qfiledevice.h:43,
                 from /usr/include/qt5/QtCore/qfile.h:44,
                 from /usr/include/qt5/QtCore/QFile:1,
                 from ../../core/libLumina/LuminaXDG.h:18,
                 from ../../core/libLumina/LuminaXDG.cpp:7:
/usr/include/qt5/QtCore/qstring.h:609:17: note: declared here
  609 |     QStringList split(const QString &sep, SplitBehavior behavior,
      |                 ^~~~~
../../core/libLumina/LuminaXDG.cpp:124:66: warning: ‘QStringList QString::split(const QString&, QString::SplitBehavior, Qt::CaseSensitivity) const’ is deprecated: Use Qt::SplitBehavior variant instead [-Wdeprecated-declarations]
  124 |       if(keyList.isEmpty() && loc.isEmpty()){ keyList = val.split(";",QString::SkipEmptyParts); }
      |                                                         ~~~~~~~~~^~~~~~~~~~~~~~~~~~~~~~~~~~~~~
In file included from /usr/include/qt5/QtCore/qobject.h:47,
                 from /usr/include/qt5/QtCore/qiodevice.h:45,
                 from /usr/include/qt5/QtCore/qfiledevice.h:43,
                 from /usr/include/qt5/QtCore/qfile.h:44,
                 from /usr/include/qt5/QtCore/QFile:1,
                 from ../../core/libLumina/LuminaXDG.h:18,
                 from ../../core/libLumina/LuminaXDG.cpp:7:
/usr/include/qt5/QtCore/qstring.h:609:17: note: declared here
  609 |     QStringList split(const QString &sep, SplitBehavior behavior,
      |                 ^~~~~
../../core/libLumina/LuminaXDG.cpp:125:48: warning: ‘QStringList QString::split(const QString&, QString::SplitBehavior, Qt::CaseSensitivity) const’ is deprecated: Use Qt::SplitBehavior variant instead [-Wdeprecated-declarations]
  125 |       else if(loc == lang){ keyList = val.split(";",QString::SkipEmptyParts); }
      |                                       ~~~~~~~~~^~~~~~~~~~~~~~~~~~~~~~~~~~~~~
In file included from /usr/include/qt5/QtCore/qobject.h:47,
                 from /usr/include/qt5/QtCore/qiodevice.h:45,
                 from /usr/include/qt5/QtCore/qfiledevice.h:43,
                 from /usr/include/qt5/QtCore/qfile.h:44,
                 from /usr/include/qt5/QtCore/QFile:1,
                 from ../../core/libLumina/LuminaXDG.h:18,
                 from ../../core/libLumina/LuminaXDG.cpp:7:
/usr/include/qt5/QtCore/qstring.h:609:17: note: declared here
  609 |     QStringList split(const QString &sep, SplitBehavior behavior,
      |                 ^~~~~
../../core/libLumina/LuminaXDG.cpp: In static member function ‘static QStringList LXDG::getIconThemeDepChain(QString, QStringList)’:
../../core/libLumina/LuminaXDG.cpp:1042:52: warning: ‘QStringList QString::split(const QString&, QString::SplitBehavior, Qt::CaseSensitivity) const’ is deprecated: Use Qt::SplitBehavior variant instead [-Wdeprecated-declarations]
 1042 |         deps = deps.first().section("=",1,-1).split(";",QString::SkipEmptyParts);
      |                ~~~~~~~~~~~~~~~~~~~~~~~~~~~~~~~~~~~~^~~~~~~~~~~~~~~~~~~~~~~~~~~~~
In file included from /usr/include/qt5/QtCore/qobject.h:47,
                 from /usr/include/qt5/QtCore/qiodevice.h:45,
                 from /usr/include/qt5/QtCore/qfiledevice.h:43,
                 from /usr/include/qt5/QtCore/qfile.h:44,
                 from /usr/include/qt5/QtCore/QFile:1,
                 from ../../core/libLumina/LuminaXDG.h:18,
                 from ../../core/libLumina/LuminaXDG.cpp:7:
/usr/include/qt5/QtCore/qstring.h:609:17: note: declared here
  609 |     QStringList split(const QString &sep, SplitBehavior behavior,
      |                 ^~~~~
../../core/libLumina/LuminaXDG.cpp: In static member function ‘static QStringList LXDG::findAvailableAppsForMime(QString)’:
../../core/libLumina/LuminaXDG.cpp:1310:62: warning: ‘QStringList QString::split(const QString&, QString::SplitBehavior, Qt::CaseSensitivity) const’ is deprecated: Use Qt::SplitBehavior variant instead [-Wdeprecated-declarations]
 1310 |         QStringList files = matches[j].section("=",1,1).split(";",QString::SkipEmptyParts);
      |                             ~~~~~~~~~~~~~~~~~~~~~~~~~~~~~~~~~^~~~~~~~~~~~~~~~~~~~~~~~~~~~~
In file included from /usr/include/qt5/QtCore/qobject.h:47,
                 from /usr/include/qt5/QtCore/qiodevice.h:45,
                 from /usr/include/qt5/QtCore/qfiledevice.h:43,
                 from /usr/include/qt5/QtCore/qfile.h:44,
                 from /usr/include/qt5/QtCore/QFile:1,
                 from ../../core/libLumina/LuminaXDG.h:18,
                 from ../../core/libLumina/LuminaXDG.cpp:7:
/usr/include/qt5/QtCore/qstring.h:609:17: note: declared here
  609 |     QStringList split(const QString &sep, SplitBehavior behavior,
      |                 ^~~~~
g++ -c -pipe -O2 -flto=auto -ffat-lto-objects -fexceptions -g -grecord-gcc-switches -pipe -Wall -Werror=format-security -Wp,-D_FORTIFY_SOURCE=2 -Wp,-D_GLIBCXX_ASSERTIONS -specs=/usr/lib/rpm/redhat/redhat-hardened-cc1 -fstack-protector-strong -specs=/usr/lib/rpm/redhat/redhat-annobin-cc1 -m64 -mtune=generic -fasynchronous-unwind-tables -fstack-clash-protection -fcf-protection -std=gnu++11 -Wall -Wextra -D_REENTRANT -fPIC -DPREFIX=QString\(\"/usr\"\) -DL_ETCDIR=QString\(\"/etc\"\) -DL_SHAREDIR=QString\(\"/usr/share\"\) -DGIT_VERSION="\"a88ea52f\"" -DQT_NO_DEBUG -DQT_SVG_LIB -DQT_WIDGETS_LIB -DQT_X11EXTRAS_LIB -DQT_MULTIMEDIA_LIB -DQT_GUI_LIB -DQT_NETWORK_LIB -DQT_CONCURRENT_LIB -DQT_CORE_LIB -I. -I../../core/libLumina -I/usr/include/qt5 -I/usr -I/usr/include -I/home/q5sys/git/lumina/src-qt5/desktop-utils/lumina-screenshot -I/usr/include/qt5/QtSvg -I/usr/include/qt5/QtWidgets -I/usr/include/qt5/QtX11Extras -I/usr/include/qt5/QtMultimedia -I/usr/include/qt5/QtGui -I/usr/include/qt5/QtNetwork -I/usr/include/qt5/QtConcurrent -I/usr/include/qt5/QtCore -I.build/moc -I.build/ui -I/usr/lib64/qt5/mkspecs/linux-g++ -o .build/obj/LFileInfo.o ../../core/libLumina/LFileInfo.cpp
g++ -c -pipe -O2 -flto=auto -ffat-lto-objects -fexceptions -g -grecord-gcc-switches -pipe -Wall -Werror=format-security -Wp,-D_FORTIFY_SOURCE=2 -Wp,-D_GLIBCXX_ASSERTIONS -specs=/usr/lib/rpm/redhat/redhat-hardened-cc1 -fstack-protector-strong -specs=/usr/lib/rpm/redhat/redhat-annobin-cc1 -m64 -mtune=generic -fasynchronous-unwind-tables -fstack-clash-protection -fcf-protection -std=gnu++11 -Wall -Wextra -D_REENTRANT -fPIC -DPREFIX=QString\(\"/usr\"\) -DL_ETCDIR=QString\(\"/etc\"\) -DL_SHAREDIR=QString\(\"/usr/share\"\) -DGIT_VERSION="\"a88ea52f\"" -DNO_XINPUT -DQT_NO_DEBUG -DQT_SVG_LIB -DQT_WIDGETS_LIB -DQT_X11EXTRAS_LIB -DQT_MULTIMEDIA_LIB -DQT_GUI_LIB -DQT_NETWORK_LIB -DQT_CONCURRENT_LIB -DQT_CORE_LIB -I. -I../../core/libLumina -I/usr/include/qt5 -I/usr -I/usr/include -I/home/q5sys/git/lumina/src-qt5/core-utils/lumina-config -I/usr/include/qt5/QtSvg -I/usr/include/qt5/QtWidgets -I/usr/include/qt5/QtX11Extras -I/usr/include/qt5/QtMultimedia -I/usr/include/qt5/QtGui -I/usr/include/qt5/QtNetwork -I/usr/include/qt5/QtConcurrent -I/usr/include/qt5/QtCore -I.build/moc -I.build/ui -I/usr/lib64/qt5/mkspecs/linux-g++ -o .build/obj/getPage.o pages/getPage.cpp
g++ -c -pipe -O2 -flto=auto -ffat-lto-objects -fexceptions -g -grecord-gcc-switches -pipe -Wall -Werror=format-security -Wp,-D_FORTIFY_SOURCE=2 -Wp,-D_GLIBCXX_ASSERTIONS -specs=/usr/lib/rpm/redhat/redhat-hardened-cc1 -fstack-protector-strong -specs=/usr/lib/rpm/redhat/redhat-annobin-cc1 -m64 -mtune=generic -fasynchronous-unwind-tables -fstack-clash-protection -fcf-protection -std=gnu++11 -Wall -Wextra -D_REENTRANT -fPIC -DPREFIX=QString\(\"/usr\"\) -DL_ETCDIR=QString\(\"/etc\"\) -DL_SHAREDIR=QString\(\"/usr/share\"\) -DGIT_VERSION="\"a88ea52f\"" -DQT_NO_DEBUG -DQT_MULTIMEDIAWIDGETS_LIB -DQT_SVG_LIB -DQT_WIDGETS_LIB -DQT_MULTIMEDIA_LIB -DQT_X11EXTRAS_LIB -DQT_GUI_LIB -DQT_NETWORK_LIB -DQT_CONCURRENT_LIB -DQT_CORE_LIB -I. -I../../core/libLumina -I/usr/include/qt5 -I/usr -I/usr/include -I/home/q5sys/git/lumina/src-qt5/desktop-utils/lumina-fm -I/usr/include/qt5/QtMultimediaWidgets -I/usr/include/qt5/QtSvg -I/usr/include/qt5/QtWidgets -I/usr/include/qt5/QtMultimedia -I/usr/include/qt5/QtX11Extras -I/usr/include/qt5/QtGui -I/usr/include/qt5/QtNetwork -I/usr/include/qt5/QtConcurrent -I/usr/include/qt5/QtCore -I.build/moc -I.build/ui -I/usr/lib64/qt5/mkspecs/linux-g++ -o .build/obj/BMMDialog.o BMMDialog.cpp
../../core/libLumina/LFileInfo.cpp: In member function ‘void LFileInfo::getZfsDataset()’:
../../core/libLumina/LFileInfo.cpp:103:80: warning: ‘QStringList QString::split(const QString&, QString::SplitBehavior, Qt::CaseSensitivity) const’ is deprecated: Use Qt::SplitBehavior variant instead [-Wdeprecated-declarations]
  103 |         if(!gplist.isEmpty()){ gplist = gplist.first().replace("\t", " ").split(" ",QString::SkipEmptyParts); gplist.removeAll("groups"); }
      |                                         ~~~~~~~~~~~~~~~~~~~~~~~~~~~~~~~~~~~~~~~^~~~~~~~~~~~~~~~~~~~~~~~~~~~~
In file included from /usr/include/qt5/QtCore/qobject.h:47,
                 from /usr/include/qt5/QtCore/qiodevice.h:45,
                 from /usr/include/qt5/QtCore/qfiledevice.h:43,
                 from /usr/include/qt5/QtCore/qfile.h:44,
                 from /usr/include/qt5/QtCore/QFile:1,
                 from ../../core/libLumina/LuminaXDG.h:18,
                 from ../../core/libLumina/LFileInfo.h:13,
                 from ../../core/libLumina/LFileInfo.cpp:7:
/usr/include/qt5/QtCore/qstring.h:609:17: note: declared here
  609 |     QStringList split(const QString &sep, SplitBehavior behavior,
      |                 ^~~~~
../../core/libLumina/LFileInfo.cpp:107:84: warning: ‘QStringList QString::split(const QString&, QString::SplitBehavior, Qt::CaseSensitivity) const’ is deprecated: Use Qt::SplitBehavior variant instead [-Wdeprecated-declarations]
  107 |           zfs_perms << tmp.first().section(" ",2,2,QString::SectionSkipEmpty).split(",",QString::SkipEmptyParts);
      |                        ~~~~~~~~~~~~~~~~~~~~~~~~~~~~~~~~~~~~~~~~~~~~~~~~~~~~~~~~~~~~^~~~~~~~~~~~~~~~~~~~~~~~~~~~~
In file included from /usr/include/qt5/QtCore/qobject.h:47,
                 from /usr/include/qt5/QtCore/qiodevice.h:45,
                 from /usr/include/qt5/QtCore/qfiledevice.h:43,
                 from /usr/include/qt5/QtCore/qfile.h:44,
                 from /usr/include/qt5/QtCore/QFile:1,
                 from ../../core/libLumina/LuminaXDG.h:18,
                 from ../../core/libLumina/LFileInfo.h:13,
                 from ../../core/libLumina/LFileInfo.cpp:7:
/usr/include/qt5/QtCore/qstring.h:609:17: note: declared here
  609 |     QStringList split(const QString &sep, SplitBehavior behavior,
      |                 ^~~~~
BMMDialog.cpp: In member function ‘void BMMDialog::RenameItem()’:
BMMDialog.cpp:58:39: warning: ‘constexpr QFlags<T>::QFlags(QFlags<T>::Zero) [with Enum = Qt::WindowType; QFlags<T>::Zero = int QFlags<Qt::WindowType>::Private::*]’ is deprecated: Use default constructor instead [-Wdeprecated-declarations]
   58 |   QString name = QInputDialog::getText(this, tr("Rename Bookmark"), tr("Name:"), QLineEdit::Normal, olditem.section("::::",0,0), \
      |                  ~~~~~~~~~~~~~~~~~~~~~^~~~~~~~~~~~~~~~~~~~~~~~~~~~~~~~~~~~~~~~~~~~~~~~~~~~~~~~~~~~~~~~~~~~~~~~~~~~~~~~~~~~~~~~~~~~
   59 |                 &ok, 0, Qt::ImhFormattedNumbersOnly | Qt::ImhUppercaseOnly | Qt::ImhLowercaseOnly);
      |                 ~~~~~~~~~~~~~~~~~~~~~~~~~~~~~~~~~~~~~~~~~~~~~~~~~~~~~~~~~~~~~~~~~~~~~~~~~~~~~~~~~~
In file included from /usr/include/qt5/QtCore/qglobal.h:1299,
                 from /usr/include/qt5/QtGui/qtguiglobal.h:43,
                 from /usr/include/qt5/QtWidgets/qtwidgetsglobal.h:43,
                 from /usr/include/qt5/QtWidgets/qdialog.h:43,
                 from /usr/include/qt5/QtWidgets/QDialog:1,
                 from BMMDialog.h:13,
                 from BMMDialog.cpp:7:
/usr/include/qt5/QtCore/qflags.h:123:80: note: declared here
  123 |     QT_DEPRECATED_X("Use default constructor instead") Q_DECL_CONSTEXPR inline QFlags(Zero) noexcept : i(0) {}
      |                                                                                ^~~~~~
g++ -c -pipe -O2 -flto=auto -ffat-lto-objects -fexceptions -g -grecord-gcc-switches -pipe -Wall -Werror=format-security -Wp,-D_FORTIFY_SOURCE=2 -Wp,-D_GLIBCXX_ASSERTIONS -specs=/usr/lib/rpm/redhat/redhat-hardened-cc1 -fstack-protector-strong -specs=/usr/lib/rpm/redhat/redhat-annobin-cc1 -m64 -mtune=generic -fasynchronous-unwind-tables -fstack-clash-protection -fcf-protection -std=gnu++11 -Wall -Wextra -D_REENTRANT -fPIC -DPREFIX=QString\(\"/usr\"\) -DL_ETCDIR=QString\(\"/etc\"\) -DL_SHAREDIR=QString\(\"/usr/share\"\) -DGIT_VERSION="\"a88ea52f\"" -DQT_NO_DEBUG -DQT_MULTIMEDIAWIDGETS_LIB -DQT_SVG_LIB -DQT_WIDGETS_LIB -DQT_MULTIMEDIA_LIB -DQT_X11EXTRAS_LIB -DQT_GUI_LIB -DQT_NETWORK_LIB -DQT_CONCURRENT_LIB -DQT_CORE_LIB -I. -I../../core/libLumina -I/usr/include/qt5 -I/usr -I/usr/include -I/home/q5sys/git/lumina/src-qt5/desktop-utils/lumina-fm -I/usr/include/qt5/QtMultimediaWidgets -I/usr/include/qt5/QtSvg -I/usr/include/qt5/QtWidgets -I/usr/include/qt5/QtMultimedia -I/usr/include/qt5/QtX11Extras -I/usr/include/qt5/QtGui -I/usr/include/qt5/QtNetwork -I/usr/include/qt5/QtConcurrent -I/usr/include/qt5/QtCore -I.build/moc -I.build/ui -I/usr/lib64/qt5/mkspecs/linux-g++ -o .build/obj/MultimediaWidget.o widgets/MultimediaWidget.cpp
g++ -c -pipe -O2 -flto=auto -ffat-lto-objects -fexceptions -g -grecord-gcc-switches -pipe -Wall -Werror=format-security -Wp,-D_FORTIFY_SOURCE=2 -Wp,-D_GLIBCXX_ASSERTIONS -specs=/usr/lib/rpm/redhat/redhat-hardened-cc1 -fstack-protector-strong -specs=/usr/lib/rpm/redhat/redhat-annobin-cc1 -m64 -mtune=generic -fasynchronous-unwind-tables -fstack-clash-protection -fcf-protection -std=gnu++11 -Wall -Wextra -D_REENTRANT -fPIC -DPREFIX=QString\(\"/usr\"\) -DL_ETCDIR=QString\(\"/etc\"\) -DL_SHAREDIR=QString\(\"/usr/share\"\) -DGIT_VERSION="\"a88ea52f\"" -DNO_XINPUT -DQT_NO_DEBUG -DQT_SVG_LIB -DQT_WIDGETS_LIB -DQT_X11EXTRAS_LIB -DQT_MULTIMEDIA_LIB -DQT_GUI_LIB -DQT_NETWORK_LIB -DQT_CONCURRENT_LIB -DQT_CORE_LIB -I. -I../../core/libLumina -I/usr/include/qt5 -I/usr -I/usr/include -I/home/q5sys/git/lumina/src-qt5/core-utils/lumina-config -I/usr/include/qt5/QtSvg -I/usr/include/qt5/QtWidgets -I/usr/include/qt5/QtX11Extras -I/usr/include/qt5/QtMultimedia -I/usr/include/qt5/QtGui -I/usr/include/qt5/QtNetwork -I/usr/include/qt5/QtConcurrent -I/usr/include/qt5/QtCore -I.build/moc -I.build/ui -I/usr/lib64/qt5/mkspecs/linux-g++ -o .build/obj/page_main.o pages/page_main.cpp
g++ -c -pipe -O2 -flto=auto -ffat-lto-objects -fexceptions -g -grecord-gcc-switches -pipe -Wall -Werror=format-security -Wp,-D_FORTIFY_SOURCE=2 -Wp,-D_GLIBCXX_ASSERTIONS -specs=/usr/lib/rpm/redhat/redhat-hardened-cc1 -fstack-protector-strong -specs=/usr/lib/rpm/redhat/redhat-annobin-cc1 -m64 -mtune=generic -fasynchronous-unwind-tables -fstack-clash-protection -fcf-protection -std=gnu++11 -Wall -Wextra -D_REENTRANT -fPIC -DPREFIX=QString\(\"/usr\"\) -DL_ETCDIR=QString\(\"/etc\"\) -DL_SHAREDIR=QString\(\"/usr/share\"\) -DGIT_VERSION="\"a88ea52f\"" -DNO_XINPUT -DQT_NO_DEBUG -DQT_SVG_LIB -DQT_WIDGETS_LIB -DQT_X11EXTRAS_LIB -DQT_MULTIMEDIA_LIB -DQT_GUI_LIB -DQT_NETWORK_LIB -DQT_CONCURRENT_LIB -DQT_CORE_LIB -I. -I../../core/libLumina -I/usr/include/qt5 -I/usr -I/usr/include -I/home/q5sys/git/lumina/src-qt5/core-utils/lumina-config -I/usr/include/qt5/QtSvg -I/usr/include/qt5/QtWidgets -I/usr/include/qt5/QtX11Extras -I/usr/include/qt5/QtMultimedia -I/usr/include/qt5/QtGui -I/usr/include/qt5/QtNetwork -I/usr/include/qt5/QtConcurrent -I/usr/include/qt5/QtCore -I.build/moc -I.build/ui -I/usr/lib64/qt5/mkspecs/linux-g++ -o .build/obj/page_wallpaper.o pages/page_wallpaper.cpp
g++ -c -pipe -O2 -flto=auto -ffat-lto-objects -fexceptions -g -grecord-gcc-switches -pipe -Wall -Werror=format-security -Wp,-D_FORTIFY_SOURCE=2 -Wp,-D_GLIBCXX_ASSERTIONS -specs=/usr/lib/rpm/redhat/redhat-hardened-cc1 -fstack-protector-strong -specs=/usr/lib/rpm/redhat/redhat-annobin-cc1 -m64 -mtune=generic -fasynchronous-unwind-tables -fstack-clash-protection -fcf-protection -std=gnu++11 -Wall -Wextra -D_REENTRANT -fPIC -DPREFIX=QString\(\"/usr\"\) -DL_ETCDIR=QString\(\"/etc\"\) -DL_SHAREDIR=QString\(\"/usr/share\"\) -DGIT_VERSION="\"a88ea52f\"" -DQT_NO_DEBUG -DQT_SVG_LIB -DQT_WIDGETS_LIB -DQT_X11EXTRAS_LIB -DQT_MULTIMEDIA_LIB -DQT_GUI_LIB -DQT_NETWORK_LIB -DQT_CONCURRENT_LIB -DQT_CORE_LIB -I. -I../../core/libLumina -I/usr/include/qt5 -I/usr -I/usr/include -I/home/q5sys/git/lumina/src-qt5/desktop-utils/lumina-screenshot -I/usr/include/qt5/QtSvg -I/usr/include/qt5/QtWidgets -I/usr/include/qt5/QtX11Extras -I/usr/include/qt5/QtMultimedia -I/usr/include/qt5/QtGui -I/usr/include/qt5/QtNetwork -I/usr/include/qt5/QtConcurrent -I/usr/include/qt5/QtCore -I.build/moc -I.build/ui -I/usr/lib64/qt5/mkspecs/linux-g++ -o .build/obj/LuminaSingleApplication.o ../../core/libLumina/LuminaSingleApplication.cpp
widgets/MultimediaWidget.cpp: In member function ‘void MultimediaWidget::playerError()’:
widgets/MultimediaWidget.cpp:158:55: warning: ‘QUrl QMediaContent::canonicalUrl() const’ is deprecated: Use QMediaContent::request().url() [-Wdeprecated-declarations]
  158 |   msg = msg.arg( mediaObj->currentMedia().canonicalUrl().fileName() );
      |                  ~~~~~~~~~~~~~~~~~~~~~~~~~~~~~~~~~~~~~^~
In file included from /usr/include/qt5/QtMultimedia/qmediaplayer.h:45,
                 from /usr/include/qt5/QtMultimedia/QMediaPlayer:1,
                 from widgets/MultimediaWidget.h:14,
                 from widgets/MultimediaWidget.cpp:7:
/usr/include/qt5/QtMultimedia/qmediacontent.h:78:64: note: declared here
   78 |     QT_DEPRECATED_X("Use QMediaContent::request().url()") QUrl canonicalUrl() const;
      |                                                                ^~~~~~~~~~~~
widgets/MultimediaWidget.cpp: In member function ‘void MultimediaWidget::on_tool_player_play_clicked()’:
widgets/MultimediaWidget.cpp:174:47: warning: ‘QUrl QMediaContent::canonicalUrl() const’ is deprecated: Use QMediaContent::request().url() [-Wdeprecated-declarations]
  174 |       && mediaObj->currentMedia().canonicalUrl().fileName()==ui->combo_player_list->currentText() ){
      |          ~~~~~~~~~~~~~~~~~~~~~~~~~~~~~~~~~~~~~^~
In file included from /usr/include/qt5/QtMultimedia/qmediaplayer.h:45,
                 from /usr/include/qt5/QtMultimedia/QMediaPlayer:1,
                 from widgets/MultimediaWidget.h:14,
                 from widgets/MultimediaWidget.cpp:7:
/usr/include/qt5/QtMultimedia/qmediacontent.h:78:64: note: declared here
   78 |     QT_DEPRECATED_X("Use QMediaContent::request().url()") QUrl canonicalUrl() const;
      |                                                                ^~~~~~~~~~~~
pages/page_main.cpp: In member function ‘void page_main::itemTriggered(QTreeWidgetItem*, int)’:
pages/page_main.cpp:201:57: warning: ‘static bool QProcess::startDetached(const QString&)’ is deprecated: Use QProcess::startDetached(const QString &program, const QStringList &arguments) instead [-Wdeprecated-declarations]
  201 |     if(id.endsWith(".desktop")){ QProcess::startDetached("lumina-open \""+id+"\""); } //external setting utility
      |                                  ~~~~~~~~~~~~~~~~~~~~~~~^~~~~~~~~~~~~~~~~~~~~~~~~~
In file included from /usr/include/qt5/QtCore/QProcess:1,
                 from ../../core/libLumina/LUtils.h:11,
                 from pages/../globals.h:32,
                 from pages/page_main.h:9,
                 from pages/page_main.cpp:7:
/usr/include/qt5/QtCore/qprocess.h:280:17: note: declared here
  280 |     static bool startDetached(const QString &command);
      |                 ^~~~~~~~~~~~~
g++ -c -pipe -O2 -flto=auto -ffat-lto-objects -fexceptions -g -grecord-gcc-switches -pipe -Wall -Werror=format-security -Wp,-D_FORTIFY_SOURCE=2 -Wp,-D_GLIBCXX_ASSERTIONS -specs=/usr/lib/rpm/redhat/redhat-hardened-cc1 -fstack-protector-strong -specs=/usr/lib/rpm/redhat/redhat-annobin-cc1 -m64 -mtune=generic -fasynchronous-unwind-tables -fstack-clash-protection -fcf-protection -std=gnu++11 -Wall -Wextra -D_REENTRANT -fPIC -DPREFIX=QString\(\"/usr\"\) -DL_ETCDIR=QString\(\"/etc\"\) -DL_SHAREDIR=QString\(\"/usr/share\"\) -DGIT_VERSION="\"a88ea52f\"" -DQT_NO_DEBUG -DQT_MULTIMEDIAWIDGETS_LIB -DQT_SVG_LIB -DQT_WIDGETS_LIB -DQT_MULTIMEDIA_LIB -DQT_X11EXTRAS_LIB -DQT_GUI_LIB -DQT_NETWORK_LIB -DQT_CONCURRENT_LIB -DQT_CORE_LIB -I. -I../../core/libLumina -I/usr/include/qt5 -I/usr -I/usr/include -I/home/q5sys/git/lumina/src-qt5/desktop-utils/lumina-fm -I/usr/include/qt5/QtMultimediaWidgets -I/usr/include/qt5/QtSvg -I/usr/include/qt5/QtWidgets -I/usr/include/qt5/QtMultimedia -I/usr/include/qt5/QtX11Extras -I/usr/include/qt5/QtGui -I/usr/include/qt5/QtNetwork -I/usr/include/qt5/QtConcurrent -I/usr/include/qt5/QtCore -I.build/moc -I.build/ui -I/usr/lib64/qt5/mkspecs/linux-g++ -o .build/obj/SlideshowWidget.o widgets/SlideshowWidget.cpp
g++ -c -pipe -O2 -flto=auto -ffat-lto-objects -fexceptions -g -grecord-gcc-switches -pipe -Wall -Werror=format-security -Wp,-D_FORTIFY_SOURCE=2 -Wp,-D_GLIBCXX_ASSERTIONS -specs=/usr/lib/rpm/redhat/redhat-hardened-cc1 -fstack-protector-strong -specs=/usr/lib/rpm/redhat/redhat-annobin-cc1 -m64 -mtune=generic -fasynchronous-unwind-tables -fstack-clash-protection -fcf-protection -std=gnu++11 -Wall -Wextra -D_REENTRANT -fPIC -DPREFIX=QString\(\"/usr\"\) -DL_ETCDIR=QString\(\"/etc\"\) -DL_SHAREDIR=QString\(\"/usr/share\"\) -DGIT_VERSION="\"a88ea52f\"" -DQT_NO_DEBUG -DQT_SVG_LIB -DQT_WIDGETS_LIB -DQT_X11EXTRAS_LIB -DQT_MULTIMEDIA_LIB -DQT_GUI_LIB -DQT_NETWORK_LIB -DQT_CONCURRENT_LIB -DQT_CORE_LIB -I. -I../../core/libLumina -I/usr/include/qt5 -I/usr -I/usr/include -I/home/q5sys/git/lumina/src-qt5/desktop-utils/lumina-screenshot -I/usr/include/qt5/QtSvg -I/usr/include/qt5/QtWidgets -I/usr/include/qt5/QtX11Extras -I/usr/include/qt5/QtMultimedia -I/usr/include/qt5/QtGui -I/usr/include/qt5/QtNetwork -I/usr/include/qt5/QtConcurrent -I/usr/include/qt5/QtCore -I.build/moc -I.build/ui -I/usr/lib64/qt5/mkspecs/linux-g++ -o .build/obj/LuminaThemes.o ../../core/libLumina/LuminaThemes.cpp
g++ -c -pipe -O2 -flto=auto -ffat-lto-objects -fexceptions -g -grecord-gcc-switches -pipe -Wall -Werror=format-security -Wp,-D_FORTIFY_SOURCE=2 -Wp,-D_GLIBCXX_ASSERTIONS -specs=/usr/lib/rpm/redhat/redhat-hardened-cc1 -fstack-protector-strong -specs=/usr/lib/rpm/redhat/redhat-annobin-cc1 -m64 -mtune=generic -fasynchronous-unwind-tables -fstack-clash-protection -fcf-protection -std=gnu++11 -Wall -Wextra -D_REENTRANT -fPIC -DPREFIX=QString\(\"/usr\"\) -DL_ETCDIR=QString\(\"/etc\"\) -DL_SHAREDIR=QString\(\"/usr/share\"\) -DGIT_VERSION="\"a88ea52f\"" -DNO_XINPUT -DQT_NO_DEBUG -DQT_SVG_LIB -DQT_WIDGETS_LIB -DQT_X11EXTRAS_LIB -DQT_MULTIMEDIA_LIB -DQT_GUI_LIB -DQT_NETWORK_LIB -DQT_CONCURRENT_LIB -DQT_CORE_LIB -I. -I../../core/libLumina -I/usr/include/qt5 -I/usr -I/usr/include -I/home/q5sys/git/lumina/src-qt5/core-utils/lumina-config -I/usr/include/qt5/QtSvg -I/usr/include/qt5/QtWidgets -I/usr/include/qt5/QtX11Extras -I/usr/include/qt5/QtMultimedia -I/usr/include/qt5/QtGui -I/usr/include/qt5/QtNetwork -I/usr/include/qt5/QtConcurrent -I/usr/include/qt5/QtCore -I.build/moc -I.build/ui -I/usr/lib64/qt5/mkspecs/linux-g++ -o .build/obj/page_autostart.o pages/page_autostart.cpp
g++ -c -pipe -O2 -flto=auto -ffat-lto-objects -fexceptions -g -grecord-gcc-switches -pipe -Wall -Werror=format-security -Wp,-D_FORTIFY_SOURCE=2 -Wp,-D_GLIBCXX_ASSERTIONS -specs=/usr/lib/rpm/redhat/redhat-hardened-cc1 -fstack-protector-strong -specs=/usr/lib/rpm/redhat/redhat-annobin-cc1 -m64 -mtune=generic -fasynchronous-unwind-tables -fstack-clash-protection -fcf-protection -std=gnu++11 -Wall -Wextra -D_REENTRANT -fPIC -DPREFIX=QString\(\"/usr\"\) -DL_ETCDIR=QString\(\"/etc\"\) -DL_SHAREDIR=QString\(\"/usr/share\"\) -DGIT_VERSION="\"a88ea52f\"" -DNO_XINPUT -DQT_NO_DEBUG -DQT_SVG_LIB -DQT_WIDGETS_LIB -DQT_X11EXTRAS_LIB -DQT_MULTIMEDIA_LIB -DQT_GUI_LIB -DQT_NETWORK_LIB -DQT_CONCURRENT_LIB -DQT_CORE_LIB -I. -I../../core/libLumina -I/usr/include/qt5 -I/usr -I/usr/include -I/home/q5sys/git/lumina/src-qt5/core-utils/lumina-config -I/usr/include/qt5/QtSvg -I/usr/include/qt5/QtWidgets -I/usr/include/qt5/QtX11Extras -I/usr/include/qt5/QtMultimedia -I/usr/include/qt5/QtGui -I/usr/include/qt5/QtNetwork -I/usr/include/qt5/QtConcurrent -I/usr/include/qt5/QtCore -I.build/moc -I.build/ui -I/usr/lib64/qt5/mkspecs/linux-g++ -o .build/obj/page_defaultapps.o pages/page_defaultapps.cpp
g++ -c -pipe -O2 -flto=auto -ffat-lto-objects -fexceptions -g -grecord-gcc-switches -pipe -Wall -Werror=format-security -Wp,-D_FORTIFY_SOURCE=2 -Wp,-D_GLIBCXX_ASSERTIONS -specs=/usr/lib/rpm/redhat/redhat-hardened-cc1 -fstack-protector-strong -specs=/usr/lib/rpm/redhat/redhat-annobin-cc1 -m64 -mtune=generic -fasynchronous-unwind-tables -fstack-clash-protection -fcf-protection -std=gnu++11 -Wall -Wextra -D_REENTRANT -fPIC -DPREFIX=QString\(\"/usr\"\) -DL_ETCDIR=QString\(\"/etc\"\) -DL_SHAREDIR=QString\(\"/usr/share\"\) -DGIT_VERSION="\"a88ea52f\"" -DQT_NO_DEBUG -DQT_MULTIMEDIAWIDGETS_LIB -DQT_SVG_LIB -DQT_WIDGETS_LIB -DQT_MULTIMEDIA_LIB -DQT_X11EXTRAS_LIB -DQT_GUI_LIB -DQT_NETWORK_LIB -DQT_CONCURRENT_LIB -DQT_CORE_LIB -I. -I../../core/libLumina -I/usr/include/qt5 -I/usr -I/usr/include -I/home/q5sys/git/lumina/src-qt5/desktop-utils/lumina-fm -I/usr/include/qt5/QtMultimediaWidgets -I/usr/include/qt5/QtSvg -I/usr/include/qt5/QtWidgets -I/usr/include/qt5/QtMultimedia -I/usr/include/qt5/QtX11Extras -I/usr/include/qt5/QtGui -I/usr/include/qt5/QtNetwork -I/usr/include/qt5/QtConcurrent -I/usr/include/qt5/QtCore -I.build/moc -I.build/ui -I/usr/lib64/qt5/mkspecs/linux-g++ -o .build/obj/DirWidget2.o widgets/DirWidget2.cpp
g++ -c -pipe -O2 -flto=auto -ffat-lto-objects -fexceptions -g -grecord-gcc-switches -pipe -Wall -Werror=format-security -Wp,-D_FORTIFY_SOURCE=2 -Wp,-D_GLIBCXX_ASSERTIONS -specs=/usr/lib/rpm/redhat/redhat-hardened-cc1 -fstack-protector-strong -specs=/usr/lib/rpm/redhat/redhat-annobin-cc1 -m64 -mtune=generic -fasynchronous-unwind-tables -fstack-clash-protection -fcf-protection -std=gnu++11 -Wall -Wextra -D_REENTRANT -fPIC -DPREFIX=QString\(\"/usr\"\) -DL_ETCDIR=QString\(\"/etc\"\) -DL_SHAREDIR=QString\(\"/usr/share\"\) -DGIT_VERSION="\"a88ea52f\"" -DNO_XINPUT -DQT_NO_DEBUG -DQT_SVG_LIB -DQT_WIDGETS_LIB -DQT_X11EXTRAS_LIB -DQT_MULTIMEDIA_LIB -DQT_GUI_LIB -DQT_NETWORK_LIB -DQT_CONCURRENT_LIB -DQT_CORE_LIB -I. -I../../core/libLumina -I/usr/include/qt5 -I/usr -I/usr/include -I/home/q5sys/git/lumina/src-qt5/core-utils/lumina-config -I/usr/include/qt5/QtSvg -I/usr/include/qt5/QtWidgets -I/usr/include/qt5/QtX11Extras -I/usr/include/qt5/QtMultimedia -I/usr/include/qt5/QtGui -I/usr/include/qt5/QtNetwork -I/usr/include/qt5/QtConcurrent -I/usr/include/qt5/QtCore -I.build/moc -I.build/ui -I/usr/lib64/qt5/mkspecs/linux-g++ -o .build/obj/page_fluxbox_keys.o pages/page_fluxbox_keys.cpp
g++ -c -pipe -O2 -flto=auto -ffat-lto-objects -fexceptions -g -grecord-gcc-switches -pipe -Wall -Werror=format-security -Wp,-D_FORTIFY_SOURCE=2 -Wp,-D_GLIBCXX_ASSERTIONS -specs=/usr/lib/rpm/redhat/redhat-hardened-cc1 -fstack-protector-strong -specs=/usr/lib/rpm/redhat/redhat-annobin-cc1 -m64 -mtune=generic -fasynchronous-unwind-tables -fstack-clash-protection -fcf-protection -std=gnu++11 -Wall -Wextra -D_REENTRANT -fPIC -DPREFIX=QString\(\"/usr\"\) -DL_ETCDIR=QString\(\"/etc\"\) -DL_SHAREDIR=QString\(\"/usr/share\"\) -DGIT_VERSION="\"a88ea52f\"" -DQT_NO_DEBUG -DQT_SVG_LIB -DQT_WIDGETS_LIB -DQT_X11EXTRAS_LIB -DQT_MULTIMEDIA_LIB -DQT_GUI_LIB -DQT_NETWORK_LIB -DQT_CONCURRENT_LIB -DQT_CORE_LIB -I. -I../../core/libLumina -I/usr/include/qt5 -I/usr -I/usr/include -I/home/q5sys/git/lumina/src-qt5/desktop-utils/lumina-screenshot -I/usr/include/qt5/QtSvg -I/usr/include/qt5/QtWidgets -I/usr/include/qt5/QtX11Extras -I/usr/include/qt5/QtMultimedia -I/usr/include/qt5/QtGui -I/usr/include/qt5/QtNetwork -I/usr/include/qt5/QtConcurrent -I/usr/include/qt5/QtCore -I.build/moc -I.build/ui -I/usr/lib64/qt5/mkspecs/linux-g++ -o .build/obj/LuminaX11.o ../../core/libLumina/LuminaX11.cpp
In file included from widgets/DirWidget2.cpp:25:
../../core/libLumina/ExternalProcess.h: In static member function ‘static void ExternalProcess::launch(QString, QStringList, bool)’:
../../core/libLumina/ExternalProcess.h:84:41: warning: ‘void QProcess::start(const QString&, QIODevice::OpenMode)’ is deprecated: Use QProcess::start(const QString &program, const QStringList &arguments,OpenMode mode = ReadWrite) instead [-Wdeprecated-declarations]
   84 |           if(args.isEmpty()){ tmp->start(program); }
      |                               ~~~~~~~~~~^~~~~~~~~
In file included from /usr/include/qt5/QtCore/QProcess:1,
                 from ../../core/libLumina/LUtils.h:11,
                 from widgets/../widgets/DDListWidgets.h:28,
                 from widgets/../BrowserWidget.h:19,
                 from widgets/DirWidget2.h:22,
                 from widgets/DirWidget2.cpp:7:
/usr/include/qt5/QtCore/qprocess.h:168:10: note: declared here
  168 |     void start(const QString &command, OpenMode mode = ReadWrite);
      |          ^~~~~
widgets/DirWidget2.cpp: In member function ‘void DirWidget::on_actionUp_triggered()’:
widgets/DirWidget2.cpp:450:3: warning: this ‘if’ clause does not guard... [-Wmisleading-indentation]
  450 |   if(dir.isEmpty())
      |   ^~
widgets/DirWidget2.cpp:453:4: note: ...this statement, but the latter is misleadingly indented as if it were guarded by the ‘if’
  453 |    while(!QFile::exists(dir) && !dir.isEmpty()){
      |    ^~~~~
widgets/DirWidget2.cpp: In member function ‘void DirWidget::fileProperties()’:
widgets/DirWidget2.cpp:542:28: warning: ‘static bool QProcess::startDetached(const QString&)’ is deprecated: Use QProcess::startDetached(const QString &program, const QStringList &arguments) instead [-Wdeprecated-declarations]
  542 |     QProcess::startDetached("lumina-fileinfo \""+sel[i]+"\""); //use absolute paths
      |     ~~~~~~~~~~~~~~~~~~~~~~~^~~~~~~~~~~~~~~~~~~~~~~~~~~~~~~~~~
In file included from /usr/include/qt5/QtCore/QProcess:1,
                 from ../../core/libLumina/LUtils.h:11,
                 from widgets/../widgets/DDListWidgets.h:28,
                 from widgets/../BrowserWidget.h:19,
                 from widgets/DirWidget2.h:22,
                 from widgets/DirWidget2.cpp:7:
/usr/include/qt5/QtCore/qprocess.h:280:17: note: declared here
  280 |     static bool startDetached(const QString &command);
      |                 ^~~~~~~~~~~~~
widgets/DirWidget2.cpp: In member function ‘void DirWidget::createNewFile()’:
widgets/DirWidget2.cpp:720:46: warning: ‘constexpr QFlags<T>::QFlags(QFlags<T>::Zero) [with Enum = Qt::WindowType; QFlags<T>::Zero = int QFlags<Qt::WindowType>::Private::*]’ is deprecated: Use default constructor instead [-Wdeprecated-declarations]
  720 |   QString newdocument = QInputDialog::getText(this, tr("New Document"), tr("Name:"), QLineEdit::Normal, "", \
      |                         ~~~~~~~~~~~~~~~~~~~~~^~~~~~~~~~~~~~~~~~~~~~~~~~~~~~~~~~~~~~~~~~~~~~~~~~~~~~~~~~~~~~~~
  721 |         &ok, 0, Qt::ImhFormattedNumbersOnly | Qt::ImhUppercaseOnly | Qt::ImhLowercaseOnly);
      |         ~~~~~~~~~~~~~~~~~~~~~~~~~~~~~~~~~~~~~~~~~~~~~~~~~~~~~~~~~~~~~~~~~~~~~~~~~~~~~~~~~~
In file included from /usr/include/qt5/QtCore/qglobal.h:1299,
                 from /usr/include/qt5/QtCore/qalgorithms.h:43,
                 from /usr/include/qt5/QtCore/qlist.h:43,
                 from /usr/include/qt5/QtCore/QList:1,
                 from widgets/DirWidget2.h:10,
                 from widgets/DirWidget2.cpp:7:
/usr/include/qt5/QtCore/qflags.h:123:80: note: declared here
  123 |     QT_DEPRECATED_X("Use default constructor instead") Q_DECL_CONSTEXPR inline QFlags(Zero) noexcept : i(0) {}
      |                                                                                ^~~~~~
widgets/DirWidget2.cpp: In static member function ‘static void DirWidget::createNewFolder(QWidget*, BrowserWidget*)’:
widgets/DirWidget2.cpp:746:43: warning: ‘constexpr QFlags<T>::QFlags(QFlags<T>::Zero) [with Enum = Qt::WindowType; QFlags<T>::Zero = int QFlags<Qt::WindowType>::Private::*]’ is deprecated: Use default constructor instead [-Wdeprecated-declarations]
  746 |     QString newdir = QInputDialog::getText(parent, tr("New Directory"), tr("Name:"), QLineEdit::Normal, "", \
      |                      ~~~~~~~~~~~~~~~~~~~~~^~~~~~~~~~~~~~~~~~~~~~~~~~~~~~~~~~~~~~~~~~~~~~~~~~~~~~~~~~~~~~~~~~~
  747 |           &ok, 0, Qt::ImhFormattedNumbersOnly | Qt::ImhUppercaseOnly | Qt::ImhLowercaseOnly);
      |           ~~~~~~~~~~~~~~~~~~~~~~~~~~~~~~~~~~~~~~~~~~~~~~~~~~~~~~~~~~~~~~~~~~~~~~~~~~~~~~~~~~
In file included from /usr/include/qt5/QtCore/qglobal.h:1299,
                 from /usr/include/qt5/QtCore/qalgorithms.h:43,
                 from /usr/include/qt5/QtCore/qlist.h:43,
                 from /usr/include/qt5/QtCore/QList:1,
                 from widgets/DirWidget2.h:10,
                 from widgets/DirWidget2.cpp:7:
/usr/include/qt5/QtCore/qflags.h:123:80: note: declared here
  123 |     QT_DEPRECATED_X("Use default constructor instead") Q_DECL_CONSTEXPR inline QFlags(Zero) noexcept : i(0) {}
      |                                                                                ^~~~~~
widgets/DirWidget2.cpp: In member function ‘void DirWidget::createNewXDGEntry()’:
widgets/DirWidget2.cpp:774:46: warning: ‘constexpr QFlags<T>::QFlags(QFlags<T>::Zero) [with Enum = Qt::WindowType; QFlags<T>::Zero = int QFlags<Qt::WindowType>::Private::*]’ is deprecated: Use default constructor instead [-Wdeprecated-declarations]
  774 |   QString newdocument = QInputDialog::getText(this, tr("New Document"), tr("Name:"), QLineEdit::Normal, "", \
      |                         ~~~~~~~~~~~~~~~~~~~~~^~~~~~~~~~~~~~~~~~~~~~~~~~~~~~~~~~~~~~~~~~~~~~~~~~~~~~~~~~~~~~~~
  775 |         &ok, 0, Qt::ImhFormattedNumbersOnly | Qt::ImhUppercaseOnly | Qt::ImhLowercaseOnly);
      |         ~~~~~~~~~~~~~~~~~~~~~~~~~~~~~~~~~~~~~~~~~~~~~~~~~~~~~~~~~~~~~~~~~~~~~~~~~~~~~~~~~~
In file included from /usr/include/qt5/QtCore/qglobal.h:1299,
                 from /usr/include/qt5/QtCore/qalgorithms.h:43,
                 from /usr/include/qt5/QtCore/qlist.h:43,
                 from /usr/include/qt5/QtCore/QList:1,
                 from widgets/DirWidget2.h:10,
                 from widgets/DirWidget2.cpp:7:
/usr/include/qt5/QtCore/qflags.h:123:80: note: declared here
  123 |     QT_DEPRECATED_X("Use default constructor instead") Q_DECL_CONSTEXPR inline QFlags(Zero) noexcept : i(0) {}
      |                                                                                ^~~~~~
widgets/DirWidget2.cpp:787:26: warning: ‘static bool QProcess::startDetached(const QString&)’ is deprecated: Use QProcess::startDetached(const QString &program, const QStringList &arguments) instead [-Wdeprecated-declarations]
  787 |   QProcess::startDetached("lumina-fileinfo -application \""+full+newdocument+"\"");
      |   ~~~~~~~~~~~~~~~~~~~~~~~^~~~~~~~~~~~~~~~~~~~~~~~~~~~~~~~~~~~~~~~~~~~~~~~~~~~~~~~~
In file included from /usr/include/qt5/QtCore/QProcess:1,
                 from ../../core/libLumina/LUtils.h:11,
                 from widgets/../widgets/DDListWidgets.h:28,
                 from widgets/../BrowserWidget.h:19,
                 from widgets/DirWidget2.h:22,
                 from widgets/DirWidget2.cpp:7:
/usr/include/qt5/QtCore/qprocess.h:280:17: note: declared here
  280 |     static bool startDetached(const QString &command);
      |                 ^~~~~~~~~~~~~
widgets/DirWidget2.cpp: In member function ‘void DirWidget::runFiles()’:
widgets/DirWidget2.cpp:843:30: warning: ‘static bool QProcess::startDetached(const QString&)’ is deprecated: Use QProcess::startDetached(const QString &program, const QStringList &arguments) instead [-Wdeprecated-declarations]
  843 |       QProcess::startDetached("lumina-open \""+sel[i]+"\"");
      |       ~~~~~~~~~~~~~~~~~~~~~~~^~~~~~~~~~~~~~~~~~~~~~~~~~~~~~
In file included from /usr/include/qt5/QtCore/QProcess:1,
                 from ../../core/libLumina/LUtils.h:11,
                 from widgets/../widgets/DDListWidgets.h:28,
                 from widgets/../BrowserWidget.h:19,
                 from widgets/DirWidget2.h:22,
                 from widgets/DirWidget2.cpp:7:
/usr/include/qt5/QtCore/qprocess.h:280:17: note: declared here
  280 |     static bool startDetached(const QString &command);
      |                 ^~~~~~~~~~~~~
widgets/DirWidget2.cpp: In member function ‘void DirWidget::runWithFiles()’:
widgets/DirWidget2.cpp:863:30: warning: ‘static bool QProcess::startDetached(const QString&)’ is deprecated: Use QProcess::startDetached(const QString &program, const QStringList &arguments) instead [-Wdeprecated-declarations]
  863 |       QProcess::startDetached("lumina-open -select \""+sel[i]+"\"");
      |       ~~~~~~~~~~~~~~~~~~~~~~~^~~~~~~~~~~~~~~~~~~~~~~~~~~~~~~~~~~~~~
In file included from /usr/include/qt5/QtCore/QProcess:1,
                 from ../../core/libLumina/LUtils.h:11,
                 from widgets/../widgets/DDListWidgets.h:28,
                 from widgets/../BrowserWidget.h:19,
                 from widgets/DirWidget2.h:22,
                 from widgets/DirWidget2.cpp:7:
/usr/include/qt5/QtCore/qprocess.h:280:17: note: declared here
  280 |     static bool startDetached(const QString &command);
      |                 ^~~~~~~~~~~~~
g++ -c -pipe -O2 -flto=auto -ffat-lto-objects -fexceptions -g -grecord-gcc-switches -pipe -Wall -Werror=format-security -Wp,-D_FORTIFY_SOURCE=2 -Wp,-D_GLIBCXX_ASSERTIONS -specs=/usr/lib/rpm/redhat/redhat-hardened-cc1 -fstack-protector-strong -specs=/usr/lib/rpm/redhat/redhat-annobin-cc1 -m64 -mtune=generic -fasynchronous-unwind-tables -fstack-clash-protection -fcf-protection -std=gnu++11 -Wall -Wextra -D_REENTRANT -fPIC -DPREFIX=QString\(\"/usr\"\) -DL_ETCDIR=QString\(\"/etc\"\) -DL_SHAREDIR=QString\(\"/usr/share\"\) -DGIT_VERSION="\"a88ea52f\"" -DNO_XINPUT -DQT_NO_DEBUG -DQT_SVG_LIB -DQT_WIDGETS_LIB -DQT_X11EXTRAS_LIB -DQT_MULTIMEDIA_LIB -DQT_GUI_LIB -DQT_NETWORK_LIB -DQT_CONCURRENT_LIB -DQT_CORE_LIB -I. -I../../core/libLumina -I/usr/include/qt5 -I/usr -I/usr/include -I/home/q5sys/git/lumina/src-qt5/core-utils/lumina-config -I/usr/include/qt5/QtSvg -I/usr/include/qt5/QtWidgets -I/usr/include/qt5/QtX11Extras -I/usr/include/qt5/QtMultimedia -I/usr/include/qt5/QtGui -I/usr/include/qt5/QtNetwork -I/usr/include/qt5/QtConcurrent -I/usr/include/qt5/QtCore -I.build/moc -I.build/ui -I/usr/lib64/qt5/mkspecs/linux-g++ -o .build/obj/page_fluxbox_settings.o pages/page_fluxbox_settings.cpp
g++ -c -pipe -O2 -flto=auto -ffat-lto-objects -fexceptions -g -grecord-gcc-switches -pipe -Wall -Werror=format-security -Wp,-D_FORTIFY_SOURCE=2 -Wp,-D_GLIBCXX_ASSERTIONS -specs=/usr/lib/rpm/redhat/redhat-hardened-cc1 -fstack-protector-strong -specs=/usr/lib/rpm/redhat/redhat-annobin-cc1 -m64 -mtune=generic -fasynchronous-unwind-tables -fstack-clash-protection -fcf-protection -std=gnu++11 -Wall -Wextra -D_REENTRANT -fPIC -DPREFIX=QString\(\"/usr\"\) -DL_ETCDIR=QString\(\"/etc\"\) -DL_SHAREDIR=QString\(\"/usr/share\"\) -DGIT_VERSION="\"a88ea52f\"" -DNO_XINPUT -DQT_NO_DEBUG -DQT_SVG_LIB -DQT_WIDGETS_LIB -DQT_X11EXTRAS_LIB -DQT_MULTIMEDIA_LIB -DQT_GUI_LIB -DQT_NETWORK_LIB -DQT_CONCURRENT_LIB -DQT_CORE_LIB -I. -I../../core/libLumina -I/usr/include/qt5 -I/usr -I/usr/include -I/home/q5sys/git/lumina/src-qt5/core-utils/lumina-config -I/usr/include/qt5/QtSvg -I/usr/include/qt5/QtWidgets -I/usr/include/qt5/QtX11Extras -I/usr/include/qt5/QtMultimedia -I/usr/include/qt5/QtGui -I/usr/include/qt5/QtNetwork -I/usr/include/qt5/QtConcurrent -I/usr/include/qt5/QtCore -I.build/moc -I.build/ui -I/usr/lib64/qt5/mkspecs/linux-g++ -o .build/obj/page_interface_desktop.o pages/page_interface_desktop.cpp
g++ -c -pipe -O2 -flto=auto -ffat-lto-objects -fexceptions -g -grecord-gcc-switches -pipe -Wall -Werror=format-security -Wp,-D_FORTIFY_SOURCE=2 -Wp,-D_GLIBCXX_ASSERTIONS -specs=/usr/lib/rpm/redhat/redhat-hardened-cc1 -fstack-protector-strong -specs=/usr/lib/rpm/redhat/redhat-annobin-cc1 -m64 -mtune=generic -fasynchronous-unwind-tables -fstack-clash-protection -fcf-protection -std=gnu++11 -Wall -Wextra -D_REENTRANT -fPIC -DPREFIX=QString\(\"/usr\"\) -DL_ETCDIR=QString\(\"/etc\"\) -DL_SHAREDIR=QString\(\"/usr/share\"\) -DGIT_VERSION="\"a88ea52f\"" -DQT_NO_DEBUG -DQT_MULTIMEDIAWIDGETS_LIB -DQT_SVG_LIB -DQT_WIDGETS_LIB -DQT_MULTIMEDIA_LIB -DQT_X11EXTRAS_LIB -DQT_GUI_LIB -DQT_NETWORK_LIB -DQT_CONCURRENT_LIB -DQT_CORE_LIB -I. -I../../core/libLumina -I/usr/include/qt5 -I/usr -I/usr/include -I/home/q5sys/git/lumina/src-qt5/desktop-utils/lumina-fm -I/usr/include/qt5/QtMultimediaWidgets -I/usr/include/qt5/QtSvg -I/usr/include/qt5/QtWidgets -I/usr/include/qt5/QtMultimedia -I/usr/include/qt5/QtX11Extras -I/usr/include/qt5/QtGui -I/usr/include/qt5/QtNetwork -I/usr/include/qt5/QtConcurrent -I/usr/include/qt5/QtCore -I.build/moc -I.build/ui -I/usr/lib64/qt5/mkspecs/linux-g++ -o .build/obj/gitCompat.o gitCompat.cpp
g++ -c -pipe -O2 -flto=auto -ffat-lto-objects -fexceptions -g -grecord-gcc-switches -pipe -Wall -Werror=format-security -Wp,-D_FORTIFY_SOURCE=2 -Wp,-D_GLIBCXX_ASSERTIONS -specs=/usr/lib/rpm/redhat/redhat-hardened-cc1 -fstack-protector-strong -specs=/usr/lib/rpm/redhat/redhat-annobin-cc1 -m64 -mtune=generic -fasynchronous-unwind-tables -fstack-clash-protection -fcf-protection -std=gnu++11 -Wall -Wextra -D_REENTRANT -fPIC -DPREFIX=QString\(\"/usr\"\) -DL_ETCDIR=QString\(\"/etc\"\) -DL_SHAREDIR=QString\(\"/usr/share\"\) -DGIT_VERSION="\"a88ea52f\"" -DQT_NO_DEBUG -DQT_SVG_LIB -DQT_WIDGETS_LIB -DQT_X11EXTRAS_LIB -DQT_MULTIMEDIA_LIB -DQT_GUI_LIB -DQT_NETWORK_LIB -DQT_CONCURRENT_LIB -DQT_CORE_LIB -I. -I../../core/libLumina -I/usr/include/qt5 -I/usr -I/usr/include -I/home/q5sys/git/lumina/src-qt5/desktop-utils/lumina-screenshot -I/usr/include/qt5/QtSvg -I/usr/include/qt5/QtWidgets -I/usr/include/qt5/QtX11Extras -I/usr/include/qt5/QtMultimedia -I/usr/include/qt5/QtGui -I/usr/include/qt5/QtNetwork -I/usr/include/qt5/QtConcurrent -I/usr/include/qt5/QtCore -I.build/moc -I.build/ui -I/usr/lib64/qt5/mkspecs/linux-g++ -o .build/obj/main.o main.cpp
g++ -c -pipe -O2 -flto=auto -ffat-lto-objects -fexceptions -g -grecord-gcc-switches -pipe -Wall -Werror=format-security -Wp,-D_FORTIFY_SOURCE=2 -Wp,-D_GLIBCXX_ASSERTIONS -specs=/usr/lib/rpm/redhat/redhat-hardened-cc1 -fstack-protector-strong -specs=/usr/lib/rpm/redhat/redhat-annobin-cc1 -m64 -mtune=generic -fasynchronous-unwind-tables -fstack-clash-protection -fcf-protection -std=gnu++11 -Wall -Wextra -D_REENTRANT -fPIC -DPREFIX=QString\(\"/usr\"\) -DL_ETCDIR=QString\(\"/etc\"\) -DL_SHAREDIR=QString\(\"/usr/share\"\) -DGIT_VERSION="\"a88ea52f\"" -DNO_XINPUT -DQT_NO_DEBUG -DQT_SVG_LIB -DQT_WIDGETS_LIB -DQT_X11EXTRAS_LIB -DQT_MULTIMEDIA_LIB -DQT_GUI_LIB -DQT_NETWORK_LIB -DQT_CONCURRENT_LIB -DQT_CORE_LIB -I. -I../../core/libLumina -I/usr/include/qt5 -I/usr -I/usr/include -I/home/q5sys/git/lumina/src-qt5/core-utils/lumina-config -I/usr/include/qt5/QtSvg -I/usr/include/qt5/QtWidgets -I/usr/include/qt5/QtX11Extras -I/usr/include/qt5/QtMultimedia -I/usr/include/qt5/QtGui -I/usr/include/qt5/QtNetwork -I/usr/include/qt5/QtConcurrent -I/usr/include/qt5/QtCore -I.build/moc -I.build/ui -I/usr/lib64/qt5/mkspecs/linux-g++ -o .build/obj/page_interface_menu.o pages/page_interface_menu.cpp
g++ -c -pipe -O2 -flto=auto -ffat-lto-objects -fexceptions -g -grecord-gcc-switches -pipe -Wall -Werror=format-security -Wp,-D_FORTIFY_SOURCE=2 -Wp,-D_GLIBCXX_ASSERTIONS -specs=/usr/lib/rpm/redhat/redhat-hardened-cc1 -fstack-protector-strong -specs=/usr/lib/rpm/redhat/redhat-annobin-cc1 -m64 -mtune=generic -fasynchronous-unwind-tables -fstack-clash-protection -fcf-protection -std=gnu++11 -Wall -Wextra -D_REENTRANT -fPIC -DPREFIX=QString\(\"/usr\"\) -DL_ETCDIR=QString\(\"/etc\"\) -DL_SHAREDIR=QString\(\"/usr/share\"\) -DGIT_VERSION="\"a88ea52f\"" -DQT_NO_DEBUG -DQT_MULTIMEDIAWIDGETS_LIB -DQT_SVG_LIB -DQT_WIDGETS_LIB -DQT_MULTIMEDIA_LIB -DQT_X11EXTRAS_LIB -DQT_GUI_LIB -DQT_NETWORK_LIB -DQT_CONCURRENT_LIB -DQT_CORE_LIB -I. -I../../core/libLumina -I/usr/include/qt5 -I/usr -I/usr/include -I/home/q5sys/git/lumina/src-qt5/desktop-utils/lumina-fm -I/usr/include/qt5/QtMultimediaWidgets -I/usr/include/qt5/QtSvg -I/usr/include/qt5/QtWidgets -I/usr/include/qt5/QtMultimedia -I/usr/include/qt5/QtX11Extras -I/usr/include/qt5/QtGui -I/usr/include/qt5/QtNetwork -I/usr/include/qt5/QtConcurrent -I/usr/include/qt5/QtCore -I.build/moc -I.build/ui -I/usr/lib64/qt5/mkspecs/linux-g++ -o .build/obj/gitWizard.o gitWizard.cpp
g++ -c -pipe -O2 -flto=auto -ffat-lto-objects -fexceptions -g -grecord-gcc-switches -pipe -Wall -Werror=format-security -Wp,-D_FORTIFY_SOURCE=2 -Wp,-D_GLIBCXX_ASSERTIONS -specs=/usr/lib/rpm/redhat/redhat-hardened-cc1 -fstack-protector-strong -specs=/usr/lib/rpm/redhat/redhat-annobin-cc1 -m64 -mtune=generic -fasynchronous-unwind-tables -fstack-clash-protection -fcf-protection -std=gnu++11 -Wall -Wextra -D_REENTRANT -fPIC -DPREFIX=QString\(\"/usr\"\) -DL_ETCDIR=QString\(\"/etc\"\) -DL_SHAREDIR=QString\(\"/usr/share\"\) -DGIT_VERSION="\"a88ea52f\"" -DNO_XINPUT -DQT_NO_DEBUG -DQT_SVG_LIB -DQT_WIDGETS_LIB -DQT_X11EXTRAS_LIB -DQT_MULTIMEDIA_LIB -DQT_GUI_LIB -DQT_NETWORK_LIB -DQT_CONCURRENT_LIB -DQT_CORE_LIB -I. -I../../core/libLumina -I/usr/include/qt5 -I/usr -I/usr/include -I/home/q5sys/git/lumina/src-qt5/core-utils/lumina-config -I/usr/include/qt5/QtSvg -I/usr/include/qt5/QtWidgets -I/usr/include/qt5/QtX11Extras -I/usr/include/qt5/QtMultimedia -I/usr/include/qt5/QtGui -I/usr/include/qt5/QtNetwork -I/usr/include/qt5/QtConcurrent -I/usr/include/qt5/QtCore -I.build/moc -I.build/ui -I/usr/lib64/qt5/mkspecs/linux-g++ -o .build/obj/page_interface_panels.o pages/page_interface_panels.cpp
g++ -c -pipe -O2 -flto=auto -ffat-lto-objects -fexceptions -g -grecord-gcc-switches -pipe -Wall -Werror=format-security -Wp,-D_FORTIFY_SOURCE=2 -Wp,-D_GLIBCXX_ASSERTIONS -specs=/usr/lib/rpm/redhat/redhat-hardened-cc1 -fstack-protector-strong -specs=/usr/lib/rpm/redhat/redhat-annobin-cc1 -m64 -mtune=generic -fasynchronous-unwind-tables -fstack-clash-protection -fcf-protection -std=gnu++11 -Wall -Wextra -D_REENTRANT -fPIC -DPREFIX=QString\(\"/usr\"\) -DL_ETCDIR=QString\(\"/etc\"\) -DL_SHAREDIR=QString\(\"/usr/share\"\) -DGIT_VERSION="\"a88ea52f\"" -DQT_NO_DEBUG -DQT_SVG_LIB -DQT_WIDGETS_LIB -DQT_X11EXTRAS_LIB -DQT_MULTIMEDIA_LIB -DQT_GUI_LIB -DQT_NETWORK_LIB -DQT_CONCURRENT_LIB -DQT_CORE_LIB -I. -I../../core/libLumina -I/usr/include/qt5 -I/usr -I/usr/include -I/home/q5sys/git/lumina/src-qt5/desktop-utils/lumina-screenshot -I/usr/include/qt5/QtSvg -I/usr/include/qt5/QtWidgets -I/usr/include/qt5/QtX11Extras -I/usr/include/qt5/QtMultimedia -I/usr/include/qt5/QtGui -I/usr/include/qt5/QtNetwork -I/usr/include/qt5/QtConcurrent -I/usr/include/qt5/QtCore -I.build/moc -I.build/ui -I/usr/lib64/qt5/mkspecs/linux-g++ -o .build/obj/MainUI.o MainUI.cpp
gitWizard.cpp: In member function ‘void GitWizard::procFinished(int)’:
gitWizard.cpp:135:34: warning: unused parameter ‘retcode’ [-Wunused-parameter]
  135 | void GitWizard::procFinished(int retcode){
      |                              ~~~~^~~~~~~
g++ -c -pipe -O2 -flto=auto -ffat-lto-objects -fexceptions -g -grecord-gcc-switches -pipe -Wall -Werror=format-security -Wp,-D_FORTIFY_SOURCE=2 -Wp,-D_GLIBCXX_ASSERTIONS -specs=/usr/lib/rpm/redhat/redhat-hardened-cc1 -fstack-protector-strong -specs=/usr/lib/rpm/redhat/redhat-annobin-cc1 -m64 -mtune=generic -fasynchronous-unwind-tables -fstack-clash-protection -fcf-protection -std=gnu++11 -Wall -Wextra -D_REENTRANT -fPIC -DPREFIX=QString\(\"/usr\"\) -DL_ETCDIR=QString\(\"/etc\"\) -DL_SHAREDIR=QString\(\"/usr/share\"\) -DGIT_VERSION="\"a88ea52f\"" -DNO_XINPUT -DQT_NO_DEBUG -DQT_SVG_LIB -DQT_WIDGETS_LIB -DQT_X11EXTRAS_LIB -DQT_MULTIMEDIA_LIB -DQT_GUI_LIB -DQT_NETWORK_LIB -DQT_CONCURRENT_LIB -DQT_CORE_LIB -I. -I../../core/libLumina -I/usr/include/qt5 -I/usr -I/usr/include -I/home/q5sys/git/lumina/src-qt5/core-utils/lumina-config -I/usr/include/qt5/QtSvg -I/usr/include/qt5/QtWidgets -I/usr/include/qt5/QtX11Extras -I/usr/include/qt5/QtMultimedia -I/usr/include/qt5/QtGui -I/usr/include/qt5/QtNetwork -I/usr/include/qt5/QtConcurrent -I/usr/include/qt5/QtCore -I.build/moc -I.build/ui -I/usr/lib64/qt5/mkspecs/linux-g++ -o .build/obj/page_session_locale.o pages/page_session_locale.cpp
MainUI.cpp: In member function ‘void MainUI::quicksave()’:
MainUI.cpp:155:30: warning: ‘static bool QProcess::startDetached(const QString&)’ is deprecated: Use QProcess::startDetached(const QString &program, const QStringList &arguments) instead [-Wdeprecated-declarations]
  155 |       QProcess::startDetached("lumina-open -select \""+path+"\"");
      |       ~~~~~~~~~~~~~~~~~~~~~~~^~~~~~~~~~~~~~~~~~~~~~~~~~~~~~~~~~~~
In file included from /usr/include/qt5/QtCore/QProcess:1,
                 from ../../core/libLumina/LUtils.h:11,
                 from MainUI.h:25,
                 from MainUI.cpp:7:
/usr/include/qt5/QtCore/qprocess.h:280:17: note: declared here
  280 |     static bool startDetached(const QString &command);
      |                 ^~~~~~~~~~~~~
g++ -c -pipe -O2 -flto=auto -ffat-lto-objects -fexceptions -g -grecord-gcc-switches -pipe -Wall -Werror=format-security -Wp,-D_FORTIFY_SOURCE=2 -Wp,-D_GLIBCXX_ASSERTIONS -specs=/usr/lib/rpm/redhat/redhat-hardened-cc1 -fstack-protector-strong -specs=/usr/lib/rpm/redhat/redhat-annobin-cc1 -m64 -mtune=generic -fasynchronous-unwind-tables -fstack-clash-protection -fcf-protection -std=gnu++11 -Wall -Wextra -D_REENTRANT -fPIC -DPREFIX=QString\(\"/usr\"\) -DL_ETCDIR=QString\(\"/etc\"\) -DL_SHAREDIR=QString\(\"/usr/share\"\) -DGIT_VERSION="\"a88ea52f\"" -DQT_NO_DEBUG -DQT_MULTIMEDIAWIDGETS_LIB -DQT_SVG_LIB -DQT_WIDGETS_LIB -DQT_MULTIMEDIA_LIB -DQT_X11EXTRAS_LIB -DQT_GUI_LIB -DQT_NETWORK_LIB -DQT_CONCURRENT_LIB -DQT_CORE_LIB -I. -I../../core/libLumina -I/usr/include/qt5 -I/usr -I/usr/include -I/home/q5sys/git/lumina/src-qt5/desktop-utils/lumina-fm -I/usr/include/qt5/QtMultimediaWidgets -I/usr/include/qt5/QtSvg -I/usr/include/qt5/QtWidgets -I/usr/include/qt5/QtMultimedia -I/usr/include/qt5/QtX11Extras -I/usr/include/qt5/QtGui -I/usr/include/qt5/QtNetwork -I/usr/include/qt5/QtConcurrent -I/usr/include/qt5/QtCore -I.build/moc -I.build/ui -I/usr/lib64/qt5/mkspecs/linux-g++ -o .build/obj/Browser.o Browser.cpp
g++ -c -pipe -O2 -flto=auto -ffat-lto-objects -fexceptions -g -grecord-gcc-switches -pipe -Wall -Werror=format-security -Wp,-D_FORTIFY_SOURCE=2 -Wp,-D_GLIBCXX_ASSERTIONS -specs=/usr/lib/rpm/redhat/redhat-hardened-cc1 -fstack-protector-strong -specs=/usr/lib/rpm/redhat/redhat-annobin-cc1 -m64 -mtune=generic -fasynchronous-unwind-tables -fstack-clash-protection -fcf-protection -std=gnu++11 -Wall -Wextra -D_REENTRANT -fPIC -DPREFIX=QString\(\"/usr\"\) -DL_ETCDIR=QString\(\"/etc\"\) -DL_SHAREDIR=QString\(\"/usr/share\"\) -DGIT_VERSION="\"a88ea52f\"" -DQT_NO_DEBUG -DQT_SVG_LIB -DQT_WIDGETS_LIB -DQT_X11EXTRAS_LIB -DQT_MULTIMEDIA_LIB -DQT_GUI_LIB -DQT_NETWORK_LIB -DQT_CONCURRENT_LIB -DQT_CORE_LIB -I. -I../../core/libLumina -I/usr/include/qt5 -I/usr -I/usr/include -I/home/q5sys/git/lumina/src-qt5/desktop-utils/lumina-screenshot -I/usr/include/qt5/QtSvg -I/usr/include/qt5/QtWidgets -I/usr/include/qt5/QtX11Extras -I/usr/include/qt5/QtMultimedia -I/usr/include/qt5/QtGui -I/usr/include/qt5/QtNetwork -I/usr/include/qt5/QtConcurrent -I/usr/include/qt5/QtCore -I.build/moc -I.build/ui -I/usr/lib64/qt5/mkspecs/linux-g++ -o .build/obj/ImageEditor.o ImageEditor.cpp
g++ -c -pipe -O2 -flto=auto -ffat-lto-objects -fexceptions -g -grecord-gcc-switches -pipe -Wall -Werror=format-security -Wp,-D_FORTIFY_SOURCE=2 -Wp,-D_GLIBCXX_ASSERTIONS -specs=/usr/lib/rpm/redhat/redhat-hardened-cc1 -fstack-protector-strong -specs=/usr/lib/rpm/redhat/redhat-annobin-cc1 -m64 -mtune=generic -fasynchronous-unwind-tables -fstack-clash-protection -fcf-protection -std=gnu++11 -Wall -Wextra -D_REENTRANT -fPIC -DPREFIX=QString\(\"/usr\"\) -DL_ETCDIR=QString\(\"/etc\"\) -DL_SHAREDIR=QString\(\"/usr/share\"\) -DGIT_VERSION="\"a88ea52f\"" -DNO_XINPUT -DQT_NO_DEBUG -DQT_SVG_LIB -DQT_WIDGETS_LIB -DQT_X11EXTRAS_LIB -DQT_MULTIMEDIA_LIB -DQT_GUI_LIB -DQT_NETWORK_LIB -DQT_CONCURRENT_LIB -DQT_CORE_LIB -I. -I../../core/libLumina -I/usr/include/qt5 -I/usr -I/usr/include -I/home/q5sys/git/lumina/src-qt5/core-utils/lumina-config -I/usr/include/qt5/QtSvg -I/usr/include/qt5/QtWidgets -I/usr/include/qt5/QtX11Extras -I/usr/include/qt5/QtMultimedia -I/usr/include/qt5/QtGui -I/usr/include/qt5/QtNetwork -I/usr/include/qt5/QtConcurrent -I/usr/include/qt5/QtCore -I.build/moc -I.build/ui -I/usr/lib64/qt5/mkspecs/linux-g++ -o .build/obj/page_session_options.o pages/page_session_options.cpp
g++ -c -pipe -O2 -flto=auto -ffat-lto-objects -fexceptions -g -grecord-gcc-switches -pipe -Wall -Werror=format-security -Wp,-D_FORTIFY_SOURCE=2 -Wp,-D_GLIBCXX_ASSERTIONS -specs=/usr/lib/rpm/redhat/redhat-hardened-cc1 -fstack-protector-strong -specs=/usr/lib/rpm/redhat/redhat-annobin-cc1 -m64 -mtune=generic -fasynchronous-unwind-tables -fstack-clash-protection -fcf-protection -std=gnu++11 -Wall -Wextra -D_REENTRANT -fPIC -DPREFIX=QString\(\"/usr\"\) -DL_ETCDIR=QString\(\"/etc\"\) -DL_SHAREDIR=QString\(\"/usr/share\"\) -DGIT_VERSION="\"a88ea52f\"" -DNO_XINPUT -DQT_NO_DEBUG -DQT_SVG_LIB -DQT_WIDGETS_LIB -DQT_X11EXTRAS_LIB -DQT_MULTIMEDIA_LIB -DQT_GUI_LIB -DQT_NETWORK_LIB -DQT_CONCURRENT_LIB -DQT_CORE_LIB -I. -I../../core/libLumina -I/usr/include/qt5 -I/usr -I/usr/include -I/home/q5sys/git/lumina/src-qt5/core-utils/lumina-config -I/usr/include/qt5/QtSvg -I/usr/include/qt5/QtWidgets -I/usr/include/qt5/QtX11Extras -I/usr/include/qt5/QtMultimedia -I/usr/include/qt5/QtGui -I/usr/include/qt5/QtNetwork -I/usr/include/qt5/QtConcurrent -I/usr/include/qt5/QtCore -I.build/moc -I.build/ui -I/usr/lib64/qt5/mkspecs/linux-g++ -o .build/obj/page_compton.o pages/page_compton.cpp
g++ -pipe -O2 -flto=auto -ffat-lto-objects -fexceptions -g -grecord-gcc-switches -pipe -Wall -Werror=format-security -Wp,-D_FORTIFY_SOURCE=2 -Wp,-D_GLIBCXX_ASSERTIONS -specs=/usr/lib/rpm/redhat/redhat-hardened-cc1 -fstack-protector-strong -specs=/usr/lib/rpm/redhat/redhat-annobin-cc1 -m64 -mtune=generic -fasynchronous-unwind-tables -fstack-clash-protection -fcf-protection -std=gnu++11 -Wall -Wextra -dM -E -o .build/moc/moc_predefs.h /usr/lib64/qt5/mkspecs/features/data/dummy.cpp
/usr/lib64/qt5/bin/moc -DPREFIX=QString\(\"/usr\"\) -DL_ETCDIR=QString\(\"/etc\"\) -DL_SHAREDIR=QString\(\"/usr/share\"\) -DGIT_VERSION="\"a88ea52f\"" -DQT_NO_DEBUG -DQT_SVG_LIB -DQT_WIDGETS_LIB -DQT_X11EXTRAS_LIB -DQT_MULTIMEDIA_LIB -DQT_GUI_LIB -DQT_NETWORK_LIB -DQT_CONCURRENT_LIB -DQT_CORE_LIB --include /home/q5sys/git/lumina/src-qt5/desktop-utils/lumina-screenshot/.build/moc/moc_predefs.h -I/usr/lib64/qt5/mkspecs/linux-g++ -I/home/q5sys/git/lumina/src-qt5/desktop-utils/lumina-screenshot -I/home/q5sys/git/lumina/src-qt5/core/libLumina -I/usr/include/qt5 -I/usr -I/usr/include -I'/home/q5sys/git/lumina/src-qt5/desktop-utils/lumina-screenshot//home/q5sys/git/lumina/src-qt5/desktop-utils/lumina-screenshot' -I/usr/include/qt5/QtSvg -I/usr/include/qt5/QtWidgets -I/usr/include/qt5/QtX11Extras -I/usr/include/qt5/QtMultimedia -I/usr/include/qt5/QtGui -I/usr/include/qt5/QtNetwork -I/usr/include/qt5/QtConcurrent -I/usr/include/qt5/QtCore -I/usr/include/c++/11 -I/usr/include/c++/11/x86_64-redhat-linux -I/usr/include/c++/11/backward -I/usr/lib/gcc/x86_64-redhat-linux/11/include -I/usr/local/include -I/usr/include ../../core/libLumina/LuminaXDG.h -o .build/moc/moc_LuminaXDG.cpp
/usr/lib64/qt5/bin/moc -DPREFIX=QString\(\"/usr\"\) -DL_ETCDIR=QString\(\"/etc\"\) -DL_SHAREDIR=QString\(\"/usr/share\"\) -DGIT_VERSION="\"a88ea52f\"" -DQT_NO_DEBUG -DQT_SVG_LIB -DQT_WIDGETS_LIB -DQT_X11EXTRAS_LIB -DQT_MULTIMEDIA_LIB -DQT_GUI_LIB -DQT_NETWORK_LIB -DQT_CONCURRENT_LIB -DQT_CORE_LIB --include /home/q5sys/git/lumina/src-qt5/desktop-utils/lumina-screenshot/.build/moc/moc_predefs.h -I/usr/lib64/qt5/mkspecs/linux-g++ -I/home/q5sys/git/lumina/src-qt5/desktop-utils/lumina-screenshot -I/home/q5sys/git/lumina/src-qt5/core/libLumina -I/usr/include/qt5 -I/usr -I/usr/include -I'/home/q5sys/git/lumina/src-qt5/desktop-utils/lumina-screenshot//home/q5sys/git/lumina/src-qt5/desktop-utils/lumina-screenshot' -I/usr/include/qt5/QtSvg -I/usr/include/qt5/QtWidgets -I/usr/include/qt5/QtX11Extras -I/usr/include/qt5/QtMultimedia -I/usr/include/qt5/QtGui -I/usr/include/qt5/QtNetwork -I/usr/include/qt5/QtConcurrent -I/usr/include/qt5/QtCore -I/usr/include/c++/11 -I/usr/include/c++/11/x86_64-redhat-linux -I/usr/include/c++/11/backward -I/usr/lib/gcc/x86_64-redhat-linux/11/include -I/usr/local/include -I/usr/include ../../core/libLumina/LuminaSingleApplication.h -o .build/moc/moc_LuminaSingleApplication.cpp
/usr/lib64/qt5/bin/moc -DPREFIX=QString\(\"/usr\"\) -DL_ETCDIR=QString\(\"/etc\"\) -DL_SHAREDIR=QString\(\"/usr/share\"\) -DGIT_VERSION="\"a88ea52f\"" -DQT_NO_DEBUG -DQT_SVG_LIB -DQT_WIDGETS_LIB -DQT_X11EXTRAS_LIB -DQT_MULTIMEDIA_LIB -DQT_GUI_LIB -DQT_NETWORK_LIB -DQT_CONCURRENT_LIB -DQT_CORE_LIB --include /home/q5sys/git/lumina/src-qt5/desktop-utils/lumina-screenshot/.build/moc/moc_predefs.h -I/usr/lib64/qt5/mkspecs/linux-g++ -I/home/q5sys/git/lumina/src-qt5/desktop-utils/lumina-screenshot -I/home/q5sys/git/lumina/src-qt5/core/libLumina -I/usr/include/qt5 -I/usr -I/usr/include -I'/home/q5sys/git/lumina/src-qt5/desktop-utils/lumina-screenshot//home/q5sys/git/lumina/src-qt5/desktop-utils/lumina-screenshot' -I/usr/include/qt5/QtSvg -I/usr/include/qt5/QtWidgets -I/usr/include/qt5/QtX11Extras -I/usr/include/qt5/QtMultimedia -I/usr/include/qt5/QtGui -I/usr/include/qt5/QtNetwork -I/usr/include/qt5/QtConcurrent -I/usr/include/qt5/QtCore -I/usr/include/c++/11 -I/usr/include/c++/11/x86_64-redhat-linux -I/usr/include/c++/11/backward -I/usr/lib/gcc/x86_64-redhat-linux/11/include -I/usr/local/include -I/usr/include ../../core/libLumina/LuminaThemes.h -o .build/moc/moc_LuminaThemes.cpp
g++ -c -pipe -O2 -flto=auto -ffat-lto-objects -fexceptions -g -grecord-gcc-switches -pipe -Wall -Werror=format-security -Wp,-D_FORTIFY_SOURCE=2 -Wp,-D_GLIBCXX_ASSERTIONS -specs=/usr/lib/rpm/redhat/redhat-hardened-cc1 -fstack-protector-strong -specs=/usr/lib/rpm/redhat/redhat-annobin-cc1 -m64 -mtune=generic -fasynchronous-unwind-tables -fstack-clash-protection -fcf-protection -std=gnu++11 -Wall -Wextra -D_REENTRANT -fPIC -DPREFIX=QString\(\"/usr\"\) -DL_ETCDIR=QString\(\"/etc\"\) -DL_SHAREDIR=QString\(\"/usr/share\"\) -DGIT_VERSION="\"a88ea52f\"" -DQT_NO_DEBUG -DQT_MULTIMEDIAWIDGETS_LIB -DQT_SVG_LIB -DQT_WIDGETS_LIB -DQT_MULTIMEDIA_LIB -DQT_X11EXTRAS_LIB -DQT_GUI_LIB -DQT_NETWORK_LIB -DQT_CONCURRENT_LIB -DQT_CORE_LIB -I. -I../../core/libLumina -I/usr/include/qt5 -I/usr -I/usr/include -I/home/q5sys/git/lumina/src-qt5/desktop-utils/lumina-fm -I/usr/include/qt5/QtMultimediaWidgets -I/usr/include/qt5/QtSvg -I/usr/include/qt5/QtWidgets -I/usr/include/qt5/QtMultimedia -I/usr/include/qt5/QtX11Extras -I/usr/include/qt5/QtGui -I/usr/include/qt5/QtNetwork -I/usr/include/qt5/QtConcurrent -I/usr/include/qt5/QtCore -I.build/moc -I.build/ui -I/usr/lib64/qt5/mkspecs/linux-g++ -o .build/obj/BrowserWidget.o BrowserWidget.cpp
/usr/lib64/qt5/bin/moc -DPREFIX=QString\(\"/usr\"\) -DL_ETCDIR=QString\(\"/etc\"\) -DL_SHAREDIR=QString\(\"/usr/share\"\) -DGIT_VERSION="\"a88ea52f\"" -DQT_NO_DEBUG -DQT_SVG_LIB -DQT_WIDGETS_LIB -DQT_X11EXTRAS_LIB -DQT_MULTIMEDIA_LIB -DQT_GUI_LIB -DQT_NETWORK_LIB -DQT_CONCURRENT_LIB -DQT_CORE_LIB --include /home/q5sys/git/lumina/src-qt5/desktop-utils/lumina-screenshot/.build/moc/moc_predefs.h -I/usr/lib64/qt5/mkspecs/linux-g++ -I/home/q5sys/git/lumina/src-qt5/desktop-utils/lumina-screenshot -I/home/q5sys/git/lumina/src-qt5/core/libLumina -I/usr/include/qt5 -I/usr -I/usr/include -I'/home/q5sys/git/lumina/src-qt5/desktop-utils/lumina-screenshot//home/q5sys/git/lumina/src-qt5/desktop-utils/lumina-screenshot' -I/usr/include/qt5/QtSvg -I/usr/include/qt5/QtWidgets -I/usr/include/qt5/QtX11Extras -I/usr/include/qt5/QtMultimedia -I/usr/include/qt5/QtGui -I/usr/include/qt5/QtNetwork -I/usr/include/qt5/QtConcurrent -I/usr/include/qt5/QtCore -I/usr/include/c++/11 -I/usr/include/c++/11/x86_64-redhat-linux -I/usr/include/c++/11/backward -I/usr/lib/gcc/x86_64-redhat-linux/11/include -I/usr/local/include -I/usr/include MainUI.h -o .build/moc/moc_MainUI.cpp
/usr/lib64/qt5/bin/moc -DPREFIX=QString\(\"/usr\"\) -DL_ETCDIR=QString\(\"/etc\"\) -DL_SHAREDIR=QString\(\"/usr/share\"\) -DGIT_VERSION="\"a88ea52f\"" -DQT_NO_DEBUG -DQT_SVG_LIB -DQT_WIDGETS_LIB -DQT_X11EXTRAS_LIB -DQT_MULTIMEDIA_LIB -DQT_GUI_LIB -DQT_NETWORK_LIB -DQT_CONCURRENT_LIB -DQT_CORE_LIB --include /home/q5sys/git/lumina/src-qt5/desktop-utils/lumina-screenshot/.build/moc/moc_predefs.h -I/usr/lib64/qt5/mkspecs/linux-g++ -I/home/q5sys/git/lumina/src-qt5/desktop-utils/lumina-screenshot -I/home/q5sys/git/lumina/src-qt5/core/libLumina -I/usr/include/qt5 -I/usr -I/usr/include -I'/home/q5sys/git/lumina/src-qt5/desktop-utils/lumina-screenshot//home/q5sys/git/lumina/src-qt5/desktop-utils/lumina-screenshot' -I/usr/include/qt5/QtSvg -I/usr/include/qt5/QtWidgets -I/usr/include/qt5/QtX11Extras -I/usr/include/qt5/QtMultimedia -I/usr/include/qt5/QtGui -I/usr/include/qt5/QtNetwork -I/usr/include/qt5/QtConcurrent -I/usr/include/qt5/QtCore -I/usr/include/c++/11 -I/usr/include/c++/11/x86_64-redhat-linux -I/usr/include/c++/11/backward -I/usr/lib/gcc/x86_64-redhat-linux/11/include -I/usr/local/include -I/usr/include ImageEditor.h -o .build/moc/moc_ImageEditor.cpp
g++ -c -pipe -O2 -flto=auto -ffat-lto-objects -fexceptions -g -grecord-gcc-switches -pipe -Wall -Werror=format-security -Wp,-D_FORTIFY_SOURCE=2 -Wp,-D_GLIBCXX_ASSERTIONS -specs=/usr/lib/rpm/redhat/redhat-hardened-cc1 -fstack-protector-strong -specs=/usr/lib/rpm/redhat/redhat-annobin-cc1 -m64 -mtune=generic -fasynchronous-unwind-tables -fstack-clash-protection -fcf-protection -std=gnu++11 -Wall -Wextra -D_REENTRANT -fPIC -DPREFIX=QString\(\"/usr\"\) -DL_ETCDIR=QString\(\"/etc\"\) -DL_SHAREDIR=QString\(\"/usr/share\"\) -DGIT_VERSION="\"a88ea52f\"" -DNO_XINPUT -DQT_NO_DEBUG -DQT_SVG_LIB -DQT_WIDGETS_LIB -DQT_X11EXTRAS_LIB -DQT_MULTIMEDIA_LIB -DQT_GUI_LIB -DQT_NETWORK_LIB -DQT_CONCURRENT_LIB -DQT_CORE_LIB -I. -I../../core/libLumina -I/usr/include/qt5 -I/usr -I/usr/include -I/home/q5sys/git/lumina/src-qt5/core-utils/lumina-config -I/usr/include/qt5/QtSvg -I/usr/include/qt5/QtWidgets -I/usr/include/qt5/QtX11Extras -I/usr/include/qt5/QtMultimedia -I/usr/include/qt5/QtGui -I/usr/include/qt5/QtNetwork -I/usr/include/qt5/QtConcurrent -I/usr/include/qt5/QtCore -I.build/moc -I.build/ui -I/usr/lib64/qt5/mkspecs/linux-g++ -o .build/obj/page_soundtheme.o pages/page_soundtheme.cpp
g++ -c -pipe -O2 -flto=auto -ffat-lto-objects -fexceptions -g -grecord-gcc-switches -pipe -Wall -Werror=format-security -Wp,-D_FORTIFY_SOURCE=2 -Wp,-D_GLIBCXX_ASSERTIONS -specs=/usr/lib/rpm/redhat/redhat-hardened-cc1 -fstack-protector-strong -specs=/usr/lib/rpm/redhat/redhat-annobin-cc1 -m64 -mtune=generic -fasynchronous-unwind-tables -fstack-clash-protection -fcf-protection -std=gnu++11 -Wall -Wextra -D_REENTRANT -fPIC -DPREFIX=QString\(\"/usr\"\) -DL_ETCDIR=QString\(\"/etc\"\) -DL_SHAREDIR=QString\(\"/usr/share\"\) -DGIT_VERSION="\"a88ea52f\"" -DQT_NO_DEBUG -DQT_SVG_LIB -DQT_WIDGETS_LIB -DQT_X11EXTRAS_LIB -DQT_MULTIMEDIA_LIB -DQT_GUI_LIB -DQT_NETWORK_LIB -DQT_CONCURRENT_LIB -DQT_CORE_LIB -I. -I../../core/libLumina -I/usr/include/qt5 -I/usr -I/usr/include -I/home/q5sys/git/lumina/src-qt5/desktop-utils/lumina-screenshot -I/usr/include/qt5/QtSvg -I/usr/include/qt5/QtWidgets -I/usr/include/qt5/QtX11Extras -I/usr/include/qt5/QtMultimedia -I/usr/include/qt5/QtGui -I/usr/include/qt5/QtNetwork -I/usr/include/qt5/QtConcurrent -I/usr/include/qt5/QtCore -I.build/moc -I.build/ui -I/usr/lib64/qt5/mkspecs/linux-g++ -o .build/obj/moc_LuminaXDG.o .build/moc/moc_LuminaXDG.cpp
g++ -pipe -O2 -flto=auto -ffat-lto-objects -fexceptions -g -grecord-gcc-switches -pipe -Wall -Werror=format-security -Wp,-D_FORTIFY_SOURCE=2 -Wp,-D_GLIBCXX_ASSERTIONS -specs=/usr/lib/rpm/redhat/redhat-hardened-cc1 -fstack-protector-strong -specs=/usr/lib/rpm/redhat/redhat-annobin-cc1 -m64 -mtune=generic -fasynchronous-unwind-tables -fstack-clash-protection -fcf-protection -std=gnu++11 -Wall -Wextra -dM -E -o .build/moc/moc_predefs.h /usr/lib64/qt5/mkspecs/features/data/dummy.cpp
/usr/lib64/qt5/bin/moc -DPREFIX=QString\(\"/usr\"\) -DL_ETCDIR=QString\(\"/etc\"\) -DL_SHAREDIR=QString\(\"/usr/share\"\) -DGIT_VERSION="\"a88ea52f\"" -DNO_XINPUT -DQT_NO_DEBUG -DQT_SVG_LIB -DQT_WIDGETS_LIB -DQT_X11EXTRAS_LIB -DQT_MULTIMEDIA_LIB -DQT_GUI_LIB -DQT_NETWORK_LIB -DQT_CONCURRENT_LIB -DQT_CORE_LIB --include /home/q5sys/git/lumina/src-qt5/core-utils/lumina-config/.build/moc/moc_predefs.h -I/usr/lib64/qt5/mkspecs/linux-g++ -I/home/q5sys/git/lumina/src-qt5/core-utils/lumina-config -I/home/q5sys/git/lumina/src-qt5/core/libLumina -I/usr/include/qt5 -I/usr -I/usr/include -I'/home/q5sys/git/lumina/src-qt5/core-utils/lumina-config//home/q5sys/git/lumina/src-qt5/core-utils/lumina-config' -I/usr/include/qt5/QtSvg -I/usr/include/qt5/QtWidgets -I/usr/include/qt5/QtX11Extras -I/usr/include/qt5/QtMultimedia -I/usr/include/qt5/QtGui -I/usr/include/qt5/QtNetwork -I/usr/include/qt5/QtConcurrent -I/usr/include/qt5/QtCore -I/usr/include/c++/11 -I/usr/include/c++/11/x86_64-redhat-linux -I/usr/include/c++/11/backward -I/usr/lib/gcc/x86_64-redhat-linux/11/include -I/usr/local/include -I/usr/include ../../core/libLumina/LuminaThemes.h -o .build/moc/moc_LuminaThemes.cpp
/usr/lib64/qt5/bin/moc -DPREFIX=QString\(\"/usr\"\) -DL_ETCDIR=QString\(\"/etc\"\) -DL_SHAREDIR=QString\(\"/usr/share\"\) -DGIT_VERSION="\"a88ea52f\"" -DNO_XINPUT -DQT_NO_DEBUG -DQT_SVG_LIB -DQT_WIDGETS_LIB -DQT_X11EXTRAS_LIB -DQT_MULTIMEDIA_LIB -DQT_GUI_LIB -DQT_NETWORK_LIB -DQT_CONCURRENT_LIB -DQT_CORE_LIB --include /home/q5sys/git/lumina/src-qt5/core-utils/lumina-config/.build/moc/moc_predefs.h -I/usr/lib64/qt5/mkspecs/linux-g++ -I/home/q5sys/git/lumina/src-qt5/core-utils/lumina-config -I/home/q5sys/git/lumina/src-qt5/core/libLumina -I/usr/include/qt5 -I/usr -I/usr/include -I'/home/q5sys/git/lumina/src-qt5/core-utils/lumina-config//home/q5sys/git/lumina/src-qt5/core-utils/lumina-config' -I/usr/include/qt5/QtSvg -I/usr/include/qt5/QtWidgets -I/usr/include/qt5/QtX11Extras -I/usr/include/qt5/QtMultimedia -I/usr/include/qt5/QtGui -I/usr/include/qt5/QtNetwork -I/usr/include/qt5/QtConcurrent -I/usr/include/qt5/QtCore -I/usr/include/c++/11 -I/usr/include/c++/11/x86_64-redhat-linux -I/usr/include/c++/11/backward -I/usr/lib/gcc/x86_64-redhat-linux/11/include -I/usr/local/include -I/usr/include ../../core/libLumina/LuminaXDG.h -o .build/moc/moc_LuminaXDG.cpp
/usr/lib64/qt5/bin/moc -DPREFIX=QString\(\"/usr\"\) -DL_ETCDIR=QString\(\"/etc\"\) -DL_SHAREDIR=QString\(\"/usr/share\"\) -DGIT_VERSION="\"a88ea52f\"" -DNO_XINPUT -DQT_NO_DEBUG -DQT_SVG_LIB -DQT_WIDGETS_LIB -DQT_X11EXTRAS_LIB -DQT_MULTIMEDIA_LIB -DQT_GUI_LIB -DQT_NETWORK_LIB -DQT_CONCURRENT_LIB -DQT_CORE_LIB --include /home/q5sys/git/lumina/src-qt5/core-utils/lumina-config/.build/moc/moc_predefs.h -I/usr/lib64/qt5/mkspecs/linux-g++ -I/home/q5sys/git/lumina/src-qt5/core-utils/lumina-config -I/home/q5sys/git/lumina/src-qt5/core/libLumina -I/usr/include/qt5 -I/usr -I/usr/include -I'/home/q5sys/git/lumina/src-qt5/core-utils/lumina-config//home/q5sys/git/lumina/src-qt5/core-utils/lumina-config' -I/usr/include/qt5/QtSvg -I/usr/include/qt5/QtWidgets -I/usr/include/qt5/QtX11Extras -I/usr/include/qt5/QtMultimedia -I/usr/include/qt5/QtGui -I/usr/include/qt5/QtNetwork -I/usr/include/qt5/QtConcurrent -I/usr/include/qt5/QtCore -I/usr/include/c++/11 -I/usr/include/c++/11/x86_64-redhat-linux -I/usr/include/c++/11/backward -I/usr/lib/gcc/x86_64-redhat-linux/11/include -I/usr/local/include -I/usr/include ../../core/libLumina/LuminaSingleApplication.h -o .build/moc/moc_LuminaSingleApplication.cpp
BrowserWidget.cpp: In member function ‘void BrowserWidget::showThumbnails(bool)’:
BrowserWidget.cpp:138:41: warning: ‘QList<T> QMap<K, V>::uniqueKeys() const [with Key = QString; T = QPair<QTreeWidgetItem*, LVideoWidget*>]’ is deprecated: Use QMultiMap for maps storing multiple values with the same key. [-Wdeprecated-declarations]
  138 |   for(QString file : videoMap.uniqueKeys()) {
      |                      ~~~~~~~~~~~~~~~~~~~^~
In file included from /usr/include/qt5/QtMultimedia/qmediaresource.h:43,
                 from /usr/include/qt5/QtMultimedia/qmediacontent.h:46,
                 from /usr/include/qt5/QtMultimedia/qmediaplayer.h:45,
                 from /usr/include/qt5/QtMultimedia/QMediaPlayer:1,
                 from ../../core/libLumina/LVideoLabel.h:5,
                 from ../../core/libLumina/LVideoWidget.h:4,
                 from BrowserWidget.h:15,
                 from BrowserWidget.cpp:7:
/usr/include/qt5/QtCore/qmap.h:1354:12: note: declared here
 1354 | QList<Key> QMap<Key, T>::uniqueKeys() const
      |            ^~~~~~~~~~~~
BrowserWidget.cpp: In member function ‘void BrowserWidget::setThumbnailSize(int)’:
BrowserWidget.cpp:165:41: warning: ‘QList<T> QMap<K, V>::uniqueKeys() const [with Key = QString; T = QPair<QTreeWidgetItem*, LVideoWidget*>]’ is deprecated: Use QMultiMap for maps storing multiple values with the same key. [-Wdeprecated-declarations]
  165 |   for(QString file : videoMap.uniqueKeys()) {
      |                      ~~~~~~~~~~~~~~~~~~~^~
In file included from /usr/include/qt5/QtMultimedia/qmediaresource.h:43,
                 from /usr/include/qt5/QtMultimedia/qmediacontent.h:46,
                 from /usr/include/qt5/QtMultimedia/qmediaplayer.h:45,
                 from /usr/include/qt5/QtMultimedia/QMediaPlayer:1,
                 from ../../core/libLumina/LVideoLabel.h:5,
                 from ../../core/libLumina/LVideoWidget.h:4,
                 from BrowserWidget.h:15,
                 from BrowserWidget.cpp:7:
/usr/include/qt5/QtCore/qmap.h:1354:12: note: declared here
 1354 | QList<Key> QMap<Key, T>::uniqueKeys() const
      |            ^~~~~~~~~~~~
BrowserWidget.cpp: In member function ‘QStringList BrowserWidget::currentItems(int)’:
BrowserWidget.cpp:233:45: warning: unused parameter ‘type’ [-Wunused-parameter]
  233 | QStringList BrowserWidget::currentItems(int type){
      |                                         ~~~~^~~~
pages/page_soundtheme.cpp: In member function ‘void page_soundtheme::on_checkBox_startup_toggled(bool)’:
pages/page_soundtheme.cpp:103:56: warning: unused parameter ‘checked’ [-Wunused-parameter]
  103 | void page_soundtheme::on_checkBox_startup_toggled(bool checked){
      |                                                   ~~~~~^~~~~~~
pages/page_soundtheme.cpp: In member function ‘void page_soundtheme::on_checkBox_logout_toggled(bool)’:
pages/page_soundtheme.cpp:107:55: warning: unused parameter ‘checked’ [-Wunused-parameter]
  107 | void page_soundtheme::on_checkBox_logout_toggled(bool checked){
      |                                                  ~~~~~^~~~~~~
pages/page_soundtheme.cpp: In member function ‘void page_soundtheme::on_checkBox_battery_toggled(bool)’:
pages/page_soundtheme.cpp:111:56: warning: unused parameter ‘checked’ [-Wunused-parameter]
  111 | void page_soundtheme::on_checkBox_battery_toggled(bool checked){
      |                                                   ~~~~~^~~~~~~
g++ -c -pipe -O2 -flto=auto -ffat-lto-objects -fexceptions -g -grecord-gcc-switches -pipe -Wall -Werror=format-security -Wp,-D_FORTIFY_SOURCE=2 -Wp,-D_GLIBCXX_ASSERTIONS -specs=/usr/lib/rpm/redhat/redhat-hardened-cc1 -fstack-protector-strong -specs=/usr/lib/rpm/redhat/redhat-annobin-cc1 -m64 -mtune=generic -fasynchronous-unwind-tables -fstack-clash-protection -fcf-protection -std=gnu++11 -Wall -Wextra -D_REENTRANT -fPIC -DPREFIX=QString\(\"/usr\"\) -DL_ETCDIR=QString\(\"/etc\"\) -DL_SHAREDIR=QString\(\"/usr/share\"\) -DGIT_VERSION="\"a88ea52f\"" -DQT_NO_DEBUG -DQT_SVG_LIB -DQT_WIDGETS_LIB -DQT_X11EXTRAS_LIB -DQT_MULTIMEDIA_LIB -DQT_GUI_LIB -DQT_NETWORK_LIB -DQT_CONCURRENT_LIB -DQT_CORE_LIB -I. -I../../core/libLumina -I/usr/include/qt5 -I/usr -I/usr/include -I/home/q5sys/git/lumina/src-qt5/desktop-utils/lumina-screenshot -I/usr/include/qt5/QtSvg -I/usr/include/qt5/QtWidgets -I/usr/include/qt5/QtX11Extras -I/usr/include/qt5/QtMultimedia -I/usr/include/qt5/QtGui -I/usr/include/qt5/QtNetwork -I/usr/include/qt5/QtConcurrent -I/usr/include/qt5/QtCore -I.build/moc -I.build/ui -I/usr/lib64/qt5/mkspecs/linux-g++ -o .build/obj/moc_LuminaSingleApplication.o .build/moc/moc_LuminaSingleApplication.cpp
/usr/lib64/qt5/bin/moc -DPREFIX=QString\(\"/usr\"\) -DL_ETCDIR=QString\(\"/etc\"\) -DL_SHAREDIR=QString\(\"/usr/share\"\) -DGIT_VERSION="\"a88ea52f\"" -DNO_XINPUT -DQT_NO_DEBUG -DQT_SVG_LIB -DQT_WIDGETS_LIB -DQT_X11EXTRAS_LIB -DQT_MULTIMEDIA_LIB -DQT_GUI_LIB -DQT_NETWORK_LIB -DQT_CONCURRENT_LIB -DQT_CORE_LIB --include /home/q5sys/git/lumina/src-qt5/core-utils/lumina-config/.build/moc/moc_predefs.h -I/usr/lib64/qt5/mkspecs/linux-g++ -I/home/q5sys/git/lumina/src-qt5/core-utils/lumina-config -I/home/q5sys/git/lumina/src-qt5/core/libLumina -I/usr/include/qt5 -I/usr -I/usr/include -I'/home/q5sys/git/lumina/src-qt5/core-utils/lumina-config//home/q5sys/git/lumina/src-qt5/core-utils/lumina-config' -I/usr/include/qt5/QtSvg -I/usr/include/qt5/QtWidgets -I/usr/include/qt5/QtX11Extras -I/usr/include/qt5/QtMultimedia -I/usr/include/qt5/QtGui -I/usr/include/qt5/QtNetwork -I/usr/include/qt5/QtConcurrent -I/usr/include/qt5/QtCore -I/usr/include/c++/11 -I/usr/include/c++/11/x86_64-redhat-linux -I/usr/include/c++/11/backward -I/usr/lib/gcc/x86_64-redhat-linux/11/include -I/usr/local/include -I/usr/include mainWindow.h -o .build/moc/moc_mainWindow.cpp
/usr/lib64/qt5/bin/moc -DPREFIX=QString\(\"/usr\"\) -DL_ETCDIR=QString\(\"/etc\"\) -DL_SHAREDIR=QString\(\"/usr/share\"\) -DGIT_VERSION="\"a88ea52f\"" -DNO_XINPUT -DQT_NO_DEBUG -DQT_SVG_LIB -DQT_WIDGETS_LIB -DQT_X11EXTRAS_LIB -DQT_MULTIMEDIA_LIB -DQT_GUI_LIB -DQT_NETWORK_LIB -DQT_CONCURRENT_LIB -DQT_CORE_LIB --include /home/q5sys/git/lumina/src-qt5/core-utils/lumina-config/.build/moc/moc_predefs.h -I/usr/lib64/qt5/mkspecs/linux-g++ -I/home/q5sys/git/lumina/src-qt5/core-utils/lumina-config -I/home/q5sys/git/lumina/src-qt5/core/libLumina -I/usr/include/qt5 -I/usr -I/usr/include -I'/home/q5sys/git/lumina/src-qt5/core-utils/lumina-config//home/q5sys/git/lumina/src-qt5/core-utils/lumina-config' -I/usr/include/qt5/QtSvg -I/usr/include/qt5/QtWidgets -I/usr/include/qt5/QtX11Extras -I/usr/include/qt5/QtMultimedia -I/usr/include/qt5/QtGui -I/usr/include/qt5/QtNetwork -I/usr/include/qt5/QtConcurrent -I/usr/include/qt5/QtCore -I/usr/include/c++/11 -I/usr/include/c++/11/x86_64-redhat-linux -I/usr/include/c++/11/backward -I/usr/lib/gcc/x86_64-redhat-linux/11/include -I/usr/local/include -I/usr/include AppDialog.h -o .build/moc/moc_AppDialog.cpp
/usr/lib64/qt5/bin/moc -DPREFIX=QString\(\"/usr\"\) -DL_ETCDIR=QString\(\"/etc\"\) -DL_SHAREDIR=QString\(\"/usr/share\"\) -DGIT_VERSION="\"a88ea52f\"" -DNO_XINPUT -DQT_NO_DEBUG -DQT_SVG_LIB -DQT_WIDGETS_LIB -DQT_X11EXTRAS_LIB -DQT_MULTIMEDIA_LIB -DQT_GUI_LIB -DQT_NETWORK_LIB -DQT_CONCURRENT_LIB -DQT_CORE_LIB --include /home/q5sys/git/lumina/src-qt5/core-utils/lumina-config/.build/moc/moc_predefs.h -I/usr/lib64/qt5/mkspecs/linux-g++ -I/home/q5sys/git/lumina/src-qt5/core-utils/lumina-config -I/home/q5sys/git/lumina/src-qt5/core/libLumina -I/usr/include/qt5 -I/usr -I/usr/include -I'/home/q5sys/git/lumina/src-qt5/core-utils/lumina-config//home/q5sys/git/lumina/src-qt5/core-utils/lumina-config' -I/usr/include/qt5/QtSvg -I/usr/include/qt5/QtWidgets -I/usr/include/qt5/QtX11Extras -I/usr/include/qt5/QtMultimedia -I/usr/include/qt5/QtGui -I/usr/include/qt5/QtNetwork -I/usr/include/qt5/QtConcurrent -I/usr/include/qt5/QtCore -I/usr/include/c++/11 -I/usr/include/c++/11/x86_64-redhat-linux -I/usr/include/c++/11/backward -I/usr/lib/gcc/x86_64-redhat-linux/11/include -I/usr/local/include -I/usr/include ColorDialog.h -o .build/moc/moc_ColorDialog.cpp
/usr/lib64/qt5/bin/moc -DPREFIX=QString\(\"/usr\"\) -DL_ETCDIR=QString\(\"/etc\"\) -DL_SHAREDIR=QString\(\"/usr/share\"\) -DGIT_VERSION="\"a88ea52f\"" -DNO_XINPUT -DQT_NO_DEBUG -DQT_SVG_LIB -DQT_WIDGETS_LIB -DQT_X11EXTRAS_LIB -DQT_MULTIMEDIA_LIB -DQT_GUI_LIB -DQT_NETWORK_LIB -DQT_CONCURRENT_LIB -DQT_CORE_LIB --include /home/q5sys/git/lumina/src-qt5/core-utils/lumina-config/.build/moc/moc_predefs.h -I/usr/lib64/qt5/mkspecs/linux-g++ -I/home/q5sys/git/lumina/src-qt5/core-utils/lumina-config -I/home/q5sys/git/lumina/src-qt5/core/libLumina -I/usr/include/qt5 -I/usr -I/usr/include -I'/home/q5sys/git/lumina/src-qt5/core-utils/lumina-config//home/q5sys/git/lumina/src-qt5/core-utils/lumina-config' -I/usr/include/qt5/QtSvg -I/usr/include/qt5/QtWidgets -I/usr/include/qt5/QtX11Extras -I/usr/include/qt5/QtMultimedia -I/usr/include/qt5/QtGui -I/usr/include/qt5/QtNetwork -I/usr/include/qt5/QtConcurrent -I/usr/include/qt5/QtCore -I/usr/include/c++/11 -I/usr/include/c++/11/x86_64-redhat-linux -I/usr/include/c++/11/backward -I/usr/lib/gcc/x86_64-redhat-linux/11/include -I/usr/local/include -I/usr/include ThemeDialog.h -o .build/moc/moc_ThemeDialog.cpp
/usr/lib64/qt5/bin/moc -DPREFIX=QString\(\"/usr\"\) -DL_ETCDIR=QString\(\"/etc\"\) -DL_SHAREDIR=QString\(\"/usr/share\"\) -DGIT_VERSION="\"a88ea52f\"" -DNO_XINPUT -DQT_NO_DEBUG -DQT_SVG_LIB -DQT_WIDGETS_LIB -DQT_X11EXTRAS_LIB -DQT_MULTIMEDIA_LIB -DQT_GUI_LIB -DQT_NETWORK_LIB -DQT_CONCURRENT_LIB -DQT_CORE_LIB --include /home/q5sys/git/lumina/src-qt5/core-utils/lumina-config/.build/moc/moc_predefs.h -I/usr/lib64/qt5/mkspecs/linux-g++ -I/home/q5sys/git/lumina/src-qt5/core-utils/lumina-config -I/home/q5sys/git/lumina/src-qt5/core/libLumina -I/usr/include/qt5 -I/usr -I/usr/include -I'/home/q5sys/git/lumina/src-qt5/core-utils/lumina-config//home/q5sys/git/lumina/src-qt5/core-utils/lumina-config' -I/usr/include/qt5/QtSvg -I/usr/include/qt5/QtWidgets -I/usr/include/qt5/QtX11Extras -I/usr/include/qt5/QtMultimedia -I/usr/include/qt5/QtGui -I/usr/include/qt5/QtNetwork -I/usr/include/qt5/QtConcurrent -I/usr/include/qt5/QtCore -I/usr/include/c++/11 -I/usr/include/c++/11/x86_64-redhat-linux -I/usr/include/c++/11/backward -I/usr/lib/gcc/x86_64-redhat-linux/11/include -I/usr/local/include -I/usr/include GetPluginDialog.h -o .build/moc/moc_GetPluginDialog.cpp
/usr/lib64/qt5/bin/moc -DPREFIX=QString\(\"/usr\"\) -DL_ETCDIR=QString\(\"/etc\"\) -DL_SHAREDIR=QString\(\"/usr/share\"\) -DGIT_VERSION="\"a88ea52f\"" -DNO_XINPUT -DQT_NO_DEBUG -DQT_SVG_LIB -DQT_WIDGETS_LIB -DQT_X11EXTRAS_LIB -DQT_MULTIMEDIA_LIB -DQT_GUI_LIB -DQT_NETWORK_LIB -DQT_CONCURRENT_LIB -DQT_CORE_LIB --include /home/q5sys/git/lumina/src-qt5/core-utils/lumina-config/.build/moc/moc_predefs.h -I/usr/lib64/qt5/mkspecs/linux-g++ -I/home/q5sys/git/lumina/src-qt5/core-utils/lumina-config -I/home/q5sys/git/lumina/src-qt5/core/libLumina -I/usr/include/qt5 -I/usr -I/usr/include -I'/home/q5sys/git/lumina/src-qt5/core-utils/lumina-config//home/q5sys/git/lumina/src-qt5/core-utils/lumina-config' -I/usr/include/qt5/QtSvg -I/usr/include/qt5/QtWidgets -I/usr/include/qt5/QtX11Extras -I/usr/include/qt5/QtMultimedia -I/usr/include/qt5/QtGui -I/usr/include/qt5/QtNetwork -I/usr/include/qt5/QtConcurrent -I/usr/include/qt5/QtCore -I/usr/include/c++/11 -I/usr/include/c++/11/x86_64-redhat-linux -I/usr/include/c++/11/backward -I/usr/lib/gcc/x86_64-redhat-linux/11/include -I/usr/local/include -I/usr/include ScriptDialog.h -o .build/moc/moc_ScriptDialog.cpp
/usr/lib64/qt5/bin/moc -DPREFIX=QString\(\"/usr\"\) -DL_ETCDIR=QString\(\"/etc\"\) -DL_SHAREDIR=QString\(\"/usr/share\"\) -DGIT_VERSION="\"a88ea52f\"" -DNO_XINPUT -DQT_NO_DEBUG -DQT_SVG_LIB -DQT_WIDGETS_LIB -DQT_X11EXTRAS_LIB -DQT_MULTIMEDIA_LIB -DQT_GUI_LIB -DQT_NETWORK_LIB -DQT_CONCURRENT_LIB -DQT_CORE_LIB --include /home/q5sys/git/lumina/src-qt5/core-utils/lumina-config/.build/moc/moc_predefs.h -I/usr/lib64/qt5/mkspecs/linux-g++ -I/home/q5sys/git/lumina/src-qt5/core-utils/lumina-config -I/home/q5sys/git/lumina/src-qt5/core/libLumina -I/usr/include/qt5 -I/usr -I/usr/include -I'/home/q5sys/git/lumina/src-qt5/core-utils/lumina-config//home/q5sys/git/lumina/src-qt5/core-utils/lumina-config' -I/usr/include/qt5/QtSvg -I/usr/include/qt5/QtWidgets -I/usr/include/qt5/QtX11Extras -I/usr/include/qt5/QtMultimedia -I/usr/include/qt5/QtGui -I/usr/include/qt5/QtNetwork -I/usr/include/qt5/QtConcurrent -I/usr/include/qt5/QtCore -I/usr/include/c++/11 -I/usr/include/c++/11/x86_64-redhat-linux -I/usr/include/c++/11/backward -I/usr/lib/gcc/x86_64-redhat-linux/11/include -I/usr/local/include -I/usr/include PanelWidget.h -o .build/moc/moc_PanelWidget.cpp
/usr/lib64/qt5/bin/moc -DPREFIX=QString\(\"/usr\"\) -DL_ETCDIR=QString\(\"/etc\"\) -DL_SHAREDIR=QString\(\"/usr/share\"\) -DGIT_VERSION="\"a88ea52f\"" -DNO_XINPUT -DQT_NO_DEBUG -DQT_SVG_LIB -DQT_WIDGETS_LIB -DQT_X11EXTRAS_LIB -DQT_MULTIMEDIA_LIB -DQT_GUI_LIB -DQT_NETWORK_LIB -DQT_CONCURRENT_LIB -DQT_CORE_LIB --include /home/q5sys/git/lumina/src-qt5/core-utils/lumina-config/.build/moc/moc_predefs.h -I/usr/lib64/qt5/mkspecs/linux-g++ -I/home/q5sys/git/lumina/src-qt5/core-utils/lumina-config -I/home/q5sys/git/lumina/src-qt5/core/libLumina -I/usr/include/qt5 -I/usr -I/usr/include -I'/home/q5sys/git/lumina/src-qt5/core-utils/lumina-config//home/q5sys/git/lumina/src-qt5/core-utils/lumina-config' -I/usr/include/qt5/QtSvg -I/usr/include/qt5/QtWidgets -I/usr/include/qt5/QtX11Extras -I/usr/include/qt5/QtMultimedia -I/usr/include/qt5/QtGui -I/usr/include/qt5/QtNetwork -I/usr/include/qt5/QtConcurrent -I/usr/include/qt5/QtCore -I/usr/include/c++/11 -I/usr/include/c++/11/x86_64-redhat-linux -I/usr/include/c++/11/backward -I/usr/lib/gcc/x86_64-redhat-linux/11/include -I/usr/local/include -I/usr/include pages/PageWidget.h -o .build/moc/moc_PageWidget.cpp
/usr/lib64/qt5/bin/moc -DPREFIX=QString\(\"/usr\"\) -DL_ETCDIR=QString\(\"/etc\"\) -DL_SHAREDIR=QString\(\"/usr/share\"\) -DGIT_VERSION="\"a88ea52f\"" -DNO_XINPUT -DQT_NO_DEBUG -DQT_SVG_LIB -DQT_WIDGETS_LIB -DQT_X11EXTRAS_LIB -DQT_MULTIMEDIA_LIB -DQT_GUI_LIB -DQT_NETWORK_LIB -DQT_CONCURRENT_LIB -DQT_CORE_LIB --include /home/q5sys/git/lumina/src-qt5/core-utils/lumina-config/.build/moc/moc_predefs.h -I/usr/lib64/qt5/mkspecs/linux-g++ -I/home/q5sys/git/lumina/src-qt5/core-utils/lumina-config -I/home/q5sys/git/lumina/src-qt5/core/libLumina -I/usr/include/qt5 -I/usr -I/usr/include -I'/home/q5sys/git/lumina/src-qt5/core-utils/lumina-config//home/q5sys/git/lumina/src-qt5/core-utils/lumina-config' -I/usr/include/qt5/QtSvg -I/usr/include/qt5/QtWidgets -I/usr/include/qt5/QtX11Extras -I/usr/include/qt5/QtMultimedia -I/usr/include/qt5/QtGui -I/usr/include/qt5/QtNetwork -I/usr/include/qt5/QtConcurrent -I/usr/include/qt5/QtCore -I/usr/include/c++/11 -I/usr/include/c++/11/x86_64-redhat-linux -I/usr/include/c++/11/backward -I/usr/lib/gcc/x86_64-redhat-linux/11/include -I/usr/local/include -I/usr/include pages/page_main.h -o .build/moc/moc_page_main.cpp
/usr/lib64/qt5/bin/moc -DPREFIX=QString\(\"/usr\"\) -DL_ETCDIR=QString\(\"/etc\"\) -DL_SHAREDIR=QString\(\"/usr/share\"\) -DGIT_VERSION="\"a88ea52f\"" -DNO_XINPUT -DQT_NO_DEBUG -DQT_SVG_LIB -DQT_WIDGETS_LIB -DQT_X11EXTRAS_LIB -DQT_MULTIMEDIA_LIB -DQT_GUI_LIB -DQT_NETWORK_LIB -DQT_CONCURRENT_LIB -DQT_CORE_LIB --include /home/q5sys/git/lumina/src-qt5/core-utils/lumina-config/.build/moc/moc_predefs.h -I/usr/lib64/qt5/mkspecs/linux-g++ -I/home/q5sys/git/lumina/src-qt5/core-utils/lumina-config -I/home/q5sys/git/lumina/src-qt5/core/libLumina -I/usr/include/qt5 -I/usr -I/usr/include -I'/home/q5sys/git/lumina/src-qt5/core-utils/lumina-config//home/q5sys/git/lumina/src-qt5/core-utils/lumina-config' -I/usr/include/qt5/QtSvg -I/usr/include/qt5/QtWidgets -I/usr/include/qt5/QtX11Extras -I/usr/include/qt5/QtMultimedia -I/usr/include/qt5/QtGui -I/usr/include/qt5/QtNetwork -I/usr/include/qt5/QtConcurrent -I/usr/include/qt5/QtCore -I/usr/include/c++/11 -I/usr/include/c++/11/x86_64-redhat-linux -I/usr/include/c++/11/backward -I/usr/lib/gcc/x86_64-redhat-linux/11/include -I/usr/local/include -I/usr/include pages/page_wallpaper.h -o .build/moc/moc_page_wallpaper.cpp
/usr/lib64/qt5/bin/moc -DPREFIX=QString\(\"/usr\"\) -DL_ETCDIR=QString\(\"/etc\"\) -DL_SHAREDIR=QString\(\"/usr/share\"\) -DGIT_VERSION="\"a88ea52f\"" -DNO_XINPUT -DQT_NO_DEBUG -DQT_SVG_LIB -DQT_WIDGETS_LIB -DQT_X11EXTRAS_LIB -DQT_MULTIMEDIA_LIB -DQT_GUI_LIB -DQT_NETWORK_LIB -DQT_CONCURRENT_LIB -DQT_CORE_LIB --include /home/q5sys/git/lumina/src-qt5/core-utils/lumina-config/.build/moc/moc_predefs.h -I/usr/lib64/qt5/mkspecs/linux-g++ -I/home/q5sys/git/lumina/src-qt5/core-utils/lumina-config -I/home/q5sys/git/lumina/src-qt5/core/libLumina -I/usr/include/qt5 -I/usr -I/usr/include -I'/home/q5sys/git/lumina/src-qt5/core-utils/lumina-config//home/q5sys/git/lumina/src-qt5/core-utils/lumina-config' -I/usr/include/qt5/QtSvg -I/usr/include/qt5/QtWidgets -I/usr/include/qt5/QtX11Extras -I/usr/include/qt5/QtMultimedia -I/usr/include/qt5/QtGui -I/usr/include/qt5/QtNetwork -I/usr/include/qt5/QtConcurrent -I/usr/include/qt5/QtCore -I/usr/include/c++/11 -I/usr/include/c++/11/x86_64-redhat-linux -I/usr/include/c++/11/backward -I/usr/lib/gcc/x86_64-redhat-linux/11/include -I/usr/local/include -I/usr/include pages/page_autostart.h -o .build/moc/moc_page_autostart.cpp
/usr/lib64/qt5/bin/moc -DPREFIX=QString\(\"/usr\"\) -DL_ETCDIR=QString\(\"/etc\"\) -DL_SHAREDIR=QString\(\"/usr/share\"\) -DGIT_VERSION="\"a88ea52f\"" -DNO_XINPUT -DQT_NO_DEBUG -DQT_SVG_LIB -DQT_WIDGETS_LIB -DQT_X11EXTRAS_LIB -DQT_MULTIMEDIA_LIB -DQT_GUI_LIB -DQT_NETWORK_LIB -DQT_CONCURRENT_LIB -DQT_CORE_LIB --include /home/q5sys/git/lumina/src-qt5/core-utils/lumina-config/.build/moc/moc_predefs.h -I/usr/lib64/qt5/mkspecs/linux-g++ -I/home/q5sys/git/lumina/src-qt5/core-utils/lumina-config -I/home/q5sys/git/lumina/src-qt5/core/libLumina -I/usr/include/qt5 -I/usr -I/usr/include -I'/home/q5sys/git/lumina/src-qt5/core-utils/lumina-config//home/q5sys/git/lumina/src-qt5/core-utils/lumina-config' -I/usr/include/qt5/QtSvg -I/usr/include/qt5/QtWidgets -I/usr/include/qt5/QtX11Extras -I/usr/include/qt5/QtMultimedia -I/usr/include/qt5/QtGui -I/usr/include/qt5/QtNetwork -I/usr/include/qt5/QtConcurrent -I/usr/include/qt5/QtCore -I/usr/include/c++/11 -I/usr/include/c++/11/x86_64-redhat-linux -I/usr/include/c++/11/backward -I/usr/lib/gcc/x86_64-redhat-linux/11/include -I/usr/local/include -I/usr/include pages/page_defaultapps.h -o .build/moc/moc_page_defaultapps.cpp
g++ -c -pipe -O2 -flto=auto -ffat-lto-objects -fexceptions -g -grecord-gcc-switches -pipe -Wall -Werror=format-security -Wp,-D_FORTIFY_SOURCE=2 -Wp,-D_GLIBCXX_ASSERTIONS -specs=/usr/lib/rpm/redhat/redhat-hardened-cc1 -fstack-protector-strong -specs=/usr/lib/rpm/redhat/redhat-annobin-cc1 -m64 -mtune=generic -fasynchronous-unwind-tables -fstack-clash-protection -fcf-protection -std=gnu++11 -Wall -Wextra -D_REENTRANT -fPIC -DPREFIX=QString\(\"/usr\"\) -DL_ETCDIR=QString\(\"/etc\"\) -DL_SHAREDIR=QString\(\"/usr/share\"\) -DGIT_VERSION="\"a88ea52f\"" -DQT_NO_DEBUG -DQT_SVG_LIB -DQT_WIDGETS_LIB -DQT_X11EXTRAS_LIB -DQT_MULTIMEDIA_LIB -DQT_GUI_LIB -DQT_NETWORK_LIB -DQT_CONCURRENT_LIB -DQT_CORE_LIB -I. -I../../core/libLumina -I/usr/include/qt5 -I/usr -I/usr/include -I/home/q5sys/git/lumina/src-qt5/desktop-utils/lumina-screenshot -I/usr/include/qt5/QtSvg -I/usr/include/qt5/QtWidgets -I/usr/include/qt5/QtX11Extras -I/usr/include/qt5/QtMultimedia -I/usr/include/qt5/QtGui -I/usr/include/qt5/QtNetwork -I/usr/include/qt5/QtConcurrent -I/usr/include/qt5/QtCore -I.build/moc -I.build/ui -I/usr/lib64/qt5/mkspecs/linux-g++ -o .build/obj/moc_LuminaThemes.o .build/moc/moc_LuminaThemes.cpp
/usr/lib64/qt5/bin/moc -DPREFIX=QString\(\"/usr\"\) -DL_ETCDIR=QString\(\"/etc\"\) -DL_SHAREDIR=QString\(\"/usr/share\"\) -DGIT_VERSION="\"a88ea52f\"" -DNO_XINPUT -DQT_NO_DEBUG -DQT_SVG_LIB -DQT_WIDGETS_LIB -DQT_X11EXTRAS_LIB -DQT_MULTIMEDIA_LIB -DQT_GUI_LIB -DQT_NETWORK_LIB -DQT_CONCURRENT_LIB -DQT_CORE_LIB --include /home/q5sys/git/lumina/src-qt5/core-utils/lumina-config/.build/moc/moc_predefs.h -I/usr/lib64/qt5/mkspecs/linux-g++ -I/home/q5sys/git/lumina/src-qt5/core-utils/lumina-config -I/home/q5sys/git/lumina/src-qt5/core/libLumina -I/usr/include/qt5 -I/usr -I/usr/include -I'/home/q5sys/git/lumina/src-qt5/core-utils/lumina-config//home/q5sys/git/lumina/src-qt5/core-utils/lumina-config' -I/usr/include/qt5/QtSvg -I/usr/include/qt5/QtWidgets -I/usr/include/qt5/QtX11Extras -I/usr/include/qt5/QtMultimedia -I/usr/include/qt5/QtGui -I/usr/include/qt5/QtNetwork -I/usr/include/qt5/QtConcurrent -I/usr/include/qt5/QtCore -I/usr/include/c++/11 -I/usr/include/c++/11/x86_64-redhat-linux -I/usr/include/c++/11/backward -I/usr/lib/gcc/x86_64-redhat-linux/11/include -I/usr/local/include -I/usr/include pages/page_fluxbox_keys.h -o .build/moc/moc_page_fluxbox_keys.cpp
/usr/lib64/qt5/bin/moc -DPREFIX=QString\(\"/usr\"\) -DL_ETCDIR=QString\(\"/etc\"\) -DL_SHAREDIR=QString\(\"/usr/share\"\) -DGIT_VERSION="\"a88ea52f\"" -DNO_XINPUT -DQT_NO_DEBUG -DQT_SVG_LIB -DQT_WIDGETS_LIB -DQT_X11EXTRAS_LIB -DQT_MULTIMEDIA_LIB -DQT_GUI_LIB -DQT_NETWORK_LIB -DQT_CONCURRENT_LIB -DQT_CORE_LIB --include /home/q5sys/git/lumina/src-qt5/core-utils/lumina-config/.build/moc/moc_predefs.h -I/usr/lib64/qt5/mkspecs/linux-g++ -I/home/q5sys/git/lumina/src-qt5/core-utils/lumina-config -I/home/q5sys/git/lumina/src-qt5/core/libLumina -I/usr/include/qt5 -I/usr -I/usr/include -I'/home/q5sys/git/lumina/src-qt5/core-utils/lumina-config//home/q5sys/git/lumina/src-qt5/core-utils/lumina-config' -I/usr/include/qt5/QtSvg -I/usr/include/qt5/QtWidgets -I/usr/include/qt5/QtX11Extras -I/usr/include/qt5/QtMultimedia -I/usr/include/qt5/QtGui -I/usr/include/qt5/QtNetwork -I/usr/include/qt5/QtConcurrent -I/usr/include/qt5/QtCore -I/usr/include/c++/11 -I/usr/include/c++/11/x86_64-redhat-linux -I/usr/include/c++/11/backward -I/usr/lib/gcc/x86_64-redhat-linux/11/include -I/usr/local/include -I/usr/include pages/page_fluxbox_settings.h -o .build/moc/moc_page_fluxbox_settings.cpp
/usr/lib64/qt5/bin/moc -DPREFIX=QString\(\"/usr\"\) -DL_ETCDIR=QString\(\"/etc\"\) -DL_SHAREDIR=QString\(\"/usr/share\"\) -DGIT_VERSION="\"a88ea52f\"" -DNO_XINPUT -DQT_NO_DEBUG -DQT_SVG_LIB -DQT_WIDGETS_LIB -DQT_X11EXTRAS_LIB -DQT_MULTIMEDIA_LIB -DQT_GUI_LIB -DQT_NETWORK_LIB -DQT_CONCURRENT_LIB -DQT_CORE_LIB --include /home/q5sys/git/lumina/src-qt5/core-utils/lumina-config/.build/moc/moc_predefs.h -I/usr/lib64/qt5/mkspecs/linux-g++ -I/home/q5sys/git/lumina/src-qt5/core-utils/lumina-config -I/home/q5sys/git/lumina/src-qt5/core/libLumina -I/usr/include/qt5 -I/usr -I/usr/include -I'/home/q5sys/git/lumina/src-qt5/core-utils/lumina-config//home/q5sys/git/lumina/src-qt5/core-utils/lumina-config' -I/usr/include/qt5/QtSvg -I/usr/include/qt5/QtWidgets -I/usr/include/qt5/QtX11Extras -I/usr/include/qt5/QtMultimedia -I/usr/include/qt5/QtGui -I/usr/include/qt5/QtNetwork -I/usr/include/qt5/QtConcurrent -I/usr/include/qt5/QtCore -I/usr/include/c++/11 -I/usr/include/c++/11/x86_64-redhat-linux -I/usr/include/c++/11/backward -I/usr/lib/gcc/x86_64-redhat-linux/11/include -I/usr/local/include -I/usr/include pages/page_interface_desktop.h -o .build/moc/moc_page_interface_desktop.cpp
/usr/lib64/qt5/bin/moc -DPREFIX=QString\(\"/usr\"\) -DL_ETCDIR=QString\(\"/etc\"\) -DL_SHAREDIR=QString\(\"/usr/share\"\) -DGIT_VERSION="\"a88ea52f\"" -DNO_XINPUT -DQT_NO_DEBUG -DQT_SVG_LIB -DQT_WIDGETS_LIB -DQT_X11EXTRAS_LIB -DQT_MULTIMEDIA_LIB -DQT_GUI_LIB -DQT_NETWORK_LIB -DQT_CONCURRENT_LIB -DQT_CORE_LIB --include /home/q5sys/git/lumina/src-qt5/core-utils/lumina-config/.build/moc/moc_predefs.h -I/usr/lib64/qt5/mkspecs/linux-g++ -I/home/q5sys/git/lumina/src-qt5/core-utils/lumina-config -I/home/q5sys/git/lumina/src-qt5/core/libLumina -I/usr/include/qt5 -I/usr -I/usr/include -I'/home/q5sys/git/lumina/src-qt5/core-utils/lumina-config//home/q5sys/git/lumina/src-qt5/core-utils/lumina-config' -I/usr/include/qt5/QtSvg -I/usr/include/qt5/QtWidgets -I/usr/include/qt5/QtX11Extras -I/usr/include/qt5/QtMultimedia -I/usr/include/qt5/QtGui -I/usr/include/qt5/QtNetwork -I/usr/include/qt5/QtConcurrent -I/usr/include/qt5/QtCore -I/usr/include/c++/11 -I/usr/include/c++/11/x86_64-redhat-linux -I/usr/include/c++/11/backward -I/usr/lib/gcc/x86_64-redhat-linux/11/include -I/usr/local/include -I/usr/include pages/page_interface_menu.h -o .build/moc/moc_page_interface_menu.cpp
g++ -c -pipe -O2 -flto=auto -ffat-lto-objects -fexceptions -g -grecord-gcc-switches -pipe -Wall -Werror=format-security -Wp,-D_FORTIFY_SOURCE=2 -Wp,-D_GLIBCXX_ASSERTIONS -specs=/usr/lib/rpm/redhat/redhat-hardened-cc1 -fstack-protector-strong -specs=/usr/lib/rpm/redhat/redhat-annobin-cc1 -m64 -mtune=generic -fasynchronous-unwind-tables -fstack-clash-protection -fcf-protection -std=gnu++11 -Wall -Wextra -D_REENTRANT -fPIC -DPREFIX=QString\(\"/usr\"\) -DL_ETCDIR=QString\(\"/etc\"\) -DL_SHAREDIR=QString\(\"/usr/share\"\) -DGIT_VERSION="\"a88ea52f\"" -DQT_NO_DEBUG -DQT_MULTIMEDIAWIDGETS_LIB -DQT_SVG_LIB -DQT_WIDGETS_LIB -DQT_MULTIMEDIA_LIB -DQT_X11EXTRAS_LIB -DQT_GUI_LIB -DQT_NETWORK_LIB -DQT_CONCURRENT_LIB -DQT_CORE_LIB -I. -I../../core/libLumina -I/usr/include/qt5 -I/usr -I/usr/include -I/home/q5sys/git/lumina/src-qt5/desktop-utils/lumina-fm -I/usr/include/qt5/QtMultimediaWidgets -I/usr/include/qt5/QtSvg -I/usr/include/qt5/QtWidgets -I/usr/include/qt5/QtMultimedia -I/usr/include/qt5/QtX11Extras -I/usr/include/qt5/QtGui -I/usr/include/qt5/QtNetwork -I/usr/include/qt5/QtConcurrent -I/usr/include/qt5/QtCore -I.build/moc -I.build/ui -I/usr/lib64/qt5/mkspecs/linux-g++ -o .build/obj/TrayUI.o TrayUI.cpp
/usr/lib64/qt5/bin/moc -DPREFIX=QString\(\"/usr\"\) -DL_ETCDIR=QString\(\"/etc\"\) -DL_SHAREDIR=QString\(\"/usr/share\"\) -DGIT_VERSION="\"a88ea52f\"" -DNO_XINPUT -DQT_NO_DEBUG -DQT_SVG_LIB -DQT_WIDGETS_LIB -DQT_X11EXTRAS_LIB -DQT_MULTIMEDIA_LIB -DQT_GUI_LIB -DQT_NETWORK_LIB -DQT_CONCURRENT_LIB -DQT_CORE_LIB --include /home/q5sys/git/lumina/src-qt5/core-utils/lumina-config/.build/moc/moc_predefs.h -I/usr/lib64/qt5/mkspecs/linux-g++ -I/home/q5sys/git/lumina/src-qt5/core-utils/lumina-config -I/home/q5sys/git/lumina/src-qt5/core/libLumina -I/usr/include/qt5 -I/usr -I/usr/include -I'/home/q5sys/git/lumina/src-qt5/core-utils/lumina-config//home/q5sys/git/lumina/src-qt5/core-utils/lumina-config' -I/usr/include/qt5/QtSvg -I/usr/include/qt5/QtWidgets -I/usr/include/qt5/QtX11Extras -I/usr/include/qt5/QtMultimedia -I/usr/include/qt5/QtGui -I/usr/include/qt5/QtNetwork -I/usr/include/qt5/QtConcurrent -I/usr/include/qt5/QtCore -I/usr/include/c++/11 -I/usr/include/c++/11/x86_64-redhat-linux -I/usr/include/c++/11/backward -I/usr/lib/gcc/x86_64-redhat-linux/11/include -I/usr/local/include -I/usr/include pages/page_interface_panels.h -o .build/moc/moc_page_interface_panels.cpp
/usr/lib64/qt5/bin/moc -DPREFIX=QString\(\"/usr\"\) -DL_ETCDIR=QString\(\"/etc\"\) -DL_SHAREDIR=QString\(\"/usr/share\"\) -DGIT_VERSION="\"a88ea52f\"" -DNO_XINPUT -DQT_NO_DEBUG -DQT_SVG_LIB -DQT_WIDGETS_LIB -DQT_X11EXTRAS_LIB -DQT_MULTIMEDIA_LIB -DQT_GUI_LIB -DQT_NETWORK_LIB -DQT_CONCURRENT_LIB -DQT_CORE_LIB --include /home/q5sys/git/lumina/src-qt5/core-utils/lumina-config/.build/moc/moc_predefs.h -I/usr/lib64/qt5/mkspecs/linux-g++ -I/home/q5sys/git/lumina/src-qt5/core-utils/lumina-config -I/home/q5sys/git/lumina/src-qt5/core/libLumina -I/usr/include/qt5 -I/usr -I/usr/include -I'/home/q5sys/git/lumina/src-qt5/core-utils/lumina-config//home/q5sys/git/lumina/src-qt5/core-utils/lumina-config' -I/usr/include/qt5/QtSvg -I/usr/include/qt5/QtWidgets -I/usr/include/qt5/QtX11Extras -I/usr/include/qt5/QtMultimedia -I/usr/include/qt5/QtGui -I/usr/include/qt5/QtNetwork -I/usr/include/qt5/QtConcurrent -I/usr/include/qt5/QtCore -I/usr/include/c++/11 -I/usr/include/c++/11/x86_64-redhat-linux -I/usr/include/c++/11/backward -I/usr/lib/gcc/x86_64-redhat-linux/11/include -I/usr/local/include -I/usr/include pages/page_session_locale.h -o .build/moc/moc_page_session_locale.cpp
/usr/lib64/qt5/bin/moc -DPREFIX=QString\(\"/usr\"\) -DL_ETCDIR=QString\(\"/etc\"\) -DL_SHAREDIR=QString\(\"/usr/share\"\) -DGIT_VERSION="\"a88ea52f\"" -DNO_XINPUT -DQT_NO_DEBUG -DQT_SVG_LIB -DQT_WIDGETS_LIB -DQT_X11EXTRAS_LIB -DQT_MULTIMEDIA_LIB -DQT_GUI_LIB -DQT_NETWORK_LIB -DQT_CONCURRENT_LIB -DQT_CORE_LIB --include /home/q5sys/git/lumina/src-qt5/core-utils/lumina-config/.build/moc/moc_predefs.h -I/usr/lib64/qt5/mkspecs/linux-g++ -I/home/q5sys/git/lumina/src-qt5/core-utils/lumina-config -I/home/q5sys/git/lumina/src-qt5/core/libLumina -I/usr/include/qt5 -I/usr -I/usr/include -I'/home/q5sys/git/lumina/src-qt5/core-utils/lumina-config//home/q5sys/git/lumina/src-qt5/core-utils/lumina-config' -I/usr/include/qt5/QtSvg -I/usr/include/qt5/QtWidgets -I/usr/include/qt5/QtX11Extras -I/usr/include/qt5/QtMultimedia -I/usr/include/qt5/QtGui -I/usr/include/qt5/QtNetwork -I/usr/include/qt5/QtConcurrent -I/usr/include/qt5/QtCore -I/usr/include/c++/11 -I/usr/include/c++/11/x86_64-redhat-linux -I/usr/include/c++/11/backward -I/usr/lib/gcc/x86_64-redhat-linux/11/include -I/usr/local/include -I/usr/include pages/page_session_options.h -o .build/moc/moc_page_session_options.cpp
/usr/lib64/qt5/bin/moc -DPREFIX=QString\(\"/usr\"\) -DL_ETCDIR=QString\(\"/etc\"\) -DL_SHAREDIR=QString\(\"/usr/share\"\) -DGIT_VERSION="\"a88ea52f\"" -DNO_XINPUT -DQT_NO_DEBUG -DQT_SVG_LIB -DQT_WIDGETS_LIB -DQT_X11EXTRAS_LIB -DQT_MULTIMEDIA_LIB -DQT_GUI_LIB -DQT_NETWORK_LIB -DQT_CONCURRENT_LIB -DQT_CORE_LIB --include /home/q5sys/git/lumina/src-qt5/core-utils/lumina-config/.build/moc/moc_predefs.h -I/usr/lib64/qt5/mkspecs/linux-g++ -I/home/q5sys/git/lumina/src-qt5/core-utils/lumina-config -I/home/q5sys/git/lumina/src-qt5/core/libLumina -I/usr/include/qt5 -I/usr -I/usr/include -I'/home/q5sys/git/lumina/src-qt5/core-utils/lumina-config//home/q5sys/git/lumina/src-qt5/core-utils/lumina-config' -I/usr/include/qt5/QtSvg -I/usr/include/qt5/QtWidgets -I/usr/include/qt5/QtX11Extras -I/usr/include/qt5/QtMultimedia -I/usr/include/qt5/QtGui -I/usr/include/qt5/QtNetwork -I/usr/include/qt5/QtConcurrent -I/usr/include/qt5/QtCore -I/usr/include/c++/11 -I/usr/include/c++/11/x86_64-redhat-linux -I/usr/include/c++/11/backward -I/usr/lib/gcc/x86_64-redhat-linux/11/include -I/usr/local/include -I/usr/include pages/page_compton.h -o .build/moc/moc_page_compton.cpp
/usr/lib64/qt5/bin/moc -DPREFIX=QString\(\"/usr\"\) -DL_ETCDIR=QString\(\"/etc\"\) -DL_SHAREDIR=QString\(\"/usr/share\"\) -DGIT_VERSION="\"a88ea52f\"" -DNO_XINPUT -DQT_NO_DEBUG -DQT_SVG_LIB -DQT_WIDGETS_LIB -DQT_X11EXTRAS_LIB -DQT_MULTIMEDIA_LIB -DQT_GUI_LIB -DQT_NETWORK_LIB -DQT_CONCURRENT_LIB -DQT_CORE_LIB --include /home/q5sys/git/lumina/src-qt5/core-utils/lumina-config/.build/moc/moc_predefs.h -I/usr/lib64/qt5/mkspecs/linux-g++ -I/home/q5sys/git/lumina/src-qt5/core-utils/lumina-config -I/home/q5sys/git/lumina/src-qt5/core/libLumina -I/usr/include/qt5 -I/usr -I/usr/include -I'/home/q5sys/git/lumina/src-qt5/core-utils/lumina-config//home/q5sys/git/lumina/src-qt5/core-utils/lumina-config' -I/usr/include/qt5/QtSvg -I/usr/include/qt5/QtWidgets -I/usr/include/qt5/QtX11Extras -I/usr/include/qt5/QtMultimedia -I/usr/include/qt5/QtGui -I/usr/include/qt5/QtNetwork -I/usr/include/qt5/QtConcurrent -I/usr/include/qt5/QtCore -I/usr/include/c++/11 -I/usr/include/c++/11/x86_64-redhat-linux -I/usr/include/c++/11/backward -I/usr/lib/gcc/x86_64-redhat-linux/11/include -I/usr/local/include -I/usr/include pages/page_soundtheme.h -o .build/moc/moc_page_soundtheme.cpp
g++ -c -pipe -O2 -flto=auto -ffat-lto-objects -fexceptions -g -grecord-gcc-switches -pipe -Wall -Werror=format-security -Wp,-D_FORTIFY_SOURCE=2 -Wp,-D_GLIBCXX_ASSERTIONS -specs=/usr/lib/rpm/redhat/redhat-hardened-cc1 -fstack-protector-strong -specs=/usr/lib/rpm/redhat/redhat-annobin-cc1 -m64 -mtune=generic -fasynchronous-unwind-tables -fstack-clash-protection -fcf-protection -std=gnu++11 -Wall -Wextra -D_REENTRANT -fPIC -DPREFIX=QString\(\"/usr\"\) -DL_ETCDIR=QString\(\"/etc\"\) -DL_SHAREDIR=QString\(\"/usr/share\"\) -DGIT_VERSION="\"a88ea52f\"" -DNO_XINPUT -DQT_NO_DEBUG -DQT_SVG_LIB -DQT_WIDGETS_LIB -DQT_X11EXTRAS_LIB -DQT_MULTIMEDIA_LIB -DQT_GUI_LIB -DQT_NETWORK_LIB -DQT_CONCURRENT_LIB -DQT_CORE_LIB -I. -I../../core/libLumina -I/usr/include/qt5 -I/usr -I/usr/include -I/home/q5sys/git/lumina/src-qt5/core-utils/lumina-config -I/usr/include/qt5/QtSvg -I/usr/include/qt5/QtWidgets -I/usr/include/qt5/QtX11Extras -I/usr/include/qt5/QtMultimedia -I/usr/include/qt5/QtGui -I/usr/include/qt5/QtNetwork -I/usr/include/qt5/QtConcurrent -I/usr/include/qt5/QtCore -I.build/moc -I.build/ui -I/usr/lib64/qt5/mkspecs/linux-g++ -o .build/obj/moc_LuminaThemes.o .build/moc/moc_LuminaThemes.cpp
g++ -c -pipe -O2 -flto=auto -ffat-lto-objects -fexceptions -g -grecord-gcc-switches -pipe -Wall -Werror=format-security -Wp,-D_FORTIFY_SOURCE=2 -Wp,-D_GLIBCXX_ASSERTIONS -specs=/usr/lib/rpm/redhat/redhat-hardened-cc1 -fstack-protector-strong -specs=/usr/lib/rpm/redhat/redhat-annobin-cc1 -m64 -mtune=generic -fasynchronous-unwind-tables -fstack-clash-protection -fcf-protection -std=gnu++11 -Wall -Wextra -D_REENTRANT -fPIC -DPREFIX=QString\(\"/usr\"\) -DL_ETCDIR=QString\(\"/etc\"\) -DL_SHAREDIR=QString\(\"/usr/share\"\) -DGIT_VERSION="\"a88ea52f\"" -DNO_XINPUT -DQT_NO_DEBUG -DQT_SVG_LIB -DQT_WIDGETS_LIB -DQT_X11EXTRAS_LIB -DQT_MULTIMEDIA_LIB -DQT_GUI_LIB -DQT_NETWORK_LIB -DQT_CONCURRENT_LIB -DQT_CORE_LIB -I. -I../../core/libLumina -I/usr/include/qt5 -I/usr -I/usr/include -I/home/q5sys/git/lumina/src-qt5/core-utils/lumina-config -I/usr/include/qt5/QtSvg -I/usr/include/qt5/QtWidgets -I/usr/include/qt5/QtX11Extras -I/usr/include/qt5/QtMultimedia -I/usr/include/qt5/QtGui -I/usr/include/qt5/QtNetwork -I/usr/include/qt5/QtConcurrent -I/usr/include/qt5/QtCore -I.build/moc -I.build/ui -I/usr/lib64/qt5/mkspecs/linux-g++ -o .build/obj/moc_LuminaXDG.o .build/moc/moc_LuminaXDG.cpp
g++ -c -pipe -O2 -flto=auto -ffat-lto-objects -fexceptions -g -grecord-gcc-switches -pipe -Wall -Werror=format-security -Wp,-D_FORTIFY_SOURCE=2 -Wp,-D_GLIBCXX_ASSERTIONS -specs=/usr/lib/rpm/redhat/redhat-hardened-cc1 -fstack-protector-strong -specs=/usr/lib/rpm/redhat/redhat-annobin-cc1 -m64 -mtune=generic -fasynchronous-unwind-tables -fstack-clash-protection -fcf-protection -std=gnu++11 -Wall -Wextra -D_REENTRANT -fPIC -DPREFIX=QString\(\"/usr\"\) -DL_ETCDIR=QString\(\"/etc\"\) -DL_SHAREDIR=QString\(\"/usr/share\"\) -DGIT_VERSION="\"a88ea52f\"" -DQT_NO_DEBUG -DQT_SVG_LIB -DQT_WIDGETS_LIB -DQT_X11EXTRAS_LIB -DQT_MULTIMEDIA_LIB -DQT_GUI_LIB -DQT_NETWORK_LIB -DQT_CONCURRENT_LIB -DQT_CORE_LIB -I. -I../../core/libLumina -I/usr/include/qt5 -I/usr -I/usr/include -I/home/q5sys/git/lumina/src-qt5/desktop-utils/lumina-screenshot -I/usr/include/qt5/QtSvg -I/usr/include/qt5/QtWidgets -I/usr/include/qt5/QtX11Extras -I/usr/include/qt5/QtMultimedia -I/usr/include/qt5/QtGui -I/usr/include/qt5/QtNetwork -I/usr/include/qt5/QtConcurrent -I/usr/include/qt5/QtCore -I.build/moc -I.build/ui -I/usr/lib64/qt5/mkspecs/linux-g++ -o .build/obj/moc_MainUI.o .build/moc/moc_MainUI.cpp
g++ -c -pipe -O2 -flto=auto -ffat-lto-objects -fexceptions -g -grecord-gcc-switches -pipe -Wall -Werror=format-security -Wp,-D_FORTIFY_SOURCE=2 -Wp,-D_GLIBCXX_ASSERTIONS -specs=/usr/lib/rpm/redhat/redhat-hardened-cc1 -fstack-protector-strong -specs=/usr/lib/rpm/redhat/redhat-annobin-cc1 -m64 -mtune=generic -fasynchronous-unwind-tables -fstack-clash-protection -fcf-protection -std=gnu++11 -Wall -Wextra -D_REENTRANT -fPIC -DPREFIX=QString\(\"/usr\"\) -DL_ETCDIR=QString\(\"/etc\"\) -DL_SHAREDIR=QString\(\"/usr/share\"\) -DGIT_VERSION="\"a88ea52f\"" -DNO_XINPUT -DQT_NO_DEBUG -DQT_SVG_LIB -DQT_WIDGETS_LIB -DQT_X11EXTRAS_LIB -DQT_MULTIMEDIA_LIB -DQT_GUI_LIB -DQT_NETWORK_LIB -DQT_CONCURRENT_LIB -DQT_CORE_LIB -I. -I../../core/libLumina -I/usr/include/qt5 -I/usr -I/usr/include -I/home/q5sys/git/lumina/src-qt5/core-utils/lumina-config -I/usr/include/qt5/QtSvg -I/usr/include/qt5/QtWidgets -I/usr/include/qt5/QtX11Extras -I/usr/include/qt5/QtMultimedia -I/usr/include/qt5/QtGui -I/usr/include/qt5/QtNetwork -I/usr/include/qt5/QtConcurrent -I/usr/include/qt5/QtCore -I.build/moc -I.build/ui -I/usr/lib64/qt5/mkspecs/linux-g++ -o .build/obj/moc_LuminaSingleApplication.o .build/moc/moc_LuminaSingleApplication.cpp
g++ -c -pipe -O2 -flto=auto -ffat-lto-objects -fexceptions -g -grecord-gcc-switches -pipe -Wall -Werror=format-security -Wp,-D_FORTIFY_SOURCE=2 -Wp,-D_GLIBCXX_ASSERTIONS -specs=/usr/lib/rpm/redhat/redhat-hardened-cc1 -fstack-protector-strong -specs=/usr/lib/rpm/redhat/redhat-annobin-cc1 -m64 -mtune=generic -fasynchronous-unwind-tables -fstack-clash-protection -fcf-protection -std=gnu++11 -Wall -Wextra -D_REENTRANT -fPIC -DPREFIX=QString\(\"/usr\"\) -DL_ETCDIR=QString\(\"/etc\"\) -DL_SHAREDIR=QString\(\"/usr/share\"\) -DGIT_VERSION="\"a88ea52f\"" -DQT_NO_DEBUG -DQT_MULTIMEDIAWIDGETS_LIB -DQT_SVG_LIB -DQT_WIDGETS_LIB -DQT_MULTIMEDIA_LIB -DQT_X11EXTRAS_LIB -DQT_GUI_LIB -DQT_NETWORK_LIB -DQT_CONCURRENT_LIB -DQT_CORE_LIB -I. -I../../core/libLumina -I/usr/include/qt5 -I/usr -I/usr/include -I/home/q5sys/git/lumina/src-qt5/desktop-utils/lumina-fm -I/usr/include/qt5/QtMultimediaWidgets -I/usr/include/qt5/QtSvg -I/usr/include/qt5/QtWidgets -I/usr/include/qt5/QtMultimedia -I/usr/include/qt5/QtX11Extras -I/usr/include/qt5/QtGui -I/usr/include/qt5/QtNetwork -I/usr/include/qt5/QtConcurrent -I/usr/include/qt5/QtCore -I.build/moc -I.build/ui -I/usr/lib64/qt5/mkspecs/linux-g++ -o .build/obj/OPWidget.o OPWidget.cpp
g++ -c -pipe -O2 -flto=auto -ffat-lto-objects -fexceptions -g -grecord-gcc-switches -pipe -Wall -Werror=format-security -Wp,-D_FORTIFY_SOURCE=2 -Wp,-D_GLIBCXX_ASSERTIONS -specs=/usr/lib/rpm/redhat/redhat-hardened-cc1 -fstack-protector-strong -specs=/usr/lib/rpm/redhat/redhat-annobin-cc1 -m64 -mtune=generic -fasynchronous-unwind-tables -fstack-clash-protection -fcf-protection -std=gnu++11 -Wall -Wextra -D_REENTRANT -fPIC -DPREFIX=QString\(\"/usr\"\) -DL_ETCDIR=QString\(\"/etc\"\) -DL_SHAREDIR=QString\(\"/usr/share\"\) -DGIT_VERSION="\"a88ea52f\"" -DNO_XINPUT -DQT_NO_DEBUG -DQT_SVG_LIB -DQT_WIDGETS_LIB -DQT_X11EXTRAS_LIB -DQT_MULTIMEDIA_LIB -DQT_GUI_LIB -DQT_NETWORK_LIB -DQT_CONCURRENT_LIB -DQT_CORE_LIB -I. -I../../core/libLumina -I/usr/include/qt5 -I/usr -I/usr/include -I/home/q5sys/git/lumina/src-qt5/core-utils/lumina-config -I/usr/include/qt5/QtSvg -I/usr/include/qt5/QtWidgets -I/usr/include/qt5/QtX11Extras -I/usr/include/qt5/QtMultimedia -I/usr/include/qt5/QtGui -I/usr/include/qt5/QtNetwork -I/usr/include/qt5/QtConcurrent -I/usr/include/qt5/QtCore -I.build/moc -I.build/ui -I/usr/lib64/qt5/mkspecs/linux-g++ -o .build/obj/moc_mainWindow.o .build/moc/moc_mainWindow.cpp
g++ -c -pipe -O2 -flto=auto -ffat-lto-objects -fexceptions -g -grecord-gcc-switches -pipe -Wall -Werror=format-security -Wp,-D_FORTIFY_SOURCE=2 -Wp,-D_GLIBCXX_ASSERTIONS -specs=/usr/lib/rpm/redhat/redhat-hardened-cc1 -fstack-protector-strong -specs=/usr/lib/rpm/redhat/redhat-annobin-cc1 -m64 -mtune=generic -fasynchronous-unwind-tables -fstack-clash-protection -fcf-protection -std=gnu++11 -Wall -Wextra -D_REENTRANT -fPIC -DPREFIX=QString\(\"/usr\"\) -DL_ETCDIR=QString\(\"/etc\"\) -DL_SHAREDIR=QString\(\"/usr/share\"\) -DGIT_VERSION="\"a88ea52f\"" -DQT_NO_DEBUG -DQT_SVG_LIB -DQT_WIDGETS_LIB -DQT_X11EXTRAS_LIB -DQT_MULTIMEDIA_LIB -DQT_GUI_LIB -DQT_NETWORK_LIB -DQT_CONCURRENT_LIB -DQT_CORE_LIB -I. -I../../core/libLumina -I/usr/include/qt5 -I/usr -I/usr/include -I/home/q5sys/git/lumina/src-qt5/desktop-utils/lumina-screenshot -I/usr/include/qt5/QtSvg -I/usr/include/qt5/QtWidgets -I/usr/include/qt5/QtX11Extras -I/usr/include/qt5/QtMultimedia -I/usr/include/qt5/QtGui -I/usr/include/qt5/QtNetwork -I/usr/include/qt5/QtConcurrent -I/usr/include/qt5/QtCore -I.build/moc -I.build/ui -I/usr/lib64/qt5/mkspecs/linux-g++ -o .build/obj/moc_ImageEditor.o .build/moc/moc_ImageEditor.cpp
g++ -c -pipe -O2 -flto=auto -ffat-lto-objects -fexceptions -g -grecord-gcc-switches -pipe -Wall -Werror=format-security -Wp,-D_FORTIFY_SOURCE=2 -Wp,-D_GLIBCXX_ASSERTIONS -specs=/usr/lib/rpm/redhat/redhat-hardened-cc1 -fstack-protector-strong -specs=/usr/lib/rpm/redhat/redhat-annobin-cc1 -m64 -mtune=generic -fasynchronous-unwind-tables -fstack-clash-protection -fcf-protection -std=gnu++11 -Wall -Wextra -D_REENTRANT -fPIC -DPREFIX=QString\(\"/usr\"\) -DL_ETCDIR=QString\(\"/etc\"\) -DL_SHAREDIR=QString\(\"/usr/share\"\) -DGIT_VERSION="\"a88ea52f\"" -DNO_XINPUT -DQT_NO_DEBUG -DQT_SVG_LIB -DQT_WIDGETS_LIB -DQT_X11EXTRAS_LIB -DQT_MULTIMEDIA_LIB -DQT_GUI_LIB -DQT_NETWORK_LIB -DQT_CONCURRENT_LIB -DQT_CORE_LIB -I. -I../../core/libLumina -I/usr/include/qt5 -I/usr -I/usr/include -I/home/q5sys/git/lumina/src-qt5/core-utils/lumina-config -I/usr/include/qt5/QtSvg -I/usr/include/qt5/QtWidgets -I/usr/include/qt5/QtX11Extras -I/usr/include/qt5/QtMultimedia -I/usr/include/qt5/QtGui -I/usr/include/qt5/QtNetwork -I/usr/include/qt5/QtConcurrent -I/usr/include/qt5/QtCore -I.build/moc -I.build/ui -I/usr/lib64/qt5/mkspecs/linux-g++ -o .build/obj/moc_AppDialog.o .build/moc/moc_AppDialog.cpp
g++ -Wl,--as-needed -Wl,-z,relro -Wl,--as-needed -Wl,-z,now -specs=/usr/lib/rpm/redhat/redhat-hardened-ld -Wl,-rpath-link,/usr/lib64 -o lumina-screenshot .build/obj/LuminaOS-Linux.o .build/obj/LUtils.o .build/obj/LuminaXDG.o .build/obj/LFileInfo.o .build/obj/LuminaSingleApplication.o .build/obj/LuminaThemes.o .build/obj/LuminaX11.o .build/obj/main.o .build/obj/MainUI.o .build/obj/ImageEditor.o .build/obj/moc_LuminaXDG.o .build/obj/moc_LuminaSingleApplication.o .build/obj/moc_LuminaThemes.o .build/obj/moc_MainUI.o .build/obj/moc_ImageEditor.o   -L/home/q5sys/git/lumina/src-qt5/core/libLumina -L/usr/lib64 -L/usr/lib64/qt5 -L/usr/local/lib -L/usr/lib -L/lib -lc -lxcb -lxcb-ewmh -lxcb-icccm -lxcb-image -lxcb-composite -lxcb-damage -lxcb-util -lxcb-dpms -lXdamage -lX11 /usr/lib64/libQt5Svg.so /usr/lib64/libQt5Widgets.so /usr/lib64/libQt5X11Extras.so /usr/lib64/libQt5Multimedia.so /usr/lib64/libQt5Gui.so /usr/lib64/libQt5Network.so /usr/lib64/libQt5Concurrent.so /usr/lib64/libQt5Core.so -lGL -lpthread   
g++ -c -pipe -O2 -flto=auto -ffat-lto-objects -fexceptions -g -grecord-gcc-switches -pipe -Wall -Werror=format-security -Wp,-D_FORTIFY_SOURCE=2 -Wp,-D_GLIBCXX_ASSERTIONS -specs=/usr/lib/rpm/redhat/redhat-hardened-cc1 -fstack-protector-strong -specs=/usr/lib/rpm/redhat/redhat-annobin-cc1 -m64 -mtune=generic -fasynchronous-unwind-tables -fstack-clash-protection -fcf-protection -std=gnu++11 -Wall -Wextra -D_REENTRANT -fPIC -DPREFIX=QString\(\"/usr\"\) -DL_ETCDIR=QString\(\"/etc\"\) -DL_SHAREDIR=QString\(\"/usr/share\"\) -DGIT_VERSION="\"a88ea52f\"" -DNO_XINPUT -DQT_NO_DEBUG -DQT_SVG_LIB -DQT_WIDGETS_LIB -DQT_X11EXTRAS_LIB -DQT_MULTIMEDIA_LIB -DQT_GUI_LIB -DQT_NETWORK_LIB -DQT_CONCURRENT_LIB -DQT_CORE_LIB -I. -I../../core/libLumina -I/usr/include/qt5 -I/usr -I/usr/include -I/home/q5sys/git/lumina/src-qt5/core-utils/lumina-config -I/usr/include/qt5/QtSvg -I/usr/include/qt5/QtWidgets -I/usr/include/qt5/QtX11Extras -I/usr/include/qt5/QtMultimedia -I/usr/include/qt5/QtGui -I/usr/include/qt5/QtNetwork -I/usr/include/qt5/QtConcurrent -I/usr/include/qt5/QtCore -I.build/moc -I.build/ui -I/usr/lib64/qt5/mkspecs/linux-g++ -o .build/obj/moc_ColorDialog.o .build/moc/moc_ColorDialog.cpp
g++ -pipe -O2 -flto=auto -ffat-lto-objects -fexceptions -g -grecord-gcc-switches -pipe -Wall -Werror=format-security -Wp,-D_FORTIFY_SOURCE=2 -Wp,-D_GLIBCXX_ASSERTIONS -specs=/usr/lib/rpm/redhat/redhat-hardened-cc1 -fstack-protector-strong -specs=/usr/lib/rpm/redhat/redhat-annobin-cc1 -m64 -mtune=generic -fasynchronous-unwind-tables -fstack-clash-protection -fcf-protection -std=gnu++11 -Wall -Wextra -dM -E -o .build/moc/moc_predefs.h /usr/lib64/qt5/mkspecs/features/data/dummy.cpp
/usr/lib64/qt5/bin/moc -DPREFIX=QString\(\"/usr\"\) -DL_ETCDIR=QString\(\"/etc\"\) -DL_SHAREDIR=QString\(\"/usr/share\"\) -DGIT_VERSION="\"a88ea52f\"" -DQT_NO_DEBUG -DQT_MULTIMEDIAWIDGETS_LIB -DQT_SVG_LIB -DQT_WIDGETS_LIB -DQT_MULTIMEDIA_LIB -DQT_X11EXTRAS_LIB -DQT_GUI_LIB -DQT_NETWORK_LIB -DQT_CONCURRENT_LIB -DQT_CORE_LIB --include /home/q5sys/git/lumina/src-qt5/desktop-utils/lumina-fm/.build/moc/moc_predefs.h -I/usr/lib64/qt5/mkspecs/linux-g++ -I/home/q5sys/git/lumina/src-qt5/desktop-utils/lumina-fm -I/home/q5sys/git/lumina/src-qt5/core/libLumina -I/usr/include/qt5 -I/usr -I/usr/include -I'/home/q5sys/git/lumina/src-qt5/desktop-utils/lumina-fm//home/q5sys/git/lumina/src-qt5/desktop-utils/lumina-fm' -I/usr/include/qt5/QtMultimediaWidgets -I/usr/include/qt5/QtSvg -I/usr/include/qt5/QtWidgets -I/usr/include/qt5/QtMultimedia -I/usr/include/qt5/QtX11Extras -I/usr/include/qt5/QtGui -I/usr/include/qt5/QtNetwork -I/usr/include/qt5/QtConcurrent -I/usr/include/qt5/QtCore -I/usr/include/c++/11 -I/usr/include/c++/11/x86_64-redhat-linux -I/usr/include/c++/11/backward -I/usr/lib/gcc/x86_64-redhat-linux/11/include -I/usr/local/include -I/usr/include ../../core/libLumina/LuminaThemes.h -o .build/moc/moc_LuminaThemes.cpp
/usr/lib64/qt5/bin/moc -DPREFIX=QString\(\"/usr\"\) -DL_ETCDIR=QString\(\"/etc\"\) -DL_SHAREDIR=QString\(\"/usr/share\"\) -DGIT_VERSION="\"a88ea52f\"" -DQT_NO_DEBUG -DQT_MULTIMEDIAWIDGETS_LIB -DQT_SVG_LIB -DQT_WIDGETS_LIB -DQT_MULTIMEDIA_LIB -DQT_X11EXTRAS_LIB -DQT_GUI_LIB -DQT_NETWORK_LIB -DQT_CONCURRENT_LIB -DQT_CORE_LIB --include /home/q5sys/git/lumina/src-qt5/desktop-utils/lumina-fm/.build/moc/moc_predefs.h -I/usr/lib64/qt5/mkspecs/linux-g++ -I/home/q5sys/git/lumina/src-qt5/desktop-utils/lumina-fm -I/home/q5sys/git/lumina/src-qt5/core/libLumina -I/usr/include/qt5 -I/usr -I/usr/include -I'/home/q5sys/git/lumina/src-qt5/desktop-utils/lumina-fm//home/q5sys/git/lumina/src-qt5/desktop-utils/lumina-fm' -I/usr/include/qt5/QtMultimediaWidgets -I/usr/include/qt5/QtSvg -I/usr/include/qt5/QtWidgets -I/usr/include/qt5/QtMultimedia -I/usr/include/qt5/QtX11Extras -I/usr/include/qt5/QtGui -I/usr/include/qt5/QtNetwork -I/usr/include/qt5/QtConcurrent -I/usr/include/qt5/QtCore -I/usr/include/c++/11 -I/usr/include/c++/11/x86_64-redhat-linux -I/usr/include/c++/11/backward -I/usr/lib/gcc/x86_64-redhat-linux/11/include -I/usr/local/include -I/usr/include ../../core/libLumina/LuminaXDG.h -o .build/moc/moc_LuminaXDG.cpp
/usr/lib64/qt5/bin/moc -DPREFIX=QString\(\"/usr\"\) -DL_ETCDIR=QString\(\"/etc\"\) -DL_SHAREDIR=QString\(\"/usr/share\"\) -DGIT_VERSION="\"a88ea52f\"" -DQT_NO_DEBUG -DQT_MULTIMEDIAWIDGETS_LIB -DQT_SVG_LIB -DQT_WIDGETS_LIB -DQT_MULTIMEDIA_LIB -DQT_X11EXTRAS_LIB -DQT_GUI_LIB -DQT_NETWORK_LIB -DQT_CONCURRENT_LIB -DQT_CORE_LIB --include /home/q5sys/git/lumina/src-qt5/desktop-utils/lumina-fm/.build/moc/moc_predefs.h -I/usr/lib64/qt5/mkspecs/linux-g++ -I/home/q5sys/git/lumina/src-qt5/desktop-utils/lumina-fm -I/home/q5sys/git/lumina/src-qt5/core/libLumina -I/usr/include/qt5 -I/usr -I/usr/include -I'/home/q5sys/git/lumina/src-qt5/desktop-utils/lumina-fm//home/q5sys/git/lumina/src-qt5/desktop-utils/lumina-fm' -I/usr/include/qt5/QtMultimediaWidgets -I/usr/include/qt5/QtSvg -I/usr/include/qt5/QtWidgets -I/usr/include/qt5/QtMultimedia -I/usr/include/qt5/QtX11Extras -I/usr/include/qt5/QtGui -I/usr/include/qt5/QtNetwork -I/usr/include/qt5/QtConcurrent -I/usr/include/qt5/QtCore -I/usr/include/c++/11 -I/usr/include/c++/11/x86_64-redhat-linux -I/usr/include/c++/11/backward -I/usr/lib/gcc/x86_64-redhat-linux/11/include -I/usr/local/include -I/usr/include ../../core/libLumina/LuminaSingleApplication.h -o .build/moc/moc_LuminaSingleApplication.cpp
/usr/lib64/qt5/bin/moc -DPREFIX=QString\(\"/usr\"\) -DL_ETCDIR=QString\(\"/etc\"\) -DL_SHAREDIR=QString\(\"/usr/share\"\) -DGIT_VERSION="\"a88ea52f\"" -DQT_NO_DEBUG -DQT_MULTIMEDIAWIDGETS_LIB -DQT_SVG_LIB -DQT_WIDGETS_LIB -DQT_MULTIMEDIA_LIB -DQT_X11EXTRAS_LIB -DQT_GUI_LIB -DQT_NETWORK_LIB -DQT_CONCURRENT_LIB -DQT_CORE_LIB --include /home/q5sys/git/lumina/src-qt5/desktop-utils/lumina-fm/.build/moc/moc_predefs.h -I/usr/lib64/qt5/mkspecs/linux-g++ -I/home/q5sys/git/lumina/src-qt5/desktop-utils/lumina-fm -I/home/q5sys/git/lumina/src-qt5/core/libLumina -I/usr/include/qt5 -I/usr -I/usr/include -I'/home/q5sys/git/lumina/src-qt5/desktop-utils/lumina-fm//home/q5sys/git/lumina/src-qt5/desktop-utils/lumina-fm' -I/usr/include/qt5/QtMultimediaWidgets -I/usr/include/qt5/QtSvg -I/usr/include/qt5/QtWidgets -I/usr/include/qt5/QtMultimedia -I/usr/include/qt5/QtX11Extras -I/usr/include/qt5/QtGui -I/usr/include/qt5/QtNetwork -I/usr/include/qt5/QtConcurrent -I/usr/include/qt5/QtCore -I/usr/include/c++/11 -I/usr/include/c++/11/x86_64-redhat-linux -I/usr/include/c++/11/backward -I/usr/lib/gcc/x86_64-redhat-linux/11/include -I/usr/local/include -I/usr/include ../../core/libLumina/ExternalProcess.h -o .build/moc/moc_ExternalProcess.cpp
/usr/lib64/qt5/bin/moc -DPREFIX=QString\(\"/usr\"\) -DL_ETCDIR=QString\(\"/etc\"\) -DL_SHAREDIR=QString\(\"/usr/share\"\) -DGIT_VERSION="\"a88ea52f\"" -DQT_NO_DEBUG -DQT_MULTIMEDIAWIDGETS_LIB -DQT_SVG_LIB -DQT_WIDGETS_LIB -DQT_MULTIMEDIA_LIB -DQT_X11EXTRAS_LIB -DQT_GUI_LIB -DQT_NETWORK_LIB -DQT_CONCURRENT_LIB -DQT_CORE_LIB --include /home/q5sys/git/lumina/src-qt5/desktop-utils/lumina-fm/.build/moc/moc_predefs.h -I/usr/lib64/qt5/mkspecs/linux-g++ -I/home/q5sys/git/lumina/src-qt5/desktop-utils/lumina-fm -I/home/q5sys/git/lumina/src-qt5/core/libLumina -I/usr/include/qt5 -I/usr -I/usr/include -I'/home/q5sys/git/lumina/src-qt5/desktop-utils/lumina-fm//home/q5sys/git/lumina/src-qt5/desktop-utils/lumina-fm' -I/usr/include/qt5/QtMultimediaWidgets -I/usr/include/qt5/QtSvg -I/usr/include/qt5/QtWidgets -I/usr/include/qt5/QtMultimedia -I/usr/include/qt5/QtX11Extras -I/usr/include/qt5/QtGui -I/usr/include/qt5/QtNetwork -I/usr/include/qt5/QtConcurrent -I/usr/include/qt5/QtCore -I/usr/include/c++/11 -I/usr/include/c++/11/x86_64-redhat-linux -I/usr/include/c++/11/backward -I/usr/lib/gcc/x86_64-redhat-linux/11/include -I/usr/local/include -I/usr/include ../../core/libLumina/LVideoLabel.h -o .build/moc/moc_LVideoLabel.cpp
/usr/lib64/qt5/bin/moc -DPREFIX=QString\(\"/usr\"\) -DL_ETCDIR=QString\(\"/etc\"\) -DL_SHAREDIR=QString\(\"/usr/share\"\) -DGIT_VERSION="\"a88ea52f\"" -DQT_NO_DEBUG -DQT_MULTIMEDIAWIDGETS_LIB -DQT_SVG_LIB -DQT_WIDGETS_LIB -DQT_MULTIMEDIA_LIB -DQT_X11EXTRAS_LIB -DQT_GUI_LIB -DQT_NETWORK_LIB -DQT_CONCURRENT_LIB -DQT_CORE_LIB --include /home/q5sys/git/lumina/src-qt5/desktop-utils/lumina-fm/.build/moc/moc_predefs.h -I/usr/lib64/qt5/mkspecs/linux-g++ -I/home/q5sys/git/lumina/src-qt5/desktop-utils/lumina-fm -I/home/q5sys/git/lumina/src-qt5/core/libLumina -I/usr/include/qt5 -I/usr -I/usr/include -I'/home/q5sys/git/lumina/src-qt5/desktop-utils/lumina-fm//home/q5sys/git/lumina/src-qt5/desktop-utils/lumina-fm' -I/usr/include/qt5/QtMultimediaWidgets -I/usr/include/qt5/QtSvg -I/usr/include/qt5/QtWidgets -I/usr/include/qt5/QtMultimedia -I/usr/include/qt5/QtX11Extras -I/usr/include/qt5/QtGui -I/usr/include/qt5/QtNetwork -I/usr/include/qt5/QtConcurrent -I/usr/include/qt5/QtCore -I/usr/include/c++/11 -I/usr/include/c++/11/x86_64-redhat-linux -I/usr/include/c++/11/backward -I/usr/lib/gcc/x86_64-redhat-linux/11/include -I/usr/local/include -I/usr/include ../../core/libLumina/LVideoSurface.h -o .build/moc/moc_LVideoSurface.cpp
/usr/lib64/qt5/bin/moc -DPREFIX=QString\(\"/usr\"\) -DL_ETCDIR=QString\(\"/etc\"\) -DL_SHAREDIR=QString\(\"/usr/share\"\) -DGIT_VERSION="\"a88ea52f\"" -DQT_NO_DEBUG -DQT_MULTIMEDIAWIDGETS_LIB -DQT_SVG_LIB -DQT_WIDGETS_LIB -DQT_MULTIMEDIA_LIB -DQT_X11EXTRAS_LIB -DQT_GUI_LIB -DQT_NETWORK_LIB -DQT_CONCURRENT_LIB -DQT_CORE_LIB --include /home/q5sys/git/lumina/src-qt5/desktop-utils/lumina-fm/.build/moc/moc_predefs.h -I/usr/lib64/qt5/mkspecs/linux-g++ -I/home/q5sys/git/lumina/src-qt5/desktop-utils/lumina-fm -I/home/q5sys/git/lumina/src-qt5/core/libLumina -I/usr/include/qt5 -I/usr -I/usr/include -I'/home/q5sys/git/lumina/src-qt5/desktop-utils/lumina-fm//home/q5sys/git/lumina/src-qt5/desktop-utils/lumina-fm' -I/usr/include/qt5/QtMultimediaWidgets -I/usr/include/qt5/QtSvg -I/usr/include/qt5/QtWidgets -I/usr/include/qt5/QtMultimedia -I/usr/include/qt5/QtX11Extras -I/usr/include/qt5/QtGui -I/usr/include/qt5/QtNetwork -I/usr/include/qt5/QtConcurrent -I/usr/include/qt5/QtCore -I/usr/include/c++/11 -I/usr/include/c++/11/x86_64-redhat-linux -I/usr/include/c++/11/backward -I/usr/lib/gcc/x86_64-redhat-linux/11/include -I/usr/local/include -I/usr/include ../../core/libLumina/LVideoWidget.h -o .build/moc/moc_LVideoWidget.cpp
g++ -c -pipe -O2 -flto=auto -ffat-lto-objects -fexceptions -g -grecord-gcc-switches -pipe -Wall -Werror=format-security -Wp,-D_FORTIFY_SOURCE=2 -Wp,-D_GLIBCXX_ASSERTIONS -specs=/usr/lib/rpm/redhat/redhat-hardened-cc1 -fstack-protector-strong -specs=/usr/lib/rpm/redhat/redhat-annobin-cc1 -m64 -mtune=generic -fasynchronous-unwind-tables -fstack-clash-protection -fcf-protection -std=gnu++11 -Wall -Wextra -D_REENTRANT -fPIC -DPREFIX=QString\(\"/usr\"\) -DL_ETCDIR=QString\(\"/etc\"\) -DL_SHAREDIR=QString\(\"/usr/share\"\) -DGIT_VERSION="\"a88ea52f\"" -DNO_XINPUT -DQT_NO_DEBUG -DQT_SVG_LIB -DQT_WIDGETS_LIB -DQT_X11EXTRAS_LIB -DQT_MULTIMEDIA_LIB -DQT_GUI_LIB -DQT_NETWORK_LIB -DQT_CONCURRENT_LIB -DQT_CORE_LIB -I. -I../../core/libLumina -I/usr/include/qt5 -I/usr -I/usr/include -I/home/q5sys/git/lumina/src-qt5/core-utils/lumina-config -I/usr/include/qt5/QtSvg -I/usr/include/qt5/QtWidgets -I/usr/include/qt5/QtX11Extras -I/usr/include/qt5/QtMultimedia -I/usr/include/qt5/QtGui -I/usr/include/qt5/QtNetwork -I/usr/include/qt5/QtConcurrent -I/usr/include/qt5/QtCore -I.build/moc -I.build/ui -I/usr/lib64/qt5/mkspecs/linux-g++ -o .build/obj/moc_ThemeDialog.o .build/moc/moc_ThemeDialog.cpp
/usr/lib64/qt5/bin/moc -DPREFIX=QString\(\"/usr\"\) -DL_ETCDIR=QString\(\"/etc\"\) -DL_SHAREDIR=QString\(\"/usr/share\"\) -DGIT_VERSION="\"a88ea52f\"" -DQT_NO_DEBUG -DQT_MULTIMEDIAWIDGETS_LIB -DQT_SVG_LIB -DQT_WIDGETS_LIB -DQT_MULTIMEDIA_LIB -DQT_X11EXTRAS_LIB -DQT_GUI_LIB -DQT_NETWORK_LIB -DQT_CONCURRENT_LIB -DQT_CORE_LIB --include /home/q5sys/git/lumina/src-qt5/desktop-utils/lumina-fm/.build/moc/moc_predefs.h -I/usr/lib64/qt5/mkspecs/linux-g++ -I/home/q5sys/git/lumina/src-qt5/desktop-utils/lumina-fm -I/home/q5sys/git/lumina/src-qt5/core/libLumina -I/usr/include/qt5 -I/usr -I/usr/include -I'/home/q5sys/git/lumina/src-qt5/desktop-utils/lumina-fm//home/q5sys/git/lumina/src-qt5/desktop-utils/lumina-fm' -I/usr/include/qt5/QtMultimediaWidgets -I/usr/include/qt5/QtSvg -I/usr/include/qt5/QtWidgets -I/usr/include/qt5/QtMultimedia -I/usr/include/qt5/QtX11Extras -I/usr/include/qt5/QtGui -I/usr/include/qt5/QtNetwork -I/usr/include/qt5/QtConcurrent -I/usr/include/qt5/QtCore -I/usr/include/c++/11 -I/usr/include/c++/11/x86_64-redhat-linux -I/usr/include/c++/11/backward -I/usr/lib/gcc/x86_64-redhat-linux/11/include -I/usr/local/include -I/usr/include MainUI.h -o .build/moc/moc_MainUI.cpp
/usr/lib64/qt5/bin/moc -DPREFIX=QString\(\"/usr\"\) -DL_ETCDIR=QString\(\"/etc\"\) -DL_SHAREDIR=QString\(\"/usr/share\"\) -DGIT_VERSION="\"a88ea52f\"" -DQT_NO_DEBUG -DQT_MULTIMEDIAWIDGETS_LIB -DQT_SVG_LIB -DQT_WIDGETS_LIB -DQT_MULTIMEDIA_LIB -DQT_X11EXTRAS_LIB -DQT_GUI_LIB -DQT_NETWORK_LIB -DQT_CONCURRENT_LIB -DQT_CORE_LIB --include /home/q5sys/git/lumina/src-qt5/desktop-utils/lumina-fm/.build/moc/moc_predefs.h -I/usr/lib64/qt5/mkspecs/linux-g++ -I/home/q5sys/git/lumina/src-qt5/desktop-utils/lumina-fm -I/home/q5sys/git/lumina/src-qt5/core/libLumina -I/usr/include/qt5 -I/usr -I/usr/include -I'/home/q5sys/git/lumina/src-qt5/desktop-utils/lumina-fm//home/q5sys/git/lumina/src-qt5/desktop-utils/lumina-fm' -I/usr/include/qt5/QtMultimediaWidgets -I/usr/include/qt5/QtSvg -I/usr/include/qt5/QtWidgets -I/usr/include/qt5/QtMultimedia -I/usr/include/qt5/QtX11Extras -I/usr/include/qt5/QtGui -I/usr/include/qt5/QtNetwork -I/usr/include/qt5/QtConcurrent -I/usr/include/qt5/QtCore -I/usr/include/c++/11 -I/usr/include/c++/11/x86_64-redhat-linux -I/usr/include/c++/11/backward -I/usr/lib/gcc/x86_64-redhat-linux/11/include -I/usr/local/include -I/usr/include FODialog.h -o .build/moc/moc_FODialog.cpp
g++ -c -pipe -O2 -flto=auto -ffat-lto-objects -fexceptions -g -grecord-gcc-switches -pipe -Wall -Werror=format-security -Wp,-D_FORTIFY_SOURCE=2 -Wp,-D_GLIBCXX_ASSERTIONS -specs=/usr/lib/rpm/redhat/redhat-hardened-cc1 -fstack-protector-strong -specs=/usr/lib/rpm/redhat/redhat-annobin-cc1 -m64 -mtune=generic -fasynchronous-unwind-tables -fstack-clash-protection -fcf-protection -std=gnu++11 -Wall -Wextra -D_REENTRANT -fPIC -DPREFIX=QString\(\"/usr\"\) -DL_ETCDIR=QString\(\"/etc\"\) -DL_SHAREDIR=QString\(\"/usr/share\"\) -DGIT_VERSION="\"a88ea52f\"" -DNO_XINPUT -DQT_NO_DEBUG -DQT_SVG_LIB -DQT_WIDGETS_LIB -DQT_X11EXTRAS_LIB -DQT_MULTIMEDIA_LIB -DQT_GUI_LIB -DQT_NETWORK_LIB -DQT_CONCURRENT_LIB -DQT_CORE_LIB -I. -I../../core/libLumina -I/usr/include/qt5 -I/usr -I/usr/include -I/home/q5sys/git/lumina/src-qt5/core-utils/lumina-config -I/usr/include/qt5/QtSvg -I/usr/include/qt5/QtWidgets -I/usr/include/qt5/QtX11Extras -I/usr/include/qt5/QtMultimedia -I/usr/include/qt5/QtGui -I/usr/include/qt5/QtNetwork -I/usr/include/qt5/QtConcurrent -I/usr/include/qt5/QtCore -I.build/moc -I.build/ui -I/usr/lib64/qt5/mkspecs/linux-g++ -o .build/obj/moc_GetPluginDialog.o .build/moc/moc_GetPluginDialog.cpp
/usr/lib64/qt5/bin/moc -DPREFIX=QString\(\"/usr\"\) -DL_ETCDIR=QString\(\"/etc\"\) -DL_SHAREDIR=QString\(\"/usr/share\"\) -DGIT_VERSION="\"a88ea52f\"" -DQT_NO_DEBUG -DQT_MULTIMEDIAWIDGETS_LIB -DQT_SVG_LIB -DQT_WIDGETS_LIB -DQT_MULTIMEDIA_LIB -DQT_X11EXTRAS_LIB -DQT_GUI_LIB -DQT_NETWORK_LIB -DQT_CONCURRENT_LIB -DQT_CORE_LIB --include /home/q5sys/git/lumina/src-qt5/desktop-utils/lumina-fm/.build/moc/moc_predefs.h -I/usr/lib64/qt5/mkspecs/linux-g++ -I/home/q5sys/git/lumina/src-qt5/desktop-utils/lumina-fm -I/home/q5sys/git/lumina/src-qt5/core/libLumina -I/usr/include/qt5 -I/usr -I/usr/include -I'/home/q5sys/git/lumina/src-qt5/desktop-utils/lumina-fm//home/q5sys/git/lumina/src-qt5/desktop-utils/lumina-fm' -I/usr/include/qt5/QtMultimediaWidgets -I/usr/include/qt5/QtSvg -I/usr/include/qt5/QtWidgets -I/usr/include/qt5/QtMultimedia -I/usr/include/qt5/QtX11Extras -I/usr/include/qt5/QtGui -I/usr/include/qt5/QtNetwork -I/usr/include/qt5/QtConcurrent -I/usr/include/qt5/QtCore -I/usr/include/c++/11 -I/usr/include/c++/11/x86_64-redhat-linux -I/usr/include/c++/11/backward -I/usr/lib/gcc/x86_64-redhat-linux/11/include -I/usr/local/include -I/usr/include BMMDialog.h -o .build/moc/moc_BMMDialog.cpp
/usr/lib64/qt5/bin/moc -DPREFIX=QString\(\"/usr\"\) -DL_ETCDIR=QString\(\"/etc\"\) -DL_SHAREDIR=QString\(\"/usr/share\"\) -DGIT_VERSION="\"a88ea52f\"" -DQT_NO_DEBUG -DQT_MULTIMEDIAWIDGETS_LIB -DQT_SVG_LIB -DQT_WIDGETS_LIB -DQT_MULTIMEDIA_LIB -DQT_X11EXTRAS_LIB -DQT_GUI_LIB -DQT_NETWORK_LIB -DQT_CONCURRENT_LIB -DQT_CORE_LIB --include /home/q5sys/git/lumina/src-qt5/desktop-utils/lumina-fm/.build/moc/moc_predefs.h -I/usr/lib64/qt5/mkspecs/linux-g++ -I/home/q5sys/git/lumina/src-qt5/desktop-utils/lumina-fm -I/home/q5sys/git/lumina/src-qt5/core/libLumina -I/usr/include/qt5 -I/usr -I/usr/include -I'/home/q5sys/git/lumina/src-qt5/desktop-utils/lumina-fm//home/q5sys/git/lumina/src-qt5/desktop-utils/lumina-fm' -I/usr/include/qt5/QtMultimediaWidgets -I/usr/include/qt5/QtSvg -I/usr/include/qt5/QtWidgets -I/usr/include/qt5/QtMultimedia -I/usr/include/qt5/QtX11Extras -I/usr/include/qt5/QtGui -I/usr/include/qt5/QtNetwork -I/usr/include/qt5/QtConcurrent -I/usr/include/qt5/QtCore -I/usr/include/c++/11 -I/usr/include/c++/11/x86_64-redhat-linux -I/usr/include/c++/11/backward -I/usr/lib/gcc/x86_64-redhat-linux/11/include -I/usr/local/include -I/usr/include ScrollDialog.h -o .build/moc/moc_ScrollDialog.cpp
/usr/lib64/qt5/bin/moc -DPREFIX=QString\(\"/usr\"\) -DL_ETCDIR=QString\(\"/etc\"\) -DL_SHAREDIR=QString\(\"/usr/share\"\) -DGIT_VERSION="\"a88ea52f\"" -DQT_NO_DEBUG -DQT_MULTIMEDIAWIDGETS_LIB -DQT_SVG_LIB -DQT_WIDGETS_LIB -DQT_MULTIMEDIA_LIB -DQT_X11EXTRAS_LIB -DQT_GUI_LIB -DQT_NETWORK_LIB -DQT_CONCURRENT_LIB -DQT_CORE_LIB --include /home/q5sys/git/lumina/src-qt5/desktop-utils/lumina-fm/.build/moc/moc_predefs.h -I/usr/lib64/qt5/mkspecs/linux-g++ -I/home/q5sys/git/lumina/src-qt5/desktop-utils/lumina-fm -I/home/q5sys/git/lumina/src-qt5/core/libLumina -I/usr/include/qt5 -I/usr -I/usr/include -I'/home/q5sys/git/lumina/src-qt5/desktop-utils/lumina-fm//home/q5sys/git/lumina/src-qt5/desktop-utils/lumina-fm' -I/usr/include/qt5/QtMultimediaWidgets -I/usr/include/qt5/QtSvg -I/usr/include/qt5/QtWidgets -I/usr/include/qt5/QtMultimedia -I/usr/include/qt5/QtX11Extras -I/usr/include/qt5/QtGui -I/usr/include/qt5/QtNetwork -I/usr/include/qt5/QtConcurrent -I/usr/include/qt5/QtCore -I/usr/include/c++/11 -I/usr/include/c++/11/x86_64-redhat-linux -I/usr/include/c++/11/backward -I/usr/lib/gcc/x86_64-redhat-linux/11/include -I/usr/local/include -I/usr/include DirData.h -o .build/moc/moc_DirData.cpp
/usr/lib64/qt5/bin/moc -DPREFIX=QString\(\"/usr\"\) -DL_ETCDIR=QString\(\"/etc\"\) -DL_SHAREDIR=QString\(\"/usr/share\"\) -DGIT_VERSION="\"a88ea52f\"" -DQT_NO_DEBUG -DQT_MULTIMEDIAWIDGETS_LIB -DQT_SVG_LIB -DQT_WIDGETS_LIB -DQT_MULTIMEDIA_LIB -DQT_X11EXTRAS_LIB -DQT_GUI_LIB -DQT_NETWORK_LIB -DQT_CONCURRENT_LIB -DQT_CORE_LIB --include /home/q5sys/git/lumina/src-qt5/desktop-utils/lumina-fm/.build/moc/moc_predefs.h -I/usr/lib64/qt5/mkspecs/linux-g++ -I/home/q5sys/git/lumina/src-qt5/desktop-utils/lumina-fm -I/home/q5sys/git/lumina/src-qt5/core/libLumina -I/usr/include/qt5 -I/usr -I/usr/include -I'/home/q5sys/git/lumina/src-qt5/desktop-utils/lumina-fm//home/q5sys/git/lumina/src-qt5/desktop-utils/lumina-fm' -I/usr/include/qt5/QtMultimediaWidgets -I/usr/include/qt5/QtSvg -I/usr/include/qt5/QtWidgets -I/usr/include/qt5/QtMultimedia -I/usr/include/qt5/QtX11Extras -I/usr/include/qt5/QtGui -I/usr/include/qt5/QtNetwork -I/usr/include/qt5/QtConcurrent -I/usr/include/qt5/QtCore -I/usr/include/c++/11 -I/usr/include/c++/11/x86_64-redhat-linux -I/usr/include/c++/11/backward -I/usr/lib/gcc/x86_64-redhat-linux/11/include -I/usr/local/include -I/usr/include widgets/DDListWidgets.h -o .build/moc/moc_DDListWidgets.cpp
/usr/lib64/qt5/bin/moc -DPREFIX=QString\(\"/usr\"\) -DL_ETCDIR=QString\(\"/etc\"\) -DL_SHAREDIR=QString\(\"/usr/share\"\) -DGIT_VERSION="\"a88ea52f\"" -DQT_NO_DEBUG -DQT_MULTIMEDIAWIDGETS_LIB -DQT_SVG_LIB -DQT_WIDGETS_LIB -DQT_MULTIMEDIA_LIB -DQT_X11EXTRAS_LIB -DQT_GUI_LIB -DQT_NETWORK_LIB -DQT_CONCURRENT_LIB -DQT_CORE_LIB --include /home/q5sys/git/lumina/src-qt5/desktop-utils/lumina-fm/.build/moc/moc_predefs.h -I/usr/lib64/qt5/mkspecs/linux-g++ -I/home/q5sys/git/lumina/src-qt5/desktop-utils/lumina-fm -I/home/q5sys/git/lumina/src-qt5/core/libLumina -I/usr/include/qt5 -I/usr -I/usr/include -I'/home/q5sys/git/lumina/src-qt5/desktop-utils/lumina-fm//home/q5sys/git/lumina/src-qt5/desktop-utils/lumina-fm' -I/usr/include/qt5/QtMultimediaWidgets -I/usr/include/qt5/QtSvg -I/usr/include/qt5/QtWidgets -I/usr/include/qt5/QtMultimedia -I/usr/include/qt5/QtX11Extras -I/usr/include/qt5/QtGui -I/usr/include/qt5/QtNetwork -I/usr/include/qt5/QtConcurrent -I/usr/include/qt5/QtCore -I/usr/include/c++/11 -I/usr/include/c++/11/x86_64-redhat-linux -I/usr/include/c++/11/backward -I/usr/lib/gcc/x86_64-redhat-linux/11/include -I/usr/local/include -I/usr/include widgets/MultimediaWidget.h -o .build/moc/moc_MultimediaWidget.cpp
g++ -c -pipe -O2 -flto=auto -ffat-lto-objects -fexceptions -g -grecord-gcc-switches -pipe -Wall -Werror=format-security -Wp,-D_FORTIFY_SOURCE=2 -Wp,-D_GLIBCXX_ASSERTIONS -specs=/usr/lib/rpm/redhat/redhat-hardened-cc1 -fstack-protector-strong -specs=/usr/lib/rpm/redhat/redhat-annobin-cc1 -m64 -mtune=generic -fasynchronous-unwind-tables -fstack-clash-protection -fcf-protection -std=gnu++11 -Wall -Wextra -D_REENTRANT -fPIC -DPREFIX=QString\(\"/usr\"\) -DL_ETCDIR=QString\(\"/etc\"\) -DL_SHAREDIR=QString\(\"/usr/share\"\) -DGIT_VERSION="\"a88ea52f\"" -DNO_XINPUT -DQT_NO_DEBUG -DQT_SVG_LIB -DQT_WIDGETS_LIB -DQT_X11EXTRAS_LIB -DQT_MULTIMEDIA_LIB -DQT_GUI_LIB -DQT_NETWORK_LIB -DQT_CONCURRENT_LIB -DQT_CORE_LIB -I. -I../../core/libLumina -I/usr/include/qt5 -I/usr -I/usr/include -I/home/q5sys/git/lumina/src-qt5/core-utils/lumina-config -I/usr/include/qt5/QtSvg -I/usr/include/qt5/QtWidgets -I/usr/include/qt5/QtX11Extras -I/usr/include/qt5/QtMultimedia -I/usr/include/qt5/QtGui -I/usr/include/qt5/QtNetwork -I/usr/include/qt5/QtConcurrent -I/usr/include/qt5/QtCore -I.build/moc -I.build/ui -I/usr/lib64/qt5/mkspecs/linux-g++ -o .build/obj/moc_ScriptDialog.o .build/moc/moc_ScriptDialog.cpp
/usr/lib64/qt5/bin/moc -DPREFIX=QString\(\"/usr\"\) -DL_ETCDIR=QString\(\"/etc\"\) -DL_SHAREDIR=QString\(\"/usr/share\"\) -DGIT_VERSION="\"a88ea52f\"" -DQT_NO_DEBUG -DQT_MULTIMEDIAWIDGETS_LIB -DQT_SVG_LIB -DQT_WIDGETS_LIB -DQT_MULTIMEDIA_LIB -DQT_X11EXTRAS_LIB -DQT_GUI_LIB -DQT_NETWORK_LIB -DQT_CONCURRENT_LIB -DQT_CORE_LIB --include /home/q5sys/git/lumina/src-qt5/desktop-utils/lumina-fm/.build/moc/moc_predefs.h -I/usr/lib64/qt5/mkspecs/linux-g++ -I/home/q5sys/git/lumina/src-qt5/desktop-utils/lumina-fm -I/home/q5sys/git/lumina/src-qt5/core/libLumina -I/usr/include/qt5 -I/usr -I/usr/include -I'/home/q5sys/git/lumina/src-qt5/desktop-utils/lumina-fm//home/q5sys/git/lumina/src-qt5/desktop-utils/lumina-fm' -I/usr/include/qt5/QtMultimediaWidgets -I/usr/include/qt5/QtSvg -I/usr/include/qt5/QtWidgets -I/usr/include/qt5/QtMultimedia -I/usr/include/qt5/QtX11Extras -I/usr/include/qt5/QtGui -I/usr/include/qt5/QtNetwork -I/usr/include/qt5/QtConcurrent -I/usr/include/qt5/QtCore -I/usr/include/c++/11 -I/usr/include/c++/11/x86_64-redhat-linux -I/usr/include/c++/11/backward -I/usr/lib/gcc/x86_64-redhat-linux/11/include -I/usr/local/include -I/usr/include widgets/SlideshowWidget.h -o .build/moc/moc_SlideshowWidget.cpp
g++ -c -pipe -O2 -flto=auto -ffat-lto-objects -fexceptions -g -grecord-gcc-switches -pipe -Wall -Werror=format-security -Wp,-D_FORTIFY_SOURCE=2 -Wp,-D_GLIBCXX_ASSERTIONS -specs=/usr/lib/rpm/redhat/redhat-hardened-cc1 -fstack-protector-strong -specs=/usr/lib/rpm/redhat/redhat-annobin-cc1 -m64 -mtune=generic -fasynchronous-unwind-tables -fstack-clash-protection -fcf-protection -std=gnu++11 -Wall -Wextra -D_REENTRANT -fPIC -DPREFIX=QString\(\"/usr\"\) -DL_ETCDIR=QString\(\"/etc\"\) -DL_SHAREDIR=QString\(\"/usr/share\"\) -DGIT_VERSION="\"a88ea52f\"" -DNO_XINPUT -DQT_NO_DEBUG -DQT_SVG_LIB -DQT_WIDGETS_LIB -DQT_X11EXTRAS_LIB -DQT_MULTIMEDIA_LIB -DQT_GUI_LIB -DQT_NETWORK_LIB -DQT_CONCURRENT_LIB -DQT_CORE_LIB -I. -I../../core/libLumina -I/usr/include/qt5 -I/usr -I/usr/include -I/home/q5sys/git/lumina/src-qt5/core-utils/lumina-config -I/usr/include/qt5/QtSvg -I/usr/include/qt5/QtWidgets -I/usr/include/qt5/QtX11Extras -I/usr/include/qt5/QtMultimedia -I/usr/include/qt5/QtGui -I/usr/include/qt5/QtNetwork -I/usr/include/qt5/QtConcurrent -I/usr/include/qt5/QtCore -I.build/moc -I.build/ui -I/usr/lib64/qt5/mkspecs/linux-g++ -o .build/obj/moc_PanelWidget.o .build/moc/moc_PanelWidget.cpp
/usr/lib64/qt5/bin/moc -DPREFIX=QString\(\"/usr\"\) -DL_ETCDIR=QString\(\"/etc\"\) -DL_SHAREDIR=QString\(\"/usr/share\"\) -DGIT_VERSION="\"a88ea52f\"" -DQT_NO_DEBUG -DQT_MULTIMEDIAWIDGETS_LIB -DQT_SVG_LIB -DQT_WIDGETS_LIB -DQT_MULTIMEDIA_LIB -DQT_X11EXTRAS_LIB -DQT_GUI_LIB -DQT_NETWORK_LIB -DQT_CONCURRENT_LIB -DQT_CORE_LIB --include /home/q5sys/git/lumina/src-qt5/desktop-utils/lumina-fm/.build/moc/moc_predefs.h -I/usr/lib64/qt5/mkspecs/linux-g++ -I/home/q5sys/git/lumina/src-qt5/desktop-utils/lumina-fm -I/home/q5sys/git/lumina/src-qt5/core/libLumina -I/usr/include/qt5 -I/usr -I/usr/include -I'/home/q5sys/git/lumina/src-qt5/desktop-utils/lumina-fm//home/q5sys/git/lumina/src-qt5/desktop-utils/lumina-fm' -I/usr/include/qt5/QtMultimediaWidgets -I/usr/include/qt5/QtSvg -I/usr/include/qt5/QtWidgets -I/usr/include/qt5/QtMultimedia -I/usr/include/qt5/QtX11Extras -I/usr/include/qt5/QtGui -I/usr/include/qt5/QtNetwork -I/usr/include/qt5/QtConcurrent -I/usr/include/qt5/QtCore -I/usr/include/c++/11 -I/usr/include/c++/11/x86_64-redhat-linux -I/usr/include/c++/11/backward -I/usr/lib/gcc/x86_64-redhat-linux/11/include -I/usr/local/include -I/usr/include widgets/DirWidget2.h -o .build/moc/moc_DirWidget2.cpp
make[3]: Leaving directory '/home/q5sys/git/lumina/src-qt5/desktop-utils/lumina-screenshot'
cd lumina-fileinfo/ && ( test -e Makefile || /usr/lib64/qt5/bin/qmake -o Makefile /home/q5sys/git/lumina/src-qt5/desktop-utils/lumina-fileinfo/lumina-fileinfo.pro 'QMAKE_CFLAGS_DEBUG=-O2 -flto=auto -ffat-lto-objects -fexceptions -g -grecord-gcc-switches -pipe -Wall -Werror=format-security -Wp,-D_FORTIFY_SOURCE=2 -Wp,-D_GLIBCXX_ASSERTIONS -specs=/usr/lib/rpm/redhat/redhat-hardened-cc1 -fstack-protector-strong -specs=/usr/lib/rpm/redhat/redhat-annobin-cc1  -m64  -mtune=generic -fasynchronous-unwind-tables -fstack-clash-protection -fcf-protection ' 'QMAKE_CFLAGS_RELEASE=-O2 -flto=auto -ffat-lto-objects -fexceptions -g -grecord-gcc-switches -pipe -Wall -Werror=format-security -Wp,-D_FORTIFY_SOURCE=2 -Wp,-D_GLIBCXX_ASSERTIONS -specs=/usr/lib/rpm/redhat/redhat-hardened-cc1 -fstack-protector-strong -specs=/usr/lib/rpm/redhat/redhat-annobin-cc1  -m64  -mtune=generic -fasynchronous-unwind-tables -fstack-clash-protection -fcf-protection ' 'QMAKE_CXXFLAGS_DEBUG=-O2 -flto=auto -ffat-lto-objects -fexceptions -g -grecord-gcc-switches -pipe -Wall -Werror=format-security -Wp,-D_FORTIFY_SOURCE=2 -Wp,-D_GLIBCXX_ASSERTIONS -specs=/usr/lib/rpm/redhat/redhat-hardened-cc1 -fstack-protector-strong -specs=/usr/lib/rpm/redhat/redhat-annobin-cc1  -m64  -mtune=generic -fasynchronous-unwind-tables -fstack-clash-protection -fcf-protection ' 'QMAKE_CXXFLAGS_RELEASE=-O2 -flto=auto -ffat-lto-objects -fexceptions -g -grecord-gcc-switches -pipe -Wall -Werror=format-security -Wp,-D_FORTIFY_SOURCE=2 -Wp,-D_GLIBCXX_ASSERTIONS -specs=/usr/lib/rpm/redhat/redhat-hardened-cc1 -fstack-protector-strong -specs=/usr/lib/rpm/redhat/redhat-annobin-cc1  -m64  -mtune=generic -fasynchronous-unwind-tables -fstack-clash-protection -fcf-protection ' 'QMAKE_LFLAGS_DEBUG=-Wl,-z,relro -Wl,--as-needed  -Wl,-z,now -specs=/usr/lib/rpm/redhat/redhat-hardened-ld ' 'QMAKE_LFLAGS_RELEASE=-Wl,-z,relro -Wl,--as-needed  -Wl,-z,now -specs=/usr/lib/rpm/redhat/redhat-hardened-ld ' QMAKE_STRIP= CONFIG+=configure LIBPREFIX=/usr/lib64 L_BINDIR=/usr/bin L_LIBDIR=/usr/lib64 L_SHAREDIR=/usr/share L_ETCDIR=/etc L_INCLUDEDIR=/usr/include L_MANDIR=/usr/share/man QT5LIBDIR=/usr QMAKE_LFLAGS+=-Wl,--as-needed ) && make -f Makefile 
Project MESSAGE: Build OS Info: Linux, x86_64, #1 SMP Wed Jun 23 16:18:11 UTC 2021
Project MESSAGE:  - Detected Qt Version: 5.15.2
Project MESSAGE: Build Settings Loaded: Linux -
make[3]: Entering directory '/home/q5sys/git/lumina/src-qt5/desktop-utils/lumina-fileinfo'
/usr/lib64/qt5/bin/uic MainUI.ui -o .build/ui/ui_MainUI.h
g++ -c -pipe -O2 -flto=auto -ffat-lto-objects -fexceptions -g -grecord-gcc-switches -pipe -Wall -Werror=format-security -Wp,-D_FORTIFY_SOURCE=2 -Wp,-D_GLIBCXX_ASSERTIONS -specs=/usr/lib/rpm/redhat/redhat-hardened-cc1 -fstack-protector-strong -specs=/usr/lib/rpm/redhat/redhat-annobin-cc1 -m64 -mtune=generic -fasynchronous-unwind-tables -fstack-clash-protection -fcf-protection -std=gnu++11 -Wall -Wextra -D_REENTRANT -fPIC -DPREFIX=QString\(\"/usr\"\) -DL_ETCDIR=QString\(\"/etc\"\) -DL_SHAREDIR=QString\(\"/usr/share\"\) -DGIT_VERSION="\"a88ea52f\"" -DQT_NO_DEBUG -DQT_SVG_LIB -DQT_WIDGETS_LIB -DQT_MULTIMEDIA_LIB -DQT_GUI_LIB -DQT_CONCURRENT_LIB -DQT_NETWORK_LIB -DQT_CORE_LIB -I. -I../../core/libLumina -I/usr/include/qt5 -I/usr -I/usr/include -I/home/q5sys/git/lumina/src-qt5/desktop-utils/lumina-fileinfo -I/usr/include/qt5/QtSvg -I/usr/include/qt5/QtWidgets -I/usr/include/qt5/QtMultimedia -I/usr/include/qt5/QtGui -I/usr/include/qt5/QtConcurrent -I/usr/include/qt5/QtNetwork -I/usr/include/qt5/QtCore -I.build/moc -I.build/ui -I/usr/lib64/qt5/mkspecs/linux-g++ -o .build/obj/LuminaOS-Linux.o ../../core/libLumina/LuminaOS-Linux.cpp
/usr/lib64/qt5/bin/moc -DPREFIX=QString\(\"/usr\"\) -DL_ETCDIR=QString\(\"/etc\"\) -DL_SHAREDIR=QString\(\"/usr/share\"\) -DGIT_VERSION="\"a88ea52f\"" -DQT_NO_DEBUG -DQT_MULTIMEDIAWIDGETS_LIB -DQT_SVG_LIB -DQT_WIDGETS_LIB -DQT_MULTIMEDIA_LIB -DQT_X11EXTRAS_LIB -DQT_GUI_LIB -DQT_NETWORK_LIB -DQT_CONCURRENT_LIB -DQT_CORE_LIB --include /home/q5sys/git/lumina/src-qt5/desktop-utils/lumina-fm/.build/moc/moc_predefs.h -I/usr/lib64/qt5/mkspecs/linux-g++ -I/home/q5sys/git/lumina/src-qt5/desktop-utils/lumina-fm -I/home/q5sys/git/lumina/src-qt5/core/libLumina -I/usr/include/qt5 -I/usr -I/usr/include -I'/home/q5sys/git/lumina/src-qt5/desktop-utils/lumina-fm//home/q5sys/git/lumina/src-qt5/desktop-utils/lumina-fm' -I/usr/include/qt5/QtMultimediaWidgets -I/usr/include/qt5/QtSvg -I/usr/include/qt5/QtWidgets -I/usr/include/qt5/QtMultimedia -I/usr/include/qt5/QtX11Extras -I/usr/include/qt5/QtGui -I/usr/include/qt5/QtNetwork -I/usr/include/qt5/QtConcurrent -I/usr/include/qt5/QtCore -I/usr/include/c++/11 -I/usr/include/c++/11/x86_64-redhat-linux -I/usr/include/c++/11/backward -I/usr/lib/gcc/x86_64-redhat-linux/11/include -I/usr/local/include -I/usr/include gitCompat.h -o .build/moc/moc_gitCompat.cpp
/usr/lib64/qt5/bin/moc -DPREFIX=QString\(\"/usr\"\) -DL_ETCDIR=QString\(\"/etc\"\) -DL_SHAREDIR=QString\(\"/usr/share\"\) -DGIT_VERSION="\"a88ea52f\"" -DQT_NO_DEBUG -DQT_MULTIMEDIAWIDGETS_LIB -DQT_SVG_LIB -DQT_WIDGETS_LIB -DQT_MULTIMEDIA_LIB -DQT_X11EXTRAS_LIB -DQT_GUI_LIB -DQT_NETWORK_LIB -DQT_CONCURRENT_LIB -DQT_CORE_LIB --include /home/q5sys/git/lumina/src-qt5/desktop-utils/lumina-fm/.build/moc/moc_predefs.h -I/usr/lib64/qt5/mkspecs/linux-g++ -I/home/q5sys/git/lumina/src-qt5/desktop-utils/lumina-fm -I/home/q5sys/git/lumina/src-qt5/core/libLumina -I/usr/include/qt5 -I/usr -I/usr/include -I'/home/q5sys/git/lumina/src-qt5/desktop-utils/lumina-fm//home/q5sys/git/lumina/src-qt5/desktop-utils/lumina-fm' -I/usr/include/qt5/QtMultimediaWidgets -I/usr/include/qt5/QtSvg -I/usr/include/qt5/QtWidgets -I/usr/include/qt5/QtMultimedia -I/usr/include/qt5/QtX11Extras -I/usr/include/qt5/QtGui -I/usr/include/qt5/QtNetwork -I/usr/include/qt5/QtConcurrent -I/usr/include/qt5/QtCore -I/usr/include/c++/11 -I/usr/include/c++/11/x86_64-redhat-linux -I/usr/include/c++/11/backward -I/usr/lib/gcc/x86_64-redhat-linux/11/include -I/usr/local/include -I/usr/include gitWizard.h -o .build/moc/moc_gitWizard.cpp
/usr/lib64/qt5/bin/moc -DPREFIX=QString\(\"/usr\"\) -DL_ETCDIR=QString\(\"/etc\"\) -DL_SHAREDIR=QString\(\"/usr/share\"\) -DGIT_VERSION="\"a88ea52f\"" -DQT_NO_DEBUG -DQT_MULTIMEDIAWIDGETS_LIB -DQT_SVG_LIB -DQT_WIDGETS_LIB -DQT_MULTIMEDIA_LIB -DQT_X11EXTRAS_LIB -DQT_GUI_LIB -DQT_NETWORK_LIB -DQT_CONCURRENT_LIB -DQT_CORE_LIB --include /home/q5sys/git/lumina/src-qt5/desktop-utils/lumina-fm/.build/moc/moc_predefs.h -I/usr/lib64/qt5/mkspecs/linux-g++ -I/home/q5sys/git/lumina/src-qt5/desktop-utils/lumina-fm -I/home/q5sys/git/lumina/src-qt5/core/libLumina -I/usr/include/qt5 -I/usr -I/usr/include -I'/home/q5sys/git/lumina/src-qt5/desktop-utils/lumina-fm//home/q5sys/git/lumina/src-qt5/desktop-utils/lumina-fm' -I/usr/include/qt5/QtMultimediaWidgets -I/usr/include/qt5/QtSvg -I/usr/include/qt5/QtWidgets -I/usr/include/qt5/QtMultimedia -I/usr/include/qt5/QtX11Extras -I/usr/include/qt5/QtGui -I/usr/include/qt5/QtNetwork -I/usr/include/qt5/QtConcurrent -I/usr/include/qt5/QtCore -I/usr/include/c++/11 -I/usr/include/c++/11/x86_64-redhat-linux -I/usr/include/c++/11/backward -I/usr/lib/gcc/x86_64-redhat-linux/11/include -I/usr/local/include -I/usr/include Browser.h -o .build/moc/moc_Browser.cpp
/usr/lib64/qt5/bin/moc -DPREFIX=QString\(\"/usr\"\) -DL_ETCDIR=QString\(\"/etc\"\) -DL_SHAREDIR=QString\(\"/usr/share\"\) -DGIT_VERSION="\"a88ea52f\"" -DQT_NO_DEBUG -DQT_MULTIMEDIAWIDGETS_LIB -DQT_SVG_LIB -DQT_WIDGETS_LIB -DQT_MULTIMEDIA_LIB -DQT_X11EXTRAS_LIB -DQT_GUI_LIB -DQT_NETWORK_LIB -DQT_CONCURRENT_LIB -DQT_CORE_LIB --include /home/q5sys/git/lumina/src-qt5/desktop-utils/lumina-fm/.build/moc/moc_predefs.h -I/usr/lib64/qt5/mkspecs/linux-g++ -I/home/q5sys/git/lumina/src-qt5/desktop-utils/lumina-fm -I/home/q5sys/git/lumina/src-qt5/core/libLumina -I/usr/include/qt5 -I/usr -I/usr/include -I'/home/q5sys/git/lumina/src-qt5/desktop-utils/lumina-fm//home/q5sys/git/lumina/src-qt5/desktop-utils/lumina-fm' -I/usr/include/qt5/QtMultimediaWidgets -I/usr/include/qt5/QtSvg -I/usr/include/qt5/QtWidgets -I/usr/include/qt5/QtMultimedia -I/usr/include/qt5/QtX11Extras -I/usr/include/qt5/QtGui -I/usr/include/qt5/QtNetwork -I/usr/include/qt5/QtConcurrent -I/usr/include/qt5/QtCore -I/usr/include/c++/11 -I/usr/include/c++/11/x86_64-redhat-linux -I/usr/include/c++/11/backward -I/usr/lib/gcc/x86_64-redhat-linux/11/include -I/usr/local/include -I/usr/include BrowserWidget.h -o .build/moc/moc_BrowserWidget.cpp
/usr/lib64/qt5/bin/moc -DPREFIX=QString\(\"/usr\"\) -DL_ETCDIR=QString\(\"/etc\"\) -DL_SHAREDIR=QString\(\"/usr/share\"\) -DGIT_VERSION="\"a88ea52f\"" -DQT_NO_DEBUG -DQT_MULTIMEDIAWIDGETS_LIB -DQT_SVG_LIB -DQT_WIDGETS_LIB -DQT_MULTIMEDIA_LIB -DQT_X11EXTRAS_LIB -DQT_GUI_LIB -DQT_NETWORK_LIB -DQT_CONCURRENT_LIB -DQT_CORE_LIB --include /home/q5sys/git/lumina/src-qt5/desktop-utils/lumina-fm/.build/moc/moc_predefs.h -I/usr/lib64/qt5/mkspecs/linux-g++ -I/home/q5sys/git/lumina/src-qt5/desktop-utils/lumina-fm -I/home/q5sys/git/lumina/src-qt5/core/libLumina -I/usr/include/qt5 -I/usr -I/usr/include -I'/home/q5sys/git/lumina/src-qt5/desktop-utils/lumina-fm//home/q5sys/git/lumina/src-qt5/desktop-utils/lumina-fm' -I/usr/include/qt5/QtMultimediaWidgets -I/usr/include/qt5/QtSvg -I/usr/include/qt5/QtWidgets -I/usr/include/qt5/QtMultimedia -I/usr/include/qt5/QtX11Extras -I/usr/include/qt5/QtGui -I/usr/include/qt5/QtNetwork -I/usr/include/qt5/QtConcurrent -I/usr/include/qt5/QtCore -I/usr/include/c++/11 -I/usr/include/c++/11/x86_64-redhat-linux -I/usr/include/c++/11/backward -I/usr/lib/gcc/x86_64-redhat-linux/11/include -I/usr/local/include -I/usr/include TrayUI.h -o .build/moc/moc_TrayUI.cpp
/usr/lib64/qt5/bin/moc -DPREFIX=QString\(\"/usr\"\) -DL_ETCDIR=QString\(\"/etc\"\) -DL_SHAREDIR=QString\(\"/usr/share\"\) -DGIT_VERSION="\"a88ea52f\"" -DQT_NO_DEBUG -DQT_MULTIMEDIAWIDGETS_LIB -DQT_SVG_LIB -DQT_WIDGETS_LIB -DQT_MULTIMEDIA_LIB -DQT_X11EXTRAS_LIB -DQT_GUI_LIB -DQT_NETWORK_LIB -DQT_CONCURRENT_LIB -DQT_CORE_LIB --include /home/q5sys/git/lumina/src-qt5/desktop-utils/lumina-fm/.build/moc/moc_predefs.h -I/usr/lib64/qt5/mkspecs/linux-g++ -I/home/q5sys/git/lumina/src-qt5/desktop-utils/lumina-fm -I/home/q5sys/git/lumina/src-qt5/core/libLumina -I/usr/include/qt5 -I/usr -I/usr/include -I'/home/q5sys/git/lumina/src-qt5/desktop-utils/lumina-fm//home/q5sys/git/lumina/src-qt5/desktop-utils/lumina-fm' -I/usr/include/qt5/QtMultimediaWidgets -I/usr/include/qt5/QtSvg -I/usr/include/qt5/QtWidgets -I/usr/include/qt5/QtMultimedia -I/usr/include/qt5/QtX11Extras -I/usr/include/qt5/QtGui -I/usr/include/qt5/QtNetwork -I/usr/include/qt5/QtConcurrent -I/usr/include/qt5/QtCore -I/usr/include/c++/11 -I/usr/include/c++/11/x86_64-redhat-linux -I/usr/include/c++/11/backward -I/usr/lib/gcc/x86_64-redhat-linux/11/include -I/usr/local/include -I/usr/include OPWidget.h -o .build/moc/moc_OPWidget.cpp
../../core/libLumina/LuminaOS-Linux.cpp: In static member function ‘static void LOS::startMixerUtility()’:
../../core/libLumina/LuminaOS-Linux.cpp:134:26: warning: ‘static bool QProcess::startDetached(const QString&)’ is deprecated: Use QProcess::startDetached(const QString &program, const QStringList &arguments) instead [-Wdeprecated-declarations]
  134 |   QProcess::startDetached(LOS::AppPrefix() + "bin/pavucontrol");
      |   ~~~~~~~~~~~~~~~~~~~~~~~^~~~~~~~~~~~~~~~~~~~~~~~~~~~~~~~~~~~~~
In file included from /usr/include/qt5/QtCore/QProcess:1,
                 from ../../core/libLumina/LuminaOS.h:17,
                 from ../../core/libLumina/LuminaOS-Linux.cpp:9:
/usr/include/qt5/QtCore/qprocess.h:280:17: note: declared here
  280 |     static bool startDetached(const QString &command);
      |                 ^~~~~~~~~~~~~
../../core/libLumina/LuminaOS-Linux.cpp: In static member function ‘static void LOS::systemShutdown(bool)’:
../../core/libLumina/LuminaOS-Linux.cpp:155:26: warning: ‘static bool QProcess::startDetached(const QString&)’ is deprecated: Use QProcess::startDetached(const QString &program, const QStringList &arguments) instead [-Wdeprecated-declarations]
  155 |   QProcess::startDetached("shutdown -P -h now");
      |   ~~~~~~~~~~~~~~~~~~~~~~~^~~~~~~~~~~~~~~~~~~~~~
In file included from /usr/include/qt5/QtCore/QProcess:1,
                 from ../../core/libLumina/LuminaOS.h:17,
                 from ../../core/libLumina/LuminaOS-Linux.cpp:9:
/usr/include/qt5/QtCore/qprocess.h:280:17: note: declared here
  280 |     static bool startDetached(const QString &command);
      |                 ^~~~~~~~~~~~~
../../core/libLumina/LuminaOS-Linux.cpp: In static member function ‘static void LOS::systemRestart(bool)’:
../../core/libLumina/LuminaOS-Linux.cpp:161:26: warning: ‘static bool QProcess::startDetached(const QString&)’ is deprecated: Use QProcess::startDetached(const QString &program, const QStringList &arguments) instead [-Wdeprecated-declarations]
  161 |   QProcess::startDetached("shutdown -r now");
      |   ~~~~~~~~~~~~~~~~~~~~~~~^~~~~~~~~~~~~~~~~~~
In file included from /usr/include/qt5/QtCore/QProcess:1,
                 from ../../core/libLumina/LuminaOS.h:17,
                 from ../../core/libLumina/LuminaOS-Linux.cpp:9:
/usr/include/qt5/QtCore/qprocess.h:280:17: note: declared here
  280 |     static bool startDetached(const QString &command);
      |                 ^~~~~~~~~~~~~
g++ -c -pipe -O2 -flto=auto -ffat-lto-objects -fexceptions -g -grecord-gcc-switches -pipe -Wall -Werror=format-security -Wp,-D_FORTIFY_SOURCE=2 -Wp,-D_GLIBCXX_ASSERTIONS -specs=/usr/lib/rpm/redhat/redhat-hardened-cc1 -fstack-protector-strong -specs=/usr/lib/rpm/redhat/redhat-annobin-cc1 -m64 -mtune=generic -fasynchronous-unwind-tables -fstack-clash-protection -fcf-protection -std=gnu++11 -Wall -Wextra -D_REENTRANT -fPIC -DPREFIX=QString\(\"/usr\"\) -DL_ETCDIR=QString\(\"/etc\"\) -DL_SHAREDIR=QString\(\"/usr/share\"\) -DGIT_VERSION="\"a88ea52f\"" -DQT_NO_DEBUG -DQT_MULTIMEDIAWIDGETS_LIB -DQT_SVG_LIB -DQT_WIDGETS_LIB -DQT_MULTIMEDIA_LIB -DQT_X11EXTRAS_LIB -DQT_GUI_LIB -DQT_NETWORK_LIB -DQT_CONCURRENT_LIB -DQT_CORE_LIB -I. -I../../core/libLumina -I/usr/include/qt5 -I/usr -I/usr/include -I/home/q5sys/git/lumina/src-qt5/desktop-utils/lumina-fm -I/usr/include/qt5/QtMultimediaWidgets -I/usr/include/qt5/QtSvg -I/usr/include/qt5/QtWidgets -I/usr/include/qt5/QtMultimedia -I/usr/include/qt5/QtX11Extras -I/usr/include/qt5/QtGui -I/usr/include/qt5/QtNetwork -I/usr/include/qt5/QtConcurrent -I/usr/include/qt5/QtCore -I.build/moc -I.build/ui -I/usr/lib64/qt5/mkspecs/linux-g++ -o .build/obj/moc_LuminaThemes.o .build/moc/moc_LuminaThemes.cpp
g++ -c -pipe -O2 -flto=auto -ffat-lto-objects -fexceptions -g -grecord-gcc-switches -pipe -Wall -Werror=format-security -Wp,-D_FORTIFY_SOURCE=2 -Wp,-D_GLIBCXX_ASSERTIONS -specs=/usr/lib/rpm/redhat/redhat-hardened-cc1 -fstack-protector-strong -specs=/usr/lib/rpm/redhat/redhat-annobin-cc1 -m64 -mtune=generic -fasynchronous-unwind-tables -fstack-clash-protection -fcf-protection -std=gnu++11 -Wall -Wextra -D_REENTRANT -fPIC -DPREFIX=QString\(\"/usr\"\) -DL_ETCDIR=QString\(\"/etc\"\) -DL_SHAREDIR=QString\(\"/usr/share\"\) -DGIT_VERSION="\"a88ea52f\"" -DQT_NO_DEBUG -DQT_SVG_LIB -DQT_WIDGETS_LIB -DQT_MULTIMEDIA_LIB -DQT_GUI_LIB -DQT_CONCURRENT_LIB -DQT_NETWORK_LIB -DQT_CORE_LIB -I. -I../../core/libLumina -I/usr/include/qt5 -I/usr -I/usr/include -I/home/q5sys/git/lumina/src-qt5/desktop-utils/lumina-fileinfo -I/usr/include/qt5/QtSvg -I/usr/include/qt5/QtWidgets -I/usr/include/qt5/QtMultimedia -I/usr/include/qt5/QtGui -I/usr/include/qt5/QtConcurrent -I/usr/include/qt5/QtNetwork -I/usr/include/qt5/QtCore -I.build/moc -I.build/ui -I/usr/lib64/qt5/mkspecs/linux-g++ -o .build/obj/LUtils.o ../../core/libLumina/LUtils.cpp
g++ -c -pipe -O2 -flto=auto -ffat-lto-objects -fexceptions -g -grecord-gcc-switches -pipe -Wall -Werror=format-security -Wp,-D_FORTIFY_SOURCE=2 -Wp,-D_GLIBCXX_ASSERTIONS -specs=/usr/lib/rpm/redhat/redhat-hardened-cc1 -fstack-protector-strong -specs=/usr/lib/rpm/redhat/redhat-annobin-cc1 -m64 -mtune=generic -fasynchronous-unwind-tables -fstack-clash-protection -fcf-protection -std=gnu++11 -Wall -Wextra -D_REENTRANT -fPIC -DPREFIX=QString\(\"/usr\"\) -DL_ETCDIR=QString\(\"/etc\"\) -DL_SHAREDIR=QString\(\"/usr/share\"\) -DGIT_VERSION="\"a88ea52f\"" -DNO_XINPUT -DQT_NO_DEBUG -DQT_SVG_LIB -DQT_WIDGETS_LIB -DQT_X11EXTRAS_LIB -DQT_MULTIMEDIA_LIB -DQT_GUI_LIB -DQT_NETWORK_LIB -DQT_CONCURRENT_LIB -DQT_CORE_LIB -I. -I../../core/libLumina -I/usr/include/qt5 -I/usr -I/usr/include -I/home/q5sys/git/lumina/src-qt5/core-utils/lumina-config -I/usr/include/qt5/QtSvg -I/usr/include/qt5/QtWidgets -I/usr/include/qt5/QtX11Extras -I/usr/include/qt5/QtMultimedia -I/usr/include/qt5/QtGui -I/usr/include/qt5/QtNetwork -I/usr/include/qt5/QtConcurrent -I/usr/include/qt5/QtCore -I.build/moc -I.build/ui -I/usr/lib64/qt5/mkspecs/linux-g++ -o .build/obj/moc_PageWidget.o .build/moc/moc_PageWidget.cpp
g++ -c -pipe -O2 -flto=auto -ffat-lto-objects -fexceptions -g -grecord-gcc-switches -pipe -Wall -Werror=format-security -Wp,-D_FORTIFY_SOURCE=2 -Wp,-D_GLIBCXX_ASSERTIONS -specs=/usr/lib/rpm/redhat/redhat-hardened-cc1 -fstack-protector-strong -specs=/usr/lib/rpm/redhat/redhat-annobin-cc1 -m64 -mtune=generic -fasynchronous-unwind-tables -fstack-clash-protection -fcf-protection -std=gnu++11 -Wall -Wextra -D_REENTRANT -fPIC -DPREFIX=QString\(\"/usr\"\) -DL_ETCDIR=QString\(\"/etc\"\) -DL_SHAREDIR=QString\(\"/usr/share\"\) -DGIT_VERSION="\"a88ea52f\"" -DQT_NO_DEBUG -DQT_SVG_LIB -DQT_WIDGETS_LIB -DQT_MULTIMEDIA_LIB -DQT_GUI_LIB -DQT_CONCURRENT_LIB -DQT_NETWORK_LIB -DQT_CORE_LIB -I. -I../../core/libLumina -I/usr/include/qt5 -I/usr -I/usr/include -I/home/q5sys/git/lumina/src-qt5/desktop-utils/lumina-fileinfo -I/usr/include/qt5/QtSvg -I/usr/include/qt5/QtWidgets -I/usr/include/qt5/QtMultimedia -I/usr/include/qt5/QtGui -I/usr/include/qt5/QtConcurrent -I/usr/include/qt5/QtNetwork -I/usr/include/qt5/QtCore -I.build/moc -I.build/ui -I/usr/lib64/qt5/mkspecs/linux-g++ -o .build/obj/LuminaXDG.o ../../core/libLumina/LuminaXDG.cpp
g++ -c -pipe -O2 -flto=auto -ffat-lto-objects -fexceptions -g -grecord-gcc-switches -pipe -Wall -Werror=format-security -Wp,-D_FORTIFY_SOURCE=2 -Wp,-D_GLIBCXX_ASSERTIONS -specs=/usr/lib/rpm/redhat/redhat-hardened-cc1 -fstack-protector-strong -specs=/usr/lib/rpm/redhat/redhat-annobin-cc1 -m64 -mtune=generic -fasynchronous-unwind-tables -fstack-clash-protection -fcf-protection -std=gnu++11 -Wall -Wextra -D_REENTRANT -fPIC -DPREFIX=QString\(\"/usr\"\) -DL_ETCDIR=QString\(\"/etc\"\) -DL_SHAREDIR=QString\(\"/usr/share\"\) -DGIT_VERSION="\"a88ea52f\"" -DQT_NO_DEBUG -DQT_MULTIMEDIAWIDGETS_LIB -DQT_SVG_LIB -DQT_WIDGETS_LIB -DQT_MULTIMEDIA_LIB -DQT_X11EXTRAS_LIB -DQT_GUI_LIB -DQT_NETWORK_LIB -DQT_CONCURRENT_LIB -DQT_CORE_LIB -I. -I../../core/libLumina -I/usr/include/qt5 -I/usr -I/usr/include -I/home/q5sys/git/lumina/src-qt5/desktop-utils/lumina-fm -I/usr/include/qt5/QtMultimediaWidgets -I/usr/include/qt5/QtSvg -I/usr/include/qt5/QtWidgets -I/usr/include/qt5/QtMultimedia -I/usr/include/qt5/QtX11Extras -I/usr/include/qt5/QtGui -I/usr/include/qt5/QtNetwork -I/usr/include/qt5/QtConcurrent -I/usr/include/qt5/QtCore -I.build/moc -I.build/ui -I/usr/lib64/qt5/mkspecs/linux-g++ -o .build/obj/moc_LuminaXDG.o .build/moc/moc_LuminaXDG.cpp
../../core/libLumina/LUtils.cpp: In static member function ‘static QString LUtils::runCommand(bool&, QString, QStringList, QString, QStringList)’:
../../core/libLumina/LUtils.cpp:130:38: warning: ‘void QProcess::start(const QString&, QIODevice::OpenMode)’ is deprecated: Use QProcess::start(const QString &program, const QStringList &arguments,OpenMode mode = ReadWrite) instead [-Wdeprecated-declarations]
  130 |   if(arguments.isEmpty()){ proc.start(command); }
      |                            ~~~~~~~~~~^~~~~~~~~
In file included from /usr/include/qt5/QtCore/QProcess:1,
                 from ../../core/libLumina/LUtils.h:11,
                 from ../../core/libLumina/LUtils.cpp:7:
/usr/include/qt5/QtCore/qprocess.h:168:10: note: declared here
  168 |     void start(const QString &command, OpenMode mode = ReadWrite);
      |          ^~~~~
g++ -c -pipe -O2 -flto=auto -ffat-lto-objects -fexceptions -g -grecord-gcc-switches -pipe -Wall -Werror=format-security -Wp,-D_FORTIFY_SOURCE=2 -Wp,-D_GLIBCXX_ASSERTIONS -specs=/usr/lib/rpm/redhat/redhat-hardened-cc1 -fstack-protector-strong -specs=/usr/lib/rpm/redhat/redhat-annobin-cc1 -m64 -mtune=generic -fasynchronous-unwind-tables -fstack-clash-protection -fcf-protection -std=gnu++11 -Wall -Wextra -D_REENTRANT -fPIC -DPREFIX=QString\(\"/usr\"\) -DL_ETCDIR=QString\(\"/etc\"\) -DL_SHAREDIR=QString\(\"/usr/share\"\) -DGIT_VERSION="\"a88ea52f\"" -DNO_XINPUT -DQT_NO_DEBUG -DQT_SVG_LIB -DQT_WIDGETS_LIB -DQT_X11EXTRAS_LIB -DQT_MULTIMEDIA_LIB -DQT_GUI_LIB -DQT_NETWORK_LIB -DQT_CONCURRENT_LIB -DQT_CORE_LIB -I. -I../../core/libLumina -I/usr/include/qt5 -I/usr -I/usr/include -I/home/q5sys/git/lumina/src-qt5/core-utils/lumina-config -I/usr/include/qt5/QtSvg -I/usr/include/qt5/QtWidgets -I/usr/include/qt5/QtX11Extras -I/usr/include/qt5/QtMultimedia -I/usr/include/qt5/QtGui -I/usr/include/qt5/QtNetwork -I/usr/include/qt5/QtConcurrent -I/usr/include/qt5/QtCore -I.build/moc -I.build/ui -I/usr/lib64/qt5/mkspecs/linux-g++ -o .build/obj/moc_page_main.o .build/moc/moc_page_main.cpp
../../core/libLumina/LuminaXDG.cpp: In member function ‘void XDGDesktop::sync()’:
../../core/libLumina/LuminaXDG.cpp:117:65: warning: ‘QStringList QString::split(const QString&, QString::SplitBehavior, Qt::CaseSensitivity) const’ is deprecated: Use Qt::SplitBehavior variant instead [-Wdeprecated-declarations]
  117 |     else if(var=="Categories" && insection){ catList = val.split(";",QString::SkipEmptyParts); }
      |                                                        ~~~~~~~~~^~~~~~~~~~~~~~~~~~~~~~~~~~~~~
In file included from /usr/include/qt5/QtCore/qobject.h:47,
                 from /usr/include/qt5/QtCore/qiodevice.h:45,
                 from /usr/include/qt5/QtCore/qfiledevice.h:43,
                 from /usr/include/qt5/QtCore/qfile.h:44,
                 from /usr/include/qt5/QtCore/QFile:1,
                 from ../../core/libLumina/LuminaXDG.h:18,
                 from ../../core/libLumina/LuminaXDG.cpp:7:
/usr/include/qt5/QtCore/qstring.h:609:17: note: declared here
  609 |     QStringList split(const QString &sep, SplitBehavior behavior,
      |                 ^~~~~
../../core/libLumina/LuminaXDG.cpp:118:68: warning: ‘QStringList QString::split(const QString&, QString::SplitBehavior, Qt::CaseSensitivity) const’ is deprecated: Use Qt::SplitBehavior variant instead [-Wdeprecated-declarations]
  118 |     else if(var=="OnlyShowIn" && insection){ showInList = val.split(";",QString::SkipEmptyParts); }
      |                                                           ~~~~~~~~~^~~~~~~~~~~~~~~~~~~~~~~~~~~~~
In file included from /usr/include/qt5/QtCore/qobject.h:47,
                 from /usr/include/qt5/QtCore/qiodevice.h:45,
                 from /usr/include/qt5/QtCore/qfiledevice.h:43,
                 from /usr/include/qt5/QtCore/qfile.h:44,
                 from /usr/include/qt5/QtCore/QFile:1,
                 from ../../core/libLumina/LuminaXDG.h:18,
                 from ../../core/libLumina/LuminaXDG.cpp:7:
/usr/include/qt5/QtCore/qstring.h:609:17: note: declared here
  609 |     QStringList split(const QString &sep, SplitBehavior behavior,
      |                 ^~~~~
../../core/libLumina/LuminaXDG.cpp:119:70: warning: ‘QStringList QString::split(const QString&, QString::SplitBehavior, Qt::CaseSensitivity) const’ is deprecated: Use Qt::SplitBehavior variant instead [-Wdeprecated-declarations]
  119 |     else if(var=="NotShowIn" && insection){ notShowInList = val.split(";",QString::SkipEmptyParts); }
      |                                                             ~~~~~~~~~^~~~~~~~~~~~~~~~~~~~~~~~~~~~~
In file included from /usr/include/qt5/QtCore/qobject.h:47,
                 from /usr/include/qt5/QtCore/qiodevice.h:45,
                 from /usr/include/qt5/QtCore/qfiledevice.h:43,
                 from /usr/include/qt5/QtCore/qfile.h:44,
                 from /usr/include/qt5/QtCore/QFile:1,
                 from ../../core/libLumina/LuminaXDG.h:18,
                 from ../../core/libLumina/LuminaXDG.cpp:7:
/usr/include/qt5/QtCore/qstring.h:609:17: note: declared here
  609 |     QStringList split(const QString &sep, SplitBehavior behavior,
      |                 ^~~~~
../../core/libLumina/LuminaXDG.cpp:121:65: warning: ‘QStringList QString::split(const QString&, QString::SplitBehavior, Qt::CaseSensitivity) const’ is deprecated: Use Qt::SplitBehavior variant instead [-Wdeprecated-declarations]
  121 |     else if(var=="Actions" && insection){ actionList = val.split(";",QString::SkipEmptyParts); }
      |                                                        ~~~~~~~~~^~~~~~~~~~~~~~~~~~~~~~~~~~~~~
In file included from /usr/include/qt5/QtCore/qobject.h:47,
                 from /usr/include/qt5/QtCore/qiodevice.h:45,
                 from /usr/include/qt5/QtCore/qfiledevice.h:43,
                 from /usr/include/qt5/QtCore/qfile.h:44,
                 from /usr/include/qt5/QtCore/QFile:1,
                 from ../../core/libLumina/LuminaXDG.h:18,
                 from ../../core/libLumina/LuminaXDG.cpp:7:
/usr/include/qt5/QtCore/qstring.h:609:17: note: declared here
  609 |     QStringList split(const QString &sep, SplitBehavior behavior,
      |                 ^~~~~
../../core/libLumina/LuminaXDG.cpp:122:64: warning: ‘QStringList QString::split(const QString&, QString::SplitBehavior, Qt::CaseSensitivity) const’ is deprecated: Use Qt::SplitBehavior variant instead [-Wdeprecated-declarations]
  122 |     else if(var=="MimeType" && insection){ mimeList = val.split(";",QString::SkipEmptyParts); }
      |                                                       ~~~~~~~~~^~~~~~~~~~~~~~~~~~~~~~~~~~~~~
In file included from /usr/include/qt5/QtCore/qobject.h:47,
                 from /usr/include/qt5/QtCore/qiodevice.h:45,
                 from /usr/include/qt5/QtCore/qfiledevice.h:43,
                 from /usr/include/qt5/QtCore/qfile.h:44,
                 from /usr/include/qt5/QtCore/QFile:1,
                 from ../../core/libLumina/LuminaXDG.h:18,
                 from ../../core/libLumina/LuminaXDG.cpp:7:
/usr/include/qt5/QtCore/qstring.h:609:17: note: declared here
  609 |     QStringList split(const QString &sep, SplitBehavior behavior,
      |                 ^~~~~
../../core/libLumina/LuminaXDG.cpp:124:66: warning: ‘QStringList QString::split(const QString&, QString::SplitBehavior, Qt::CaseSensitivity) const’ is deprecated: Use Qt::SplitBehavior variant instead [-Wdeprecated-declarations]
  124 |       if(keyList.isEmpty() && loc.isEmpty()){ keyList = val.split(";",QString::SkipEmptyParts); }
      |                                                         ~~~~~~~~~^~~~~~~~~~~~~~~~~~~~~~~~~~~~~
In file included from /usr/include/qt5/QtCore/qobject.h:47,
                 from /usr/include/qt5/QtCore/qiodevice.h:45,
                 from /usr/include/qt5/QtCore/qfiledevice.h:43,
                 from /usr/include/qt5/QtCore/qfile.h:44,
                 from /usr/include/qt5/QtCore/QFile:1,
                 from ../../core/libLumina/LuminaXDG.h:18,
                 from ../../core/libLumina/LuminaXDG.cpp:7:
/usr/include/qt5/QtCore/qstring.h:609:17: note: declared here
  609 |     QStringList split(const QString &sep, SplitBehavior behavior,
      |                 ^~~~~
../../core/libLumina/LuminaXDG.cpp:125:48: warning: ‘QStringList QString::split(const QString&, QString::SplitBehavior, Qt::CaseSensitivity) const’ is deprecated: Use Qt::SplitBehavior variant instead [-Wdeprecated-declarations]
  125 |       else if(loc == lang){ keyList = val.split(";",QString::SkipEmptyParts); }
      |                                       ~~~~~~~~~^~~~~~~~~~~~~~~~~~~~~~~~~~~~~
In file included from /usr/include/qt5/QtCore/qobject.h:47,
                 from /usr/include/qt5/QtCore/qiodevice.h:45,
                 from /usr/include/qt5/QtCore/qfiledevice.h:43,
                 from /usr/include/qt5/QtCore/qfile.h:44,
                 from /usr/include/qt5/QtCore/QFile:1,
                 from ../../core/libLumina/LuminaXDG.h:18,
                 from ../../core/libLumina/LuminaXDG.cpp:7:
/usr/include/qt5/QtCore/qstring.h:609:17: note: declared here
  609 |     QStringList split(const QString &sep, SplitBehavior behavior,
      |                 ^~~~~
../../core/libLumina/LuminaXDG.cpp: In static member function ‘static QStringList LXDG::getIconThemeDepChain(QString, QStringList)’:
../../core/libLumina/LuminaXDG.cpp:1042:52: warning: ‘QStringList QString::split(const QString&, QString::SplitBehavior, Qt::CaseSensitivity) const’ is deprecated: Use Qt::SplitBehavior variant instead [-Wdeprecated-declarations]
 1042 |         deps = deps.first().section("=",1,-1).split(";",QString::SkipEmptyParts);
      |                ~~~~~~~~~~~~~~~~~~~~~~~~~~~~~~~~~~~~^~~~~~~~~~~~~~~~~~~~~~~~~~~~~
In file included from /usr/include/qt5/QtCore/qobject.h:47,
                 from /usr/include/qt5/QtCore/qiodevice.h:45,
                 from /usr/include/qt5/QtCore/qfiledevice.h:43,
                 from /usr/include/qt5/QtCore/qfile.h:44,
                 from /usr/include/qt5/QtCore/QFile:1,
                 from ../../core/libLumina/LuminaXDG.h:18,
                 from ../../core/libLumina/LuminaXDG.cpp:7:
/usr/include/qt5/QtCore/qstring.h:609:17: note: declared here
  609 |     QStringList split(const QString &sep, SplitBehavior behavior,
      |                 ^~~~~
../../core/libLumina/LuminaXDG.cpp: In static member function ‘static QStringList LXDG::findAvailableAppsForMime(QString)’:
../../core/libLumina/LuminaXDG.cpp:1310:62: warning: ‘QStringList QString::split(const QString&, QString::SplitBehavior, Qt::CaseSensitivity) const’ is deprecated: Use Qt::SplitBehavior variant instead [-Wdeprecated-declarations]
 1310 |         QStringList files = matches[j].section("=",1,1).split(";",QString::SkipEmptyParts);
      |                             ~~~~~~~~~~~~~~~~~~~~~~~~~~~~~~~~~^~~~~~~~~~~~~~~~~~~~~~~~~~~~~
In file included from /usr/include/qt5/QtCore/qobject.h:47,
                 from /usr/include/qt5/QtCore/qiodevice.h:45,
                 from /usr/include/qt5/QtCore/qfiledevice.h:43,
                 from /usr/include/qt5/QtCore/qfile.h:44,
                 from /usr/include/qt5/QtCore/QFile:1,
                 from ../../core/libLumina/LuminaXDG.h:18,
                 from ../../core/libLumina/LuminaXDG.cpp:7:
/usr/include/qt5/QtCore/qstring.h:609:17: note: declared here
  609 |     QStringList split(const QString &sep, SplitBehavior behavior,
      |                 ^~~~~
g++ -c -pipe -O2 -flto=auto -ffat-lto-objects -fexceptions -g -grecord-gcc-switches -pipe -Wall -Werror=format-security -Wp,-D_FORTIFY_SOURCE=2 -Wp,-D_GLIBCXX_ASSERTIONS -specs=/usr/lib/rpm/redhat/redhat-hardened-cc1 -fstack-protector-strong -specs=/usr/lib/rpm/redhat/redhat-annobin-cc1 -m64 -mtune=generic -fasynchronous-unwind-tables -fstack-clash-protection -fcf-protection -std=gnu++11 -Wall -Wextra -D_REENTRANT -fPIC -DPREFIX=QString\(\"/usr\"\) -DL_ETCDIR=QString\(\"/etc\"\) -DL_SHAREDIR=QString\(\"/usr/share\"\) -DGIT_VERSION="\"a88ea52f\"" -DQT_NO_DEBUG -DQT_MULTIMEDIAWIDGETS_LIB -DQT_SVG_LIB -DQT_WIDGETS_LIB -DQT_MULTIMEDIA_LIB -DQT_X11EXTRAS_LIB -DQT_GUI_LIB -DQT_NETWORK_LIB -DQT_CONCURRENT_LIB -DQT_CORE_LIB -I. -I../../core/libLumina -I/usr/include/qt5 -I/usr -I/usr/include -I/home/q5sys/git/lumina/src-qt5/desktop-utils/lumina-fm -I/usr/include/qt5/QtMultimediaWidgets -I/usr/include/qt5/QtSvg -I/usr/include/qt5/QtWidgets -I/usr/include/qt5/QtMultimedia -I/usr/include/qt5/QtX11Extras -I/usr/include/qt5/QtGui -I/usr/include/qt5/QtNetwork -I/usr/include/qt5/QtConcurrent -I/usr/include/qt5/QtCore -I.build/moc -I.build/ui -I/usr/lib64/qt5/mkspecs/linux-g++ -o .build/obj/moc_LuminaSingleApplication.o .build/moc/moc_LuminaSingleApplication.cpp
g++ -c -pipe -O2 -flto=auto -ffat-lto-objects -fexceptions -g -grecord-gcc-switches -pipe -Wall -Werror=format-security -Wp,-D_FORTIFY_SOURCE=2 -Wp,-D_GLIBCXX_ASSERTIONS -specs=/usr/lib/rpm/redhat/redhat-hardened-cc1 -fstack-protector-strong -specs=/usr/lib/rpm/redhat/redhat-annobin-cc1 -m64 -mtune=generic -fasynchronous-unwind-tables -fstack-clash-protection -fcf-protection -std=gnu++11 -Wall -Wextra -D_REENTRANT -fPIC -DPREFIX=QString\(\"/usr\"\) -DL_ETCDIR=QString\(\"/etc\"\) -DL_SHAREDIR=QString\(\"/usr/share\"\) -DGIT_VERSION="\"a88ea52f\"" -DNO_XINPUT -DQT_NO_DEBUG -DQT_SVG_LIB -DQT_WIDGETS_LIB -DQT_X11EXTRAS_LIB -DQT_MULTIMEDIA_LIB -DQT_GUI_LIB -DQT_NETWORK_LIB -DQT_CONCURRENT_LIB -DQT_CORE_LIB -I. -I../../core/libLumina -I/usr/include/qt5 -I/usr -I/usr/include -I/home/q5sys/git/lumina/src-qt5/core-utils/lumina-config -I/usr/include/qt5/QtSvg -I/usr/include/qt5/QtWidgets -I/usr/include/qt5/QtX11Extras -I/usr/include/qt5/QtMultimedia -I/usr/include/qt5/QtGui -I/usr/include/qt5/QtNetwork -I/usr/include/qt5/QtConcurrent -I/usr/include/qt5/QtCore -I.build/moc -I.build/ui -I/usr/lib64/qt5/mkspecs/linux-g++ -o .build/obj/moc_page_wallpaper.o .build/moc/moc_page_wallpaper.cpp
g++ -c -pipe -O2 -flto=auto -ffat-lto-objects -fexceptions -g -grecord-gcc-switches -pipe -Wall -Werror=format-security -Wp,-D_FORTIFY_SOURCE=2 -Wp,-D_GLIBCXX_ASSERTIONS -specs=/usr/lib/rpm/redhat/redhat-hardened-cc1 -fstack-protector-strong -specs=/usr/lib/rpm/redhat/redhat-annobin-cc1 -m64 -mtune=generic -fasynchronous-unwind-tables -fstack-clash-protection -fcf-protection -std=gnu++11 -Wall -Wextra -D_REENTRANT -fPIC -DPREFIX=QString\(\"/usr\"\) -DL_ETCDIR=QString\(\"/etc\"\) -DL_SHAREDIR=QString\(\"/usr/share\"\) -DGIT_VERSION="\"a88ea52f\"" -DQT_NO_DEBUG -DQT_MULTIMEDIAWIDGETS_LIB -DQT_SVG_LIB -DQT_WIDGETS_LIB -DQT_MULTIMEDIA_LIB -DQT_X11EXTRAS_LIB -DQT_GUI_LIB -DQT_NETWORK_LIB -DQT_CONCURRENT_LIB -DQT_CORE_LIB -I. -I../../core/libLumina -I/usr/include/qt5 -I/usr -I/usr/include -I/home/q5sys/git/lumina/src-qt5/desktop-utils/lumina-fm -I/usr/include/qt5/QtMultimediaWidgets -I/usr/include/qt5/QtSvg -I/usr/include/qt5/QtWidgets -I/usr/include/qt5/QtMultimedia -I/usr/include/qt5/QtX11Extras -I/usr/include/qt5/QtGui -I/usr/include/qt5/QtNetwork -I/usr/include/qt5/QtConcurrent -I/usr/include/qt5/QtCore -I.build/moc -I.build/ui -I/usr/lib64/qt5/mkspecs/linux-g++ -o .build/obj/moc_ExternalProcess.o .build/moc/moc_ExternalProcess.cpp
g++ -c -pipe -O2 -flto=auto -ffat-lto-objects -fexceptions -g -grecord-gcc-switches -pipe -Wall -Werror=format-security -Wp,-D_FORTIFY_SOURCE=2 -Wp,-D_GLIBCXX_ASSERTIONS -specs=/usr/lib/rpm/redhat/redhat-hardened-cc1 -fstack-protector-strong -specs=/usr/lib/rpm/redhat/redhat-annobin-cc1 -m64 -mtune=generic -fasynchronous-unwind-tables -fstack-clash-protection -fcf-protection -std=gnu++11 -Wall -Wextra -D_REENTRANT -fPIC -DPREFIX=QString\(\"/usr\"\) -DL_ETCDIR=QString\(\"/etc\"\) -DL_SHAREDIR=QString\(\"/usr/share\"\) -DGIT_VERSION="\"a88ea52f\"" -DQT_NO_DEBUG -DQT_SVG_LIB -DQT_WIDGETS_LIB -DQT_MULTIMEDIA_LIB -DQT_GUI_LIB -DQT_CONCURRENT_LIB -DQT_NETWORK_LIB -DQT_CORE_LIB -I. -I../../core/libLumina -I/usr/include/qt5 -I/usr -I/usr/include -I/home/q5sys/git/lumina/src-qt5/desktop-utils/lumina-fileinfo -I/usr/include/qt5/QtSvg -I/usr/include/qt5/QtWidgets -I/usr/include/qt5/QtMultimedia -I/usr/include/qt5/QtGui -I/usr/include/qt5/QtConcurrent -I/usr/include/qt5/QtNetwork -I/usr/include/qt5/QtCore -I.build/moc -I.build/ui -I/usr/lib64/qt5/mkspecs/linux-g++ -o .build/obj/LFileInfo.o ../../core/libLumina/LFileInfo.cpp
In file included from .build/moc/moc_ExternalProcess.cpp:10:
.build/moc/../../../../core/libLumina/ExternalProcess.h: In static member function ‘static void ExternalProcess::launch(QString, QStringList, bool)’:
.build/moc/../../../../core/libLumina/ExternalProcess.h:84:41: warning: ‘void QProcess::start(const QString&, QIODevice::OpenMode)’ is deprecated: Use QProcess::start(const QString &program, const QStringList &arguments,OpenMode mode = ReadWrite) instead [-Wdeprecated-declarations]
   84 |           if(args.isEmpty()){ tmp->start(program); }
      |                               ~~~~~~~~~~^~~~~~~~~
In file included from /usr/include/qt5/QtCore/QProcess:1,
                 from .build/moc/../../../../core/libLumina/ExternalProcess.h:14,
                 from .build/moc/moc_ExternalProcess.cpp:10:
/usr/include/qt5/QtCore/qprocess.h:168:10: note: declared here
  168 |     void start(const QString &command, OpenMode mode = ReadWrite);
      |          ^~~~~
g++ -c -pipe -O2 -flto=auto -ffat-lto-objects -fexceptions -g -grecord-gcc-switches -pipe -Wall -Werror=format-security -Wp,-D_FORTIFY_SOURCE=2 -Wp,-D_GLIBCXX_ASSERTIONS -specs=/usr/lib/rpm/redhat/redhat-hardened-cc1 -fstack-protector-strong -specs=/usr/lib/rpm/redhat/redhat-annobin-cc1 -m64 -mtune=generic -fasynchronous-unwind-tables -fstack-clash-protection -fcf-protection -std=gnu++11 -Wall -Wextra -D_REENTRANT -fPIC -DPREFIX=QString\(\"/usr\"\) -DL_ETCDIR=QString\(\"/etc\"\) -DL_SHAREDIR=QString\(\"/usr/share\"\) -DGIT_VERSION="\"a88ea52f\"" -DQT_NO_DEBUG -DQT_MULTIMEDIAWIDGETS_LIB -DQT_SVG_LIB -DQT_WIDGETS_LIB -DQT_MULTIMEDIA_LIB -DQT_X11EXTRAS_LIB -DQT_GUI_LIB -DQT_NETWORK_LIB -DQT_CONCURRENT_LIB -DQT_CORE_LIB -I. -I../../core/libLumina -I/usr/include/qt5 -I/usr -I/usr/include -I/home/q5sys/git/lumina/src-qt5/desktop-utils/lumina-fm -I/usr/include/qt5/QtMultimediaWidgets -I/usr/include/qt5/QtSvg -I/usr/include/qt5/QtWidgets -I/usr/include/qt5/QtMultimedia -I/usr/include/qt5/QtX11Extras -I/usr/include/qt5/QtGui -I/usr/include/qt5/QtNetwork -I/usr/include/qt5/QtConcurrent -I/usr/include/qt5/QtCore -I.build/moc -I.build/ui -I/usr/lib64/qt5/mkspecs/linux-g++ -o .build/obj/moc_LVideoLabel.o .build/moc/moc_LVideoLabel.cpp
../../core/libLumina/LFileInfo.cpp: In member function ‘void LFileInfo::getZfsDataset()’:
../../core/libLumina/LFileInfo.cpp:103:80: warning: ‘QStringList QString::split(const QString&, QString::SplitBehavior, Qt::CaseSensitivity) const’ is deprecated: Use Qt::SplitBehavior variant instead [-Wdeprecated-declarations]
  103 |         if(!gplist.isEmpty()){ gplist = gplist.first().replace("\t", " ").split(" ",QString::SkipEmptyParts); gplist.removeAll("groups"); }
      |                                         ~~~~~~~~~~~~~~~~~~~~~~~~~~~~~~~~~~~~~~~^~~~~~~~~~~~~~~~~~~~~~~~~~~~~
In file included from /usr/include/qt5/QtCore/qobject.h:47,
                 from /usr/include/qt5/QtCore/qiodevice.h:45,
                 from /usr/include/qt5/QtCore/qfiledevice.h:43,
                 from /usr/include/qt5/QtCore/qfile.h:44,
                 from /usr/include/qt5/QtCore/QFile:1,
                 from ../../core/libLumina/LuminaXDG.h:18,
                 from ../../core/libLumina/LFileInfo.h:13,
                 from ../../core/libLumina/LFileInfo.cpp:7:
/usr/include/qt5/QtCore/qstring.h:609:17: note: declared here
  609 |     QStringList split(const QString &sep, SplitBehavior behavior,
      |                 ^~~~~
../../core/libLumina/LFileInfo.cpp:107:84: warning: ‘QStringList QString::split(const QString&, QString::SplitBehavior, Qt::CaseSensitivity) const’ is deprecated: Use Qt::SplitBehavior variant instead [-Wdeprecated-declarations]
  107 |           zfs_perms << tmp.first().section(" ",2,2,QString::SectionSkipEmpty).split(",",QString::SkipEmptyParts);
      |                        ~~~~~~~~~~~~~~~~~~~~~~~~~~~~~~~~~~~~~~~~~~~~~~~~~~~~~~~~~~~~^~~~~~~~~~~~~~~~~~~~~~~~~~~~~
In file included from /usr/include/qt5/QtCore/qobject.h:47,
                 from /usr/include/qt5/QtCore/qiodevice.h:45,
                 from /usr/include/qt5/QtCore/qfiledevice.h:43,
                 from /usr/include/qt5/QtCore/qfile.h:44,
                 from /usr/include/qt5/QtCore/QFile:1,
                 from ../../core/libLumina/LuminaXDG.h:18,
                 from ../../core/libLumina/LFileInfo.h:13,
                 from ../../core/libLumina/LFileInfo.cpp:7:
/usr/include/qt5/QtCore/qstring.h:609:17: note: declared here
  609 |     QStringList split(const QString &sep, SplitBehavior behavior,
      |                 ^~~~~
g++ -c -pipe -O2 -flto=auto -ffat-lto-objects -fexceptions -g -grecord-gcc-switches -pipe -Wall -Werror=format-security -Wp,-D_FORTIFY_SOURCE=2 -Wp,-D_GLIBCXX_ASSERTIONS -specs=/usr/lib/rpm/redhat/redhat-hardened-cc1 -fstack-protector-strong -specs=/usr/lib/rpm/redhat/redhat-annobin-cc1 -m64 -mtune=generic -fasynchronous-unwind-tables -fstack-clash-protection -fcf-protection -std=gnu++11 -Wall -Wextra -D_REENTRANT -fPIC -DPREFIX=QString\(\"/usr\"\) -DL_ETCDIR=QString\(\"/etc\"\) -DL_SHAREDIR=QString\(\"/usr/share\"\) -DGIT_VERSION="\"a88ea52f\"" -DNO_XINPUT -DQT_NO_DEBUG -DQT_SVG_LIB -DQT_WIDGETS_LIB -DQT_X11EXTRAS_LIB -DQT_MULTIMEDIA_LIB -DQT_GUI_LIB -DQT_NETWORK_LIB -DQT_CONCURRENT_LIB -DQT_CORE_LIB -I. -I../../core/libLumina -I/usr/include/qt5 -I/usr -I/usr/include -I/home/q5sys/git/lumina/src-qt5/core-utils/lumina-config -I/usr/include/qt5/QtSvg -I/usr/include/qt5/QtWidgets -I/usr/include/qt5/QtX11Extras -I/usr/include/qt5/QtMultimedia -I/usr/include/qt5/QtGui -I/usr/include/qt5/QtNetwork -I/usr/include/qt5/QtConcurrent -I/usr/include/qt5/QtCore -I.build/moc -I.build/ui -I/usr/lib64/qt5/mkspecs/linux-g++ -o .build/obj/moc_page_autostart.o .build/moc/moc_page_autostart.cpp
g++ -c -pipe -O2 -flto=auto -ffat-lto-objects -fexceptions -g -grecord-gcc-switches -pipe -Wall -Werror=format-security -Wp,-D_FORTIFY_SOURCE=2 -Wp,-D_GLIBCXX_ASSERTIONS -specs=/usr/lib/rpm/redhat/redhat-hardened-cc1 -fstack-protector-strong -specs=/usr/lib/rpm/redhat/redhat-annobin-cc1 -m64 -mtune=generic -fasynchronous-unwind-tables -fstack-clash-protection -fcf-protection -std=gnu++11 -Wall -Wextra -D_REENTRANT -fPIC -DPREFIX=QString\(\"/usr\"\) -DL_ETCDIR=QString\(\"/etc\"\) -DL_SHAREDIR=QString\(\"/usr/share\"\) -DGIT_VERSION="\"a88ea52f\"" -DQT_NO_DEBUG -DQT_SVG_LIB -DQT_WIDGETS_LIB -DQT_MULTIMEDIA_LIB -DQT_GUI_LIB -DQT_CONCURRENT_LIB -DQT_NETWORK_LIB -DQT_CORE_LIB -I. -I../../core/libLumina -I/usr/include/qt5 -I/usr -I/usr/include -I/home/q5sys/git/lumina/src-qt5/desktop-utils/lumina-fileinfo -I/usr/include/qt5/QtSvg -I/usr/include/qt5/QtWidgets -I/usr/include/qt5/QtMultimedia -I/usr/include/qt5/QtGui -I/usr/include/qt5/QtConcurrent -I/usr/include/qt5/QtNetwork -I/usr/include/qt5/QtCore -I.build/moc -I.build/ui -I/usr/lib64/qt5/mkspecs/linux-g++ -o .build/obj/LVideoLabel.o ../../core/libLumina/LVideoLabel.cpp
g++ -c -pipe -O2 -flto=auto -ffat-lto-objects -fexceptions -g -grecord-gcc-switches -pipe -Wall -Werror=format-security -Wp,-D_FORTIFY_SOURCE=2 -Wp,-D_GLIBCXX_ASSERTIONS -specs=/usr/lib/rpm/redhat/redhat-hardened-cc1 -fstack-protector-strong -specs=/usr/lib/rpm/redhat/redhat-annobin-cc1 -m64 -mtune=generic -fasynchronous-unwind-tables -fstack-clash-protection -fcf-protection -std=gnu++11 -Wall -Wextra -D_REENTRANT -fPIC -DPREFIX=QString\(\"/usr\"\) -DL_ETCDIR=QString\(\"/etc\"\) -DL_SHAREDIR=QString\(\"/usr/share\"\) -DGIT_VERSION="\"a88ea52f\"" -DQT_NO_DEBUG -DQT_MULTIMEDIAWIDGETS_LIB -DQT_SVG_LIB -DQT_WIDGETS_LIB -DQT_MULTIMEDIA_LIB -DQT_X11EXTRAS_LIB -DQT_GUI_LIB -DQT_NETWORK_LIB -DQT_CONCURRENT_LIB -DQT_CORE_LIB -I. -I../../core/libLumina -I/usr/include/qt5 -I/usr -I/usr/include -I/home/q5sys/git/lumina/src-qt5/desktop-utils/lumina-fm -I/usr/include/qt5/QtMultimediaWidgets -I/usr/include/qt5/QtSvg -I/usr/include/qt5/QtWidgets -I/usr/include/qt5/QtMultimedia -I/usr/include/qt5/QtX11Extras -I/usr/include/qt5/QtGui -I/usr/include/qt5/QtNetwork -I/usr/include/qt5/QtConcurrent -I/usr/include/qt5/QtCore -I.build/moc -I.build/ui -I/usr/lib64/qt5/mkspecs/linux-g++ -o .build/obj/moc_LVideoSurface.o .build/moc/moc_LVideoSurface.cpp
g++ -c -pipe -O2 -flto=auto -ffat-lto-objects -fexceptions -g -grecord-gcc-switches -pipe -Wall -Werror=format-security -Wp,-D_FORTIFY_SOURCE=2 -Wp,-D_GLIBCXX_ASSERTIONS -specs=/usr/lib/rpm/redhat/redhat-hardened-cc1 -fstack-protector-strong -specs=/usr/lib/rpm/redhat/redhat-annobin-cc1 -m64 -mtune=generic -fasynchronous-unwind-tables -fstack-clash-protection -fcf-protection -std=gnu++11 -Wall -Wextra -D_REENTRANT -fPIC -DPREFIX=QString\(\"/usr\"\) -DL_ETCDIR=QString\(\"/etc\"\) -DL_SHAREDIR=QString\(\"/usr/share\"\) -DGIT_VERSION="\"a88ea52f\"" -DQT_NO_DEBUG -DQT_SVG_LIB -DQT_WIDGETS_LIB -DQT_MULTIMEDIA_LIB -DQT_GUI_LIB -DQT_CONCURRENT_LIB -DQT_NETWORK_LIB -DQT_CORE_LIB -I. -I../../core/libLumina -I/usr/include/qt5 -I/usr -I/usr/include -I/home/q5sys/git/lumina/src-qt5/desktop-utils/lumina-fileinfo -I/usr/include/qt5/QtSvg -I/usr/include/qt5/QtWidgets -I/usr/include/qt5/QtMultimedia -I/usr/include/qt5/QtGui -I/usr/include/qt5/QtConcurrent -I/usr/include/qt5/QtNetwork -I/usr/include/qt5/QtCore -I.build/moc -I.build/ui -I/usr/lib64/qt5/mkspecs/linux-g++ -o .build/obj/LVideoSurface.o ../../core/libLumina/LVideoSurface.cpp
g++ -c -pipe -O2 -flto=auto -ffat-lto-objects -fexceptions -g -grecord-gcc-switches -pipe -Wall -Werror=format-security -Wp,-D_FORTIFY_SOURCE=2 -Wp,-D_GLIBCXX_ASSERTIONS -specs=/usr/lib/rpm/redhat/redhat-hardened-cc1 -fstack-protector-strong -specs=/usr/lib/rpm/redhat/redhat-annobin-cc1 -m64 -mtune=generic -fasynchronous-unwind-tables -fstack-clash-protection -fcf-protection -std=gnu++11 -Wall -Wextra -D_REENTRANT -fPIC -DPREFIX=QString\(\"/usr\"\) -DL_ETCDIR=QString\(\"/etc\"\) -DL_SHAREDIR=QString\(\"/usr/share\"\) -DGIT_VERSION="\"a88ea52f\"" -DNO_XINPUT -DQT_NO_DEBUG -DQT_SVG_LIB -DQT_WIDGETS_LIB -DQT_X11EXTRAS_LIB -DQT_MULTIMEDIA_LIB -DQT_GUI_LIB -DQT_NETWORK_LIB -DQT_CONCURRENT_LIB -DQT_CORE_LIB -I. -I../../core/libLumina -I/usr/include/qt5 -I/usr -I/usr/include -I/home/q5sys/git/lumina/src-qt5/core-utils/lumina-config -I/usr/include/qt5/QtSvg -I/usr/include/qt5/QtWidgets -I/usr/include/qt5/QtX11Extras -I/usr/include/qt5/QtMultimedia -I/usr/include/qt5/QtGui -I/usr/include/qt5/QtNetwork -I/usr/include/qt5/QtConcurrent -I/usr/include/qt5/QtCore -I.build/moc -I.build/ui -I/usr/lib64/qt5/mkspecs/linux-g++ -o .build/obj/moc_page_defaultapps.o .build/moc/moc_page_defaultapps.cpp
../../core/libLumina/LVideoLabel.cpp: In constructor ‘LVideoLabel::LVideoLabel(QString, bool, QWidget*)’:
../../core/libLumina/LVideoLabel.cpp:12:27: warning: ‘int qrand()’ is deprecated: use QRandomGenerator instead [-Wdeprecated-declarations]
   12 |   QTimer::singleShot(qrand()%10, this, SLOT(initializeBackend()) );
      |                      ~~~~~^~
In file included from /usr/include/qt5/QtGui/qtguiglobal.h:43,
                 from /usr/include/qt5/QtWidgets/qtwidgetsglobal.h:43,
                 from /usr/include/qt5/QtWidgets/qlabel.h:43,
                 from /usr/include/qt5/QtWidgets/QLabel:1,
                 from ../../core/libLumina/LVideoLabel.h:4,
                 from ../../core/libLumina/LVideoLabel.cpp:1:
/usr/include/qt5/QtCore/qglobal.h:1274:80: note: declared here
 1274 | Q_CORE_EXPORT QT_DEPRECATED_VERSION_X_5_15("use QRandomGenerator instead") int qrand();
      |                                                                                ^~~~~
../../core/libLumina/LVideoLabel.cpp: In member function ‘void LVideoLabel::stateChanged(QMediaPlayer::State)’:
../../core/libLumina/LVideoLabel.cpp:63:52: warning: unused parameter ‘state’ [-Wunused-parameter]
   63 | void LVideoLabel::stateChanged(QMediaPlayer::State state) {
      |                                ~~~~~~~~~~~~~~~~~~~~^~~~~
../../core/libLumina/LVideoLabel.cpp: In member function ‘void LVideoLabel::setDuration(QMediaPlayer::MediaStatus)’:
../../core/libLumina/LVideoLabel.cpp:77:29: warning: ‘int qrand()’ is deprecated: use QRandomGenerator instead [-Wdeprecated-declarations]
   77 |     QTimer::singleShot(qrand()%100, mediaPlayer, SLOT(play())); //mediaPlayer->play();
      |                        ~~~~~^~
In file included from /usr/include/qt5/QtGui/qtguiglobal.h:43,
                 from /usr/include/qt5/QtWidgets/qtwidgetsglobal.h:43,
                 from /usr/include/qt5/QtWidgets/qlabel.h:43,
                 from /usr/include/qt5/QtWidgets/QLabel:1,
                 from ../../core/libLumina/LVideoLabel.h:4,
                 from ../../core/libLumina/LVideoLabel.cpp:1:
/usr/include/qt5/QtCore/qglobal.h:1274:80: note: declared here
 1274 | Q_CORE_EXPORT QT_DEPRECATED_VERSION_X_5_15("use QRandomGenerator instead") int qrand();
      |                                                                                ^~~~~
g++ -c -pipe -O2 -flto=auto -ffat-lto-objects -fexceptions -g -grecord-gcc-switches -pipe -Wall -Werror=format-security -Wp,-D_FORTIFY_SOURCE=2 -Wp,-D_GLIBCXX_ASSERTIONS -specs=/usr/lib/rpm/redhat/redhat-hardened-cc1 -fstack-protector-strong -specs=/usr/lib/rpm/redhat/redhat-annobin-cc1 -m64 -mtune=generic -fasynchronous-unwind-tables -fstack-clash-protection -fcf-protection -std=gnu++11 -Wall -Wextra -D_REENTRANT -fPIC -DPREFIX=QString\(\"/usr\"\) -DL_ETCDIR=QString\(\"/etc\"\) -DL_SHAREDIR=QString\(\"/usr/share\"\) -DGIT_VERSION="\"a88ea52f\"" -DQT_NO_DEBUG -DQT_MULTIMEDIAWIDGETS_LIB -DQT_SVG_LIB -DQT_WIDGETS_LIB -DQT_MULTIMEDIA_LIB -DQT_X11EXTRAS_LIB -DQT_GUI_LIB -DQT_NETWORK_LIB -DQT_CONCURRENT_LIB -DQT_CORE_LIB -I. -I../../core/libLumina -I/usr/include/qt5 -I/usr -I/usr/include -I/home/q5sys/git/lumina/src-qt5/desktop-utils/lumina-fm -I/usr/include/qt5/QtMultimediaWidgets -I/usr/include/qt5/QtSvg -I/usr/include/qt5/QtWidgets -I/usr/include/qt5/QtMultimedia -I/usr/include/qt5/QtX11Extras -I/usr/include/qt5/QtGui -I/usr/include/qt5/QtNetwork -I/usr/include/qt5/QtConcurrent -I/usr/include/qt5/QtCore -I.build/moc -I.build/ui -I/usr/lib64/qt5/mkspecs/linux-g++ -o .build/obj/moc_LVideoWidget.o .build/moc/moc_LVideoWidget.cpp
g++ -c -pipe -O2 -flto=auto -ffat-lto-objects -fexceptions -g -grecord-gcc-switches -pipe -Wall -Werror=format-security -Wp,-D_FORTIFY_SOURCE=2 -Wp,-D_GLIBCXX_ASSERTIONS -specs=/usr/lib/rpm/redhat/redhat-hardened-cc1 -fstack-protector-strong -specs=/usr/lib/rpm/redhat/redhat-annobin-cc1 -m64 -mtune=generic -fasynchronous-unwind-tables -fstack-clash-protection -fcf-protection -std=gnu++11 -Wall -Wextra -D_REENTRANT -fPIC -DPREFIX=QString\(\"/usr\"\) -DL_ETCDIR=QString\(\"/etc\"\) -DL_SHAREDIR=QString\(\"/usr/share\"\) -DGIT_VERSION="\"a88ea52f\"" -DQT_NO_DEBUG -DQT_SVG_LIB -DQT_WIDGETS_LIB -DQT_MULTIMEDIA_LIB -DQT_GUI_LIB -DQT_CONCURRENT_LIB -DQT_NETWORK_LIB -DQT_CORE_LIB -I. -I../../core/libLumina -I/usr/include/qt5 -I/usr -I/usr/include -I/home/q5sys/git/lumina/src-qt5/desktop-utils/lumina-fileinfo -I/usr/include/qt5/QtSvg -I/usr/include/qt5/QtWidgets -I/usr/include/qt5/QtMultimedia -I/usr/include/qt5/QtGui -I/usr/include/qt5/QtConcurrent -I/usr/include/qt5/QtNetwork -I/usr/include/qt5/QtCore -I.build/moc -I.build/ui -I/usr/lib64/qt5/mkspecs/linux-g++ -o .build/obj/LVideoWidget.o ../../core/libLumina/LVideoWidget.cpp
g++ -c -pipe -O2 -flto=auto -ffat-lto-objects -fexceptions -g -grecord-gcc-switches -pipe -Wall -Werror=format-security -Wp,-D_FORTIFY_SOURCE=2 -Wp,-D_GLIBCXX_ASSERTIONS -specs=/usr/lib/rpm/redhat/redhat-hardened-cc1 -fstack-protector-strong -specs=/usr/lib/rpm/redhat/redhat-annobin-cc1 -m64 -mtune=generic -fasynchronous-unwind-tables -fstack-clash-protection -fcf-protection -std=gnu++11 -Wall -Wextra -D_REENTRANT -fPIC -DPREFIX=QString\(\"/usr\"\) -DL_ETCDIR=QString\(\"/etc\"\) -DL_SHAREDIR=QString\(\"/usr/share\"\) -DGIT_VERSION="\"a88ea52f\"" -DQT_NO_DEBUG -DQT_SVG_LIB -DQT_WIDGETS_LIB -DQT_MULTIMEDIA_LIB -DQT_GUI_LIB -DQT_CONCURRENT_LIB -DQT_NETWORK_LIB -DQT_CORE_LIB -I. -I../../core/libLumina -I/usr/include/qt5 -I/usr -I/usr/include -I/home/q5sys/git/lumina/src-qt5/desktop-utils/lumina-fileinfo -I/usr/include/qt5/QtSvg -I/usr/include/qt5/QtWidgets -I/usr/include/qt5/QtMultimedia -I/usr/include/qt5/QtGui -I/usr/include/qt5/QtConcurrent -I/usr/include/qt5/QtNetwork -I/usr/include/qt5/QtCore -I.build/moc -I.build/ui -I/usr/lib64/qt5/mkspecs/linux-g++ -o .build/obj/LuminaThemes.o ../../core/libLumina/LuminaThemes.cpp
g++ -c -pipe -O2 -flto=auto -ffat-lto-objects -fexceptions -g -grecord-gcc-switches -pipe -Wall -Werror=format-security -Wp,-D_FORTIFY_SOURCE=2 -Wp,-D_GLIBCXX_ASSERTIONS -specs=/usr/lib/rpm/redhat/redhat-hardened-cc1 -fstack-protector-strong -specs=/usr/lib/rpm/redhat/redhat-annobin-cc1 -m64 -mtune=generic -fasynchronous-unwind-tables -fstack-clash-protection -fcf-protection -std=gnu++11 -Wall -Wextra -D_REENTRANT -fPIC -DPREFIX=QString\(\"/usr\"\) -DL_ETCDIR=QString\(\"/etc\"\) -DL_SHAREDIR=QString\(\"/usr/share\"\) -DGIT_VERSION="\"a88ea52f\"" -DNO_XINPUT -DQT_NO_DEBUG -DQT_SVG_LIB -DQT_WIDGETS_LIB -DQT_X11EXTRAS_LIB -DQT_MULTIMEDIA_LIB -DQT_GUI_LIB -DQT_NETWORK_LIB -DQT_CONCURRENT_LIB -DQT_CORE_LIB -I. -I../../core/libLumina -I/usr/include/qt5 -I/usr -I/usr/include -I/home/q5sys/git/lumina/src-qt5/core-utils/lumina-config -I/usr/include/qt5/QtSvg -I/usr/include/qt5/QtWidgets -I/usr/include/qt5/QtX11Extras -I/usr/include/qt5/QtMultimedia -I/usr/include/qt5/QtGui -I/usr/include/qt5/QtNetwork -I/usr/include/qt5/QtConcurrent -I/usr/include/qt5/QtCore -I.build/moc -I.build/ui -I/usr/lib64/qt5/mkspecs/linux-g++ -o .build/obj/moc_page_fluxbox_keys.o .build/moc/moc_page_fluxbox_keys.cpp
g++ -c -pipe -O2 -flto=auto -ffat-lto-objects -fexceptions -g -grecord-gcc-switches -pipe -Wall -Werror=format-security -Wp,-D_FORTIFY_SOURCE=2 -Wp,-D_GLIBCXX_ASSERTIONS -specs=/usr/lib/rpm/redhat/redhat-hardened-cc1 -fstack-protector-strong -specs=/usr/lib/rpm/redhat/redhat-annobin-cc1 -m64 -mtune=generic -fasynchronous-unwind-tables -fstack-clash-protection -fcf-protection -std=gnu++11 -Wall -Wextra -D_REENTRANT -fPIC -DPREFIX=QString\(\"/usr\"\) -DL_ETCDIR=QString\(\"/etc\"\) -DL_SHAREDIR=QString\(\"/usr/share\"\) -DGIT_VERSION="\"a88ea52f\"" -DQT_NO_DEBUG -DQT_MULTIMEDIAWIDGETS_LIB -DQT_SVG_LIB -DQT_WIDGETS_LIB -DQT_MULTIMEDIA_LIB -DQT_X11EXTRAS_LIB -DQT_GUI_LIB -DQT_NETWORK_LIB -DQT_CONCURRENT_LIB -DQT_CORE_LIB -I. -I../../core/libLumina -I/usr/include/qt5 -I/usr -I/usr/include -I/home/q5sys/git/lumina/src-qt5/desktop-utils/lumina-fm -I/usr/include/qt5/QtMultimediaWidgets -I/usr/include/qt5/QtSvg -I/usr/include/qt5/QtWidgets -I/usr/include/qt5/QtMultimedia -I/usr/include/qt5/QtX11Extras -I/usr/include/qt5/QtGui -I/usr/include/qt5/QtNetwork -I/usr/include/qt5/QtConcurrent -I/usr/include/qt5/QtCore -I.build/moc -I.build/ui -I/usr/lib64/qt5/mkspecs/linux-g++ -o .build/obj/moc_MainUI.o .build/moc/moc_MainUI.cpp
g++ -c -pipe -O2 -flto=auto -ffat-lto-objects -fexceptions -g -grecord-gcc-switches -pipe -Wall -Werror=format-security -Wp,-D_FORTIFY_SOURCE=2 -Wp,-D_GLIBCXX_ASSERTIONS -specs=/usr/lib/rpm/redhat/redhat-hardened-cc1 -fstack-protector-strong -specs=/usr/lib/rpm/redhat/redhat-annobin-cc1 -m64 -mtune=generic -fasynchronous-unwind-tables -fstack-clash-protection -fcf-protection -std=gnu++11 -Wall -Wextra -D_REENTRANT -fPIC -DPREFIX=QString\(\"/usr\"\) -DL_ETCDIR=QString\(\"/etc\"\) -DL_SHAREDIR=QString\(\"/usr/share\"\) -DGIT_VERSION="\"a88ea52f\"" -DQT_NO_DEBUG -DQT_SVG_LIB -DQT_WIDGETS_LIB -DQT_MULTIMEDIA_LIB -DQT_GUI_LIB -DQT_CONCURRENT_LIB -DQT_NETWORK_LIB -DQT_CORE_LIB -I. -I../../core/libLumina -I/usr/include/qt5 -I/usr -I/usr/include -I/home/q5sys/git/lumina/src-qt5/desktop-utils/lumina-fileinfo -I/usr/include/qt5/QtSvg -I/usr/include/qt5/QtWidgets -I/usr/include/qt5/QtMultimedia -I/usr/include/qt5/QtGui -I/usr/include/qt5/QtConcurrent -I/usr/include/qt5/QtNetwork -I/usr/include/qt5/QtCore -I.build/moc -I.build/ui -I/usr/lib64/qt5/mkspecs/linux-g++ -o .build/obj/main.o main.cpp
g++ -c -pipe -O2 -flto=auto -ffat-lto-objects -fexceptions -g -grecord-gcc-switches -pipe -Wall -Werror=format-security -Wp,-D_FORTIFY_SOURCE=2 -Wp,-D_GLIBCXX_ASSERTIONS -specs=/usr/lib/rpm/redhat/redhat-hardened-cc1 -fstack-protector-strong -specs=/usr/lib/rpm/redhat/redhat-annobin-cc1 -m64 -mtune=generic -fasynchronous-unwind-tables -fstack-clash-protection -fcf-protection -std=gnu++11 -Wall -Wextra -D_REENTRANT -fPIC -DPREFIX=QString\(\"/usr\"\) -DL_ETCDIR=QString\(\"/etc\"\) -DL_SHAREDIR=QString\(\"/usr/share\"\) -DGIT_VERSION="\"a88ea52f\"" -DNO_XINPUT -DQT_NO_DEBUG -DQT_SVG_LIB -DQT_WIDGETS_LIB -DQT_X11EXTRAS_LIB -DQT_MULTIMEDIA_LIB -DQT_GUI_LIB -DQT_NETWORK_LIB -DQT_CONCURRENT_LIB -DQT_CORE_LIB -I. -I../../core/libLumina -I/usr/include/qt5 -I/usr -I/usr/include -I/home/q5sys/git/lumina/src-qt5/core-utils/lumina-config -I/usr/include/qt5/QtSvg -I/usr/include/qt5/QtWidgets -I/usr/include/qt5/QtX11Extras -I/usr/include/qt5/QtMultimedia -I/usr/include/qt5/QtGui -I/usr/include/qt5/QtNetwork -I/usr/include/qt5/QtConcurrent -I/usr/include/qt5/QtCore -I.build/moc -I.build/ui -I/usr/lib64/qt5/mkspecs/linux-g++ -o .build/obj/moc_page_fluxbox_settings.o .build/moc/moc_page_fluxbox_settings.cpp
g++ -c -pipe -O2 -flto=auto -ffat-lto-objects -fexceptions -g -grecord-gcc-switches -pipe -Wall -Werror=format-security -Wp,-D_FORTIFY_SOURCE=2 -Wp,-D_GLIBCXX_ASSERTIONS -specs=/usr/lib/rpm/redhat/redhat-hardened-cc1 -fstack-protector-strong -specs=/usr/lib/rpm/redhat/redhat-annobin-cc1 -m64 -mtune=generic -fasynchronous-unwind-tables -fstack-clash-protection -fcf-protection -std=gnu++11 -Wall -Wextra -D_REENTRANT -fPIC -DPREFIX=QString\(\"/usr\"\) -DL_ETCDIR=QString\(\"/etc\"\) -DL_SHAREDIR=QString\(\"/usr/share\"\) -DGIT_VERSION="\"a88ea52f\"" -DQT_NO_DEBUG -DQT_SVG_LIB -DQT_WIDGETS_LIB -DQT_MULTIMEDIA_LIB -DQT_GUI_LIB -DQT_CONCURRENT_LIB -DQT_NETWORK_LIB -DQT_CORE_LIB -I. -I../../core/libLumina -I/usr/include/qt5 -I/usr -I/usr/include -I/home/q5sys/git/lumina/src-qt5/desktop-utils/lumina-fileinfo -I/usr/include/qt5/QtSvg -I/usr/include/qt5/QtWidgets -I/usr/include/qt5/QtMultimedia -I/usr/include/qt5/QtGui -I/usr/include/qt5/QtConcurrent -I/usr/include/qt5/QtNetwork -I/usr/include/qt5/QtCore -I.build/moc -I.build/ui -I/usr/lib64/qt5/mkspecs/linux-g++ -o .build/obj/MainUI.o MainUI.cpp
g++ -c -pipe -O2 -flto=auto -ffat-lto-objects -fexceptions -g -grecord-gcc-switches -pipe -Wall -Werror=format-security -Wp,-D_FORTIFY_SOURCE=2 -Wp,-D_GLIBCXX_ASSERTIONS -specs=/usr/lib/rpm/redhat/redhat-hardened-cc1 -fstack-protector-strong -specs=/usr/lib/rpm/redhat/redhat-annobin-cc1 -m64 -mtune=generic -fasynchronous-unwind-tables -fstack-clash-protection -fcf-protection -std=gnu++11 -Wall -Wextra -D_REENTRANT -fPIC -DPREFIX=QString\(\"/usr\"\) -DL_ETCDIR=QString\(\"/etc\"\) -DL_SHAREDIR=QString\(\"/usr/share\"\) -DGIT_VERSION="\"a88ea52f\"" -DQT_NO_DEBUG -DQT_MULTIMEDIAWIDGETS_LIB -DQT_SVG_LIB -DQT_WIDGETS_LIB -DQT_MULTIMEDIA_LIB -DQT_X11EXTRAS_LIB -DQT_GUI_LIB -DQT_NETWORK_LIB -DQT_CONCURRENT_LIB -DQT_CORE_LIB -I. -I../../core/libLumina -I/usr/include/qt5 -I/usr -I/usr/include -I/home/q5sys/git/lumina/src-qt5/desktop-utils/lumina-fm -I/usr/include/qt5/QtMultimediaWidgets -I/usr/include/qt5/QtSvg -I/usr/include/qt5/QtWidgets -I/usr/include/qt5/QtMultimedia -I/usr/include/qt5/QtX11Extras -I/usr/include/qt5/QtGui -I/usr/include/qt5/QtNetwork -I/usr/include/qt5/QtConcurrent -I/usr/include/qt5/QtCore -I.build/moc -I.build/ui -I/usr/lib64/qt5/mkspecs/linux-g++ -o .build/obj/moc_FODialog.o .build/moc/moc_FODialog.cpp
g++ -pipe -O2 -flto=auto -ffat-lto-objects -fexceptions -g -grecord-gcc-switches -pipe -Wall -Werror=format-security -Wp,-D_FORTIFY_SOURCE=2 -Wp,-D_GLIBCXX_ASSERTIONS -specs=/usr/lib/rpm/redhat/redhat-hardened-cc1 -fstack-protector-strong -specs=/usr/lib/rpm/redhat/redhat-annobin-cc1 -m64 -mtune=generic -fasynchronous-unwind-tables -fstack-clash-protection -fcf-protection -std=gnu++11 -Wall -Wextra -dM -E -o .build/moc/moc_predefs.h /usr/lib64/qt5/mkspecs/features/data/dummy.cpp
/usr/lib64/qt5/bin/moc -DPREFIX=QString\(\"/usr\"\) -DL_ETCDIR=QString\(\"/etc\"\) -DL_SHAREDIR=QString\(\"/usr/share\"\) -DGIT_VERSION="\"a88ea52f\"" -DQT_NO_DEBUG -DQT_SVG_LIB -DQT_WIDGETS_LIB -DQT_MULTIMEDIA_LIB -DQT_GUI_LIB -DQT_CONCURRENT_LIB -DQT_NETWORK_LIB -DQT_CORE_LIB --include /home/q5sys/git/lumina/src-qt5/desktop-utils/lumina-fileinfo/.build/moc/moc_predefs.h -I/usr/lib64/qt5/mkspecs/linux-g++ -I/home/q5sys/git/lumina/src-qt5/desktop-utils/lumina-fileinfo -I/home/q5sys/git/lumina/src-qt5/core/libLumina -I/usr/include/qt5 -I/usr -I/usr/include -I'/home/q5sys/git/lumina/src-qt5/desktop-utils/lumina-fileinfo//home/q5sys/git/lumina/src-qt5/desktop-utils/lumina-fileinfo' -I/usr/include/qt5/QtSvg -I/usr/include/qt5/QtWidgets -I/usr/include/qt5/QtMultimedia -I/usr/include/qt5/QtGui -I/usr/include/qt5/QtConcurrent -I/usr/include/qt5/QtNetwork -I/usr/include/qt5/QtCore -I/usr/include/c++/11 -I/usr/include/c++/11/x86_64-redhat-linux -I/usr/include/c++/11/backward -I/usr/lib/gcc/x86_64-redhat-linux/11/include -I/usr/local/include -I/usr/include ../../core/libLumina/LuminaXDG.h -o .build/moc/moc_LuminaXDG.cpp
/usr/lib64/qt5/bin/moc -DPREFIX=QString\(\"/usr\"\) -DL_ETCDIR=QString\(\"/etc\"\) -DL_SHAREDIR=QString\(\"/usr/share\"\) -DGIT_VERSION="\"a88ea52f\"" -DQT_NO_DEBUG -DQT_SVG_LIB -DQT_WIDGETS_LIB -DQT_MULTIMEDIA_LIB -DQT_GUI_LIB -DQT_CONCURRENT_LIB -DQT_NETWORK_LIB -DQT_CORE_LIB --include /home/q5sys/git/lumina/src-qt5/desktop-utils/lumina-fileinfo/.build/moc/moc_predefs.h -I/usr/lib64/qt5/mkspecs/linux-g++ -I/home/q5sys/git/lumina/src-qt5/desktop-utils/lumina-fileinfo -I/home/q5sys/git/lumina/src-qt5/core/libLumina -I/usr/include/qt5 -I/usr -I/usr/include -I'/home/q5sys/git/lumina/src-qt5/desktop-utils/lumina-fileinfo//home/q5sys/git/lumina/src-qt5/desktop-utils/lumina-fileinfo' -I/usr/include/qt5/QtSvg -I/usr/include/qt5/QtWidgets -I/usr/include/qt5/QtMultimedia -I/usr/include/qt5/QtGui -I/usr/include/qt5/QtConcurrent -I/usr/include/qt5/QtNetwork -I/usr/include/qt5/QtCore -I/usr/include/c++/11 -I/usr/include/c++/11/x86_64-redhat-linux -I/usr/include/c++/11/backward -I/usr/lib/gcc/x86_64-redhat-linux/11/include -I/usr/local/include -I/usr/include ../../core/libLumina/LVideoLabel.h -o .build/moc/moc_LVideoLabel.cpp
g++ -c -pipe -O2 -flto=auto -ffat-lto-objects -fexceptions -g -grecord-gcc-switches -pipe -Wall -Werror=format-security -Wp,-D_FORTIFY_SOURCE=2 -Wp,-D_GLIBCXX_ASSERTIONS -specs=/usr/lib/rpm/redhat/redhat-hardened-cc1 -fstack-protector-strong -specs=/usr/lib/rpm/redhat/redhat-annobin-cc1 -m64 -mtune=generic -fasynchronous-unwind-tables -fstack-clash-protection -fcf-protection -std=gnu++11 -Wall -Wextra -D_REENTRANT -fPIC -DPREFIX=QString\(\"/usr\"\) -DL_ETCDIR=QString\(\"/etc\"\) -DL_SHAREDIR=QString\(\"/usr/share\"\) -DGIT_VERSION="\"a88ea52f\"" -DNO_XINPUT -DQT_NO_DEBUG -DQT_SVG_LIB -DQT_WIDGETS_LIB -DQT_X11EXTRAS_LIB -DQT_MULTIMEDIA_LIB -DQT_GUI_LIB -DQT_NETWORK_LIB -DQT_CONCURRENT_LIB -DQT_CORE_LIB -I. -I../../core/libLumina -I/usr/include/qt5 -I/usr -I/usr/include -I/home/q5sys/git/lumina/src-qt5/core-utils/lumina-config -I/usr/include/qt5/QtSvg -I/usr/include/qt5/QtWidgets -I/usr/include/qt5/QtX11Extras -I/usr/include/qt5/QtMultimedia -I/usr/include/qt5/QtGui -I/usr/include/qt5/QtNetwork -I/usr/include/qt5/QtConcurrent -I/usr/include/qt5/QtCore -I.build/moc -I.build/ui -I/usr/lib64/qt5/mkspecs/linux-g++ -o .build/obj/moc_page_interface_desktop.o .build/moc/moc_page_interface_desktop.cpp
/usr/lib64/qt5/bin/moc -DPREFIX=QString\(\"/usr\"\) -DL_ETCDIR=QString\(\"/etc\"\) -DL_SHAREDIR=QString\(\"/usr/share\"\) -DGIT_VERSION="\"a88ea52f\"" -DQT_NO_DEBUG -DQT_SVG_LIB -DQT_WIDGETS_LIB -DQT_MULTIMEDIA_LIB -DQT_GUI_LIB -DQT_CONCURRENT_LIB -DQT_NETWORK_LIB -DQT_CORE_LIB --include /home/q5sys/git/lumina/src-qt5/desktop-utils/lumina-fileinfo/.build/moc/moc_predefs.h -I/usr/lib64/qt5/mkspecs/linux-g++ -I/home/q5sys/git/lumina/src-qt5/desktop-utils/lumina-fileinfo -I/home/q5sys/git/lumina/src-qt5/core/libLumina -I/usr/include/qt5 -I/usr -I/usr/include -I'/home/q5sys/git/lumina/src-qt5/desktop-utils/lumina-fileinfo//home/q5sys/git/lumina/src-qt5/desktop-utils/lumina-fileinfo' -I/usr/include/qt5/QtSvg -I/usr/include/qt5/QtWidgets -I/usr/include/qt5/QtMultimedia -I/usr/include/qt5/QtGui -I/usr/include/qt5/QtConcurrent -I/usr/include/qt5/QtNetwork -I/usr/include/qt5/QtCore -I/usr/include/c++/11 -I/usr/include/c++/11/x86_64-redhat-linux -I/usr/include/c++/11/backward -I/usr/lib/gcc/x86_64-redhat-linux/11/include -I/usr/local/include -I/usr/include ../../core/libLumina/LVideoSurface.h -o .build/moc/moc_LVideoSurface.cpp
/usr/lib64/qt5/bin/moc -DPREFIX=QString\(\"/usr\"\) -DL_ETCDIR=QString\(\"/etc\"\) -DL_SHAREDIR=QString\(\"/usr/share\"\) -DGIT_VERSION="\"a88ea52f\"" -DQT_NO_DEBUG -DQT_SVG_LIB -DQT_WIDGETS_LIB -DQT_MULTIMEDIA_LIB -DQT_GUI_LIB -DQT_CONCURRENT_LIB -DQT_NETWORK_LIB -DQT_CORE_LIB --include /home/q5sys/git/lumina/src-qt5/desktop-utils/lumina-fileinfo/.build/moc/moc_predefs.h -I/usr/lib64/qt5/mkspecs/linux-g++ -I/home/q5sys/git/lumina/src-qt5/desktop-utils/lumina-fileinfo -I/home/q5sys/git/lumina/src-qt5/core/libLumina -I/usr/include/qt5 -I/usr -I/usr/include -I'/home/q5sys/git/lumina/src-qt5/desktop-utils/lumina-fileinfo//home/q5sys/git/lumina/src-qt5/desktop-utils/lumina-fileinfo' -I/usr/include/qt5/QtSvg -I/usr/include/qt5/QtWidgets -I/usr/include/qt5/QtMultimedia -I/usr/include/qt5/QtGui -I/usr/include/qt5/QtConcurrent -I/usr/include/qt5/QtNetwork -I/usr/include/qt5/QtCore -I/usr/include/c++/11 -I/usr/include/c++/11/x86_64-redhat-linux -I/usr/include/c++/11/backward -I/usr/lib/gcc/x86_64-redhat-linux/11/include -I/usr/local/include -I/usr/include ../../core/libLumina/LVideoWidget.h -o .build/moc/moc_LVideoWidget.cpp
/usr/lib64/qt5/bin/moc -DPREFIX=QString\(\"/usr\"\) -DL_ETCDIR=QString\(\"/etc\"\) -DL_SHAREDIR=QString\(\"/usr/share\"\) -DGIT_VERSION="\"a88ea52f\"" -DQT_NO_DEBUG -DQT_SVG_LIB -DQT_WIDGETS_LIB -DQT_MULTIMEDIA_LIB -DQT_GUI_LIB -DQT_CONCURRENT_LIB -DQT_NETWORK_LIB -DQT_CORE_LIB --include /home/q5sys/git/lumina/src-qt5/desktop-utils/lumina-fileinfo/.build/moc/moc_predefs.h -I/usr/lib64/qt5/mkspecs/linux-g++ -I/home/q5sys/git/lumina/src-qt5/desktop-utils/lumina-fileinfo -I/home/q5sys/git/lumina/src-qt5/core/libLumina -I/usr/include/qt5 -I/usr -I/usr/include -I'/home/q5sys/git/lumina/src-qt5/desktop-utils/lumina-fileinfo//home/q5sys/git/lumina/src-qt5/desktop-utils/lumina-fileinfo' -I/usr/include/qt5/QtSvg -I/usr/include/qt5/QtWidgets -I/usr/include/qt5/QtMultimedia -I/usr/include/qt5/QtGui -I/usr/include/qt5/QtConcurrent -I/usr/include/qt5/QtNetwork -I/usr/include/qt5/QtCore -I/usr/include/c++/11 -I/usr/include/c++/11/x86_64-redhat-linux -I/usr/include/c++/11/backward -I/usr/lib/gcc/x86_64-redhat-linux/11/include -I/usr/local/include -I/usr/include ../../core/libLumina/LuminaThemes.h -o .build/moc/moc_LuminaThemes.cpp
/usr/lib64/qt5/bin/moc -DPREFIX=QString\(\"/usr\"\) -DL_ETCDIR=QString\(\"/etc\"\) -DL_SHAREDIR=QString\(\"/usr/share\"\) -DGIT_VERSION="\"a88ea52f\"" -DQT_NO_DEBUG -DQT_SVG_LIB -DQT_WIDGETS_LIB -DQT_MULTIMEDIA_LIB -DQT_GUI_LIB -DQT_CONCURRENT_LIB -DQT_NETWORK_LIB -DQT_CORE_LIB --include /home/q5sys/git/lumina/src-qt5/desktop-utils/lumina-fileinfo/.build/moc/moc_predefs.h -I/usr/lib64/qt5/mkspecs/linux-g++ -I/home/q5sys/git/lumina/src-qt5/desktop-utils/lumina-fileinfo -I/home/q5sys/git/lumina/src-qt5/core/libLumina -I/usr/include/qt5 -I/usr -I/usr/include -I'/home/q5sys/git/lumina/src-qt5/desktop-utils/lumina-fileinfo//home/q5sys/git/lumina/src-qt5/desktop-utils/lumina-fileinfo' -I/usr/include/qt5/QtSvg -I/usr/include/qt5/QtWidgets -I/usr/include/qt5/QtMultimedia -I/usr/include/qt5/QtGui -I/usr/include/qt5/QtConcurrent -I/usr/include/qt5/QtNetwork -I/usr/include/qt5/QtCore -I/usr/include/c++/11 -I/usr/include/c++/11/x86_64-redhat-linux -I/usr/include/c++/11/backward -I/usr/lib/gcc/x86_64-redhat-linux/11/include -I/usr/local/include -I/usr/include MainUI.h -o .build/moc/moc_MainUI.cpp
g++ -c -pipe -O2 -flto=auto -ffat-lto-objects -fexceptions -g -grecord-gcc-switches -pipe -Wall -Werror=format-security -Wp,-D_FORTIFY_SOURCE=2 -Wp,-D_GLIBCXX_ASSERTIONS -specs=/usr/lib/rpm/redhat/redhat-hardened-cc1 -fstack-protector-strong -specs=/usr/lib/rpm/redhat/redhat-annobin-cc1 -m64 -mtune=generic -fasynchronous-unwind-tables -fstack-clash-protection -fcf-protection -std=gnu++11 -Wall -Wextra -D_REENTRANT -fPIC -DPREFIX=QString\(\"/usr\"\) -DL_ETCDIR=QString\(\"/etc\"\) -DL_SHAREDIR=QString\(\"/usr/share\"\) -DGIT_VERSION="\"a88ea52f\"" -DQT_NO_DEBUG -DQT_MULTIMEDIAWIDGETS_LIB -DQT_SVG_LIB -DQT_WIDGETS_LIB -DQT_MULTIMEDIA_LIB -DQT_X11EXTRAS_LIB -DQT_GUI_LIB -DQT_NETWORK_LIB -DQT_CONCURRENT_LIB -DQT_CORE_LIB -I. -I../../core/libLumina -I/usr/include/qt5 -I/usr -I/usr/include -I/home/q5sys/git/lumina/src-qt5/desktop-utils/lumina-fm -I/usr/include/qt5/QtMultimediaWidgets -I/usr/include/qt5/QtSvg -I/usr/include/qt5/QtWidgets -I/usr/include/qt5/QtMultimedia -I/usr/include/qt5/QtX11Extras -I/usr/include/qt5/QtGui -I/usr/include/qt5/QtNetwork -I/usr/include/qt5/QtConcurrent -I/usr/include/qt5/QtCore -I.build/moc -I.build/ui -I/usr/lib64/qt5/mkspecs/linux-g++ -o .build/obj/moc_BMMDialog.o .build/moc/moc_BMMDialog.cpp
g++ -c -pipe -O2 -flto=auto -ffat-lto-objects -fexceptions -g -grecord-gcc-switches -pipe -Wall -Werror=format-security -Wp,-D_FORTIFY_SOURCE=2 -Wp,-D_GLIBCXX_ASSERTIONS -specs=/usr/lib/rpm/redhat/redhat-hardened-cc1 -fstack-protector-strong -specs=/usr/lib/rpm/redhat/redhat-annobin-cc1 -m64 -mtune=generic -fasynchronous-unwind-tables -fstack-clash-protection -fcf-protection -std=gnu++11 -Wall -Wextra -D_REENTRANT -fPIC -DPREFIX=QString\(\"/usr\"\) -DL_ETCDIR=QString\(\"/etc\"\) -DL_SHAREDIR=QString\(\"/usr/share\"\) -DGIT_VERSION="\"a88ea52f\"" -DQT_NO_DEBUG -DQT_SVG_LIB -DQT_WIDGETS_LIB -DQT_MULTIMEDIA_LIB -DQT_GUI_LIB -DQT_CONCURRENT_LIB -DQT_NETWORK_LIB -DQT_CORE_LIB -I. -I../../core/libLumina -I/usr/include/qt5 -I/usr -I/usr/include -I/home/q5sys/git/lumina/src-qt5/desktop-utils/lumina-fileinfo -I/usr/include/qt5/QtSvg -I/usr/include/qt5/QtWidgets -I/usr/include/qt5/QtMultimedia -I/usr/include/qt5/QtGui -I/usr/include/qt5/QtConcurrent -I/usr/include/qt5/QtNetwork -I/usr/include/qt5/QtCore -I.build/moc -I.build/ui -I/usr/lib64/qt5/mkspecs/linux-g++ -o .build/obj/moc_LuminaXDG.o .build/moc/moc_LuminaXDG.cpp
g++ -c -pipe -O2 -flto=auto -ffat-lto-objects -fexceptions -g -grecord-gcc-switches -pipe -Wall -Werror=format-security -Wp,-D_FORTIFY_SOURCE=2 -Wp,-D_GLIBCXX_ASSERTIONS -specs=/usr/lib/rpm/redhat/redhat-hardened-cc1 -fstack-protector-strong -specs=/usr/lib/rpm/redhat/redhat-annobin-cc1 -m64 -mtune=generic -fasynchronous-unwind-tables -fstack-clash-protection -fcf-protection -std=gnu++11 -Wall -Wextra -D_REENTRANT -fPIC -DPREFIX=QString\(\"/usr\"\) -DL_ETCDIR=QString\(\"/etc\"\) -DL_SHAREDIR=QString\(\"/usr/share\"\) -DGIT_VERSION="\"a88ea52f\"" -DNO_XINPUT -DQT_NO_DEBUG -DQT_SVG_LIB -DQT_WIDGETS_LIB -DQT_X11EXTRAS_LIB -DQT_MULTIMEDIA_LIB -DQT_GUI_LIB -DQT_NETWORK_LIB -DQT_CONCURRENT_LIB -DQT_CORE_LIB -I. -I../../core/libLumina -I/usr/include/qt5 -I/usr -I/usr/include -I/home/q5sys/git/lumina/src-qt5/core-utils/lumina-config -I/usr/include/qt5/QtSvg -I/usr/include/qt5/QtWidgets -I/usr/include/qt5/QtX11Extras -I/usr/include/qt5/QtMultimedia -I/usr/include/qt5/QtGui -I/usr/include/qt5/QtNetwork -I/usr/include/qt5/QtConcurrent -I/usr/include/qt5/QtCore -I.build/moc -I.build/ui -I/usr/lib64/qt5/mkspecs/linux-g++ -o .build/obj/moc_page_interface_menu.o .build/moc/moc_page_interface_menu.cpp
g++ -c -pipe -O2 -flto=auto -ffat-lto-objects -fexceptions -g -grecord-gcc-switches -pipe -Wall -Werror=format-security -Wp,-D_FORTIFY_SOURCE=2 -Wp,-D_GLIBCXX_ASSERTIONS -specs=/usr/lib/rpm/redhat/redhat-hardened-cc1 -fstack-protector-strong -specs=/usr/lib/rpm/redhat/redhat-annobin-cc1 -m64 -mtune=generic -fasynchronous-unwind-tables -fstack-clash-protection -fcf-protection -std=gnu++11 -Wall -Wextra -D_REENTRANT -fPIC -DPREFIX=QString\(\"/usr\"\) -DL_ETCDIR=QString\(\"/etc\"\) -DL_SHAREDIR=QString\(\"/usr/share\"\) -DGIT_VERSION="\"a88ea52f\"" -DQT_NO_DEBUG -DQT_MULTIMEDIAWIDGETS_LIB -DQT_SVG_LIB -DQT_WIDGETS_LIB -DQT_MULTIMEDIA_LIB -DQT_X11EXTRAS_LIB -DQT_GUI_LIB -DQT_NETWORK_LIB -DQT_CONCURRENT_LIB -DQT_CORE_LIB -I. -I../../core/libLumina -I/usr/include/qt5 -I/usr -I/usr/include -I/home/q5sys/git/lumina/src-qt5/desktop-utils/lumina-fm -I/usr/include/qt5/QtMultimediaWidgets -I/usr/include/qt5/QtSvg -I/usr/include/qt5/QtWidgets -I/usr/include/qt5/QtMultimedia -I/usr/include/qt5/QtX11Extras -I/usr/include/qt5/QtGui -I/usr/include/qt5/QtNetwork -I/usr/include/qt5/QtConcurrent -I/usr/include/qt5/QtCore -I.build/moc -I.build/ui -I/usr/lib64/qt5/mkspecs/linux-g++ -o .build/obj/moc_ScrollDialog.o .build/moc/moc_ScrollDialog.cpp
g++ -c -pipe -O2 -flto=auto -ffat-lto-objects -fexceptions -g -grecord-gcc-switches -pipe -Wall -Werror=format-security -Wp,-D_FORTIFY_SOURCE=2 -Wp,-D_GLIBCXX_ASSERTIONS -specs=/usr/lib/rpm/redhat/redhat-hardened-cc1 -fstack-protector-strong -specs=/usr/lib/rpm/redhat/redhat-annobin-cc1 -m64 -mtune=generic -fasynchronous-unwind-tables -fstack-clash-protection -fcf-protection -std=gnu++11 -Wall -Wextra -D_REENTRANT -fPIC -DPREFIX=QString\(\"/usr\"\) -DL_ETCDIR=QString\(\"/etc\"\) -DL_SHAREDIR=QString\(\"/usr/share\"\) -DGIT_VERSION="\"a88ea52f\"" -DQT_NO_DEBUG -DQT_SVG_LIB -DQT_WIDGETS_LIB -DQT_MULTIMEDIA_LIB -DQT_GUI_LIB -DQT_CONCURRENT_LIB -DQT_NETWORK_LIB -DQT_CORE_LIB -I. -I../../core/libLumina -I/usr/include/qt5 -I/usr -I/usr/include -I/home/q5sys/git/lumina/src-qt5/desktop-utils/lumina-fileinfo -I/usr/include/qt5/QtSvg -I/usr/include/qt5/QtWidgets -I/usr/include/qt5/QtMultimedia -I/usr/include/qt5/QtGui -I/usr/include/qt5/QtConcurrent -I/usr/include/qt5/QtNetwork -I/usr/include/qt5/QtCore -I.build/moc -I.build/ui -I/usr/lib64/qt5/mkspecs/linux-g++ -o .build/obj/moc_LVideoLabel.o .build/moc/moc_LVideoLabel.cpp
g++ -c -pipe -O2 -flto=auto -ffat-lto-objects -fexceptions -g -grecord-gcc-switches -pipe -Wall -Werror=format-security -Wp,-D_FORTIFY_SOURCE=2 -Wp,-D_GLIBCXX_ASSERTIONS -specs=/usr/lib/rpm/redhat/redhat-hardened-cc1 -fstack-protector-strong -specs=/usr/lib/rpm/redhat/redhat-annobin-cc1 -m64 -mtune=generic -fasynchronous-unwind-tables -fstack-clash-protection -fcf-protection -std=gnu++11 -Wall -Wextra -D_REENTRANT -fPIC -DPREFIX=QString\(\"/usr\"\) -DL_ETCDIR=QString\(\"/etc\"\) -DL_SHAREDIR=QString\(\"/usr/share\"\) -DGIT_VERSION="\"a88ea52f\"" -DQT_NO_DEBUG -DQT_MULTIMEDIAWIDGETS_LIB -DQT_SVG_LIB -DQT_WIDGETS_LIB -DQT_MULTIMEDIA_LIB -DQT_X11EXTRAS_LIB -DQT_GUI_LIB -DQT_NETWORK_LIB -DQT_CONCURRENT_LIB -DQT_CORE_LIB -I. -I../../core/libLumina -I/usr/include/qt5 -I/usr -I/usr/include -I/home/q5sys/git/lumina/src-qt5/desktop-utils/lumina-fm -I/usr/include/qt5/QtMultimediaWidgets -I/usr/include/qt5/QtSvg -I/usr/include/qt5/QtWidgets -I/usr/include/qt5/QtMultimedia -I/usr/include/qt5/QtX11Extras -I/usr/include/qt5/QtGui -I/usr/include/qt5/QtNetwork -I/usr/include/qt5/QtConcurrent -I/usr/include/qt5/QtCore -I.build/moc -I.build/ui -I/usr/lib64/qt5/mkspecs/linux-g++ -o .build/obj/moc_DirData.o .build/moc/moc_DirData.cpp
g++ -c -pipe -O2 -flto=auto -ffat-lto-objects -fexceptions -g -grecord-gcc-switches -pipe -Wall -Werror=format-security -Wp,-D_FORTIFY_SOURCE=2 -Wp,-D_GLIBCXX_ASSERTIONS -specs=/usr/lib/rpm/redhat/redhat-hardened-cc1 -fstack-protector-strong -specs=/usr/lib/rpm/redhat/redhat-annobin-cc1 -m64 -mtune=generic -fasynchronous-unwind-tables -fstack-clash-protection -fcf-protection -std=gnu++11 -Wall -Wextra -D_REENTRANT -fPIC -DPREFIX=QString\(\"/usr\"\) -DL_ETCDIR=QString\(\"/etc\"\) -DL_SHAREDIR=QString\(\"/usr/share\"\) -DGIT_VERSION="\"a88ea52f\"" -DQT_NO_DEBUG -DQT_SVG_LIB -DQT_WIDGETS_LIB -DQT_MULTIMEDIA_LIB -DQT_GUI_LIB -DQT_CONCURRENT_LIB -DQT_NETWORK_LIB -DQT_CORE_LIB -I. -I../../core/libLumina -I/usr/include/qt5 -I/usr -I/usr/include -I/home/q5sys/git/lumina/src-qt5/desktop-utils/lumina-fileinfo -I/usr/include/qt5/QtSvg -I/usr/include/qt5/QtWidgets -I/usr/include/qt5/QtMultimedia -I/usr/include/qt5/QtGui -I/usr/include/qt5/QtConcurrent -I/usr/include/qt5/QtNetwork -I/usr/include/qt5/QtCore -I.build/moc -I.build/ui -I/usr/lib64/qt5/mkspecs/linux-g++ -o .build/obj/moc_LVideoSurface.o .build/moc/moc_LVideoSurface.cpp
g++ -c -pipe -O2 -flto=auto -ffat-lto-objects -fexceptions -g -grecord-gcc-switches -pipe -Wall -Werror=format-security -Wp,-D_FORTIFY_SOURCE=2 -Wp,-D_GLIBCXX_ASSERTIONS -specs=/usr/lib/rpm/redhat/redhat-hardened-cc1 -fstack-protector-strong -specs=/usr/lib/rpm/redhat/redhat-annobin-cc1 -m64 -mtune=generic -fasynchronous-unwind-tables -fstack-clash-protection -fcf-protection -std=gnu++11 -Wall -Wextra -D_REENTRANT -fPIC -DPREFIX=QString\(\"/usr\"\) -DL_ETCDIR=QString\(\"/etc\"\) -DL_SHAREDIR=QString\(\"/usr/share\"\) -DGIT_VERSION="\"a88ea52f\"" -DNO_XINPUT -DQT_NO_DEBUG -DQT_SVG_LIB -DQT_WIDGETS_LIB -DQT_X11EXTRAS_LIB -DQT_MULTIMEDIA_LIB -DQT_GUI_LIB -DQT_NETWORK_LIB -DQT_CONCURRENT_LIB -DQT_CORE_LIB -I. -I../../core/libLumina -I/usr/include/qt5 -I/usr -I/usr/include -I/home/q5sys/git/lumina/src-qt5/core-utils/lumina-config -I/usr/include/qt5/QtSvg -I/usr/include/qt5/QtWidgets -I/usr/include/qt5/QtX11Extras -I/usr/include/qt5/QtMultimedia -I/usr/include/qt5/QtGui -I/usr/include/qt5/QtNetwork -I/usr/include/qt5/QtConcurrent -I/usr/include/qt5/QtCore -I.build/moc -I.build/ui -I/usr/lib64/qt5/mkspecs/linux-g++ -o .build/obj/moc_page_interface_panels.o .build/moc/moc_page_interface_panels.cpp
g++ -c -pipe -O2 -flto=auto -ffat-lto-objects -fexceptions -g -grecord-gcc-switches -pipe -Wall -Werror=format-security -Wp,-D_FORTIFY_SOURCE=2 -Wp,-D_GLIBCXX_ASSERTIONS -specs=/usr/lib/rpm/redhat/redhat-hardened-cc1 -fstack-protector-strong -specs=/usr/lib/rpm/redhat/redhat-annobin-cc1 -m64 -mtune=generic -fasynchronous-unwind-tables -fstack-clash-protection -fcf-protection -std=gnu++11 -Wall -Wextra -D_REENTRANT -fPIC -DPREFIX=QString\(\"/usr\"\) -DL_ETCDIR=QString\(\"/etc\"\) -DL_SHAREDIR=QString\(\"/usr/share\"\) -DGIT_VERSION="\"a88ea52f\"" -DQT_NO_DEBUG -DQT_SVG_LIB -DQT_WIDGETS_LIB -DQT_MULTIMEDIA_LIB -DQT_GUI_LIB -DQT_CONCURRENT_LIB -DQT_NETWORK_LIB -DQT_CORE_LIB -I. -I../../core/libLumina -I/usr/include/qt5 -I/usr -I/usr/include -I/home/q5sys/git/lumina/src-qt5/desktop-utils/lumina-fileinfo -I/usr/include/qt5/QtSvg -I/usr/include/qt5/QtWidgets -I/usr/include/qt5/QtMultimedia -I/usr/include/qt5/QtGui -I/usr/include/qt5/QtConcurrent -I/usr/include/qt5/QtNetwork -I/usr/include/qt5/QtCore -I.build/moc -I.build/ui -I/usr/lib64/qt5/mkspecs/linux-g++ -o .build/obj/moc_LVideoWidget.o .build/moc/moc_LVideoWidget.cpp
g++ -c -pipe -O2 -flto=auto -ffat-lto-objects -fexceptions -g -grecord-gcc-switches -pipe -Wall -Werror=format-security -Wp,-D_FORTIFY_SOURCE=2 -Wp,-D_GLIBCXX_ASSERTIONS -specs=/usr/lib/rpm/redhat/redhat-hardened-cc1 -fstack-protector-strong -specs=/usr/lib/rpm/redhat/redhat-annobin-cc1 -m64 -mtune=generic -fasynchronous-unwind-tables -fstack-clash-protection -fcf-protection -std=gnu++11 -Wall -Wextra -D_REENTRANT -fPIC -DPREFIX=QString\(\"/usr\"\) -DL_ETCDIR=QString\(\"/etc\"\) -DL_SHAREDIR=QString\(\"/usr/share\"\) -DGIT_VERSION="\"a88ea52f\"" -DQT_NO_DEBUG -DQT_SVG_LIB -DQT_WIDGETS_LIB -DQT_MULTIMEDIA_LIB -DQT_GUI_LIB -DQT_CONCURRENT_LIB -DQT_NETWORK_LIB -DQT_CORE_LIB -I. -I../../core/libLumina -I/usr/include/qt5 -I/usr -I/usr/include -I/home/q5sys/git/lumina/src-qt5/desktop-utils/lumina-fileinfo -I/usr/include/qt5/QtSvg -I/usr/include/qt5/QtWidgets -I/usr/include/qt5/QtMultimedia -I/usr/include/qt5/QtGui -I/usr/include/qt5/QtConcurrent -I/usr/include/qt5/QtNetwork -I/usr/include/qt5/QtCore -I.build/moc -I.build/ui -I/usr/lib64/qt5/mkspecs/linux-g++ -o .build/obj/moc_LuminaThemes.o .build/moc/moc_LuminaThemes.cpp
g++ -c -pipe -O2 -flto=auto -ffat-lto-objects -fexceptions -g -grecord-gcc-switches -pipe -Wall -Werror=format-security -Wp,-D_FORTIFY_SOURCE=2 -Wp,-D_GLIBCXX_ASSERTIONS -specs=/usr/lib/rpm/redhat/redhat-hardened-cc1 -fstack-protector-strong -specs=/usr/lib/rpm/redhat/redhat-annobin-cc1 -m64 -mtune=generic -fasynchronous-unwind-tables -fstack-clash-protection -fcf-protection -std=gnu++11 -Wall -Wextra -D_REENTRANT -fPIC -DPREFIX=QString\(\"/usr\"\) -DL_ETCDIR=QString\(\"/etc\"\) -DL_SHAREDIR=QString\(\"/usr/share\"\) -DGIT_VERSION="\"a88ea52f\"" -DQT_NO_DEBUG -DQT_SVG_LIB -DQT_WIDGETS_LIB -DQT_MULTIMEDIA_LIB -DQT_GUI_LIB -DQT_CONCURRENT_LIB -DQT_NETWORK_LIB -DQT_CORE_LIB -I. -I../../core/libLumina -I/usr/include/qt5 -I/usr -I/usr/include -I/home/q5sys/git/lumina/src-qt5/desktop-utils/lumina-fileinfo -I/usr/include/qt5/QtSvg -I/usr/include/qt5/QtWidgets -I/usr/include/qt5/QtMultimedia -I/usr/include/qt5/QtGui -I/usr/include/qt5/QtConcurrent -I/usr/include/qt5/QtNetwork -I/usr/include/qt5/QtCore -I.build/moc -I.build/ui -I/usr/lib64/qt5/mkspecs/linux-g++ -o .build/obj/moc_MainUI.o .build/moc/moc_MainUI.cpp
g++ -c -pipe -O2 -flto=auto -ffat-lto-objects -fexceptions -g -grecord-gcc-switches -pipe -Wall -Werror=format-security -Wp,-D_FORTIFY_SOURCE=2 -Wp,-D_GLIBCXX_ASSERTIONS -specs=/usr/lib/rpm/redhat/redhat-hardened-cc1 -fstack-protector-strong -specs=/usr/lib/rpm/redhat/redhat-annobin-cc1 -m64 -mtune=generic -fasynchronous-unwind-tables -fstack-clash-protection -fcf-protection -std=gnu++11 -Wall -Wextra -D_REENTRANT -fPIC -DPREFIX=QString\(\"/usr\"\) -DL_ETCDIR=QString\(\"/etc\"\) -DL_SHAREDIR=QString\(\"/usr/share\"\) -DGIT_VERSION="\"a88ea52f\"" -DNO_XINPUT -DQT_NO_DEBUG -DQT_SVG_LIB -DQT_WIDGETS_LIB -DQT_X11EXTRAS_LIB -DQT_MULTIMEDIA_LIB -DQT_GUI_LIB -DQT_NETWORK_LIB -DQT_CONCURRENT_LIB -DQT_CORE_LIB -I. -I../../core/libLumina -I/usr/include/qt5 -I/usr -I/usr/include -I/home/q5sys/git/lumina/src-qt5/core-utils/lumina-config -I/usr/include/qt5/QtSvg -I/usr/include/qt5/QtWidgets -I/usr/include/qt5/QtX11Extras -I/usr/include/qt5/QtMultimedia -I/usr/include/qt5/QtGui -I/usr/include/qt5/QtNetwork -I/usr/include/qt5/QtConcurrent -I/usr/include/qt5/QtCore -I.build/moc -I.build/ui -I/usr/lib64/qt5/mkspecs/linux-g++ -o .build/obj/moc_page_session_locale.o .build/moc/moc_page_session_locale.cpp
g++ -c -pipe -O2 -flto=auto -ffat-lto-objects -fexceptions -g -grecord-gcc-switches -pipe -Wall -Werror=format-security -Wp,-D_FORTIFY_SOURCE=2 -Wp,-D_GLIBCXX_ASSERTIONS -specs=/usr/lib/rpm/redhat/redhat-hardened-cc1 -fstack-protector-strong -specs=/usr/lib/rpm/redhat/redhat-annobin-cc1 -m64 -mtune=generic -fasynchronous-unwind-tables -fstack-clash-protection -fcf-protection -std=gnu++11 -Wall -Wextra -D_REENTRANT -fPIC -DPREFIX=QString\(\"/usr\"\) -DL_ETCDIR=QString\(\"/etc\"\) -DL_SHAREDIR=QString\(\"/usr/share\"\) -DGIT_VERSION="\"a88ea52f\"" -DQT_NO_DEBUG -DQT_MULTIMEDIAWIDGETS_LIB -DQT_SVG_LIB -DQT_WIDGETS_LIB -DQT_MULTIMEDIA_LIB -DQT_X11EXTRAS_LIB -DQT_GUI_LIB -DQT_NETWORK_LIB -DQT_CONCURRENT_LIB -DQT_CORE_LIB -I. -I../../core/libLumina -I/usr/include/qt5 -I/usr -I/usr/include -I/home/q5sys/git/lumina/src-qt5/desktop-utils/lumina-fm -I/usr/include/qt5/QtMultimediaWidgets -I/usr/include/qt5/QtSvg -I/usr/include/qt5/QtWidgets -I/usr/include/qt5/QtMultimedia -I/usr/include/qt5/QtX11Extras -I/usr/include/qt5/QtGui -I/usr/include/qt5/QtNetwork -I/usr/include/qt5/QtConcurrent -I/usr/include/qt5/QtCore -I.build/moc -I.build/ui -I/usr/lib64/qt5/mkspecs/linux-g++ -o .build/obj/moc_DDListWidgets.o .build/moc/moc_DDListWidgets.cpp
g++ -c -pipe -O2 -flto=auto -ffat-lto-objects -fexceptions -g -grecord-gcc-switches -pipe -Wall -Werror=format-security -Wp,-D_FORTIFY_SOURCE=2 -Wp,-D_GLIBCXX_ASSERTIONS -specs=/usr/lib/rpm/redhat/redhat-hardened-cc1 -fstack-protector-strong -specs=/usr/lib/rpm/redhat/redhat-annobin-cc1 -m64 -mtune=generic -fasynchronous-unwind-tables -fstack-clash-protection -fcf-protection -std=gnu++11 -Wall -Wextra -D_REENTRANT -fPIC -DPREFIX=QString\(\"/usr\"\) -DL_ETCDIR=QString\(\"/etc\"\) -DL_SHAREDIR=QString\(\"/usr/share\"\) -DGIT_VERSION="\"a88ea52f\"" -DQT_NO_DEBUG -DQT_MULTIMEDIAWIDGETS_LIB -DQT_SVG_LIB -DQT_WIDGETS_LIB -DQT_MULTIMEDIA_LIB -DQT_X11EXTRAS_LIB -DQT_GUI_LIB -DQT_NETWORK_LIB -DQT_CONCURRENT_LIB -DQT_CORE_LIB -I. -I../../core/libLumina -I/usr/include/qt5 -I/usr -I/usr/include -I/home/q5sys/git/lumina/src-qt5/desktop-utils/lumina-fm -I/usr/include/qt5/QtMultimediaWidgets -I/usr/include/qt5/QtSvg -I/usr/include/qt5/QtWidgets -I/usr/include/qt5/QtMultimedia -I/usr/include/qt5/QtX11Extras -I/usr/include/qt5/QtGui -I/usr/include/qt5/QtNetwork -I/usr/include/qt5/QtConcurrent -I/usr/include/qt5/QtCore -I.build/moc -I.build/ui -I/usr/lib64/qt5/mkspecs/linux-g++ -o .build/obj/moc_MultimediaWidget.o .build/moc/moc_MultimediaWidget.cpp
g++ -Wl,--as-needed -Wl,-z,relro -Wl,--as-needed -Wl,-z,now -specs=/usr/lib/rpm/redhat/redhat-hardened-ld -o lumina-fileinfo .build/obj/LuminaOS-Linux.o .build/obj/LUtils.o .build/obj/LuminaXDG.o .build/obj/LFileInfo.o .build/obj/LVideoLabel.o .build/obj/LVideoSurface.o .build/obj/LVideoWidget.o .build/obj/LuminaThemes.o .build/obj/main.o .build/obj/MainUI.o .build/obj/moc_LuminaXDG.o .build/obj/moc_LVideoLabel.o .build/obj/moc_LVideoSurface.o .build/obj/moc_LVideoWidget.o .build/obj/moc_LuminaThemes.o .build/obj/moc_MainUI.o   -L/home/q5sys/git/lumina/src-qt5/core/libLumina -L/usr/lib64 -L/usr/lib64/qt5 -L/usr/local/lib -L/usr/lib -L/lib /usr/lib64/libQt5Svg.so /usr/lib64/libQt5Widgets.so /usr/lib64/libQt5Multimedia.so /usr/lib64/libQt5Gui.so /usr/lib64/libQt5Concurrent.so /usr/lib64/libQt5Network.so /usr/lib64/libQt5Core.so -lGL -lpthread   
g++ -c -pipe -O2 -flto=auto -ffat-lto-objects -fexceptions -g -grecord-gcc-switches -pipe -Wall -Werror=format-security -Wp,-D_FORTIFY_SOURCE=2 -Wp,-D_GLIBCXX_ASSERTIONS -specs=/usr/lib/rpm/redhat/redhat-hardened-cc1 -fstack-protector-strong -specs=/usr/lib/rpm/redhat/redhat-annobin-cc1 -m64 -mtune=generic -fasynchronous-unwind-tables -fstack-clash-protection -fcf-protection -std=gnu++11 -Wall -Wextra -D_REENTRANT -fPIC -DPREFIX=QString\(\"/usr\"\) -DL_ETCDIR=QString\(\"/etc\"\) -DL_SHAREDIR=QString\(\"/usr/share\"\) -DGIT_VERSION="\"a88ea52f\"" -DNO_XINPUT -DQT_NO_DEBUG -DQT_SVG_LIB -DQT_WIDGETS_LIB -DQT_X11EXTRAS_LIB -DQT_MULTIMEDIA_LIB -DQT_GUI_LIB -DQT_NETWORK_LIB -DQT_CONCURRENT_LIB -DQT_CORE_LIB -I. -I../../core/libLumina -I/usr/include/qt5 -I/usr -I/usr/include -I/home/q5sys/git/lumina/src-qt5/core-utils/lumina-config -I/usr/include/qt5/QtSvg -I/usr/include/qt5/QtWidgets -I/usr/include/qt5/QtX11Extras -I/usr/include/qt5/QtMultimedia -I/usr/include/qt5/QtGui -I/usr/include/qt5/QtNetwork -I/usr/include/qt5/QtConcurrent -I/usr/include/qt5/QtCore -I.build/moc -I.build/ui -I/usr/lib64/qt5/mkspecs/linux-g++ -o .build/obj/moc_page_session_options.o .build/moc/moc_page_session_options.cpp
g++ -c -pipe -O2 -flto=auto -ffat-lto-objects -fexceptions -g -grecord-gcc-switches -pipe -Wall -Werror=format-security -Wp,-D_FORTIFY_SOURCE=2 -Wp,-D_GLIBCXX_ASSERTIONS -specs=/usr/lib/rpm/redhat/redhat-hardened-cc1 -fstack-protector-strong -specs=/usr/lib/rpm/redhat/redhat-annobin-cc1 -m64 -mtune=generic -fasynchronous-unwind-tables -fstack-clash-protection -fcf-protection -std=gnu++11 -Wall -Wextra -D_REENTRANT -fPIC -DPREFIX=QString\(\"/usr\"\) -DL_ETCDIR=QString\(\"/etc\"\) -DL_SHAREDIR=QString\(\"/usr/share\"\) -DGIT_VERSION="\"a88ea52f\"" -DQT_NO_DEBUG -DQT_MULTIMEDIAWIDGETS_LIB -DQT_SVG_LIB -DQT_WIDGETS_LIB -DQT_MULTIMEDIA_LIB -DQT_X11EXTRAS_LIB -DQT_GUI_LIB -DQT_NETWORK_LIB -DQT_CONCURRENT_LIB -DQT_CORE_LIB -I. -I../../core/libLumina -I/usr/include/qt5 -I/usr -I/usr/include -I/home/q5sys/git/lumina/src-qt5/desktop-utils/lumina-fm -I/usr/include/qt5/QtMultimediaWidgets -I/usr/include/qt5/QtSvg -I/usr/include/qt5/QtWidgets -I/usr/include/qt5/QtMultimedia -I/usr/include/qt5/QtX11Extras -I/usr/include/qt5/QtGui -I/usr/include/qt5/QtNetwork -I/usr/include/qt5/QtConcurrent -I/usr/include/qt5/QtCore -I.build/moc -I.build/ui -I/usr/lib64/qt5/mkspecs/linux-g++ -o .build/obj/moc_SlideshowWidget.o .build/moc/moc_SlideshowWidget.cpp
g++ -c -pipe -O2 -flto=auto -ffat-lto-objects -fexceptions -g -grecord-gcc-switches -pipe -Wall -Werror=format-security -Wp,-D_FORTIFY_SOURCE=2 -Wp,-D_GLIBCXX_ASSERTIONS -specs=/usr/lib/rpm/redhat/redhat-hardened-cc1 -fstack-protector-strong -specs=/usr/lib/rpm/redhat/redhat-annobin-cc1 -m64 -mtune=generic -fasynchronous-unwind-tables -fstack-clash-protection -fcf-protection -std=gnu++11 -Wall -Wextra -D_REENTRANT -fPIC -DPREFIX=QString\(\"/usr\"\) -DL_ETCDIR=QString\(\"/etc\"\) -DL_SHAREDIR=QString\(\"/usr/share\"\) -DGIT_VERSION="\"a88ea52f\"" -DQT_NO_DEBUG -DQT_MULTIMEDIAWIDGETS_LIB -DQT_SVG_LIB -DQT_WIDGETS_LIB -DQT_MULTIMEDIA_LIB -DQT_X11EXTRAS_LIB -DQT_GUI_LIB -DQT_NETWORK_LIB -DQT_CONCURRENT_LIB -DQT_CORE_LIB -I. -I../../core/libLumina -I/usr/include/qt5 -I/usr -I/usr/include -I/home/q5sys/git/lumina/src-qt5/desktop-utils/lumina-fm -I/usr/include/qt5/QtMultimediaWidgets -I/usr/include/qt5/QtSvg -I/usr/include/qt5/QtWidgets -I/usr/include/qt5/QtMultimedia -I/usr/include/qt5/QtX11Extras -I/usr/include/qt5/QtGui -I/usr/include/qt5/QtNetwork -I/usr/include/qt5/QtConcurrent -I/usr/include/qt5/QtCore -I.build/moc -I.build/ui -I/usr/lib64/qt5/mkspecs/linux-g++ -o .build/obj/moc_DirWidget2.o .build/moc/moc_DirWidget2.cpp
g++ -c -pipe -O2 -flto=auto -ffat-lto-objects -fexceptions -g -grecord-gcc-switches -pipe -Wall -Werror=format-security -Wp,-D_FORTIFY_SOURCE=2 -Wp,-D_GLIBCXX_ASSERTIONS -specs=/usr/lib/rpm/redhat/redhat-hardened-cc1 -fstack-protector-strong -specs=/usr/lib/rpm/redhat/redhat-annobin-cc1 -m64 -mtune=generic -fasynchronous-unwind-tables -fstack-clash-protection -fcf-protection -std=gnu++11 -Wall -Wextra -D_REENTRANT -fPIC -DPREFIX=QString\(\"/usr\"\) -DL_ETCDIR=QString\(\"/etc\"\) -DL_SHAREDIR=QString\(\"/usr/share\"\) -DGIT_VERSION="\"a88ea52f\"" -DNO_XINPUT -DQT_NO_DEBUG -DQT_SVG_LIB -DQT_WIDGETS_LIB -DQT_X11EXTRAS_LIB -DQT_MULTIMEDIA_LIB -DQT_GUI_LIB -DQT_NETWORK_LIB -DQT_CONCURRENT_LIB -DQT_CORE_LIB -I. -I../../core/libLumina -I/usr/include/qt5 -I/usr -I/usr/include -I/home/q5sys/git/lumina/src-qt5/core-utils/lumina-config -I/usr/include/qt5/QtSvg -I/usr/include/qt5/QtWidgets -I/usr/include/qt5/QtX11Extras -I/usr/include/qt5/QtMultimedia -I/usr/include/qt5/QtGui -I/usr/include/qt5/QtNetwork -I/usr/include/qt5/QtConcurrent -I/usr/include/qt5/QtCore -I.build/moc -I.build/ui -I/usr/lib64/qt5/mkspecs/linux-g++ -o .build/obj/moc_page_compton.o .build/moc/moc_page_compton.cpp
g++ -c -pipe -O2 -flto=auto -ffat-lto-objects -fexceptions -g -grecord-gcc-switches -pipe -Wall -Werror=format-security -Wp,-D_FORTIFY_SOURCE=2 -Wp,-D_GLIBCXX_ASSERTIONS -specs=/usr/lib/rpm/redhat/redhat-hardened-cc1 -fstack-protector-strong -specs=/usr/lib/rpm/redhat/redhat-annobin-cc1 -m64 -mtune=generic -fasynchronous-unwind-tables -fstack-clash-protection -fcf-protection -std=gnu++11 -Wall -Wextra -D_REENTRANT -fPIC -DPREFIX=QString\(\"/usr\"\) -DL_ETCDIR=QString\(\"/etc\"\) -DL_SHAREDIR=QString\(\"/usr/share\"\) -DGIT_VERSION="\"a88ea52f\"" -DQT_NO_DEBUG -DQT_MULTIMEDIAWIDGETS_LIB -DQT_SVG_LIB -DQT_WIDGETS_LIB -DQT_MULTIMEDIA_LIB -DQT_X11EXTRAS_LIB -DQT_GUI_LIB -DQT_NETWORK_LIB -DQT_CONCURRENT_LIB -DQT_CORE_LIB -I. -I../../core/libLumina -I/usr/include/qt5 -I/usr -I/usr/include -I/home/q5sys/git/lumina/src-qt5/desktop-utils/lumina-fm -I/usr/include/qt5/QtMultimediaWidgets -I/usr/include/qt5/QtSvg -I/usr/include/qt5/QtWidgets -I/usr/include/qt5/QtMultimedia -I/usr/include/qt5/QtX11Extras -I/usr/include/qt5/QtGui -I/usr/include/qt5/QtNetwork -I/usr/include/qt5/QtConcurrent -I/usr/include/qt5/QtCore -I.build/moc -I.build/ui -I/usr/lib64/qt5/mkspecs/linux-g++ -o .build/obj/moc_gitCompat.o .build/moc/moc_gitCompat.cpp
g++ -c -pipe -O2 -flto=auto -ffat-lto-objects -fexceptions -g -grecord-gcc-switches -pipe -Wall -Werror=format-security -Wp,-D_FORTIFY_SOURCE=2 -Wp,-D_GLIBCXX_ASSERTIONS -specs=/usr/lib/rpm/redhat/redhat-hardened-cc1 -fstack-protector-strong -specs=/usr/lib/rpm/redhat/redhat-annobin-cc1 -m64 -mtune=generic -fasynchronous-unwind-tables -fstack-clash-protection -fcf-protection -std=gnu++11 -Wall -Wextra -D_REENTRANT -fPIC -DPREFIX=QString\(\"/usr\"\) -DL_ETCDIR=QString\(\"/etc\"\) -DL_SHAREDIR=QString\(\"/usr/share\"\) -DGIT_VERSION="\"a88ea52f\"" -DQT_NO_DEBUG -DQT_MULTIMEDIAWIDGETS_LIB -DQT_SVG_LIB -DQT_WIDGETS_LIB -DQT_MULTIMEDIA_LIB -DQT_X11EXTRAS_LIB -DQT_GUI_LIB -DQT_NETWORK_LIB -DQT_CONCURRENT_LIB -DQT_CORE_LIB -I. -I../../core/libLumina -I/usr/include/qt5 -I/usr -I/usr/include -I/home/q5sys/git/lumina/src-qt5/desktop-utils/lumina-fm -I/usr/include/qt5/QtMultimediaWidgets -I/usr/include/qt5/QtSvg -I/usr/include/qt5/QtWidgets -I/usr/include/qt5/QtMultimedia -I/usr/include/qt5/QtX11Extras -I/usr/include/qt5/QtGui -I/usr/include/qt5/QtNetwork -I/usr/include/qt5/QtConcurrent -I/usr/include/qt5/QtCore -I.build/moc -I.build/ui -I/usr/lib64/qt5/mkspecs/linux-g++ -o .build/obj/moc_gitWizard.o .build/moc/moc_gitWizard.cpp
g++ -c -pipe -O2 -flto=auto -ffat-lto-objects -fexceptions -g -grecord-gcc-switches -pipe -Wall -Werror=format-security -Wp,-D_FORTIFY_SOURCE=2 -Wp,-D_GLIBCXX_ASSERTIONS -specs=/usr/lib/rpm/redhat/redhat-hardened-cc1 -fstack-protector-strong -specs=/usr/lib/rpm/redhat/redhat-annobin-cc1 -m64 -mtune=generic -fasynchronous-unwind-tables -fstack-clash-protection -fcf-protection -std=gnu++11 -Wall -Wextra -D_REENTRANT -fPIC -DPREFIX=QString\(\"/usr\"\) -DL_ETCDIR=QString\(\"/etc\"\) -DL_SHAREDIR=QString\(\"/usr/share\"\) -DGIT_VERSION="\"a88ea52f\"" -DNO_XINPUT -DQT_NO_DEBUG -DQT_SVG_LIB -DQT_WIDGETS_LIB -DQT_X11EXTRAS_LIB -DQT_MULTIMEDIA_LIB -DQT_GUI_LIB -DQT_NETWORK_LIB -DQT_CONCURRENT_LIB -DQT_CORE_LIB -I. -I../../core/libLumina -I/usr/include/qt5 -I/usr -I/usr/include -I/home/q5sys/git/lumina/src-qt5/core-utils/lumina-config -I/usr/include/qt5/QtSvg -I/usr/include/qt5/QtWidgets -I/usr/include/qt5/QtX11Extras -I/usr/include/qt5/QtMultimedia -I/usr/include/qt5/QtGui -I/usr/include/qt5/QtNetwork -I/usr/include/qt5/QtConcurrent -I/usr/include/qt5/QtCore -I.build/moc -I.build/ui -I/usr/lib64/qt5/mkspecs/linux-g++ -o .build/obj/moc_page_soundtheme.o .build/moc/moc_page_soundtheme.cpp
g++ -c -pipe -O2 -flto=auto -ffat-lto-objects -fexceptions -g -grecord-gcc-switches -pipe -Wall -Werror=format-security -Wp,-D_FORTIFY_SOURCE=2 -Wp,-D_GLIBCXX_ASSERTIONS -specs=/usr/lib/rpm/redhat/redhat-hardened-cc1 -fstack-protector-strong -specs=/usr/lib/rpm/redhat/redhat-annobin-cc1 -m64 -mtune=generic -fasynchronous-unwind-tables -fstack-clash-protection -fcf-protection -std=gnu++11 -Wall -Wextra -D_REENTRANT -fPIC -DPREFIX=QString\(\"/usr\"\) -DL_ETCDIR=QString\(\"/etc\"\) -DL_SHAREDIR=QString\(\"/usr/share\"\) -DGIT_VERSION="\"a88ea52f\"" -DQT_NO_DEBUG -DQT_MULTIMEDIAWIDGETS_LIB -DQT_SVG_LIB -DQT_WIDGETS_LIB -DQT_MULTIMEDIA_LIB -DQT_X11EXTRAS_LIB -DQT_GUI_LIB -DQT_NETWORK_LIB -DQT_CONCURRENT_LIB -DQT_CORE_LIB -I. -I../../core/libLumina -I/usr/include/qt5 -I/usr -I/usr/include -I/home/q5sys/git/lumina/src-qt5/desktop-utils/lumina-fm -I/usr/include/qt5/QtMultimediaWidgets -I/usr/include/qt5/QtSvg -I/usr/include/qt5/QtWidgets -I/usr/include/qt5/QtMultimedia -I/usr/include/qt5/QtX11Extras -I/usr/include/qt5/QtGui -I/usr/include/qt5/QtNetwork -I/usr/include/qt5/QtConcurrent -I/usr/include/qt5/QtCore -I.build/moc -I.build/ui -I/usr/lib64/qt5/mkspecs/linux-g++ -o .build/obj/moc_Browser.o .build/moc/moc_Browser.cpp
cd lumina-textedit/ && ( test -e Makefile || /usr/lib64/qt5/bin/qmake -o Makefile /home/q5sys/git/lumina/src-qt5/desktop-utils/lumina-textedit/lumina-textedit.pro 'QMAKE_CFLAGS_DEBUG=-O2 -flto=auto -ffat-lto-objects -fexceptions -g -grecord-gcc-switches -pipe -Wall -Werror=format-security -Wp,-D_FORTIFY_SOURCE=2 -Wp,-D_GLIBCXX_ASSERTIONS -specs=/usr/lib/rpm/redhat/redhat-hardened-cc1 -fstack-protector-strong -specs=/usr/lib/rpm/redhat/redhat-annobin-cc1  -m64  -mtune=generic -fasynchronous-unwind-tables -fstack-clash-protection -fcf-protection ' 'QMAKE_CFLAGS_RELEASE=-O2 -flto=auto -ffat-lto-objects -fexceptions -g -grecord-gcc-switches -pipe -Wall -Werror=format-security -Wp,-D_FORTIFY_SOURCE=2 -Wp,-D_GLIBCXX_ASSERTIONS -specs=/usr/lib/rpm/redhat/redhat-hardened-cc1 -fstack-protector-strong -specs=/usr/lib/rpm/redhat/redhat-annobin-cc1  -m64  -mtune=generic -fasynchronous-unwind-tables -fstack-clash-protection -fcf-protection ' 'QMAKE_CXXFLAGS_DEBUG=-O2 -flto=auto -ffat-lto-objects -fexceptions -g -grecord-gcc-switches -pipe -Wall -Werror=format-security -Wp,-D_FORTIFY_SOURCE=2 -Wp,-D_GLIBCXX_ASSERTIONS -specs=/usr/lib/rpm/redhat/redhat-hardened-cc1 -fstack-protector-strong -specs=/usr/lib/rpm/redhat/redhat-annobin-cc1  -m64  -mtune=generic -fasynchronous-unwind-tables -fstack-clash-protection -fcf-protection ' 'QMAKE_CXXFLAGS_RELEASE=-O2 -flto=auto -ffat-lto-objects -fexceptions -g -grecord-gcc-switches -pipe -Wall -Werror=format-security -Wp,-D_FORTIFY_SOURCE=2 -Wp,-D_GLIBCXX_ASSERTIONS -specs=/usr/lib/rpm/redhat/redhat-hardened-cc1 -fstack-protector-strong -specs=/usr/lib/rpm/redhat/redhat-annobin-cc1  -m64  -mtune=generic -fasynchronous-unwind-tables -fstack-clash-protection -fcf-protection ' 'QMAKE_LFLAGS_DEBUG=-Wl,-z,relro -Wl,--as-needed  -Wl,-z,now -specs=/usr/lib/rpm/redhat/redhat-hardened-ld ' 'QMAKE_LFLAGS_RELEASE=-Wl,-z,relro -Wl,--as-needed  -Wl,-z,now -specs=/usr/lib/rpm/redhat/redhat-hardened-ld ' QMAKE_STRIP= CONFIG+=configure LIBPREFIX=/usr/lib64 L_BINDIR=/usr/bin L_LIBDIR=/usr/lib64 L_SHAREDIR=/usr/share L_ETCDIR=/etc L_INCLUDEDIR=/usr/include L_MANDIR=/usr/share/man QT5LIBDIR=/usr QMAKE_LFLAGS+=-Wl,--as-needed ) && make -f Makefile 
Project MESSAGE: Build OS Info: Linux, x86_64, #1 SMP Wed Jun 23 16:18:11 UTC 2021
Project MESSAGE:  - Detected Qt Version: 5.15.2
Project MESSAGE: Build Settings Loaded: Linux -
make[3]: Entering directory '/home/q5sys/git/lumina/src-qt5/desktop-utils/lumina-textedit'
/usr/lib64/qt5/bin/uic MainUI.ui -o .build/ui/ui_MainUI.h
/usr/lib64/qt5/bin/uic ColorDialog.ui -o .build/ui/ui_ColorDialog.h
g++ -c -pipe -O2 -flto=auto -ffat-lto-objects -fexceptions -g -grecord-gcc-switches -pipe -Wall -Werror=format-security -Wp,-D_FORTIFY_SOURCE=2 -Wp,-D_GLIBCXX_ASSERTIONS -specs=/usr/lib/rpm/redhat/redhat-hardened-cc1 -fstack-protector-strong -specs=/usr/lib/rpm/redhat/redhat-annobin-cc1 -m64 -mtune=generic -fasynchronous-unwind-tables -fstack-clash-protection -fcf-protection -std=gnu++11 -Wall -Wextra -D_REENTRANT -fPIC -DPREFIX=QString\(\"/usr\"\) -DL_ETCDIR=QString\(\"/etc\"\) -DL_SHAREDIR=QString\(\"/usr/share\"\) -DGIT_VERSION="\"a88ea52f\"" -DQT_NO_DEBUG -DQT_PRINTSUPPORT_LIB -DQT_SVG_LIB -DQT_WIDGETS_LIB -DQT_MULTIMEDIA_LIB -DQT_GUI_LIB -DQT_CONCURRENT_LIB -DQT_NETWORK_LIB -DQT_CORE_LIB -I. -I../../core/libLumina -I/usr/include/qt5 -I/usr -I/usr/include -I/home/q5sys/git/lumina/src-qt5/desktop-utils/lumina-textedit -I/usr/include/qt5/QtPrintSupport -I/usr/include/qt5/QtSvg -I/usr/include/qt5/QtWidgets -I/usr/include/qt5/QtMultimedia -I/usr/include/qt5/QtGui -I/usr/include/qt5/QtConcurrent -I/usr/include/qt5/QtNetwork -I/usr/include/qt5/QtCore -I.build/moc -I.build/ui -I/usr/lib64/qt5/mkspecs/linux-g++ -o .build/obj/LuminaOS-Linux.o ../../core/libLumina/LuminaOS-Linux.cpp
make[3]: Leaving directory '/home/q5sys/git/lumina/src-qt5/desktop-utils/lumina-fileinfo'
cd lumina-archiver/ && ( test -e Makefile || /usr/lib64/qt5/bin/qmake -o Makefile /home/q5sys/git/lumina/src-qt5/desktop-utils/lumina-archiver/lumina-archiver.pro 'QMAKE_CFLAGS_DEBUG=-O2 -flto=auto -ffat-lto-objects -fexceptions -g -grecord-gcc-switches -pipe -Wall -Werror=format-security -Wp,-D_FORTIFY_SOURCE=2 -Wp,-D_GLIBCXX_ASSERTIONS -specs=/usr/lib/rpm/redhat/redhat-hardened-cc1 -fstack-protector-strong -specs=/usr/lib/rpm/redhat/redhat-annobin-cc1  -m64  -mtune=generic -fasynchronous-unwind-tables -fstack-clash-protection -fcf-protection ' 'QMAKE_CFLAGS_RELEASE=-O2 -flto=auto -ffat-lto-objects -fexceptions -g -grecord-gcc-switches -pipe -Wall -Werror=format-security -Wp,-D_FORTIFY_SOURCE=2 -Wp,-D_GLIBCXX_ASSERTIONS -specs=/usr/lib/rpm/redhat/redhat-hardened-cc1 -fstack-protector-strong -specs=/usr/lib/rpm/redhat/redhat-annobin-cc1  -m64  -mtune=generic -fasynchronous-unwind-tables -fstack-clash-protection -fcf-protection ' 'QMAKE_CXXFLAGS_DEBUG=-O2 -flto=auto -ffat-lto-objects -fexceptions -g -grecord-gcc-switches -pipe -Wall -Werror=format-security -Wp,-D_FORTIFY_SOURCE=2 -Wp,-D_GLIBCXX_ASSERTIONS -specs=/usr/lib/rpm/redhat/redhat-hardened-cc1 -fstack-protector-strong -specs=/usr/lib/rpm/redhat/redhat-annobin-cc1  -m64  -mtune=generic -fasynchronous-unwind-tables -fstack-clash-protection -fcf-protection ' 'QMAKE_CXXFLAGS_RELEASE=-O2 -flto=auto -ffat-lto-objects -fexceptions -g -grecord-gcc-switches -pipe -Wall -Werror=format-security -Wp,-D_FORTIFY_SOURCE=2 -Wp,-D_GLIBCXX_ASSERTIONS -specs=/usr/lib/rpm/redhat/redhat-hardened-cc1 -fstack-protector-strong -specs=/usr/lib/rpm/redhat/redhat-annobin-cc1  -m64  -mtune=generic -fasynchronous-unwind-tables -fstack-clash-protection -fcf-protection ' 'QMAKE_LFLAGS_DEBUG=-Wl,-z,relro -Wl,--as-needed  -Wl,-z,now -specs=/usr/lib/rpm/redhat/redhat-hardened-ld ' 'QMAKE_LFLAGS_RELEASE=-Wl,-z,relro -Wl,--as-needed  -Wl,-z,now -specs=/usr/lib/rpm/redhat/redhat-hardened-ld ' QMAKE_STRIP= CONFIG+=configure LIBPREFIX=/usr/lib64 L_BINDIR=/usr/bin L_LIBDIR=/usr/lib64 L_SHAREDIR=/usr/share L_ETCDIR=/etc L_INCLUDEDIR=/usr/include L_MANDIR=/usr/share/man QT5LIBDIR=/usr QMAKE_LFLAGS+=-Wl,--as-needed ) && make -f Makefile 
Project MESSAGE: Build OS Info: Linux, x86_64, #1 SMP Wed Jun 23 16:18:11 UTC 2021
Project MESSAGE:  - Detected Qt Version: 5.15.2
Project MESSAGE: Build Settings Loaded: Linux -
make[3]: Entering directory '/home/q5sys/git/lumina/src-qt5/desktop-utils/lumina-archiver'
/usr/lib64/qt5/bin/uic MainUI.ui -o .build/ui/ui_MainUI.h
/usr/lib64/qt5/bin/uic imgDialog.ui -o .build/ui/ui_imgDialog.h
g++ -c -pipe -O2 -flto=auto -ffat-lto-objects -fexceptions -g -grecord-gcc-switches -pipe -Wall -Werror=format-security -Wp,-D_FORTIFY_SOURCE=2 -Wp,-D_GLIBCXX_ASSERTIONS -specs=/usr/lib/rpm/redhat/redhat-hardened-cc1 -fstack-protector-strong -specs=/usr/lib/rpm/redhat/redhat-annobin-cc1 -m64 -mtune=generic -fasynchronous-unwind-tables -fstack-clash-protection -fcf-protection -std=gnu++11 -Wall -Wextra -D_REENTRANT -fPIC -DPREFIX=QString\(\"/usr\"\) -DL_ETCDIR=QString\(\"/etc\"\) -DL_SHAREDIR=QString\(\"/usr/share\"\) -DGIT_VERSION="\"a88ea52f\"" -DQT_NO_DEBUG -DQT_SVG_LIB -DQT_WIDGETS_LIB -DQT_MULTIMEDIA_LIB -DQT_GUI_LIB -DQT_CONCURRENT_LIB -DQT_NETWORK_LIB -DQT_CORE_LIB -I. -I../../core/libLumina -I/usr/include/qt5 -I/usr -I/usr/include -I/home/q5sys/git/lumina/src-qt5/desktop-utils/lumina-archiver -I/usr/include/qt5/QtSvg -I/usr/include/qt5/QtWidgets -I/usr/include/qt5/QtMultimedia -I/usr/include/qt5/QtGui -I/usr/include/qt5/QtConcurrent -I/usr/include/qt5/QtNetwork -I/usr/include/qt5/QtCore -I.build/moc -I.build/ui -I/usr/lib64/qt5/mkspecs/linux-g++ -o .build/obj/LuminaOS-Linux.o ../../core/libLumina/LuminaOS-Linux.cpp
g++ -Wl,--as-needed -Wl,-z,relro -Wl,--as-needed -Wl,-z,now -specs=/usr/lib/rpm/redhat/redhat-hardened-ld -Wl,-rpath-link,/usr/lib64 -o lumina-config .build/obj/LDesktopUtils.o .build/obj/LuminaOS-Linux.o .build/obj/LUtils.o .build/obj/LuminaThemes.o .build/obj/LuminaXDG.o .build/obj/LFileInfo.o .build/obj/LuminaSingleApplication.o .build/obj/main.o .build/obj/mainWindow.o .build/obj/LPlugins.o .build/obj/ColorDialog.o .build/obj/ThemeDialog.o .build/obj/GetPluginDialog.o .build/obj/ScriptDialog.o .build/obj/PanelWidget.o .build/obj/getPage.o .build/obj/page_main.o .build/obj/page_wallpaper.o .build/obj/page_autostart.o .build/obj/page_defaultapps.o .build/obj/page_fluxbox_keys.o .build/obj/page_fluxbox_settings.o .build/obj/page_interface_desktop.o .build/obj/page_interface_menu.o .build/obj/page_interface_panels.o .build/obj/page_session_locale.o .build/obj/page_session_options.o .build/obj/page_compton.o .build/obj/page_soundtheme.o .build/obj/moc_LuminaThemes.o .build/obj/moc_LuminaXDG.o .build/obj/moc_LuminaSingleApplication.o .build/obj/moc_mainWindow.o .build/obj/moc_AppDialog.o .build/obj/moc_ColorDialog.o .build/obj/moc_ThemeDialog.o .build/obj/moc_GetPluginDialog.o .build/obj/moc_ScriptDialog.o .build/obj/moc_PanelWidget.o .build/obj/moc_PageWidget.o .build/obj/moc_page_main.o .build/obj/moc_page_wallpaper.o .build/obj/moc_page_autostart.o .build/obj/moc_page_defaultapps.o .build/obj/moc_page_fluxbox_keys.o .build/obj/moc_page_fluxbox_settings.o .build/obj/moc_page_interface_desktop.o .build/obj/moc_page_interface_menu.o .build/obj/moc_page_interface_panels.o .build/obj/moc_page_session_locale.o .build/obj/moc_page_session_options.o .build/obj/moc_page_compton.o .build/obj/moc_page_soundtheme.o   -L/home/q5sys/git/lumina/src-qt5/core/libLumina -L/usr/lib64 -L/usr/lib64/qt5 -L/usr/local/lib -L/usr/lib -L/lib /usr/lib64/libQt5Svg.so /usr/lib64/libQt5Widgets.so /usr/lib64/libQt5X11Extras.so /usr/lib64/libQt5Multimedia.so /usr/lib64/libQt5Gui.so /usr/lib64/libQt5Network.so /usr/lib64/libQt5Concurrent.so /usr/lib64/libQt5Core.so -lGL -lpthread   
g++ -c -pipe -O2 -flto=auto -ffat-lto-objects -fexceptions -g -grecord-gcc-switches -pipe -Wall -Werror=format-security -Wp,-D_FORTIFY_SOURCE=2 -Wp,-D_GLIBCXX_ASSERTIONS -specs=/usr/lib/rpm/redhat/redhat-hardened-cc1 -fstack-protector-strong -specs=/usr/lib/rpm/redhat/redhat-annobin-cc1 -m64 -mtune=generic -fasynchronous-unwind-tables -fstack-clash-protection -fcf-protection -std=gnu++11 -Wall -Wextra -D_REENTRANT -fPIC -DPREFIX=QString\(\"/usr\"\) -DL_ETCDIR=QString\(\"/etc\"\) -DL_SHAREDIR=QString\(\"/usr/share\"\) -DGIT_VERSION="\"a88ea52f\"" -DQT_NO_DEBUG -DQT_MULTIMEDIAWIDGETS_LIB -DQT_SVG_LIB -DQT_WIDGETS_LIB -DQT_MULTIMEDIA_LIB -DQT_X11EXTRAS_LIB -DQT_GUI_LIB -DQT_NETWORK_LIB -DQT_CONCURRENT_LIB -DQT_CORE_LIB -I. -I../../core/libLumina -I/usr/include/qt5 -I/usr -I/usr/include -I/home/q5sys/git/lumina/src-qt5/desktop-utils/lumina-fm -I/usr/include/qt5/QtMultimediaWidgets -I/usr/include/qt5/QtSvg -I/usr/include/qt5/QtWidgets -I/usr/include/qt5/QtMultimedia -I/usr/include/qt5/QtX11Extras -I/usr/include/qt5/QtGui -I/usr/include/qt5/QtNetwork -I/usr/include/qt5/QtConcurrent -I/usr/include/qt5/QtCore -I.build/moc -I.build/ui -I/usr/lib64/qt5/mkspecs/linux-g++ -o .build/obj/moc_BrowserWidget.o .build/moc/moc_BrowserWidget.cpp
../../core/libLumina/LuminaOS-Linux.cpp: In static member function ‘static void LOS::startMixerUtility()’:
../../core/libLumina/LuminaOS-Linux.cpp:134:26: warning: ‘static bool QProcess::startDetached(const QString&)’ is deprecated: Use QProcess::startDetached(const QString &program, const QStringList &arguments) instead [-Wdeprecated-declarations]
  134 |   QProcess::startDetached(LOS::AppPrefix() + "bin/pavucontrol");
      |   ~~~~~~~~~~~~~~~~~~~~~~~^~~~~~~~~~~~~~~~~~~~~~~~~~~~~~~~~~~~~~
In file included from /usr/include/qt5/QtCore/QProcess:1,
                 from ../../core/libLumina/LuminaOS.h:17,
                 from ../../core/libLumina/LuminaOS-Linux.cpp:9:
/usr/include/qt5/QtCore/qprocess.h:280:17: note: declared here
  280 |     static bool startDetached(const QString &command);
      |                 ^~~~~~~~~~~~~
../../core/libLumina/LuminaOS-Linux.cpp: In static member function ‘static void LOS::systemShutdown(bool)’:
../../core/libLumina/LuminaOS-Linux.cpp:155:26: warning: ‘static bool QProcess::startDetached(const QString&)’ is deprecated: Use QProcess::startDetached(const QString &program, const QStringList &arguments) instead [-Wdeprecated-declarations]
  155 |   QProcess::startDetached("shutdown -P -h now");
      |   ~~~~~~~~~~~~~~~~~~~~~~~^~~~~~~~~~~~~~~~~~~~~~
In file included from /usr/include/qt5/QtCore/QProcess:1,
                 from ../../core/libLumina/LuminaOS.h:17,
                 from ../../core/libLumina/LuminaOS-Linux.cpp:9:
/usr/include/qt5/QtCore/qprocess.h:280:17: note: declared here
  280 |     static bool startDetached(const QString &command);
      |                 ^~~~~~~~~~~~~
../../core/libLumina/LuminaOS-Linux.cpp: In static member function ‘static void LOS::systemRestart(bool)’:
../../core/libLumina/LuminaOS-Linux.cpp:161:26: warning: ‘static bool QProcess::startDetached(const QString&)’ is deprecated: Use QProcess::startDetached(const QString &program, const QStringList &arguments) instead [-Wdeprecated-declarations]
  161 |   QProcess::startDetached("shutdown -r now");
      |   ~~~~~~~~~~~~~~~~~~~~~~~^~~~~~~~~~~~~~~~~~~
In file included from /usr/include/qt5/QtCore/QProcess:1,
                 from ../../core/libLumina/LuminaOS.h:17,
                 from ../../core/libLumina/LuminaOS-Linux.cpp:9:
/usr/include/qt5/QtCore/qprocess.h:280:17: note: declared here
  280 |     static bool startDetached(const QString &command);
      |                 ^~~~~~~~~~~~~
../../core/libLumina/LuminaOS-Linux.cpp: In static member function ‘static void LOS::startMixerUtility()’:
../../core/libLumina/LuminaOS-Linux.cpp:134:26: warning: ‘static bool QProcess::startDetached(const QString&)’ is deprecated: Use QProcess::startDetached(const QString &program, const QStringList &arguments) instead [-Wdeprecated-declarations]
  134 |   QProcess::startDetached(LOS::AppPrefix() + "bin/pavucontrol");
      |   ~~~~~~~~~~~~~~~~~~~~~~~^~~~~~~~~~~~~~~~~~~~~~~~~~~~~~~~~~~~~~
In file included from /usr/include/qt5/QtCore/QProcess:1,
                 from ../../core/libLumina/LuminaOS.h:17,
                 from ../../core/libLumina/LuminaOS-Linux.cpp:9:
/usr/include/qt5/QtCore/qprocess.h:280:17: note: declared here
  280 |     static bool startDetached(const QString &command);
      |                 ^~~~~~~~~~~~~
../../core/libLumina/LuminaOS-Linux.cpp: In static member function ‘static void LOS::systemShutdown(bool)’:
../../core/libLumina/LuminaOS-Linux.cpp:155:26: warning: ‘static bool QProcess::startDetached(const QString&)’ is deprecated: Use QProcess::startDetached(const QString &program, const QStringList &arguments) instead [-Wdeprecated-declarations]
  155 |   QProcess::startDetached("shutdown -P -h now");
      |   ~~~~~~~~~~~~~~~~~~~~~~~^~~~~~~~~~~~~~~~~~~~~~
In file included from /usr/include/qt5/QtCore/QProcess:1,
                 from ../../core/libLumina/LuminaOS.h:17,
                 from ../../core/libLumina/LuminaOS-Linux.cpp:9:
/usr/include/qt5/QtCore/qprocess.h:280:17: note: declared here
  280 |     static bool startDetached(const QString &command);
      |                 ^~~~~~~~~~~~~
../../core/libLumina/LuminaOS-Linux.cpp: In static member function ‘static void LOS::systemRestart(bool)’:
../../core/libLumina/LuminaOS-Linux.cpp:161:26: warning: ‘static bool QProcess::startDetached(const QString&)’ is deprecated: Use QProcess::startDetached(const QString &program, const QStringList &arguments) instead [-Wdeprecated-declarations]
  161 |   QProcess::startDetached("shutdown -r now");
      |   ~~~~~~~~~~~~~~~~~~~~~~~^~~~~~~~~~~~~~~~~~~
In file included from /usr/include/qt5/QtCore/QProcess:1,
                 from ../../core/libLumina/LuminaOS.h:17,
                 from ../../core/libLumina/LuminaOS-Linux.cpp:9:
/usr/include/qt5/QtCore/qprocess.h:280:17: note: declared here
  280 |     static bool startDetached(const QString &command);
      |                 ^~~~~~~~~~~~~
g++ -c -pipe -O2 -flto=auto -ffat-lto-objects -fexceptions -g -grecord-gcc-switches -pipe -Wall -Werror=format-security -Wp,-D_FORTIFY_SOURCE=2 -Wp,-D_GLIBCXX_ASSERTIONS -specs=/usr/lib/rpm/redhat/redhat-hardened-cc1 -fstack-protector-strong -specs=/usr/lib/rpm/redhat/redhat-annobin-cc1 -m64 -mtune=generic -fasynchronous-unwind-tables -fstack-clash-protection -fcf-protection -std=gnu++11 -Wall -Wextra -D_REENTRANT -fPIC -DPREFIX=QString\(\"/usr\"\) -DL_ETCDIR=QString\(\"/etc\"\) -DL_SHAREDIR=QString\(\"/usr/share\"\) -DGIT_VERSION="\"a88ea52f\"" -DQT_NO_DEBUG -DQT_PRINTSUPPORT_LIB -DQT_SVG_LIB -DQT_WIDGETS_LIB -DQT_MULTIMEDIA_LIB -DQT_GUI_LIB -DQT_CONCURRENT_LIB -DQT_NETWORK_LIB -DQT_CORE_LIB -I. -I../../core/libLumina -I/usr/include/qt5 -I/usr -I/usr/include -I/home/q5sys/git/lumina/src-qt5/desktop-utils/lumina-textedit -I/usr/include/qt5/QtPrintSupport -I/usr/include/qt5/QtSvg -I/usr/include/qt5/QtWidgets -I/usr/include/qt5/QtMultimedia -I/usr/include/qt5/QtGui -I/usr/include/qt5/QtConcurrent -I/usr/include/qt5/QtNetwork -I/usr/include/qt5/QtCore -I.build/moc -I.build/ui -I/usr/lib64/qt5/mkspecs/linux-g++ -o .build/obj/LUtils.o ../../core/libLumina/LUtils.cpp
g++ -c -pipe -O2 -flto=auto -ffat-lto-objects -fexceptions -g -grecord-gcc-switches -pipe -Wall -Werror=format-security -Wp,-D_FORTIFY_SOURCE=2 -Wp,-D_GLIBCXX_ASSERTIONS -specs=/usr/lib/rpm/redhat/redhat-hardened-cc1 -fstack-protector-strong -specs=/usr/lib/rpm/redhat/redhat-annobin-cc1 -m64 -mtune=generic -fasynchronous-unwind-tables -fstack-clash-protection -fcf-protection -std=gnu++11 -Wall -Wextra -D_REENTRANT -fPIC -DPREFIX=QString\(\"/usr\"\) -DL_ETCDIR=QString\(\"/etc\"\) -DL_SHAREDIR=QString\(\"/usr/share\"\) -DGIT_VERSION="\"a88ea52f\"" -DQT_NO_DEBUG -DQT_SVG_LIB -DQT_WIDGETS_LIB -DQT_MULTIMEDIA_LIB -DQT_GUI_LIB -DQT_CONCURRENT_LIB -DQT_NETWORK_LIB -DQT_CORE_LIB -I. -I../../core/libLumina -I/usr/include/qt5 -I/usr -I/usr/include -I/home/q5sys/git/lumina/src-qt5/desktop-utils/lumina-archiver -I/usr/include/qt5/QtSvg -I/usr/include/qt5/QtWidgets -I/usr/include/qt5/QtMultimedia -I/usr/include/qt5/QtGui -I/usr/include/qt5/QtConcurrent -I/usr/include/qt5/QtNetwork -I/usr/include/qt5/QtCore -I.build/moc -I.build/ui -I/usr/lib64/qt5/mkspecs/linux-g++ -o .build/obj/LUtils.o ../../core/libLumina/LUtils.cpp
g++ -c -pipe -O2 -flto=auto -ffat-lto-objects -fexceptions -g -grecord-gcc-switches -pipe -Wall -Werror=format-security -Wp,-D_FORTIFY_SOURCE=2 -Wp,-D_GLIBCXX_ASSERTIONS -specs=/usr/lib/rpm/redhat/redhat-hardened-cc1 -fstack-protector-strong -specs=/usr/lib/rpm/redhat/redhat-annobin-cc1 -m64 -mtune=generic -fasynchronous-unwind-tables -fstack-clash-protection -fcf-protection -std=gnu++11 -Wall -Wextra -D_REENTRANT -fPIC -DPREFIX=QString\(\"/usr\"\) -DL_ETCDIR=QString\(\"/etc\"\) -DL_SHAREDIR=QString\(\"/usr/share\"\) -DGIT_VERSION="\"a88ea52f\"" -DQT_NO_DEBUG -DQT_MULTIMEDIAWIDGETS_LIB -DQT_SVG_LIB -DQT_WIDGETS_LIB -DQT_MULTIMEDIA_LIB -DQT_X11EXTRAS_LIB -DQT_GUI_LIB -DQT_NETWORK_LIB -DQT_CONCURRENT_LIB -DQT_CORE_LIB -I. -I../../core/libLumina -I/usr/include/qt5 -I/usr -I/usr/include -I/home/q5sys/git/lumina/src-qt5/desktop-utils/lumina-fm -I/usr/include/qt5/QtMultimediaWidgets -I/usr/include/qt5/QtSvg -I/usr/include/qt5/QtWidgets -I/usr/include/qt5/QtMultimedia -I/usr/include/qt5/QtX11Extras -I/usr/include/qt5/QtGui -I/usr/include/qt5/QtNetwork -I/usr/include/qt5/QtConcurrent -I/usr/include/qt5/QtCore -I.build/moc -I.build/ui -I/usr/lib64/qt5/mkspecs/linux-g++ -o .build/obj/moc_TrayUI.o .build/moc/moc_TrayUI.cpp
../../core/libLumina/LUtils.cpp: In static member function ‘static QString LUtils::runCommand(bool&, QString, QStringList, QString, QStringList)’:
../../core/libLumina/LUtils.cpp:130:38: warning: ‘void QProcess::start(const QString&, QIODevice::OpenMode)’ is deprecated: Use QProcess::start(const QString &program, const QStringList &arguments,OpenMode mode = ReadWrite) instead [-Wdeprecated-declarations]
  130 |   if(arguments.isEmpty()){ proc.start(command); }
      |                            ~~~~~~~~~~^~~~~~~~~
In file included from /usr/include/qt5/QtCore/QProcess:1,
                 from ../../core/libLumina/LUtils.h:11,
                 from ../../core/libLumina/LUtils.cpp:7:
/usr/include/qt5/QtCore/qprocess.h:168:10: note: declared here
  168 |     void start(const QString &command, OpenMode mode = ReadWrite);
      |          ^~~~~
../../core/libLumina/LUtils.cpp: In static member function ‘static QString LUtils::runCommand(bool&, QString, QStringList, QString, QStringList)’:
../../core/libLumina/LUtils.cpp:130:38: warning: ‘void QProcess::start(const QString&, QIODevice::OpenMode)’ is deprecated: Use QProcess::start(const QString &program, const QStringList &arguments,OpenMode mode = ReadWrite) instead [-Wdeprecated-declarations]
  130 |   if(arguments.isEmpty()){ proc.start(command); }
      |                            ~~~~~~~~~~^~~~~~~~~
In file included from /usr/include/qt5/QtCore/QProcess:1,
                 from ../../core/libLumina/LUtils.h:11,
                 from ../../core/libLumina/LUtils.cpp:7:
/usr/include/qt5/QtCore/qprocess.h:168:10: note: declared here
  168 |     void start(const QString &command, OpenMode mode = ReadWrite);
      |          ^~~~~
g++ -c -pipe -O2 -flto=auto -ffat-lto-objects -fexceptions -g -grecord-gcc-switches -pipe -Wall -Werror=format-security -Wp,-D_FORTIFY_SOURCE=2 -Wp,-D_GLIBCXX_ASSERTIONS -specs=/usr/lib/rpm/redhat/redhat-hardened-cc1 -fstack-protector-strong -specs=/usr/lib/rpm/redhat/redhat-annobin-cc1 -m64 -mtune=generic -fasynchronous-unwind-tables -fstack-clash-protection -fcf-protection -std=gnu++11 -Wall -Wextra -D_REENTRANT -fPIC -DPREFIX=QString\(\"/usr\"\) -DL_ETCDIR=QString\(\"/etc\"\) -DL_SHAREDIR=QString\(\"/usr/share\"\) -DGIT_VERSION="\"a88ea52f\"" -DQT_NO_DEBUG -DQT_MULTIMEDIAWIDGETS_LIB -DQT_SVG_LIB -DQT_WIDGETS_LIB -DQT_MULTIMEDIA_LIB -DQT_X11EXTRAS_LIB -DQT_GUI_LIB -DQT_NETWORK_LIB -DQT_CONCURRENT_LIB -DQT_CORE_LIB -I. -I../../core/libLumina -I/usr/include/qt5 -I/usr -I/usr/include -I/home/q5sys/git/lumina/src-qt5/desktop-utils/lumina-fm -I/usr/include/qt5/QtMultimediaWidgets -I/usr/include/qt5/QtSvg -I/usr/include/qt5/QtWidgets -I/usr/include/qt5/QtMultimedia -I/usr/include/qt5/QtX11Extras -I/usr/include/qt5/QtGui -I/usr/include/qt5/QtNetwork -I/usr/include/qt5/QtConcurrent -I/usr/include/qt5/QtCore -I.build/moc -I.build/ui -I/usr/lib64/qt5/mkspecs/linux-g++ -o .build/obj/moc_OPWidget.o .build/moc/moc_OPWidget.cpp
g++ -Wl,--as-needed -Wl,-z,relro -Wl,--as-needed -Wl,-z,now -specs=/usr/lib/rpm/redhat/redhat-hardened-ld -Wl,-rpath-link,/usr/lib64 -o lumina-fm .build/obj/LDesktopUtils.o .build/obj/LuminaOS-Linux.o .build/obj/LUtils.o .build/obj/LuminaThemes.o .build/obj/LuminaXDG.o .build/obj/LFileInfo.o .build/obj/LuminaSingleApplication.o .build/obj/XDGMime.o .build/obj/LVideoLabel.o .build/obj/LVideoSurface.o .build/obj/LVideoWidget.o .build/obj/main.o .build/obj/MainUI.o .build/obj/FODialog.o .build/obj/BMMDialog.o .build/obj/MultimediaWidget.o .build/obj/SlideshowWidget.o .build/obj/DirWidget2.o .build/obj/gitCompat.o .build/obj/gitWizard.o .build/obj/Browser.o .build/obj/BrowserWidget.o .build/obj/TrayUI.o .build/obj/OPWidget.o .build/obj/moc_LuminaThemes.o .build/obj/moc_LuminaXDG.o .build/obj/moc_LuminaSingleApplication.o .build/obj/moc_ExternalProcess.o .build/obj/moc_LVideoLabel.o .build/obj/moc_LVideoSurface.o .build/obj/moc_LVideoWidget.o .build/obj/moc_MainUI.o .build/obj/moc_FODialog.o .build/obj/moc_BMMDialog.o .build/obj/moc_ScrollDialog.o .build/obj/moc_DirData.o .build/obj/moc_DDListWidgets.o .build/obj/moc_MultimediaWidget.o .build/obj/moc_SlideshowWidget.o .build/obj/moc_DirWidget2.o .build/obj/moc_gitCompat.o .build/obj/moc_gitWizard.o .build/obj/moc_Browser.o .build/obj/moc_BrowserWidget.o .build/obj/moc_TrayUI.o .build/obj/moc_OPWidget.o   -L/home/q5sys/git/lumina/src-qt5/core/libLumina -L/usr/lib64 -L/usr/lib64/qt5 -L/usr/local/lib -L/usr/lib -L/lib /usr/lib64/libQt5MultimediaWidgets.so /usr/lib64/libQt5Svg.so /usr/lib64/libQt5Widgets.so /usr/lib64/libQt5Multimedia.so /usr/lib64/libQt5X11Extras.so /usr/lib64/libQt5Gui.so /usr/lib64/libQt5Network.so /usr/lib64/libQt5Concurrent.so /usr/lib64/libQt5Core.so -lGL -lpthread   
g++ -c -pipe -O2 -flto=auto -ffat-lto-objects -fexceptions -g -grecord-gcc-switches -pipe -Wall -Werror=format-security -Wp,-D_FORTIFY_SOURCE=2 -Wp,-D_GLIBCXX_ASSERTIONS -specs=/usr/lib/rpm/redhat/redhat-hardened-cc1 -fstack-protector-strong -specs=/usr/lib/rpm/redhat/redhat-annobin-cc1 -m64 -mtune=generic -fasynchronous-unwind-tables -fstack-clash-protection -fcf-protection -std=gnu++11 -Wall -Wextra -D_REENTRANT -fPIC -DPREFIX=QString\(\"/usr\"\) -DL_ETCDIR=QString\(\"/etc\"\) -DL_SHAREDIR=QString\(\"/usr/share\"\) -DGIT_VERSION="\"a88ea52f\"" -DQT_NO_DEBUG -DQT_PRINTSUPPORT_LIB -DQT_SVG_LIB -DQT_WIDGETS_LIB -DQT_MULTIMEDIA_LIB -DQT_GUI_LIB -DQT_CONCURRENT_LIB -DQT_NETWORK_LIB -DQT_CORE_LIB -I. -I../../core/libLumina -I/usr/include/qt5 -I/usr -I/usr/include -I/home/q5sys/git/lumina/src-qt5/desktop-utils/lumina-textedit -I/usr/include/qt5/QtPrintSupport -I/usr/include/qt5/QtSvg -I/usr/include/qt5/QtWidgets -I/usr/include/qt5/QtMultimedia -I/usr/include/qt5/QtGui -I/usr/include/qt5/QtConcurrent -I/usr/include/qt5/QtNetwork -I/usr/include/qt5/QtCore -I.build/moc -I.build/ui -I/usr/lib64/qt5/mkspecs/linux-g++ -o .build/obj/LuminaXDG.o ../../core/libLumina/LuminaXDG.cpp
g++ -c -pipe -O2 -flto=auto -ffat-lto-objects -fexceptions -g -grecord-gcc-switches -pipe -Wall -Werror=format-security -Wp,-D_FORTIFY_SOURCE=2 -Wp,-D_GLIBCXX_ASSERTIONS -specs=/usr/lib/rpm/redhat/redhat-hardened-cc1 -fstack-protector-strong -specs=/usr/lib/rpm/redhat/redhat-annobin-cc1 -m64 -mtune=generic -fasynchronous-unwind-tables -fstack-clash-protection -fcf-protection -std=gnu++11 -Wall -Wextra -D_REENTRANT -fPIC -DPREFIX=QString\(\"/usr\"\) -DL_ETCDIR=QString\(\"/etc\"\) -DL_SHAREDIR=QString\(\"/usr/share\"\) -DGIT_VERSION="\"a88ea52f\"" -DQT_NO_DEBUG -DQT_SVG_LIB -DQT_WIDGETS_LIB -DQT_MULTIMEDIA_LIB -DQT_GUI_LIB -DQT_CONCURRENT_LIB -DQT_NETWORK_LIB -DQT_CORE_LIB -I. -I../../core/libLumina -I/usr/include/qt5 -I/usr -I/usr/include -I/home/q5sys/git/lumina/src-qt5/desktop-utils/lumina-archiver -I/usr/include/qt5/QtSvg -I/usr/include/qt5/QtWidgets -I/usr/include/qt5/QtMultimedia -I/usr/include/qt5/QtGui -I/usr/include/qt5/QtConcurrent -I/usr/include/qt5/QtNetwork -I/usr/include/qt5/QtCore -I.build/moc -I.build/ui -I/usr/lib64/qt5/mkspecs/linux-g++ -o .build/obj/LuminaXDG.o ../../core/libLumina/LuminaXDG.cpp
../../core/libLumina/LuminaXDG.cpp: In member function ‘void XDGDesktop::sync()’:
../../core/libLumina/LuminaXDG.cpp:117:65: warning: ‘QStringList QString::split(const QString&, QString::SplitBehavior, Qt::CaseSensitivity) const’ is deprecated: Use Qt::SplitBehavior variant instead [-Wdeprecated-declarations]
  117 |     else if(var=="Categories" && insection){ catList = val.split(";",QString::SkipEmptyParts); }
      |                                                        ~~~~~~~~~^~~~~~~~~~~~~~~~~~~~~~~~~~~~~
In file included from /usr/include/qt5/QtCore/qobject.h:47,
                 from /usr/include/qt5/QtCore/qiodevice.h:45,
                 from /usr/include/qt5/QtCore/qfiledevice.h:43,
                 from /usr/include/qt5/QtCore/qfile.h:44,
                 from /usr/include/qt5/QtCore/QFile:1,
                 from ../../core/libLumina/LuminaXDG.h:18,
                 from ../../core/libLumina/LuminaXDG.cpp:7:
/usr/include/qt5/QtCore/qstring.h:609:17: note: declared here
  609 |     QStringList split(const QString &sep, SplitBehavior behavior,
      |                 ^~~~~
../../core/libLumina/LuminaXDG.cpp:118:68: warning: ‘QStringList QString::split(const QString&, QString::SplitBehavior, Qt::CaseSensitivity) const’ is deprecated: Use Qt::SplitBehavior variant instead [-Wdeprecated-declarations]
  118 |     else if(var=="OnlyShowIn" && insection){ showInList = val.split(";",QString::SkipEmptyParts); }
      |                                                           ~~~~~~~~~^~~~~~~~~~~~~~~~~~~~~~~~~~~~~
In file included from /usr/include/qt5/QtCore/qobject.h:47,
                 from /usr/include/qt5/QtCore/qiodevice.h:45,
                 from /usr/include/qt5/QtCore/qfiledevice.h:43,
                 from /usr/include/qt5/QtCore/qfile.h:44,
                 from /usr/include/qt5/QtCore/QFile:1,
                 from ../../core/libLumina/LuminaXDG.h:18,
                 from ../../core/libLumina/LuminaXDG.cpp:7:
/usr/include/qt5/QtCore/qstring.h:609:17: note: declared here
  609 |     QStringList split(const QString &sep, SplitBehavior behavior,
      |                 ^~~~~
../../core/libLumina/LuminaXDG.cpp:119:70: warning: ‘QStringList QString::split(const QString&, QString::SplitBehavior, Qt::CaseSensitivity) const’ is deprecated: Use Qt::SplitBehavior variant instead [-Wdeprecated-declarations]
  119 |     else if(var=="NotShowIn" && insection){ notShowInList = val.split(";",QString::SkipEmptyParts); }
      |                                                             ~~~~~~~~~^~~~~~~~~~~~~~~~~~~~~~~~~~~~~
In file included from /usr/include/qt5/QtCore/qobject.h:47,
                 from /usr/include/qt5/QtCore/qiodevice.h:45,
                 from /usr/include/qt5/QtCore/qfiledevice.h:43,
                 from /usr/include/qt5/QtCore/qfile.h:44,
                 from /usr/include/qt5/QtCore/QFile:1,
                 from ../../core/libLumina/LuminaXDG.h:18,
                 from ../../core/libLumina/LuminaXDG.cpp:7:
/usr/include/qt5/QtCore/qstring.h:609:17: note: declared here
  609 |     QStringList split(const QString &sep, SplitBehavior behavior,
      |                 ^~~~~
../../core/libLumina/LuminaXDG.cpp:121:65: warning: ‘QStringList QString::split(const QString&, QString::SplitBehavior, Qt::CaseSensitivity) const’ is deprecated: Use Qt::SplitBehavior variant instead [-Wdeprecated-declarations]
  121 |     else if(var=="Actions" && insection){ actionList = val.split(";",QString::SkipEmptyParts); }
      |                                                        ~~~~~~~~~^~~~~~~~~~~~~~~~~~~~~~~~~~~~~
In file included from /usr/include/qt5/QtCore/qobject.h:47,
                 from /usr/include/qt5/QtCore/qiodevice.h:45,
                 from /usr/include/qt5/QtCore/qfiledevice.h:43,
                 from /usr/include/qt5/QtCore/qfile.h:44,
                 from /usr/include/qt5/QtCore/QFile:1,
                 from ../../core/libLumina/LuminaXDG.h:18,
                 from ../../core/libLumina/LuminaXDG.cpp:7:
/usr/include/qt5/QtCore/qstring.h:609:17: note: declared here
  609 |     QStringList split(const QString &sep, SplitBehavior behavior,
      |                 ^~~~~
../../core/libLumina/LuminaXDG.cpp:122:64: warning: ‘QStringList QString::split(const QString&, QString::SplitBehavior, Qt::CaseSensitivity) const’ is deprecated: Use Qt::SplitBehavior variant instead [-Wdeprecated-declarations]
  122 |     else if(var=="MimeType" && insection){ mimeList = val.split(";",QString::SkipEmptyParts); }
      |                                                       ~~~~~~~~~^~~~~~~~~~~~~~~~~~~~~~~~~~~~~
In file included from /usr/include/qt5/QtCore/qobject.h:47,
                 from /usr/include/qt5/QtCore/qiodevice.h:45,
                 from /usr/include/qt5/QtCore/qfiledevice.h:43,
                 from /usr/include/qt5/QtCore/qfile.h:44,
                 from /usr/include/qt5/QtCore/QFile:1,
                 from ../../core/libLumina/LuminaXDG.h:18,
                 from ../../core/libLumina/LuminaXDG.cpp:7:
/usr/include/qt5/QtCore/qstring.h:609:17: note: declared here
  609 |     QStringList split(const QString &sep, SplitBehavior behavior,
      |                 ^~~~~
../../core/libLumina/LuminaXDG.cpp:124:66: warning: ‘QStringList QString::split(const QString&, QString::SplitBehavior, Qt::CaseSensitivity) const’ is deprecated: Use Qt::SplitBehavior variant instead [-Wdeprecated-declarations]
  124 |       if(keyList.isEmpty() && loc.isEmpty()){ keyList = val.split(";",QString::SkipEmptyParts); }
      |                                                         ~~~~~~~~~^~~~~~~~~~~~~~~~~~~~~~~~~~~~~
In file included from /usr/include/qt5/QtCore/qobject.h:47,
                 from /usr/include/qt5/QtCore/qiodevice.h:45,
                 from /usr/include/qt5/QtCore/qfiledevice.h:43,
                 from /usr/include/qt5/QtCore/qfile.h:44,
                 from /usr/include/qt5/QtCore/QFile:1,
                 from ../../core/libLumina/LuminaXDG.h:18,
                 from ../../core/libLumina/LuminaXDG.cpp:7:
/usr/include/qt5/QtCore/qstring.h:609:17: note: declared here
  609 |     QStringList split(const QString &sep, SplitBehavior behavior,
      |                 ^~~~~
../../core/libLumina/LuminaXDG.cpp:125:48: warning: ‘QStringList QString::split(const QString&, QString::SplitBehavior, Qt::CaseSensitivity) const’ is deprecated: Use Qt::SplitBehavior variant instead [-Wdeprecated-declarations]
  125 |       else if(loc == lang){ keyList = val.split(";",QString::SkipEmptyParts); }
      |                                       ~~~~~~~~~^~~~~~~~~~~~~~~~~~~~~~~~~~~~~
In file included from /usr/include/qt5/QtCore/qobject.h:47,
                 from /usr/include/qt5/QtCore/qiodevice.h:45,
                 from /usr/include/qt5/QtCore/qfiledevice.h:43,
                 from /usr/include/qt5/QtCore/qfile.h:44,
                 from /usr/include/qt5/QtCore/QFile:1,
                 from ../../core/libLumina/LuminaXDG.h:18,
                 from ../../core/libLumina/LuminaXDG.cpp:7:
/usr/include/qt5/QtCore/qstring.h:609:17: note: declared here
  609 |     QStringList split(const QString &sep, SplitBehavior behavior,
      |                 ^~~~~
../../core/libLumina/LuminaXDG.cpp: In member function ‘void XDGDesktop::sync()’:
../../core/libLumina/LuminaXDG.cpp:117:65: warning: ‘QStringList QString::split(const QString&, QString::SplitBehavior, Qt::CaseSensitivity) const’ is deprecated: Use Qt::SplitBehavior variant instead [-Wdeprecated-declarations]
  117 |     else if(var=="Categories" && insection){ catList = val.split(";",QString::SkipEmptyParts); }
      |                                                        ~~~~~~~~~^~~~~~~~~~~~~~~~~~~~~~~~~~~~~
In file included from /usr/include/qt5/QtCore/qobject.h:47,
                 from /usr/include/qt5/QtCore/qiodevice.h:45,
                 from /usr/include/qt5/QtCore/qfiledevice.h:43,
                 from /usr/include/qt5/QtCore/qfile.h:44,
                 from /usr/include/qt5/QtCore/QFile:1,
                 from ../../core/libLumina/LuminaXDG.h:18,
                 from ../../core/libLumina/LuminaXDG.cpp:7:
/usr/include/qt5/QtCore/qstring.h:609:17: note: declared here
  609 |     QStringList split(const QString &sep, SplitBehavior behavior,
      |                 ^~~~~
../../core/libLumina/LuminaXDG.cpp:118:68: warning: ‘QStringList QString::split(const QString&, QString::SplitBehavior, Qt::CaseSensitivity) const’ is deprecated: Use Qt::SplitBehavior variant instead [-Wdeprecated-declarations]
  118 |     else if(var=="OnlyShowIn" && insection){ showInList = val.split(";",QString::SkipEmptyParts); }
      |                                                           ~~~~~~~~~^~~~~~~~~~~~~~~~~~~~~~~~~~~~~
In file included from /usr/include/qt5/QtCore/qobject.h:47,
                 from /usr/include/qt5/QtCore/qiodevice.h:45,
                 from /usr/include/qt5/QtCore/qfiledevice.h:43,
                 from /usr/include/qt5/QtCore/qfile.h:44,
                 from /usr/include/qt5/QtCore/QFile:1,
                 from ../../core/libLumina/LuminaXDG.h:18,
                 from ../../core/libLumina/LuminaXDG.cpp:7:
/usr/include/qt5/QtCore/qstring.h:609:17: note: declared here
  609 |     QStringList split(const QString &sep, SplitBehavior behavior,
      |                 ^~~~~
../../core/libLumina/LuminaXDG.cpp:119:70: warning: ‘QStringList QString::split(const QString&, QString::SplitBehavior, Qt::CaseSensitivity) const’ is deprecated: Use Qt::SplitBehavior variant instead [-Wdeprecated-declarations]
  119 |     else if(var=="NotShowIn" && insection){ notShowInList = val.split(";",QString::SkipEmptyParts); }
      |                                                             ~~~~~~~~~^~~~~~~~~~~~~~~~~~~~~~~~~~~~~
In file included from /usr/include/qt5/QtCore/qobject.h:47,
                 from /usr/include/qt5/QtCore/qiodevice.h:45,
                 from /usr/include/qt5/QtCore/qfiledevice.h:43,
                 from /usr/include/qt5/QtCore/qfile.h:44,
                 from /usr/include/qt5/QtCore/QFile:1,
                 from ../../core/libLumina/LuminaXDG.h:18,
                 from ../../core/libLumina/LuminaXDG.cpp:7:
/usr/include/qt5/QtCore/qstring.h:609:17: note: declared here
  609 |     QStringList split(const QString &sep, SplitBehavior behavior,
      |                 ^~~~~
../../core/libLumina/LuminaXDG.cpp:121:65: warning: ‘QStringList QString::split(const QString&, QString::SplitBehavior, Qt::CaseSensitivity) const’ is deprecated: Use Qt::SplitBehavior variant instead [-Wdeprecated-declarations]
  121 |     else if(var=="Actions" && insection){ actionList = val.split(";",QString::SkipEmptyParts); }
      |                                                        ~~~~~~~~~^~~~~~~~~~~~~~~~~~~~~~~~~~~~~
In file included from /usr/include/qt5/QtCore/qobject.h:47,
                 from /usr/include/qt5/QtCore/qiodevice.h:45,
                 from /usr/include/qt5/QtCore/qfiledevice.h:43,
                 from /usr/include/qt5/QtCore/qfile.h:44,
                 from /usr/include/qt5/QtCore/QFile:1,
                 from ../../core/libLumina/LuminaXDG.h:18,
                 from ../../core/libLumina/LuminaXDG.cpp:7:
/usr/include/qt5/QtCore/qstring.h:609:17: note: declared here
  609 |     QStringList split(const QString &sep, SplitBehavior behavior,
      |                 ^~~~~
../../core/libLumina/LuminaXDG.cpp:122:64: warning: ‘QStringList QString::split(const QString&, QString::SplitBehavior, Qt::CaseSensitivity) const’ is deprecated: Use Qt::SplitBehavior variant instead [-Wdeprecated-declarations]
  122 |     else if(var=="MimeType" && insection){ mimeList = val.split(";",QString::SkipEmptyParts); }
      |                                                       ~~~~~~~~~^~~~~~~~~~~~~~~~~~~~~~~~~~~~~
In file included from /usr/include/qt5/QtCore/qobject.h:47,
                 from /usr/include/qt5/QtCore/qiodevice.h:45,
                 from /usr/include/qt5/QtCore/qfiledevice.h:43,
                 from /usr/include/qt5/QtCore/qfile.h:44,
                 from /usr/include/qt5/QtCore/QFile:1,
                 from ../../core/libLumina/LuminaXDG.h:18,
                 from ../../core/libLumina/LuminaXDG.cpp:7:
/usr/include/qt5/QtCore/qstring.h:609:17: note: declared here
  609 |     QStringList split(const QString &sep, SplitBehavior behavior,
      |                 ^~~~~
../../core/libLumina/LuminaXDG.cpp:124:66: warning: ‘QStringList QString::split(const QString&, QString::SplitBehavior, Qt::CaseSensitivity) const’ is deprecated: Use Qt::SplitBehavior variant instead [-Wdeprecated-declarations]
  124 |       if(keyList.isEmpty() && loc.isEmpty()){ keyList = val.split(";",QString::SkipEmptyParts); }
      |                                                         ~~~~~~~~~^~~~~~~~~~~~~~~~~~~~~~~~~~~~~
In file included from /usr/include/qt5/QtCore/qobject.h:47,
                 from /usr/include/qt5/QtCore/qiodevice.h:45,
                 from /usr/include/qt5/QtCore/qfiledevice.h:43,
                 from /usr/include/qt5/QtCore/qfile.h:44,
                 from /usr/include/qt5/QtCore/QFile:1,
                 from ../../core/libLumina/LuminaXDG.h:18,
                 from ../../core/libLumina/LuminaXDG.cpp:7:
/usr/include/qt5/QtCore/qstring.h:609:17: note: declared here
  609 |     QStringList split(const QString &sep, SplitBehavior behavior,
      |                 ^~~~~
../../core/libLumina/LuminaXDG.cpp:125:48: warning: ‘QStringList QString::split(const QString&, QString::SplitBehavior, Qt::CaseSensitivity) const’ is deprecated: Use Qt::SplitBehavior variant instead [-Wdeprecated-declarations]
  125 |       else if(loc == lang){ keyList = val.split(";",QString::SkipEmptyParts); }
      |                                       ~~~~~~~~~^~~~~~~~~~~~~~~~~~~~~~~~~~~~~
In file included from /usr/include/qt5/QtCore/qobject.h:47,
                 from /usr/include/qt5/QtCore/qiodevice.h:45,
                 from /usr/include/qt5/QtCore/qfiledevice.h:43,
                 from /usr/include/qt5/QtCore/qfile.h:44,
                 from /usr/include/qt5/QtCore/QFile:1,
                 from ../../core/libLumina/LuminaXDG.h:18,
                 from ../../core/libLumina/LuminaXDG.cpp:7:
/usr/include/qt5/QtCore/qstring.h:609:17: note: declared here
  609 |     QStringList split(const QString &sep, SplitBehavior behavior,
      |                 ^~~~~
../../core/libLumina/LuminaXDG.cpp: In static member function ‘static QStringList LXDG::getIconThemeDepChain(QString, QStringList)’:
../../core/libLumina/LuminaXDG.cpp:1042:52: warning: ‘QStringList QString::split(const QString&, QString::SplitBehavior, Qt::CaseSensitivity) const’ is deprecated: Use Qt::SplitBehavior variant instead [-Wdeprecated-declarations]
 1042 |         deps = deps.first().section("=",1,-1).split(";",QString::SkipEmptyParts);
      |                ~~~~~~~~~~~~~~~~~~~~~~~~~~~~~~~~~~~~^~~~~~~~~~~~~~~~~~~~~~~~~~~~~
In file included from /usr/include/qt5/QtCore/qobject.h:47,
                 from /usr/include/qt5/QtCore/qiodevice.h:45,
                 from /usr/include/qt5/QtCore/qfiledevice.h:43,
                 from /usr/include/qt5/QtCore/qfile.h:44,
                 from /usr/include/qt5/QtCore/QFile:1,
                 from ../../core/libLumina/LuminaXDG.h:18,
                 from ../../core/libLumina/LuminaXDG.cpp:7:
/usr/include/qt5/QtCore/qstring.h:609:17: note: declared here
  609 |     QStringList split(const QString &sep, SplitBehavior behavior,
      |                 ^~~~~
../../core/libLumina/LuminaXDG.cpp: In static member function ‘static QStringList LXDG::findAvailableAppsForMime(QString)’:
../../core/libLumina/LuminaXDG.cpp:1310:62: warning: ‘QStringList QString::split(const QString&, QString::SplitBehavior, Qt::CaseSensitivity) const’ is deprecated: Use Qt::SplitBehavior variant instead [-Wdeprecated-declarations]
 1310 |         QStringList files = matches[j].section("=",1,1).split(";",QString::SkipEmptyParts);
      |                             ~~~~~~~~~~~~~~~~~~~~~~~~~~~~~~~~~^~~~~~~~~~~~~~~~~~~~~~~~~~~~~
In file included from /usr/include/qt5/QtCore/qobject.h:47,
                 from /usr/include/qt5/QtCore/qiodevice.h:45,
                 from /usr/include/qt5/QtCore/qfiledevice.h:43,
                 from /usr/include/qt5/QtCore/qfile.h:44,
                 from /usr/include/qt5/QtCore/QFile:1,
                 from ../../core/libLumina/LuminaXDG.h:18,
                 from ../../core/libLumina/LuminaXDG.cpp:7:
/usr/include/qt5/QtCore/qstring.h:609:17: note: declared here
  609 |     QStringList split(const QString &sep, SplitBehavior behavior,
      |                 ^~~~~
../../core/libLumina/LuminaXDG.cpp: In static member function ‘static QStringList LXDG::getIconThemeDepChain(QString, QStringList)’:
../../core/libLumina/LuminaXDG.cpp:1042:52: warning: ‘QStringList QString::split(const QString&, QString::SplitBehavior, Qt::CaseSensitivity) const’ is deprecated: Use Qt::SplitBehavior variant instead [-Wdeprecated-declarations]
 1042 |         deps = deps.first().section("=",1,-1).split(";",QString::SkipEmptyParts);
      |                ~~~~~~~~~~~~~~~~~~~~~~~~~~~~~~~~~~~~^~~~~~~~~~~~~~~~~~~~~~~~~~~~~
In file included from /usr/include/qt5/QtCore/qobject.h:47,
                 from /usr/include/qt5/QtCore/qiodevice.h:45,
                 from /usr/include/qt5/QtCore/qfiledevice.h:43,
                 from /usr/include/qt5/QtCore/qfile.h:44,
                 from /usr/include/qt5/QtCore/QFile:1,
                 from ../../core/libLumina/LuminaXDG.h:18,
                 from ../../core/libLumina/LuminaXDG.cpp:7:
/usr/include/qt5/QtCore/qstring.h:609:17: note: declared here
  609 |     QStringList split(const QString &sep, SplitBehavior behavior,
      |                 ^~~~~
../../core/libLumina/LuminaXDG.cpp: In static member function ‘static QStringList LXDG::findAvailableAppsForMime(QString)’:
../../core/libLumina/LuminaXDG.cpp:1310:62: warning: ‘QStringList QString::split(const QString&, QString::SplitBehavior, Qt::CaseSensitivity) const’ is deprecated: Use Qt::SplitBehavior variant instead [-Wdeprecated-declarations]
 1310 |         QStringList files = matches[j].section("=",1,1).split(";",QString::SkipEmptyParts);
      |                             ~~~~~~~~~~~~~~~~~~~~~~~~~~~~~~~~~^~~~~~~~~~~~~~~~~~~~~~~~~~~~~
In file included from /usr/include/qt5/QtCore/qobject.h:47,
                 from /usr/include/qt5/QtCore/qiodevice.h:45,
                 from /usr/include/qt5/QtCore/qfiledevice.h:43,
                 from /usr/include/qt5/QtCore/qfile.h:44,
                 from /usr/include/qt5/QtCore/QFile:1,
                 from ../../core/libLumina/LuminaXDG.h:18,
                 from ../../core/libLumina/LuminaXDG.cpp:7:
/usr/include/qt5/QtCore/qstring.h:609:17: note: declared here
  609 |     QStringList split(const QString &sep, SplitBehavior behavior,
      |                 ^~~~~
g++ -c -pipe -O2 -flto=auto -ffat-lto-objects -fexceptions -g -grecord-gcc-switches -pipe -Wall -Werror=format-security -Wp,-D_FORTIFY_SOURCE=2 -Wp,-D_GLIBCXX_ASSERTIONS -specs=/usr/lib/rpm/redhat/redhat-hardened-cc1 -fstack-protector-strong -specs=/usr/lib/rpm/redhat/redhat-annobin-cc1 -m64 -mtune=generic -fasynchronous-unwind-tables -fstack-clash-protection -fcf-protection -std=gnu++11 -Wall -Wextra -D_REENTRANT -fPIC -DPREFIX=QString\(\"/usr\"\) -DL_ETCDIR=QString\(\"/etc\"\) -DL_SHAREDIR=QString\(\"/usr/share\"\) -DGIT_VERSION="\"a88ea52f\"" -DQT_NO_DEBUG -DQT_PRINTSUPPORT_LIB -DQT_SVG_LIB -DQT_WIDGETS_LIB -DQT_MULTIMEDIA_LIB -DQT_GUI_LIB -DQT_CONCURRENT_LIB -DQT_NETWORK_LIB -DQT_CORE_LIB -I. -I../../core/libLumina -I/usr/include/qt5 -I/usr -I/usr/include -I/home/q5sys/git/lumina/src-qt5/desktop-utils/lumina-textedit -I/usr/include/qt5/QtPrintSupport -I/usr/include/qt5/QtSvg -I/usr/include/qt5/QtWidgets -I/usr/include/qt5/QtMultimedia -I/usr/include/qt5/QtGui -I/usr/include/qt5/QtConcurrent -I/usr/include/qt5/QtNetwork -I/usr/include/qt5/QtCore -I.build/moc -I.build/ui -I/usr/lib64/qt5/mkspecs/linux-g++ -o .build/obj/LFileInfo.o ../../core/libLumina/LFileInfo.cpp
g++ -c -pipe -O2 -flto=auto -ffat-lto-objects -fexceptions -g -grecord-gcc-switches -pipe -Wall -Werror=format-security -Wp,-D_FORTIFY_SOURCE=2 -Wp,-D_GLIBCXX_ASSERTIONS -specs=/usr/lib/rpm/redhat/redhat-hardened-cc1 -fstack-protector-strong -specs=/usr/lib/rpm/redhat/redhat-annobin-cc1 -m64 -mtune=generic -fasynchronous-unwind-tables -fstack-clash-protection -fcf-protection -std=gnu++11 -Wall -Wextra -D_REENTRANT -fPIC -DPREFIX=QString\(\"/usr\"\) -DL_ETCDIR=QString\(\"/etc\"\) -DL_SHAREDIR=QString\(\"/usr/share\"\) -DGIT_VERSION="\"a88ea52f\"" -DQT_NO_DEBUG -DQT_SVG_LIB -DQT_WIDGETS_LIB -DQT_MULTIMEDIA_LIB -DQT_GUI_LIB -DQT_CONCURRENT_LIB -DQT_NETWORK_LIB -DQT_CORE_LIB -I. -I../../core/libLumina -I/usr/include/qt5 -I/usr -I/usr/include -I/home/q5sys/git/lumina/src-qt5/desktop-utils/lumina-archiver -I/usr/include/qt5/QtSvg -I/usr/include/qt5/QtWidgets -I/usr/include/qt5/QtMultimedia -I/usr/include/qt5/QtGui -I/usr/include/qt5/QtConcurrent -I/usr/include/qt5/QtNetwork -I/usr/include/qt5/QtCore -I.build/moc -I.build/ui -I/usr/lib64/qt5/mkspecs/linux-g++ -o .build/obj/LFileInfo.o ../../core/libLumina/LFileInfo.cpp
../../core/libLumina/LFileInfo.cpp: In member function ‘void LFileInfo::getZfsDataset()’:
../../core/libLumina/LFileInfo.cpp:103:80: warning: ‘QStringList QString::split(const QString&, QString::SplitBehavior, Qt::CaseSensitivity) const’ is deprecated: Use Qt::SplitBehavior variant instead [-Wdeprecated-declarations]
  103 |         if(!gplist.isEmpty()){ gplist = gplist.first().replace("\t", " ").split(" ",QString::SkipEmptyParts); gplist.removeAll("groups"); }
      |                                         ~~~~~~~~~~~~~~~~~~~~~~~~~~~~~~~~~~~~~~~^~~~~~~~~~~~~~~~~~~~~~~~~~~~~
In file included from /usr/include/qt5/QtCore/qobject.h:47,
                 from /usr/include/qt5/QtCore/qiodevice.h:45,
                 from /usr/include/qt5/QtCore/qfiledevice.h:43,
                 from /usr/include/qt5/QtCore/qfile.h:44,
                 from /usr/include/qt5/QtCore/QFile:1,
                 from ../../core/libLumina/LuminaXDG.h:18,
                 from ../../core/libLumina/LFileInfo.h:13,
                 from ../../core/libLumina/LFileInfo.cpp:7:
/usr/include/qt5/QtCore/qstring.h:609:17: note: declared here
  609 |     QStringList split(const QString &sep, SplitBehavior behavior,
      |                 ^~~~~
../../core/libLumina/LFileInfo.cpp:107:84: warning: ‘QStringList QString::split(const QString&, QString::SplitBehavior, Qt::CaseSensitivity) const’ is deprecated: Use Qt::SplitBehavior variant instead [-Wdeprecated-declarations]
  107 |           zfs_perms << tmp.first().section(" ",2,2,QString::SectionSkipEmpty).split(",",QString::SkipEmptyParts);
      |                        ~~~~~~~~~~~~~~~~~~~~~~~~~~~~~~~~~~~~~~~~~~~~~~~~~~~~~~~~~~~~^~~~~~~~~~~~~~~~~~~~~~~~~~~~~
In file included from /usr/include/qt5/QtCore/qobject.h:47,
                 from /usr/include/qt5/QtCore/qiodevice.h:45,
                 from /usr/include/qt5/QtCore/qfiledevice.h:43,
                 from /usr/include/qt5/QtCore/qfile.h:44,
                 from /usr/include/qt5/QtCore/QFile:1,
                 from ../../core/libLumina/LuminaXDG.h:18,
                 from ../../core/libLumina/LFileInfo.h:13,
                 from ../../core/libLumina/LFileInfo.cpp:7:
/usr/include/qt5/QtCore/qstring.h:609:17: note: declared here
  609 |     QStringList split(const QString &sep, SplitBehavior behavior,
      |                 ^~~~~
../../core/libLumina/LFileInfo.cpp: In member function ‘void LFileInfo::getZfsDataset()’:
../../core/libLumina/LFileInfo.cpp:103:80: warning: ‘QStringList QString::split(const QString&, QString::SplitBehavior, Qt::CaseSensitivity) const’ is deprecated: Use Qt::SplitBehavior variant instead [-Wdeprecated-declarations]
  103 |         if(!gplist.isEmpty()){ gplist = gplist.first().replace("\t", " ").split(" ",QString::SkipEmptyParts); gplist.removeAll("groups"); }
      |                                         ~~~~~~~~~~~~~~~~~~~~~~~~~~~~~~~~~~~~~~~^~~~~~~~~~~~~~~~~~~~~~~~~~~~~
In file included from /usr/include/qt5/QtCore/qobject.h:47,
                 from /usr/include/qt5/QtCore/qiodevice.h:45,
                 from /usr/include/qt5/QtCore/qfiledevice.h:43,
                 from /usr/include/qt5/QtCore/qfile.h:44,
                 from /usr/include/qt5/QtCore/QFile:1,
                 from ../../core/libLumina/LuminaXDG.h:18,
                 from ../../core/libLumina/LFileInfo.h:13,
                 from ../../core/libLumina/LFileInfo.cpp:7:
/usr/include/qt5/QtCore/qstring.h:609:17: note: declared here
  609 |     QStringList split(const QString &sep, SplitBehavior behavior,
      |                 ^~~~~
../../core/libLumina/LFileInfo.cpp:107:84: warning: ‘QStringList QString::split(const QString&, QString::SplitBehavior, Qt::CaseSensitivity) const’ is deprecated: Use Qt::SplitBehavior variant instead [-Wdeprecated-declarations]
  107 |           zfs_perms << tmp.first().section(" ",2,2,QString::SectionSkipEmpty).split(",",QString::SkipEmptyParts);
      |                        ~~~~~~~~~~~~~~~~~~~~~~~~~~~~~~~~~~~~~~~~~~~~~~~~~~~~~~~~~~~~^~~~~~~~~~~~~~~~~~~~~~~~~~~~~
In file included from /usr/include/qt5/QtCore/qobject.h:47,
                 from /usr/include/qt5/QtCore/qiodevice.h:45,
                 from /usr/include/qt5/QtCore/qfiledevice.h:43,
                 from /usr/include/qt5/QtCore/qfile.h:44,
                 from /usr/include/qt5/QtCore/QFile:1,
                 from ../../core/libLumina/LuminaXDG.h:18,
                 from ../../core/libLumina/LFileInfo.h:13,
                 from ../../core/libLumina/LFileInfo.cpp:7:
/usr/include/qt5/QtCore/qstring.h:609:17: note: declared here
  609 |     QStringList split(const QString &sep, SplitBehavior behavior,
      |                 ^~~~~
g++ -c -pipe -O2 -flto=auto -ffat-lto-objects -fexceptions -g -grecord-gcc-switches -pipe -Wall -Werror=format-security -Wp,-D_FORTIFY_SOURCE=2 -Wp,-D_GLIBCXX_ASSERTIONS -specs=/usr/lib/rpm/redhat/redhat-hardened-cc1 -fstack-protector-strong -specs=/usr/lib/rpm/redhat/redhat-annobin-cc1 -m64 -mtune=generic -fasynchronous-unwind-tables -fstack-clash-protection -fcf-protection -std=gnu++11 -Wall -Wextra -D_REENTRANT -fPIC -DPREFIX=QString\(\"/usr\"\) -DL_ETCDIR=QString\(\"/etc\"\) -DL_SHAREDIR=QString\(\"/usr/share\"\) -DGIT_VERSION="\"a88ea52f\"" -DQT_NO_DEBUG -DQT_SVG_LIB -DQT_WIDGETS_LIB -DQT_MULTIMEDIA_LIB -DQT_GUI_LIB -DQT_CONCURRENT_LIB -DQT_NETWORK_LIB -DQT_CORE_LIB -I. -I../../core/libLumina -I/usr/include/qt5 -I/usr -I/usr/include -I/home/q5sys/git/lumina/src-qt5/desktop-utils/lumina-archiver -I/usr/include/qt5/QtSvg -I/usr/include/qt5/QtWidgets -I/usr/include/qt5/QtMultimedia -I/usr/include/qt5/QtGui -I/usr/include/qt5/QtConcurrent -I/usr/include/qt5/QtNetwork -I/usr/include/qt5/QtCore -I.build/moc -I.build/ui -I/usr/lib64/qt5/mkspecs/linux-g++ -o .build/obj/LuminaThemes.o ../../core/libLumina/LuminaThemes.cpp
g++ -c -pipe -O2 -flto=auto -ffat-lto-objects -fexceptions -g -grecord-gcc-switches -pipe -Wall -Werror=format-security -Wp,-D_FORTIFY_SOURCE=2 -Wp,-D_GLIBCXX_ASSERTIONS -specs=/usr/lib/rpm/redhat/redhat-hardened-cc1 -fstack-protector-strong -specs=/usr/lib/rpm/redhat/redhat-annobin-cc1 -m64 -mtune=generic -fasynchronous-unwind-tables -fstack-clash-protection -fcf-protection -std=gnu++11 -Wall -Wextra -D_REENTRANT -fPIC -DPREFIX=QString\(\"/usr\"\) -DL_ETCDIR=QString\(\"/etc\"\) -DL_SHAREDIR=QString\(\"/usr/share\"\) -DGIT_VERSION="\"a88ea52f\"" -DQT_NO_DEBUG -DQT_PRINTSUPPORT_LIB -DQT_SVG_LIB -DQT_WIDGETS_LIB -DQT_MULTIMEDIA_LIB -DQT_GUI_LIB -DQT_CONCURRENT_LIB -DQT_NETWORK_LIB -DQT_CORE_LIB -I. -I../../core/libLumina -I/usr/include/qt5 -I/usr -I/usr/include -I/home/q5sys/git/lumina/src-qt5/desktop-utils/lumina-textedit -I/usr/include/qt5/QtPrintSupport -I/usr/include/qt5/QtSvg -I/usr/include/qt5/QtWidgets -I/usr/include/qt5/QtMultimedia -I/usr/include/qt5/QtGui -I/usr/include/qt5/QtConcurrent -I/usr/include/qt5/QtNetwork -I/usr/include/qt5/QtCore -I.build/moc -I.build/ui -I/usr/lib64/qt5/mkspecs/linux-g++ -o .build/obj/LuminaThemes.o ../../core/libLumina/LuminaThemes.cpp
make[3]: Leaving directory '/home/q5sys/git/lumina/src-qt5/core-utils/lumina-config'
make[2]: Leaving directory '/home/q5sys/git/lumina/src-qt5/core-utils'
g++ -c -pipe -O2 -flto=auto -ffat-lto-objects -fexceptions -g -grecord-gcc-switches -pipe -Wall -Werror=format-security -Wp,-D_FORTIFY_SOURCE=2 -Wp,-D_GLIBCXX_ASSERTIONS -specs=/usr/lib/rpm/redhat/redhat-hardened-cc1 -fstack-protector-strong -specs=/usr/lib/rpm/redhat/redhat-annobin-cc1 -m64 -mtune=generic -fasynchronous-unwind-tables -fstack-clash-protection -fcf-protection -std=gnu++11 -Wall -Wextra -D_REENTRANT -fPIC -DPREFIX=QString\(\"/usr\"\) -DL_ETCDIR=QString\(\"/etc\"\) -DL_SHAREDIR=QString\(\"/usr/share\"\) -DGIT_VERSION="\"a88ea52f\"" -DQT_NO_DEBUG -DQT_PRINTSUPPORT_LIB -DQT_SVG_LIB -DQT_WIDGETS_LIB -DQT_MULTIMEDIA_LIB -DQT_GUI_LIB -DQT_CONCURRENT_LIB -DQT_NETWORK_LIB -DQT_CORE_LIB -I. -I../../core/libLumina -I/usr/include/qt5 -I/usr -I/usr/include -I/home/q5sys/git/lumina/src-qt5/desktop-utils/lumina-textedit -I/usr/include/qt5/QtPrintSupport -I/usr/include/qt5/QtSvg -I/usr/include/qt5/QtWidgets -I/usr/include/qt5/QtMultimedia -I/usr/include/qt5/QtGui -I/usr/include/qt5/QtConcurrent -I/usr/include/qt5/QtNetwork -I/usr/include/qt5/QtCore -I.build/moc -I.build/ui -I/usr/lib64/qt5/mkspecs/linux-g++ -o .build/obj/main.o main.cpp
g++ -c -pipe -O2 -flto=auto -ffat-lto-objects -fexceptions -g -grecord-gcc-switches -pipe -Wall -Werror=format-security -Wp,-D_FORTIFY_SOURCE=2 -Wp,-D_GLIBCXX_ASSERTIONS -specs=/usr/lib/rpm/redhat/redhat-hardened-cc1 -fstack-protector-strong -specs=/usr/lib/rpm/redhat/redhat-annobin-cc1 -m64 -mtune=generic -fasynchronous-unwind-tables -fstack-clash-protection -fcf-protection -std=gnu++11 -Wall -Wextra -D_REENTRANT -fPIC -DPREFIX=QString\(\"/usr\"\) -DL_ETCDIR=QString\(\"/etc\"\) -DL_SHAREDIR=QString\(\"/usr/share\"\) -DGIT_VERSION="\"a88ea52f\"" -DQT_NO_DEBUG -DQT_PRINTSUPPORT_LIB -DQT_SVG_LIB -DQT_WIDGETS_LIB -DQT_MULTIMEDIA_LIB -DQT_GUI_LIB -DQT_CONCURRENT_LIB -DQT_NETWORK_LIB -DQT_CORE_LIB -I. -I../../core/libLumina -I/usr/include/qt5 -I/usr -I/usr/include -I/home/q5sys/git/lumina/src-qt5/desktop-utils/lumina-textedit -I/usr/include/qt5/QtPrintSupport -I/usr/include/qt5/QtSvg -I/usr/include/qt5/QtWidgets -I/usr/include/qt5/QtMultimedia -I/usr/include/qt5/QtGui -I/usr/include/qt5/QtConcurrent -I/usr/include/qt5/QtNetwork -I/usr/include/qt5/QtCore -I.build/moc -I.build/ui -I/usr/lib64/qt5/mkspecs/linux-g++ -o .build/obj/MainUI.o MainUI.cpp
MainUI.cpp: In member function ‘void MainUI::enableSpellcheck(bool)’:
MainUI.cpp:443:36: warning: unused parameter ‘show’ [-Wunused-parameter]
  443 | void MainUI::enableSpellcheck(bool show){
      |                               ~~~~~^~~~
MainUI.cpp: In member function ‘void MainUI::tabDetached(int)’:
MainUI.cpp:517:26: warning: ‘static bool QProcess::startDetached(const QString&)’ is deprecated: Use QProcess::startDetached(const QString &program, const QStringList &arguments) instead [-Wdeprecated-declarations]
  517 |   QProcess::startDetached("lumina-textedit \""+edit->currentFile()+"\"");
      |   ~~~~~~~~~~~~~~~~~~~~~~~^~~~~~~~~~~~~~~~~~~~~~~~~~~~~~~~~~~~~~~~~~~~~~~
In file included from /usr/include/qt5/QtCore/QProcess:1,
                 from ../../core/libLumina/LUtils.h:11,
                 from MainUI.cpp:13:
/usr/include/qt5/QtCore/qprocess.h:280:17: note: declared here
  280 |     static bool startDetached(const QString &command);
      |                 ^~~~~~~~~~~~~
MainUI.cpp: In member function ‘void MainUI::checkWord(QTextBlock)’:
MainUI.cpp:625:35: warning: unused parameter ‘block’ [-Wunused-parameter]
  625 | void MainUI::checkWord(QTextBlock block) {
      |                        ~~~~~~~~~~~^~~~~
make[3]: Leaving directory '/home/q5sys/git/lumina/src-qt5/desktop-utils/lumina-fm'
cd lumina-mediaplayer/ && ( test -e Makefile || /usr/lib64/qt5/bin/qmake -o Makefile /home/q5sys/git/lumina/src-qt5/desktop-utils/lumina-mediaplayer/lumina-mediaplayer.pro 'QMAKE_CFLAGS_DEBUG=-O2 -flto=auto -ffat-lto-objects -fexceptions -g -grecord-gcc-switches -pipe -Wall -Werror=format-security -Wp,-D_FORTIFY_SOURCE=2 -Wp,-D_GLIBCXX_ASSERTIONS -specs=/usr/lib/rpm/redhat/redhat-hardened-cc1 -fstack-protector-strong -specs=/usr/lib/rpm/redhat/redhat-annobin-cc1  -m64  -mtune=generic -fasynchronous-unwind-tables -fstack-clash-protection -fcf-protection ' 'QMAKE_CFLAGS_RELEASE=-O2 -flto=auto -ffat-lto-objects -fexceptions -g -grecord-gcc-switches -pipe -Wall -Werror=format-security -Wp,-D_FORTIFY_SOURCE=2 -Wp,-D_GLIBCXX_ASSERTIONS -specs=/usr/lib/rpm/redhat/redhat-hardened-cc1 -fstack-protector-strong -specs=/usr/lib/rpm/redhat/redhat-annobin-cc1  -m64  -mtune=generic -fasynchronous-unwind-tables -fstack-clash-protection -fcf-protection ' 'QMAKE_CXXFLAGS_DEBUG=-O2 -flto=auto -ffat-lto-objects -fexceptions -g -grecord-gcc-switches -pipe -Wall -Werror=format-security -Wp,-D_FORTIFY_SOURCE=2 -Wp,-D_GLIBCXX_ASSERTIONS -specs=/usr/lib/rpm/redhat/redhat-hardened-cc1 -fstack-protector-strong -specs=/usr/lib/rpm/redhat/redhat-annobin-cc1  -m64  -mtune=generic -fasynchronous-unwind-tables -fstack-clash-protection -fcf-protection ' 'QMAKE_CXXFLAGS_RELEASE=-O2 -flto=auto -ffat-lto-objects -fexceptions -g -grecord-gcc-switches -pipe -Wall -Werror=format-security -Wp,-D_FORTIFY_SOURCE=2 -Wp,-D_GLIBCXX_ASSERTIONS -specs=/usr/lib/rpm/redhat/redhat-hardened-cc1 -fstack-protector-strong -specs=/usr/lib/rpm/redhat/redhat-annobin-cc1  -m64  -mtune=generic -fasynchronous-unwind-tables -fstack-clash-protection -fcf-protection ' 'QMAKE_LFLAGS_DEBUG=-Wl,-z,relro -Wl,--as-needed  -Wl,-z,now -specs=/usr/lib/rpm/redhat/redhat-hardened-ld ' 'QMAKE_LFLAGS_RELEASE=-Wl,-z,relro -Wl,--as-needed  -Wl,-z,now -specs=/usr/lib/rpm/redhat/redhat-hardened-ld ' QMAKE_STRIP= CONFIG+=configure LIBPREFIX=/usr/lib64 L_BINDIR=/usr/bin L_LIBDIR=/usr/lib64 L_SHAREDIR=/usr/share L_ETCDIR=/etc L_INCLUDEDIR=/usr/include L_MANDIR=/usr/share/man QT5LIBDIR=/usr QMAKE_LFLAGS+=-Wl,--as-needed ) && make -f Makefile 
Project MESSAGE: Build OS Info: Linux, x86_64, #1 SMP Wed Jun 23 16:18:11 UTC 2021
Project MESSAGE:  - Detected Qt Version: 5.15.2
Project MESSAGE: Build Settings Loaded: Linux -
g++ -c -pipe -O2 -flto=auto -ffat-lto-objects -fexceptions -g -grecord-gcc-switches -pipe -Wall -Werror=format-security -Wp,-D_FORTIFY_SOURCE=2 -Wp,-D_GLIBCXX_ASSERTIONS -specs=/usr/lib/rpm/redhat/redhat-hardened-cc1 -fstack-protector-strong -specs=/usr/lib/rpm/redhat/redhat-annobin-cc1 -m64 -mtune=generic -fasynchronous-unwind-tables -fstack-clash-protection -fcf-protection -std=gnu++11 -Wall -Wextra -D_REENTRANT -fPIC -DPREFIX=QString\(\"/usr\"\) -DL_ETCDIR=QString\(\"/etc\"\) -DL_SHAREDIR=QString\(\"/usr/share\"\) -DGIT_VERSION="\"a88ea52f\"" -DQT_NO_DEBUG -DQT_SVG_LIB -DQT_WIDGETS_LIB -DQT_MULTIMEDIA_LIB -DQT_GUI_LIB -DQT_CONCURRENT_LIB -DQT_NETWORK_LIB -DQT_CORE_LIB -I. -I../../core/libLumina -I/usr/include/qt5 -I/usr -I/usr/include -I/home/q5sys/git/lumina/src-qt5/desktop-utils/lumina-archiver -I/usr/include/qt5/QtSvg -I/usr/include/qt5/QtWidgets -I/usr/include/qt5/QtMultimedia -I/usr/include/qt5/QtGui -I/usr/include/qt5/QtConcurrent -I/usr/include/qt5/QtNetwork -I/usr/include/qt5/QtCore -I.build/moc -I.build/ui -I/usr/lib64/qt5/mkspecs/linux-g++ -o .build/obj/main.o main.cpp
make[3]: Entering directory '/home/q5sys/git/lumina/src-qt5/desktop-utils/lumina-mediaplayer'
/usr/lib64/qt5/bin/uic mainUI.ui -o .build/ui/ui_mainUI.h
g++ -c -pipe -O2 -flto=auto -ffat-lto-objects -fexceptions -g -grecord-gcc-switches -pipe -Wall -Werror=format-security -Wp,-D_FORTIFY_SOURCE=2 -Wp,-D_GLIBCXX_ASSERTIONS -specs=/usr/lib/rpm/redhat/redhat-hardened-cc1 -fstack-protector-strong -specs=/usr/lib/rpm/redhat/redhat-annobin-cc1 -m64 -mtune=generic -fasynchronous-unwind-tables -fstack-clash-protection -fcf-protection -std=gnu++11 -Wall -Wextra -D_REENTRANT -fPIC -DPREFIX=QString\(\"/usr\"\) -DL_ETCDIR=QString\(\"/etc\"\) -DL_SHAREDIR=QString\(\"/usr/share\"\) -DGIT_VERSION="\"a88ea52f\"" -DQT_NO_DEBUG -DQT_MULTIMEDIAWIDGETS_LIB -DQT_SVG_LIB -DQT_WIDGETS_LIB -DQT_MULTIMEDIA_LIB -DQT_X11EXTRAS_LIB -DQT_GUI_LIB -DQT_NETWORK_LIB -DQT_CONCURRENT_LIB -DQT_CORE_LIB -I. -I../../core/libLumina -I/usr/include/qt5 -I/usr -I/usr/include -I/home/q5sys/git/lumina/src-qt5/desktop-utils/lumina-mediaplayer -I/usr/include/qt5/QtMultimediaWidgets -I/usr/include/qt5/QtSvg -I/usr/include/qt5/QtWidgets -I/usr/include/qt5/QtMultimedia -I/usr/include/qt5/QtX11Extras -I/usr/include/qt5/QtGui -I/usr/include/qt5/QtNetwork -I/usr/include/qt5/QtConcurrent -I/usr/include/qt5/QtCore -I.build/moc -I.build/ui -I/usr/lib64/qt5/mkspecs/linux-g++ -o .build/obj/LuminaOS-Linux.o ../../core/libLumina/LuminaOS-Linux.cpp
g++ -c -pipe -O2 -flto=auto -ffat-lto-objects -fexceptions -g -grecord-gcc-switches -pipe -Wall -Werror=format-security -Wp,-D_FORTIFY_SOURCE=2 -Wp,-D_GLIBCXX_ASSERTIONS -specs=/usr/lib/rpm/redhat/redhat-hardened-cc1 -fstack-protector-strong -specs=/usr/lib/rpm/redhat/redhat-annobin-cc1 -m64 -mtune=generic -fasynchronous-unwind-tables -fstack-clash-protection -fcf-protection -std=gnu++11 -Wall -Wextra -D_REENTRANT -fPIC -DPREFIX=QString\(\"/usr\"\) -DL_ETCDIR=QString\(\"/etc\"\) -DL_SHAREDIR=QString\(\"/usr/share\"\) -DGIT_VERSION="\"a88ea52f\"" -DQT_NO_DEBUG -DQT_PRINTSUPPORT_LIB -DQT_SVG_LIB -DQT_WIDGETS_LIB -DQT_MULTIMEDIA_LIB -DQT_GUI_LIB -DQT_CONCURRENT_LIB -DQT_NETWORK_LIB -DQT_CORE_LIB -I. -I../../core/libLumina -I/usr/include/qt5 -I/usr -I/usr/include -I/home/q5sys/git/lumina/src-qt5/desktop-utils/lumina-textedit -I/usr/include/qt5/QtPrintSupport -I/usr/include/qt5/QtSvg -I/usr/include/qt5/QtWidgets -I/usr/include/qt5/QtMultimedia -I/usr/include/qt5/QtGui -I/usr/include/qt5/QtConcurrent -I/usr/include/qt5/QtNetwork -I/usr/include/qt5/QtCore -I.build/moc -I.build/ui -I/usr/lib64/qt5/mkspecs/linux-g++ -o .build/obj/PlainTextEditor.o PlainTextEditor.cpp
../../core/libLumina/LuminaOS-Linux.cpp: In static member function ‘static void LOS::startMixerUtility()’:
../../core/libLumina/LuminaOS-Linux.cpp:134:26: warning: ‘static bool QProcess::startDetached(const QString&)’ is deprecated: Use QProcess::startDetached(const QString &program, const QStringList &arguments) instead [-Wdeprecated-declarations]
  134 |   QProcess::startDetached(LOS::AppPrefix() + "bin/pavucontrol");
      |   ~~~~~~~~~~~~~~~~~~~~~~~^~~~~~~~~~~~~~~~~~~~~~~~~~~~~~~~~~~~~~
In file included from /usr/include/qt5/QtCore/QProcess:1,
                 from ../../core/libLumina/LuminaOS.h:17,
                 from ../../core/libLumina/LuminaOS-Linux.cpp:9:
/usr/include/qt5/QtCore/qprocess.h:280:17: note: declared here
  280 |     static bool startDetached(const QString &command);
      |                 ^~~~~~~~~~~~~
../../core/libLumina/LuminaOS-Linux.cpp: In static member function ‘static void LOS::systemShutdown(bool)’:
../../core/libLumina/LuminaOS-Linux.cpp:155:26: warning: ‘static bool QProcess::startDetached(const QString&)’ is deprecated: Use QProcess::startDetached(const QString &program, const QStringList &arguments) instead [-Wdeprecated-declarations]
  155 |   QProcess::startDetached("shutdown -P -h now");
      |   ~~~~~~~~~~~~~~~~~~~~~~~^~~~~~~~~~~~~~~~~~~~~~
In file included from /usr/include/qt5/QtCore/QProcess:1,
                 from ../../core/libLumina/LuminaOS.h:17,
                 from ../../core/libLumina/LuminaOS-Linux.cpp:9:
/usr/include/qt5/QtCore/qprocess.h:280:17: note: declared here
  280 |     static bool startDetached(const QString &command);
      |                 ^~~~~~~~~~~~~
../../core/libLumina/LuminaOS-Linux.cpp: In static member function ‘static void LOS::systemRestart(bool)’:
../../core/libLumina/LuminaOS-Linux.cpp:161:26: warning: ‘static bool QProcess::startDetached(const QString&)’ is deprecated: Use QProcess::startDetached(const QString &program, const QStringList &arguments) instead [-Wdeprecated-declarations]
  161 |   QProcess::startDetached("shutdown -r now");
      |   ~~~~~~~~~~~~~~~~~~~~~~~^~~~~~~~~~~~~~~~~~~
In file included from /usr/include/qt5/QtCore/QProcess:1,
                 from ../../core/libLumina/LuminaOS.h:17,
                 from ../../core/libLumina/LuminaOS-Linux.cpp:9:
/usr/include/qt5/QtCore/qprocess.h:280:17: note: declared here
  280 |     static bool startDetached(const QString &command);
      |                 ^~~~~~~~~~~~~
g++ -c -pipe -O2 -flto=auto -ffat-lto-objects -fexceptions -g -grecord-gcc-switches -pipe -Wall -Werror=format-security -Wp,-D_FORTIFY_SOURCE=2 -Wp,-D_GLIBCXX_ASSERTIONS -specs=/usr/lib/rpm/redhat/redhat-hardened-cc1 -fstack-protector-strong -specs=/usr/lib/rpm/redhat/redhat-annobin-cc1 -m64 -mtune=generic -fasynchronous-unwind-tables -fstack-clash-protection -fcf-protection -std=gnu++11 -Wall -Wextra -D_REENTRANT -fPIC -DPREFIX=QString\(\"/usr\"\) -DL_ETCDIR=QString\(\"/etc\"\) -DL_SHAREDIR=QString\(\"/usr/share\"\) -DGIT_VERSION="\"a88ea52f\"" -DQT_NO_DEBUG -DQT_SVG_LIB -DQT_WIDGETS_LIB -DQT_MULTIMEDIA_LIB -DQT_GUI_LIB -DQT_CONCURRENT_LIB -DQT_NETWORK_LIB -DQT_CORE_LIB -I. -I../../core/libLumina -I/usr/include/qt5 -I/usr -I/usr/include -I/home/q5sys/git/lumina/src-qt5/desktop-utils/lumina-archiver -I/usr/include/qt5/QtSvg -I/usr/include/qt5/QtWidgets -I/usr/include/qt5/QtMultimedia -I/usr/include/qt5/QtGui -I/usr/include/qt5/QtConcurrent -I/usr/include/qt5/QtNetwork -I/usr/include/qt5/QtCore -I.build/moc -I.build/ui -I/usr/lib64/qt5/mkspecs/linux-g++ -o .build/obj/MainUI.o MainUI.cpp
g++ -c -pipe -O2 -flto=auto -ffat-lto-objects -fexceptions -g -grecord-gcc-switches -pipe -Wall -Werror=format-security -Wp,-D_FORTIFY_SOURCE=2 -Wp,-D_GLIBCXX_ASSERTIONS -specs=/usr/lib/rpm/redhat/redhat-hardened-cc1 -fstack-protector-strong -specs=/usr/lib/rpm/redhat/redhat-annobin-cc1 -m64 -mtune=generic -fasynchronous-unwind-tables -fstack-clash-protection -fcf-protection -std=gnu++11 -Wall -Wextra -D_REENTRANT -fPIC -DPREFIX=QString\(\"/usr\"\) -DL_ETCDIR=QString\(\"/etc\"\) -DL_SHAREDIR=QString\(\"/usr/share\"\) -DGIT_VERSION="\"a88ea52f\"" -DQT_NO_DEBUG -DQT_PRINTSUPPORT_LIB -DQT_SVG_LIB -DQT_WIDGETS_LIB -DQT_MULTIMEDIA_LIB -DQT_GUI_LIB -DQT_CONCURRENT_LIB -DQT_NETWORK_LIB -DQT_CORE_LIB -I. -I../../core/libLumina -I/usr/include/qt5 -I/usr -I/usr/include -I/home/q5sys/git/lumina/src-qt5/desktop-utils/lumina-textedit -I/usr/include/qt5/QtPrintSupport -I/usr/include/qt5/QtSvg -I/usr/include/qt5/QtWidgets -I/usr/include/qt5/QtMultimedia -I/usr/include/qt5/QtGui -I/usr/include/qt5/QtConcurrent -I/usr/include/qt5/QtNetwork -I/usr/include/qt5/QtCore -I.build/moc -I.build/ui -I/usr/lib64/qt5/mkspecs/linux-g++ -o .build/obj/syntaxSupport.o syntaxSupport.cpp
g++ -c -pipe -O2 -flto=auto -ffat-lto-objects -fexceptions -g -grecord-gcc-switches -pipe -Wall -Werror=format-security -Wp,-D_FORTIFY_SOURCE=2 -Wp,-D_GLIBCXX_ASSERTIONS -specs=/usr/lib/rpm/redhat/redhat-hardened-cc1 -fstack-protector-strong -specs=/usr/lib/rpm/redhat/redhat-annobin-cc1 -m64 -mtune=generic -fasynchronous-unwind-tables -fstack-clash-protection -fcf-protection -std=gnu++11 -Wall -Wextra -D_REENTRANT -fPIC -DPREFIX=QString\(\"/usr\"\) -DL_ETCDIR=QString\(\"/etc\"\) -DL_SHAREDIR=QString\(\"/usr/share\"\) -DGIT_VERSION="\"a88ea52f\"" -DQT_NO_DEBUG -DQT_MULTIMEDIAWIDGETS_LIB -DQT_SVG_LIB -DQT_WIDGETS_LIB -DQT_MULTIMEDIA_LIB -DQT_X11EXTRAS_LIB -DQT_GUI_LIB -DQT_NETWORK_LIB -DQT_CONCURRENT_LIB -DQT_CORE_LIB -I. -I../../core/libLumina -I/usr/include/qt5 -I/usr -I/usr/include -I/home/q5sys/git/lumina/src-qt5/desktop-utils/lumina-mediaplayer -I/usr/include/qt5/QtMultimediaWidgets -I/usr/include/qt5/QtSvg -I/usr/include/qt5/QtWidgets -I/usr/include/qt5/QtMultimedia -I/usr/include/qt5/QtX11Extras -I/usr/include/qt5/QtGui -I/usr/include/qt5/QtNetwork -I/usr/include/qt5/QtConcurrent -I/usr/include/qt5/QtCore -I.build/moc -I.build/ui -I/usr/lib64/qt5/mkspecs/linux-g++ -o .build/obj/LUtils.o ../../core/libLumina/LUtils.cpp
g++ -c -pipe -O2 -flto=auto -ffat-lto-objects -fexceptions -g -grecord-gcc-switches -pipe -Wall -Werror=format-security -Wp,-D_FORTIFY_SOURCE=2 -Wp,-D_GLIBCXX_ASSERTIONS -specs=/usr/lib/rpm/redhat/redhat-hardened-cc1 -fstack-protector-strong -specs=/usr/lib/rpm/redhat/redhat-annobin-cc1 -m64 -mtune=generic -fasynchronous-unwind-tables -fstack-clash-protection -fcf-protection -std=gnu++11 -Wall -Wextra -D_REENTRANT -fPIC -DPREFIX=QString\(\"/usr\"\) -DL_ETCDIR=QString\(\"/etc\"\) -DL_SHAREDIR=QString\(\"/usr/share\"\) -DGIT_VERSION="\"a88ea52f\"" -DQT_NO_DEBUG -DQT_PRINTSUPPORT_LIB -DQT_SVG_LIB -DQT_WIDGETS_LIB -DQT_MULTIMEDIA_LIB -DQT_GUI_LIB -DQT_CONCURRENT_LIB -DQT_NETWORK_LIB -DQT_CORE_LIB -I. -I../../core/libLumina -I/usr/include/qt5 -I/usr -I/usr/include -I/home/q5sys/git/lumina/src-qt5/desktop-utils/lumina-textedit -I/usr/include/qt5/QtPrintSupport -I/usr/include/qt5/QtSvg -I/usr/include/qt5/QtWidgets -I/usr/include/qt5/QtMultimedia -I/usr/include/qt5/QtGui -I/usr/include/qt5/QtConcurrent -I/usr/include/qt5/QtNetwork -I/usr/include/qt5/QtCore -I.build/moc -I.build/ui -I/usr/lib64/qt5/mkspecs/linux-g++ -o .build/obj/ColorDialog.o ColorDialog.cpp
../../core/libLumina/LUtils.cpp: In static member function ‘static QString LUtils::runCommand(bool&, QString, QStringList, QString, QStringList)’:
../../core/libLumina/LUtils.cpp:130:38: warning: ‘void QProcess::start(const QString&, QIODevice::OpenMode)’ is deprecated: Use QProcess::start(const QString &program, const QStringList &arguments,OpenMode mode = ReadWrite) instead [-Wdeprecated-declarations]
  130 |   if(arguments.isEmpty()){ proc.start(command); }
      |                            ~~~~~~~~~~^~~~~~~~~
In file included from /usr/include/qt5/QtCore/QProcess:1,
                 from ../../core/libLumina/LUtils.h:11,
                 from ../../core/libLumina/LUtils.cpp:7:
/usr/include/qt5/QtCore/qprocess.h:168:10: note: declared here
  168 |     void start(const QString &command, OpenMode mode = ReadWrite);
      |          ^~~~~
g++ -pipe -O2 -flto=auto -ffat-lto-objects -fexceptions -g -grecord-gcc-switches -pipe -Wall -Werror=format-security -Wp,-D_FORTIFY_SOURCE=2 -Wp,-D_GLIBCXX_ASSERTIONS -specs=/usr/lib/rpm/redhat/redhat-hardened-cc1 -fstack-protector-strong -specs=/usr/lib/rpm/redhat/redhat-annobin-cc1 -m64 -mtune=generic -fasynchronous-unwind-tables -fstack-clash-protection -fcf-protection -std=gnu++11 -Wall -Wextra -dM -E -o .build/moc/moc_predefs.h /usr/lib64/qt5/mkspecs/features/data/dummy.cpp
/usr/lib64/qt5/bin/moc -DPREFIX=QString\(\"/usr\"\) -DL_ETCDIR=QString\(\"/etc\"\) -DL_SHAREDIR=QString\(\"/usr/share\"\) -DGIT_VERSION="\"a88ea52f\"" -DQT_NO_DEBUG -DQT_PRINTSUPPORT_LIB -DQT_SVG_LIB -DQT_WIDGETS_LIB -DQT_MULTIMEDIA_LIB -DQT_GUI_LIB -DQT_CONCURRENT_LIB -DQT_NETWORK_LIB -DQT_CORE_LIB --include /home/q5sys/git/lumina/src-qt5/desktop-utils/lumina-textedit/.build/moc/moc_predefs.h -I/usr/lib64/qt5/mkspecs/linux-g++ -I/home/q5sys/git/lumina/src-qt5/desktop-utils/lumina-textedit -I/home/q5sys/git/lumina/src-qt5/core/libLumina -I/usr/include/qt5 -I/usr -I/usr/include -I'/home/q5sys/git/lumina/src-qt5/desktop-utils/lumina-textedit//home/q5sys/git/lumina/src-qt5/desktop-utils/lumina-textedit' -I/usr/include/qt5/QtPrintSupport -I/usr/include/qt5/QtSvg -I/usr/include/qt5/QtWidgets -I/usr/include/qt5/QtMultimedia -I/usr/include/qt5/QtGui -I/usr/include/qt5/QtConcurrent -I/usr/include/qt5/QtNetwork -I/usr/include/qt5/QtCore -I/usr/include/c++/11 -I/usr/include/c++/11/x86_64-redhat-linux -I/usr/include/c++/11/backward -I/usr/lib/gcc/x86_64-redhat-linux/11/include -I/usr/local/include -I/usr/include ../../core/libLumina/LuminaXDG.h -o .build/moc/moc_LuminaXDG.cpp
/usr/lib64/qt5/bin/moc -DPREFIX=QString\(\"/usr\"\) -DL_ETCDIR=QString\(\"/etc\"\) -DL_SHAREDIR=QString\(\"/usr/share\"\) -DGIT_VERSION="\"a88ea52f\"" -DQT_NO_DEBUG -DQT_PRINTSUPPORT_LIB -DQT_SVG_LIB -DQT_WIDGETS_LIB -DQT_MULTIMEDIA_LIB -DQT_GUI_LIB -DQT_CONCURRENT_LIB -DQT_NETWORK_LIB -DQT_CORE_LIB --include /home/q5sys/git/lumina/src-qt5/desktop-utils/lumina-textedit/.build/moc/moc_predefs.h -I/usr/lib64/qt5/mkspecs/linux-g++ -I/home/q5sys/git/lumina/src-qt5/desktop-utils/lumina-textedit -I/home/q5sys/git/lumina/src-qt5/core/libLumina -I/usr/include/qt5 -I/usr -I/usr/include -I'/home/q5sys/git/lumina/src-qt5/desktop-utils/lumina-textedit//home/q5sys/git/lumina/src-qt5/desktop-utils/lumina-textedit' -I/usr/include/qt5/QtPrintSupport -I/usr/include/qt5/QtSvg -I/usr/include/qt5/QtWidgets -I/usr/include/qt5/QtMultimedia -I/usr/include/qt5/QtGui -I/usr/include/qt5/QtConcurrent -I/usr/include/qt5/QtNetwork -I/usr/include/qt5/QtCore -I/usr/include/c++/11 -I/usr/include/c++/11/x86_64-redhat-linux -I/usr/include/c++/11/backward -I/usr/lib/gcc/x86_64-redhat-linux/11/include -I/usr/local/include -I/usr/include ../../core/libLumina/LuminaThemes.h -o .build/moc/moc_LuminaThemes.cpp
cd lumina-photo/ && ( test -e Makefile || /usr/lib64/qt5/bin/qmake -o Makefile /home/q5sys/git/lumina/src-qt5/desktop-utils/lumina-photo/lumina-photo.pro 'QMAKE_CFLAGS_DEBUG=-O2 -flto=auto -ffat-lto-objects -fexceptions -g -grecord-gcc-switches -pipe -Wall -Werror=format-security -Wp,-D_FORTIFY_SOURCE=2 -Wp,-D_GLIBCXX_ASSERTIONS -specs=/usr/lib/rpm/redhat/redhat-hardened-cc1 -fstack-protector-strong -specs=/usr/lib/rpm/redhat/redhat-annobin-cc1  -m64  -mtune=generic -fasynchronous-unwind-tables -fstack-clash-protection -fcf-protection ' 'QMAKE_CFLAGS_RELEASE=-O2 -flto=auto -ffat-lto-objects -fexceptions -g -grecord-gcc-switches -pipe -Wall -Werror=format-security -Wp,-D_FORTIFY_SOURCE=2 -Wp,-D_GLIBCXX_ASSERTIONS -specs=/usr/lib/rpm/redhat/redhat-hardened-cc1 -fstack-protector-strong -specs=/usr/lib/rpm/redhat/redhat-annobin-cc1  -m64  -mtune=generic -fasynchronous-unwind-tables -fstack-clash-protection -fcf-protection ' 'QMAKE_CXXFLAGS_DEBUG=-O2 -flto=auto -ffat-lto-objects -fexceptions -g -grecord-gcc-switches -pipe -Wall -Werror=format-security -Wp,-D_FORTIFY_SOURCE=2 -Wp,-D_GLIBCXX_ASSERTIONS -specs=/usr/lib/rpm/redhat/redhat-hardened-cc1 -fstack-protector-strong -specs=/usr/lib/rpm/redhat/redhat-annobin-cc1  -m64  -mtune=generic -fasynchronous-unwind-tables -fstack-clash-protection -fcf-protection ' 'QMAKE_CXXFLAGS_RELEASE=-O2 -flto=auto -ffat-lto-objects -fexceptions -g -grecord-gcc-switches -pipe -Wall -Werror=format-security -Wp,-D_FORTIFY_SOURCE=2 -Wp,-D_GLIBCXX_ASSERTIONS -specs=/usr/lib/rpm/redhat/redhat-hardened-cc1 -fstack-protector-strong -specs=/usr/lib/rpm/redhat/redhat-annobin-cc1  -m64  -mtune=generic -fasynchronous-unwind-tables -fstack-clash-protection -fcf-protection ' 'QMAKE_LFLAGS_DEBUG=-Wl,-z,relro -Wl,--as-needed  -Wl,-z,now -specs=/usr/lib/rpm/redhat/redhat-hardened-ld ' 'QMAKE_LFLAGS_RELEASE=-Wl,-z,relro -Wl,--as-needed  -Wl,-z,now -specs=/usr/lib/rpm/redhat/redhat-hardened-ld ' QMAKE_STRIP= CONFIG+=configure LIBPREFIX=/usr/lib64 L_BINDIR=/usr/bin L_LIBDIR=/usr/lib64 L_SHAREDIR=/usr/share L_ETCDIR=/etc L_INCLUDEDIR=/usr/include L_MANDIR=/usr/share/man QT5LIBDIR=/usr QMAKE_LFLAGS+=-Wl,--as-needed ) && make -f Makefile 
Project MESSAGE: Build OS Info: Linux, x86_64, #1 SMP Wed Jun 23 16:18:11 UTC 2021
Project MESSAGE:  - Detected Qt Version: 5.15.2
Project MESSAGE: Build Settings Loaded: Linux -
make[3]: Entering directory '/home/q5sys/git/lumina/src-qt5/desktop-utils/lumina-photo'
/usr/lib64/qt5/bin/uic mainUI.ui -o .build/ui/ui_mainUI.h
g++ -c -pipe -O2 -flto=auto -ffat-lto-objects -fexceptions -g -grecord-gcc-switches -pipe -Wall -Werror=format-security -Wp,-D_FORTIFY_SOURCE=2 -Wp,-D_GLIBCXX_ASSERTIONS -specs=/usr/lib/rpm/redhat/redhat-hardened-cc1 -fstack-protector-strong -specs=/usr/lib/rpm/redhat/redhat-annobin-cc1 -m64 -mtune=generic -fasynchronous-unwind-tables -fstack-clash-protection -fcf-protection -std=gnu++11 -Wall -Wextra -D_REENTRANT -fPIC -DPREFIX=QString\(\"/usr\"\) -DL_ETCDIR=QString\(\"/etc\"\) -DL_SHAREDIR=QString\(\"/usr/share\"\) -DGIT_VERSION="\"a88ea52f\"" -DQT_NO_DEBUG -DQT_SVG_LIB -DQT_PRINTSUPPORT_LIB -DQT_WIDGETS_LIB -DQT_MULTIMEDIA_LIB -DQT_X11EXTRAS_LIB -DQT_GUI_LIB -DQT_CONCURRENT_LIB -DQT_NETWORK_LIB -DQT_CORE_LIB -I. -I../../core/libLumina -I/usr/include/qt5 -I/usr -I/usr/include -I/home/q5sys/git/lumina/src-qt5/desktop-utils/lumina-photo -I/usr/include/qt5/QtSvg -I/usr/include/qt5/QtPrintSupport -I/usr/include/qt5/QtWidgets -I/usr/include/qt5/QtMultimedia -I/usr/include/qt5/QtX11Extras -I/usr/include/qt5/QtGui -I/usr/include/qt5/QtConcurrent -I/usr/include/qt5/QtNetwork -I/usr/include/qt5/QtCore -I.build/moc -I.build/ui -I/usr/lib64/qt5/mkspecs/linux-g++ -o .build/obj/LuminaOS-Linux.o ../../core/libLumina/LuminaOS-Linux.cpp
/usr/lib64/qt5/bin/moc -DPREFIX=QString\(\"/usr\"\) -DL_ETCDIR=QString\(\"/etc\"\) -DL_SHAREDIR=QString\(\"/usr/share\"\) -DGIT_VERSION="\"a88ea52f\"" -DQT_NO_DEBUG -DQT_PRINTSUPPORT_LIB -DQT_SVG_LIB -DQT_WIDGETS_LIB -DQT_MULTIMEDIA_LIB -DQT_GUI_LIB -DQT_CONCURRENT_LIB -DQT_NETWORK_LIB -DQT_CORE_LIB --include /home/q5sys/git/lumina/src-qt5/desktop-utils/lumina-textedit/.build/moc/moc_predefs.h -I/usr/lib64/qt5/mkspecs/linux-g++ -I/home/q5sys/git/lumina/src-qt5/desktop-utils/lumina-textedit -I/home/q5sys/git/lumina/src-qt5/core/libLumina -I/usr/include/qt5 -I/usr -I/usr/include -I'/home/q5sys/git/lumina/src-qt5/desktop-utils/lumina-textedit//home/q5sys/git/lumina/src-qt5/desktop-utils/lumina-textedit' -I/usr/include/qt5/QtPrintSupport -I/usr/include/qt5/QtSvg -I/usr/include/qt5/QtWidgets -I/usr/include/qt5/QtMultimedia -I/usr/include/qt5/QtGui -I/usr/include/qt5/QtConcurrent -I/usr/include/qt5/QtNetwork -I/usr/include/qt5/QtCore -I/usr/include/c++/11 -I/usr/include/c++/11/x86_64-redhat-linux -I/usr/include/c++/11/backward -I/usr/lib/gcc/x86_64-redhat-linux/11/include -I/usr/local/include -I/usr/include MainUI.h -o .build/moc/moc_MainUI.cpp
g++ -c -pipe -O2 -flto=auto -ffat-lto-objects -fexceptions -g -grecord-gcc-switches -pipe -Wall -Werror=format-security -Wp,-D_FORTIFY_SOURCE=2 -Wp,-D_GLIBCXX_ASSERTIONS -specs=/usr/lib/rpm/redhat/redhat-hardened-cc1 -fstack-protector-strong -specs=/usr/lib/rpm/redhat/redhat-annobin-cc1 -m64 -mtune=generic -fasynchronous-unwind-tables -fstack-clash-protection -fcf-protection -std=gnu++11 -Wall -Wextra -D_REENTRANT -fPIC -DPREFIX=QString\(\"/usr\"\) -DL_ETCDIR=QString\(\"/etc\"\) -DL_SHAREDIR=QString\(\"/usr/share\"\) -DGIT_VERSION="\"a88ea52f\"" -DQT_NO_DEBUG -DQT_SVG_LIB -DQT_WIDGETS_LIB -DQT_MULTIMEDIA_LIB -DQT_GUI_LIB -DQT_CONCURRENT_LIB -DQT_NETWORK_LIB -DQT_CORE_LIB -I. -I../../core/libLumina -I/usr/include/qt5 -I/usr -I/usr/include -I/home/q5sys/git/lumina/src-qt5/desktop-utils/lumina-archiver -I/usr/include/qt5/QtSvg -I/usr/include/qt5/QtWidgets -I/usr/include/qt5/QtMultimedia -I/usr/include/qt5/QtGui -I/usr/include/qt5/QtConcurrent -I/usr/include/qt5/QtNetwork -I/usr/include/qt5/QtCore -I.build/moc -I.build/ui -I/usr/lib64/qt5/mkspecs/linux-g++ -o .build/obj/TarBackend.o TarBackend.cpp
/usr/lib64/qt5/bin/moc -DPREFIX=QString\(\"/usr\"\) -DL_ETCDIR=QString\(\"/etc\"\) -DL_SHAREDIR=QString\(\"/usr/share\"\) -DGIT_VERSION="\"a88ea52f\"" -DQT_NO_DEBUG -DQT_PRINTSUPPORT_LIB -DQT_SVG_LIB -DQT_WIDGETS_LIB -DQT_MULTIMEDIA_LIB -DQT_GUI_LIB -DQT_CONCURRENT_LIB -DQT_NETWORK_LIB -DQT_CORE_LIB --include /home/q5sys/git/lumina/src-qt5/desktop-utils/lumina-textedit/.build/moc/moc_predefs.h -I/usr/lib64/qt5/mkspecs/linux-g++ -I/home/q5sys/git/lumina/src-qt5/desktop-utils/lumina-textedit -I/home/q5sys/git/lumina/src-qt5/core/libLumina -I/usr/include/qt5 -I/usr -I/usr/include -I'/home/q5sys/git/lumina/src-qt5/desktop-utils/lumina-textedit//home/q5sys/git/lumina/src-qt5/desktop-utils/lumina-textedit' -I/usr/include/qt5/QtPrintSupport -I/usr/include/qt5/QtSvg -I/usr/include/qt5/QtWidgets -I/usr/include/qt5/QtMultimedia -I/usr/include/qt5/QtGui -I/usr/include/qt5/QtConcurrent -I/usr/include/qt5/QtNetwork -I/usr/include/qt5/QtCore -I/usr/include/c++/11 -I/usr/include/c++/11/x86_64-redhat-linux -I/usr/include/c++/11/backward -I/usr/lib/gcc/x86_64-redhat-linux/11/include -I/usr/local/include -I/usr/include PlainTextEditor.h -o .build/moc/moc_PlainTextEditor.cpp
/usr/lib64/qt5/bin/moc -DPREFIX=QString\(\"/usr\"\) -DL_ETCDIR=QString\(\"/etc\"\) -DL_SHAREDIR=QString\(\"/usr/share\"\) -DGIT_VERSION="\"a88ea52f\"" -DQT_NO_DEBUG -DQT_PRINTSUPPORT_LIB -DQT_SVG_LIB -DQT_WIDGETS_LIB -DQT_MULTIMEDIA_LIB -DQT_GUI_LIB -DQT_CONCURRENT_LIB -DQT_NETWORK_LIB -DQT_CORE_LIB --include /home/q5sys/git/lumina/src-qt5/desktop-utils/lumina-textedit/.build/moc/moc_predefs.h -I/usr/lib64/qt5/mkspecs/linux-g++ -I/home/q5sys/git/lumina/src-qt5/desktop-utils/lumina-textedit -I/home/q5sys/git/lumina/src-qt5/core/libLumina -I/usr/include/qt5 -I/usr -I/usr/include -I'/home/q5sys/git/lumina/src-qt5/desktop-utils/lumina-textedit//home/q5sys/git/lumina/src-qt5/desktop-utils/lumina-textedit' -I/usr/include/qt5/QtPrintSupport -I/usr/include/qt5/QtSvg -I/usr/include/qt5/QtWidgets -I/usr/include/qt5/QtMultimedia -I/usr/include/qt5/QtGui -I/usr/include/qt5/QtConcurrent -I/usr/include/qt5/QtNetwork -I/usr/include/qt5/QtCore -I/usr/include/c++/11 -I/usr/include/c++/11/x86_64-redhat-linux -I/usr/include/c++/11/backward -I/usr/lib/gcc/x86_64-redhat-linux/11/include -I/usr/local/include -I/usr/include syntaxSupport.h -o .build/moc/moc_syntaxSupport.cpp
/usr/lib64/qt5/bin/moc -DPREFIX=QString\(\"/usr\"\) -DL_ETCDIR=QString\(\"/etc\"\) -DL_SHAREDIR=QString\(\"/usr/share\"\) -DGIT_VERSION="\"a88ea52f\"" -DQT_NO_DEBUG -DQT_PRINTSUPPORT_LIB -DQT_SVG_LIB -DQT_WIDGETS_LIB -DQT_MULTIMEDIA_LIB -DQT_GUI_LIB -DQT_CONCURRENT_LIB -DQT_NETWORK_LIB -DQT_CORE_LIB --include /home/q5sys/git/lumina/src-qt5/desktop-utils/lumina-textedit/.build/moc/moc_predefs.h -I/usr/lib64/qt5/mkspecs/linux-g++ -I/home/q5sys/git/lumina/src-qt5/desktop-utils/lumina-textedit -I/home/q5sys/git/lumina/src-qt5/core/libLumina -I/usr/include/qt5 -I/usr -I/usr/include -I'/home/q5sys/git/lumina/src-qt5/desktop-utils/lumina-textedit//home/q5sys/git/lumina/src-qt5/desktop-utils/lumina-textedit' -I/usr/include/qt5/QtPrintSupport -I/usr/include/qt5/QtSvg -I/usr/include/qt5/QtWidgets -I/usr/include/qt5/QtMultimedia -I/usr/include/qt5/QtGui -I/usr/include/qt5/QtConcurrent -I/usr/include/qt5/QtNetwork -I/usr/include/qt5/QtCore -I/usr/include/c++/11 -I/usr/include/c++/11/x86_64-redhat-linux -I/usr/include/c++/11/backward -I/usr/lib/gcc/x86_64-redhat-linux/11/include -I/usr/local/include -I/usr/include ColorDialog.h -o .build/moc/moc_ColorDialog.cpp
/usr/lib64/qt5/bin/moc -DPREFIX=QString\(\"/usr\"\) -DL_ETCDIR=QString\(\"/etc\"\) -DL_SHAREDIR=QString\(\"/usr/share\"\) -DGIT_VERSION="\"a88ea52f\"" -DQT_NO_DEBUG -DQT_PRINTSUPPORT_LIB -DQT_SVG_LIB -DQT_WIDGETS_LIB -DQT_MULTIMEDIA_LIB -DQT_GUI_LIB -DQT_CONCURRENT_LIB -DQT_NETWORK_LIB -DQT_CORE_LIB --include /home/q5sys/git/lumina/src-qt5/desktop-utils/lumina-textedit/.build/moc/moc_predefs.h -I/usr/lib64/qt5/mkspecs/linux-g++ -I/home/q5sys/git/lumina/src-qt5/desktop-utils/lumina-textedit -I/home/q5sys/git/lumina/src-qt5/core/libLumina -I/usr/include/qt5 -I/usr -I/usr/include -I'/home/q5sys/git/lumina/src-qt5/desktop-utils/lumina-textedit//home/q5sys/git/lumina/src-qt5/desktop-utils/lumina-textedit' -I/usr/include/qt5/QtPrintSupport -I/usr/include/qt5/QtSvg -I/usr/include/qt5/QtWidgets -I/usr/include/qt5/QtMultimedia -I/usr/include/qt5/QtGui -I/usr/include/qt5/QtConcurrent -I/usr/include/qt5/QtNetwork -I/usr/include/qt5/QtCore -I/usr/include/c++/11 -I/usr/include/c++/11/x86_64-redhat-linux -I/usr/include/c++/11/backward -I/usr/lib/gcc/x86_64-redhat-linux/11/include -I/usr/local/include -I/usr/include DnDTabBar.h -o .build/moc/moc_DnDTabBar.cpp
g++ -c -pipe -O2 -flto=auto -ffat-lto-objects -fexceptions -g -grecord-gcc-switches -pipe -Wall -Werror=format-security -Wp,-D_FORTIFY_SOURCE=2 -Wp,-D_GLIBCXX_ASSERTIONS -specs=/usr/lib/rpm/redhat/redhat-hardened-cc1 -fstack-protector-strong -specs=/usr/lib/rpm/redhat/redhat-annobin-cc1 -m64 -mtune=generic -fasynchronous-unwind-tables -fstack-clash-protection -fcf-protection -std=gnu++11 -Wall -Wextra -D_REENTRANT -fPIC -DPREFIX=QString\(\"/usr\"\) -DL_ETCDIR=QString\(\"/etc\"\) -DL_SHAREDIR=QString\(\"/usr/share\"\) -DGIT_VERSION="\"a88ea52f\"" -DQT_NO_DEBUG -DQT_PRINTSUPPORT_LIB -DQT_SVG_LIB -DQT_WIDGETS_LIB -DQT_MULTIMEDIA_LIB -DQT_GUI_LIB -DQT_CONCURRENT_LIB -DQT_NETWORK_LIB -DQT_CORE_LIB -I. -I../../core/libLumina -I/usr/include/qt5 -I/usr -I/usr/include -I/home/q5sys/git/lumina/src-qt5/desktop-utils/lumina-textedit -I/usr/include/qt5/QtPrintSupport -I/usr/include/qt5/QtSvg -I/usr/include/qt5/QtWidgets -I/usr/include/qt5/QtMultimedia -I/usr/include/qt5/QtGui -I/usr/include/qt5/QtConcurrent -I/usr/include/qt5/QtNetwork -I/usr/include/qt5/QtCore -I.build/moc -I.build/ui -I/usr/lib64/qt5/mkspecs/linux-g++ -o .build/obj/moc_LuminaXDG.o .build/moc/moc_LuminaXDG.cpp
TarBackend.cpp: In member function ‘void Backend::parseLines(QStringList)’:
TarBackend.cpp:201:40: warning: ‘QStringList QString::split(const QString&, QString::SplitBehavior, Qt::CaseSensitivity) const’ is deprecated: Use Qt::SplitBehavior variant instead [-Wdeprecated-declarations]
  201 |       QStringList info = lines[i].split(" ",QString::SkipEmptyParts);
      |                          ~~~~~~~~~~~~~~^~~~~~~~~~~~~~~~~~~~~~~~~~~~~
In file included from /usr/include/qt5/QtCore/qobject.h:47,
                 from /usr/include/qt5/QtCore/qiodevice.h:45,
                 from /usr/include/qt5/QtCore/qprocess.h:43,
                 from /usr/include/qt5/QtCore/QProcess:1,
                 from TarBackend.h:10,
                 from TarBackend.cpp:7:
/usr/include/qt5/QtCore/qstring.h:609:17: note: declared here
  609 |     QStringList split(const QString &sep, SplitBehavior behavior,
      |                 ^~~~~
TarBackend.cpp: In member function ‘void Backend::procFinished(int, QProcess::ExitStatus)’:
TarBackend.cpp:265:32: warning: ‘static bool QProcess::startDetached(const QString&)’ is deprecated: Use QProcess::startDetached(const QString &program, const QStringList &arguments) instead [-Wdeprecated-declarations]
  265 |         QProcess::startDetached("xdg-open  \""+path+"\"");
      |         ~~~~~~~~~~~~~~~~~~~~~~~^~~~~~~~~~~~~~~~~~~~~~~~~~
In file included from /usr/include/qt5/QtCore/QProcess:1,
                 from TarBackend.h:10,
                 from TarBackend.cpp:7:
/usr/include/qt5/QtCore/qprocess.h:280:17: note: declared here
  280 |     static bool startDetached(const QString &command);
      |                 ^~~~~~~~~~~~~
TarBackend.cpp:273:32: warning: ‘static bool QProcess::startDetached(const QString&)’ is deprecated: Use QProcess::startDetached(const QString &program, const QStringList &arguments) instead [-Wdeprecated-declarations]
  273 |         QProcess::startDetached("xdg-open \""+ dir+"\""); //just extracted to a dir - open it now
      |         ~~~~~~~~~~~~~~~~~~~~~~~^~~~~~~~~~~~~~~~~~~~~~~~~
In file included from /usr/include/qt5/QtCore/QProcess:1,
                 from TarBackend.h:10,
                 from TarBackend.cpp:7:
/usr/include/qt5/QtCore/qprocess.h:280:17: note: declared here
  280 |     static bool startDetached(const QString &command);
      |                 ^~~~~~~~~~~~~
TarBackend.cpp: In member function ‘void Backend::processData()’:
TarBackend.cpp:301:34: warning: ‘QStringList QString::split(const QString&, QString::SplitBehavior, Qt::CaseSensitivity) const’ is deprecated: Use Qt::SplitBehavior variant instead [-Wdeprecated-declarations]
  301 |   QStringList lines =  read.split("\n",QString::SkipEmptyParts);
      |                        ~~~~~~~~~~^~~~~~~~~~~~~~~~~~~~~~~~~~~~~~
In file included from /usr/include/qt5/QtCore/qobject.h:47,
                 from /usr/include/qt5/QtCore/qiodevice.h:45,
                 from /usr/include/qt5/QtCore/qprocess.h:43,
                 from /usr/include/qt5/QtCore/QProcess:1,
                 from TarBackend.h:10,
                 from TarBackend.cpp:7:
/usr/include/qt5/QtCore/qstring.h:609:17: note: declared here
  609 |     QStringList split(const QString &sep, SplitBehavior behavior,
      |                 ^~~~~
../../core/libLumina/LuminaOS-Linux.cpp: In static member function ‘static void LOS::startMixerUtility()’:
../../core/libLumina/LuminaOS-Linux.cpp:134:26: warning: ‘static bool QProcess::startDetached(const QString&)’ is deprecated: Use QProcess::startDetached(const QString &program, const QStringList &arguments) instead [-Wdeprecated-declarations]
  134 |   QProcess::startDetached(LOS::AppPrefix() + "bin/pavucontrol");
      |   ~~~~~~~~~~~~~~~~~~~~~~~^~~~~~~~~~~~~~~~~~~~~~~~~~~~~~~~~~~~~~
In file included from /usr/include/qt5/QtCore/QProcess:1,
                 from ../../core/libLumina/LuminaOS.h:17,
                 from ../../core/libLumina/LuminaOS-Linux.cpp:9:
/usr/include/qt5/QtCore/qprocess.h:280:17: note: declared here
  280 |     static bool startDetached(const QString &command);
      |                 ^~~~~~~~~~~~~
../../core/libLumina/LuminaOS-Linux.cpp: In static member function ‘static void LOS::systemShutdown(bool)’:
../../core/libLumina/LuminaOS-Linux.cpp:155:26: warning: ‘static bool QProcess::startDetached(const QString&)’ is deprecated: Use QProcess::startDetached(const QString &program, const QStringList &arguments) instead [-Wdeprecated-declarations]
  155 |   QProcess::startDetached("shutdown -P -h now");
      |   ~~~~~~~~~~~~~~~~~~~~~~~^~~~~~~~~~~~~~~~~~~~~~
In file included from /usr/include/qt5/QtCore/QProcess:1,
                 from ../../core/libLumina/LuminaOS.h:17,
                 from ../../core/libLumina/LuminaOS-Linux.cpp:9:
/usr/include/qt5/QtCore/qprocess.h:280:17: note: declared here
  280 |     static bool startDetached(const QString &command);
      |                 ^~~~~~~~~~~~~
../../core/libLumina/LuminaOS-Linux.cpp: In static member function ‘static void LOS::systemRestart(bool)’:
../../core/libLumina/LuminaOS-Linux.cpp:161:26: warning: ‘static bool QProcess::startDetached(const QString&)’ is deprecated: Use QProcess::startDetached(const QString &program, const QStringList &arguments) instead [-Wdeprecated-declarations]
  161 |   QProcess::startDetached("shutdown -r now");
      |   ~~~~~~~~~~~~~~~~~~~~~~~^~~~~~~~~~~~~~~~~~~
In file included from /usr/include/qt5/QtCore/QProcess:1,
                 from ../../core/libLumina/LuminaOS.h:17,
                 from ../../core/libLumina/LuminaOS-Linux.cpp:9:
/usr/include/qt5/QtCore/qprocess.h:280:17: note: declared here
  280 |     static bool startDetached(const QString &command);
      |                 ^~~~~~~~~~~~~
g++ -c -pipe -O2 -flto=auto -ffat-lto-objects -fexceptions -g -grecord-gcc-switches -pipe -Wall -Werror=format-security -Wp,-D_FORTIFY_SOURCE=2 -Wp,-D_GLIBCXX_ASSERTIONS -specs=/usr/lib/rpm/redhat/redhat-hardened-cc1 -fstack-protector-strong -specs=/usr/lib/rpm/redhat/redhat-annobin-cc1 -m64 -mtune=generic -fasynchronous-unwind-tables -fstack-clash-protection -fcf-protection -std=gnu++11 -Wall -Wextra -D_REENTRANT -fPIC -DPREFIX=QString\(\"/usr\"\) -DL_ETCDIR=QString\(\"/etc\"\) -DL_SHAREDIR=QString\(\"/usr/share\"\) -DGIT_VERSION="\"a88ea52f\"" -DQT_NO_DEBUG -DQT_MULTIMEDIAWIDGETS_LIB -DQT_SVG_LIB -DQT_WIDGETS_LIB -DQT_MULTIMEDIA_LIB -DQT_X11EXTRAS_LIB -DQT_GUI_LIB -DQT_NETWORK_LIB -DQT_CONCURRENT_LIB -DQT_CORE_LIB -I. -I../../core/libLumina -I/usr/include/qt5 -I/usr -I/usr/include -I/home/q5sys/git/lumina/src-qt5/desktop-utils/lumina-mediaplayer -I/usr/include/qt5/QtMultimediaWidgets -I/usr/include/qt5/QtSvg -I/usr/include/qt5/QtWidgets -I/usr/include/qt5/QtMultimedia -I/usr/include/qt5/QtX11Extras -I/usr/include/qt5/QtGui -I/usr/include/qt5/QtNetwork -I/usr/include/qt5/QtConcurrent -I/usr/include/qt5/QtCore -I.build/moc -I.build/ui -I/usr/lib64/qt5/mkspecs/linux-g++ -o .build/obj/LuminaXDG.o ../../core/libLumina/LuminaXDG.cpp
g++ -c -pipe -O2 -flto=auto -ffat-lto-objects -fexceptions -g -grecord-gcc-switches -pipe -Wall -Werror=format-security -Wp,-D_FORTIFY_SOURCE=2 -Wp,-D_GLIBCXX_ASSERTIONS -specs=/usr/lib/rpm/redhat/redhat-hardened-cc1 -fstack-protector-strong -specs=/usr/lib/rpm/redhat/redhat-annobin-cc1 -m64 -mtune=generic -fasynchronous-unwind-tables -fstack-clash-protection -fcf-protection -std=gnu++11 -Wall -Wextra -D_REENTRANT -fPIC -DPREFIX=QString\(\"/usr\"\) -DL_ETCDIR=QString\(\"/etc\"\) -DL_SHAREDIR=QString\(\"/usr/share\"\) -DGIT_VERSION="\"a88ea52f\"" -DQT_NO_DEBUG -DQT_SVG_LIB -DQT_PRINTSUPPORT_LIB -DQT_WIDGETS_LIB -DQT_MULTIMEDIA_LIB -DQT_X11EXTRAS_LIB -DQT_GUI_LIB -DQT_CONCURRENT_LIB -DQT_NETWORK_LIB -DQT_CORE_LIB -I. -I../../core/libLumina -I/usr/include/qt5 -I/usr -I/usr/include -I/home/q5sys/git/lumina/src-qt5/desktop-utils/lumina-photo -I/usr/include/qt5/QtSvg -I/usr/include/qt5/QtPrintSupport -I/usr/include/qt5/QtWidgets -I/usr/include/qt5/QtMultimedia -I/usr/include/qt5/QtX11Extras -I/usr/include/qt5/QtGui -I/usr/include/qt5/QtConcurrent -I/usr/include/qt5/QtNetwork -I/usr/include/qt5/QtCore -I.build/moc -I.build/ui -I/usr/lib64/qt5/mkspecs/linux-g++ -o .build/obj/LUtils.o ../../core/libLumina/LUtils.cpp
g++ -c -pipe -O2 -flto=auto -ffat-lto-objects -fexceptions -g -grecord-gcc-switches -pipe -Wall -Werror=format-security -Wp,-D_FORTIFY_SOURCE=2 -Wp,-D_GLIBCXX_ASSERTIONS -specs=/usr/lib/rpm/redhat/redhat-hardened-cc1 -fstack-protector-strong -specs=/usr/lib/rpm/redhat/redhat-annobin-cc1 -m64 -mtune=generic -fasynchronous-unwind-tables -fstack-clash-protection -fcf-protection -std=gnu++11 -Wall -Wextra -D_REENTRANT -fPIC -DPREFIX=QString\(\"/usr\"\) -DL_ETCDIR=QString\(\"/etc\"\) -DL_SHAREDIR=QString\(\"/usr/share\"\) -DGIT_VERSION="\"a88ea52f\"" -DQT_NO_DEBUG -DQT_PRINTSUPPORT_LIB -DQT_SVG_LIB -DQT_WIDGETS_LIB -DQT_MULTIMEDIA_LIB -DQT_GUI_LIB -DQT_CONCURRENT_LIB -DQT_NETWORK_LIB -DQT_CORE_LIB -I. -I../../core/libLumina -I/usr/include/qt5 -I/usr -I/usr/include -I/home/q5sys/git/lumina/src-qt5/desktop-utils/lumina-textedit -I/usr/include/qt5/QtPrintSupport -I/usr/include/qt5/QtSvg -I/usr/include/qt5/QtWidgets -I/usr/include/qt5/QtMultimedia -I/usr/include/qt5/QtGui -I/usr/include/qt5/QtConcurrent -I/usr/include/qt5/QtNetwork -I/usr/include/qt5/QtCore -I.build/moc -I.build/ui -I/usr/lib64/qt5/mkspecs/linux-g++ -o .build/obj/moc_LuminaThemes.o .build/moc/moc_LuminaThemes.cpp
g++ -c -pipe -O2 -flto=auto -ffat-lto-objects -fexceptions -g -grecord-gcc-switches -pipe -Wall -Werror=format-security -Wp,-D_FORTIFY_SOURCE=2 -Wp,-D_GLIBCXX_ASSERTIONS -specs=/usr/lib/rpm/redhat/redhat-hardened-cc1 -fstack-protector-strong -specs=/usr/lib/rpm/redhat/redhat-annobin-cc1 -m64 -mtune=generic -fasynchronous-unwind-tables -fstack-clash-protection -fcf-protection -std=gnu++11 -Wall -Wextra -D_REENTRANT -fPIC -DPREFIX=QString\(\"/usr\"\) -DL_ETCDIR=QString\(\"/etc\"\) -DL_SHAREDIR=QString\(\"/usr/share\"\) -DGIT_VERSION="\"a88ea52f\"" -DQT_NO_DEBUG -DQT_SVG_LIB -DQT_WIDGETS_LIB -DQT_MULTIMEDIA_LIB -DQT_GUI_LIB -DQT_CONCURRENT_LIB -DQT_NETWORK_LIB -DQT_CORE_LIB -I. -I../../core/libLumina -I/usr/include/qt5 -I/usr -I/usr/include -I/home/q5sys/git/lumina/src-qt5/desktop-utils/lumina-archiver -I/usr/include/qt5/QtSvg -I/usr/include/qt5/QtWidgets -I/usr/include/qt5/QtMultimedia -I/usr/include/qt5/QtGui -I/usr/include/qt5/QtConcurrent -I/usr/include/qt5/QtNetwork -I/usr/include/qt5/QtCore -I.build/moc -I.build/ui -I/usr/lib64/qt5/mkspecs/linux-g++ -o .build/obj/imgDialog.o imgDialog.cpp
../../core/libLumina/LuminaXDG.cpp: In member function ‘void XDGDesktop::sync()’:
../../core/libLumina/LuminaXDG.cpp:117:65: warning: ‘QStringList QString::split(const QString&, QString::SplitBehavior, Qt::CaseSensitivity) const’ is deprecated: Use Qt::SplitBehavior variant instead [-Wdeprecated-declarations]
  117 |     else if(var=="Categories" && insection){ catList = val.split(";",QString::SkipEmptyParts); }
      |                                                        ~~~~~~~~~^~~~~~~~~~~~~~~~~~~~~~~~~~~~~
In file included from /usr/include/qt5/QtCore/qobject.h:47,
                 from /usr/include/qt5/QtCore/qiodevice.h:45,
                 from /usr/include/qt5/QtCore/qfiledevice.h:43,
                 from /usr/include/qt5/QtCore/qfile.h:44,
                 from /usr/include/qt5/QtCore/QFile:1,
                 from ../../core/libLumina/LuminaXDG.h:18,
                 from ../../core/libLumina/LuminaXDG.cpp:7:
/usr/include/qt5/QtCore/qstring.h:609:17: note: declared here
  609 |     QStringList split(const QString &sep, SplitBehavior behavior,
      |                 ^~~~~
../../core/libLumina/LuminaXDG.cpp:118:68: warning: ‘QStringList QString::split(const QString&, QString::SplitBehavior, Qt::CaseSensitivity) const’ is deprecated: Use Qt::SplitBehavior variant instead [-Wdeprecated-declarations]
  118 |     else if(var=="OnlyShowIn" && insection){ showInList = val.split(";",QString::SkipEmptyParts); }
      |                                                           ~~~~~~~~~^~~~~~~~~~~~~~~~~~~~~~~~~~~~~
In file included from /usr/include/qt5/QtCore/qobject.h:47,
                 from /usr/include/qt5/QtCore/qiodevice.h:45,
                 from /usr/include/qt5/QtCore/qfiledevice.h:43,
                 from /usr/include/qt5/QtCore/qfile.h:44,
                 from /usr/include/qt5/QtCore/QFile:1,
                 from ../../core/libLumina/LuminaXDG.h:18,
                 from ../../core/libLumina/LuminaXDG.cpp:7:
/usr/include/qt5/QtCore/qstring.h:609:17: note: declared here
  609 |     QStringList split(const QString &sep, SplitBehavior behavior,
      |                 ^~~~~
../../core/libLumina/LuminaXDG.cpp:119:70: warning: ‘QStringList QString::split(const QString&, QString::SplitBehavior, Qt::CaseSensitivity) const’ is deprecated: Use Qt::SplitBehavior variant instead [-Wdeprecated-declarations]
  119 |     else if(var=="NotShowIn" && insection){ notShowInList = val.split(";",QString::SkipEmptyParts); }
      |                                                             ~~~~~~~~~^~~~~~~~~~~~~~~~~~~~~~~~~~~~~
In file included from /usr/include/qt5/QtCore/qobject.h:47,
                 from /usr/include/qt5/QtCore/qiodevice.h:45,
                 from /usr/include/qt5/QtCore/qfiledevice.h:43,
                 from /usr/include/qt5/QtCore/qfile.h:44,
                 from /usr/include/qt5/QtCore/QFile:1,
                 from ../../core/libLumina/LuminaXDG.h:18,
                 from ../../core/libLumina/LuminaXDG.cpp:7:
/usr/include/qt5/QtCore/qstring.h:609:17: note: declared here
  609 |     QStringList split(const QString &sep, SplitBehavior behavior,
      |                 ^~~~~
../../core/libLumina/LuminaXDG.cpp:121:65: warning: ‘QStringList QString::split(const QString&, QString::SplitBehavior, Qt::CaseSensitivity) const’ is deprecated: Use Qt::SplitBehavior variant instead [-Wdeprecated-declarations]
  121 |     else if(var=="Actions" && insection){ actionList = val.split(";",QString::SkipEmptyParts); }
      |                                                        ~~~~~~~~~^~~~~~~~~~~~~~~~~~~~~~~~~~~~~
In file included from /usr/include/qt5/QtCore/qobject.h:47,
                 from /usr/include/qt5/QtCore/qiodevice.h:45,
                 from /usr/include/qt5/QtCore/qfiledevice.h:43,
                 from /usr/include/qt5/QtCore/qfile.h:44,
                 from /usr/include/qt5/QtCore/QFile:1,
                 from ../../core/libLumina/LuminaXDG.h:18,
                 from ../../core/libLumina/LuminaXDG.cpp:7:
/usr/include/qt5/QtCore/qstring.h:609:17: note: declared here
  609 |     QStringList split(const QString &sep, SplitBehavior behavior,
      |                 ^~~~~
../../core/libLumina/LuminaXDG.cpp:122:64: warning: ‘QStringList QString::split(const QString&, QString::SplitBehavior, Qt::CaseSensitivity) const’ is deprecated: Use Qt::SplitBehavior variant instead [-Wdeprecated-declarations]
  122 |     else if(var=="MimeType" && insection){ mimeList = val.split(";",QString::SkipEmptyParts); }
      |                                                       ~~~~~~~~~^~~~~~~~~~~~~~~~~~~~~~~~~~~~~
In file included from /usr/include/qt5/QtCore/qobject.h:47,
                 from /usr/include/qt5/QtCore/qiodevice.h:45,
                 from /usr/include/qt5/QtCore/qfiledevice.h:43,
                 from /usr/include/qt5/QtCore/qfile.h:44,
                 from /usr/include/qt5/QtCore/QFile:1,
                 from ../../core/libLumina/LuminaXDG.h:18,
                 from ../../core/libLumina/LuminaXDG.cpp:7:
/usr/include/qt5/QtCore/qstring.h:609:17: note: declared here
  609 |     QStringList split(const QString &sep, SplitBehavior behavior,
      |                 ^~~~~
../../core/libLumina/LuminaXDG.cpp:124:66: warning: ‘QStringList QString::split(const QString&, QString::SplitBehavior, Qt::CaseSensitivity) const’ is deprecated: Use Qt::SplitBehavior variant instead [-Wdeprecated-declarations]
  124 |       if(keyList.isEmpty() && loc.isEmpty()){ keyList = val.split(";",QString::SkipEmptyParts); }
      |                                                         ~~~~~~~~~^~~~~~~~~~~~~~~~~~~~~~~~~~~~~
In file included from /usr/include/qt5/QtCore/qobject.h:47,
                 from /usr/include/qt5/QtCore/qiodevice.h:45,
                 from /usr/include/qt5/QtCore/qfiledevice.h:43,
                 from /usr/include/qt5/QtCore/qfile.h:44,
                 from /usr/include/qt5/QtCore/QFile:1,
                 from ../../core/libLumina/LuminaXDG.h:18,
                 from ../../core/libLumina/LuminaXDG.cpp:7:
/usr/include/qt5/QtCore/qstring.h:609:17: note: declared here
  609 |     QStringList split(const QString &sep, SplitBehavior behavior,
      |                 ^~~~~
../../core/libLumina/LuminaXDG.cpp:125:48: warning: ‘QStringList QString::split(const QString&, QString::SplitBehavior, Qt::CaseSensitivity) const’ is deprecated: Use Qt::SplitBehavior variant instead [-Wdeprecated-declarations]
  125 |       else if(loc == lang){ keyList = val.split(";",QString::SkipEmptyParts); }
      |                                       ~~~~~~~~~^~~~~~~~~~~~~~~~~~~~~~~~~~~~~
In file included from /usr/include/qt5/QtCore/qobject.h:47,
                 from /usr/include/qt5/QtCore/qiodevice.h:45,
                 from /usr/include/qt5/QtCore/qfiledevice.h:43,
                 from /usr/include/qt5/QtCore/qfile.h:44,
                 from /usr/include/qt5/QtCore/QFile:1,
                 from ../../core/libLumina/LuminaXDG.h:18,
                 from ../../core/libLumina/LuminaXDG.cpp:7:
/usr/include/qt5/QtCore/qstring.h:609:17: note: declared here
  609 |     QStringList split(const QString &sep, SplitBehavior behavior,
      |                 ^~~~~
../../core/libLumina/LuminaXDG.cpp: In static member function ‘static QStringList LXDG::getIconThemeDepChain(QString, QStringList)’:
../../core/libLumina/LuminaXDG.cpp:1042:52: warning: ‘QStringList QString::split(const QString&, QString::SplitBehavior, Qt::CaseSensitivity) const’ is deprecated: Use Qt::SplitBehavior variant instead [-Wdeprecated-declarations]
 1042 |         deps = deps.first().section("=",1,-1).split(";",QString::SkipEmptyParts);
      |                ~~~~~~~~~~~~~~~~~~~~~~~~~~~~~~~~~~~~^~~~~~~~~~~~~~~~~~~~~~~~~~~~~
In file included from /usr/include/qt5/QtCore/qobject.h:47,
                 from /usr/include/qt5/QtCore/qiodevice.h:45,
                 from /usr/include/qt5/QtCore/qfiledevice.h:43,
                 from /usr/include/qt5/QtCore/qfile.h:44,
                 from /usr/include/qt5/QtCore/QFile:1,
                 from ../../core/libLumina/LuminaXDG.h:18,
                 from ../../core/libLumina/LuminaXDG.cpp:7:
/usr/include/qt5/QtCore/qstring.h:609:17: note: declared here
  609 |     QStringList split(const QString &sep, SplitBehavior behavior,
      |                 ^~~~~
../../core/libLumina/LuminaXDG.cpp: In static member function ‘static QStringList LXDG::findAvailableAppsForMime(QString)’:
../../core/libLumina/LuminaXDG.cpp:1310:62: warning: ‘QStringList QString::split(const QString&, QString::SplitBehavior, Qt::CaseSensitivity) const’ is deprecated: Use Qt::SplitBehavior variant instead [-Wdeprecated-declarations]
 1310 |         QStringList files = matches[j].section("=",1,1).split(";",QString::SkipEmptyParts);
      |                             ~~~~~~~~~~~~~~~~~~~~~~~~~~~~~~~~~^~~~~~~~~~~~~~~~~~~~~~~~~~~~~
In file included from /usr/include/qt5/QtCore/qobject.h:47,
                 from /usr/include/qt5/QtCore/qiodevice.h:45,
                 from /usr/include/qt5/QtCore/qfiledevice.h:43,
                 from /usr/include/qt5/QtCore/qfile.h:44,
                 from /usr/include/qt5/QtCore/QFile:1,
                 from ../../core/libLumina/LuminaXDG.h:18,
                 from ../../core/libLumina/LuminaXDG.cpp:7:
/usr/include/qt5/QtCore/qstring.h:609:17: note: declared here
  609 |     QStringList split(const QString &sep, SplitBehavior behavior,
      |                 ^~~~~
g++ -c -pipe -O2 -flto=auto -ffat-lto-objects -fexceptions -g -grecord-gcc-switches -pipe -Wall -Werror=format-security -Wp,-D_FORTIFY_SOURCE=2 -Wp,-D_GLIBCXX_ASSERTIONS -specs=/usr/lib/rpm/redhat/redhat-hardened-cc1 -fstack-protector-strong -specs=/usr/lib/rpm/redhat/redhat-annobin-cc1 -m64 -mtune=generic -fasynchronous-unwind-tables -fstack-clash-protection -fcf-protection -std=gnu++11 -Wall -Wextra -D_REENTRANT -fPIC -DPREFIX=QString\(\"/usr\"\) -DL_ETCDIR=QString\(\"/etc\"\) -DL_SHAREDIR=QString\(\"/usr/share\"\) -DGIT_VERSION="\"a88ea52f\"" -DQT_NO_DEBUG -DQT_PRINTSUPPORT_LIB -DQT_SVG_LIB -DQT_WIDGETS_LIB -DQT_MULTIMEDIA_LIB -DQT_GUI_LIB -DQT_CONCURRENT_LIB -DQT_NETWORK_LIB -DQT_CORE_LIB -I. -I../../core/libLumina -I/usr/include/qt5 -I/usr -I/usr/include -I/home/q5sys/git/lumina/src-qt5/desktop-utils/lumina-textedit -I/usr/include/qt5/QtPrintSupport -I/usr/include/qt5/QtSvg -I/usr/include/qt5/QtWidgets -I/usr/include/qt5/QtMultimedia -I/usr/include/qt5/QtGui -I/usr/include/qt5/QtConcurrent -I/usr/include/qt5/QtNetwork -I/usr/include/qt5/QtCore -I.build/moc -I.build/ui -I/usr/lib64/qt5/mkspecs/linux-g++ -o .build/obj/moc_MainUI.o .build/moc/moc_MainUI.cpp
../../core/libLumina/LUtils.cpp: In static member function ‘static QString LUtils::runCommand(bool&, QString, QStringList, QString, QStringList)’:
../../core/libLumina/LUtils.cpp:130:38: warning: ‘void QProcess::start(const QString&, QIODevice::OpenMode)’ is deprecated: Use QProcess::start(const QString &program, const QStringList &arguments,OpenMode mode = ReadWrite) instead [-Wdeprecated-declarations]
  130 |   if(arguments.isEmpty()){ proc.start(command); }
      |                            ~~~~~~~~~~^~~~~~~~~
In file included from /usr/include/qt5/QtCore/QProcess:1,
                 from ../../core/libLumina/LUtils.h:11,
                 from ../../core/libLumina/LUtils.cpp:7:
/usr/include/qt5/QtCore/qprocess.h:168:10: note: declared here
  168 |     void start(const QString &command, OpenMode mode = ReadWrite);
      |          ^~~~~
g++ -pipe -O2 -flto=auto -ffat-lto-objects -fexceptions -g -grecord-gcc-switches -pipe -Wall -Werror=format-security -Wp,-D_FORTIFY_SOURCE=2 -Wp,-D_GLIBCXX_ASSERTIONS -specs=/usr/lib/rpm/redhat/redhat-hardened-cc1 -fstack-protector-strong -specs=/usr/lib/rpm/redhat/redhat-annobin-cc1 -m64 -mtune=generic -fasynchronous-unwind-tables -fstack-clash-protection -fcf-protection -std=gnu++11 -Wall -Wextra -dM -E -o .build/moc/moc_predefs.h /usr/lib64/qt5/mkspecs/features/data/dummy.cpp
/usr/lib64/qt5/bin/moc -DPREFIX=QString\(\"/usr\"\) -DL_ETCDIR=QString\(\"/etc\"\) -DL_SHAREDIR=QString\(\"/usr/share\"\) -DGIT_VERSION="\"a88ea52f\"" -DQT_NO_DEBUG -DQT_SVG_LIB -DQT_WIDGETS_LIB -DQT_MULTIMEDIA_LIB -DQT_GUI_LIB -DQT_CONCURRENT_LIB -DQT_NETWORK_LIB -DQT_CORE_LIB --include /home/q5sys/git/lumina/src-qt5/desktop-utils/lumina-archiver/.build/moc/moc_predefs.h -I/usr/lib64/qt5/mkspecs/linux-g++ -I/home/q5sys/git/lumina/src-qt5/desktop-utils/lumina-archiver -I/home/q5sys/git/lumina/src-qt5/core/libLumina -I/usr/include/qt5 -I/usr -I/usr/include -I'/home/q5sys/git/lumina/src-qt5/desktop-utils/lumina-archiver//home/q5sys/git/lumina/src-qt5/desktop-utils/lumina-archiver' -I/usr/include/qt5/QtSvg -I/usr/include/qt5/QtWidgets -I/usr/include/qt5/QtMultimedia -I/usr/include/qt5/QtGui -I/usr/include/qt5/QtConcurrent -I/usr/include/qt5/QtNetwork -I/usr/include/qt5/QtCore -I/usr/include/c++/11 -I/usr/include/c++/11/x86_64-redhat-linux -I/usr/include/c++/11/backward -I/usr/lib/gcc/x86_64-redhat-linux/11/include -I/usr/local/include -I/usr/include ../../core/libLumina/LuminaXDG.h -o .build/moc/moc_LuminaXDG.cpp
/usr/lib64/qt5/bin/moc -DPREFIX=QString\(\"/usr\"\) -DL_ETCDIR=QString\(\"/etc\"\) -DL_SHAREDIR=QString\(\"/usr/share\"\) -DGIT_VERSION="\"a88ea52f\"" -DQT_NO_DEBUG -DQT_SVG_LIB -DQT_WIDGETS_LIB -DQT_MULTIMEDIA_LIB -DQT_GUI_LIB -DQT_CONCURRENT_LIB -DQT_NETWORK_LIB -DQT_CORE_LIB --include /home/q5sys/git/lumina/src-qt5/desktop-utils/lumina-archiver/.build/moc/moc_predefs.h -I/usr/lib64/qt5/mkspecs/linux-g++ -I/home/q5sys/git/lumina/src-qt5/desktop-utils/lumina-archiver -I/home/q5sys/git/lumina/src-qt5/core/libLumina -I/usr/include/qt5 -I/usr -I/usr/include -I'/home/q5sys/git/lumina/src-qt5/desktop-utils/lumina-archiver//home/q5sys/git/lumina/src-qt5/desktop-utils/lumina-archiver' -I/usr/include/qt5/QtSvg -I/usr/include/qt5/QtWidgets -I/usr/include/qt5/QtMultimedia -I/usr/include/qt5/QtGui -I/usr/include/qt5/QtConcurrent -I/usr/include/qt5/QtNetwork -I/usr/include/qt5/QtCore -I/usr/include/c++/11 -I/usr/include/c++/11/x86_64-redhat-linux -I/usr/include/c++/11/backward -I/usr/lib/gcc/x86_64-redhat-linux/11/include -I/usr/local/include -I/usr/include ../../core/libLumina/LuminaThemes.h -o .build/moc/moc_LuminaThemes.cpp
/usr/lib64/qt5/bin/moc -DPREFIX=QString\(\"/usr\"\) -DL_ETCDIR=QString\(\"/etc\"\) -DL_SHAREDIR=QString\(\"/usr/share\"\) -DGIT_VERSION="\"a88ea52f\"" -DQT_NO_DEBUG -DQT_SVG_LIB -DQT_WIDGETS_LIB -DQT_MULTIMEDIA_LIB -DQT_GUI_LIB -DQT_CONCURRENT_LIB -DQT_NETWORK_LIB -DQT_CORE_LIB --include /home/q5sys/git/lumina/src-qt5/desktop-utils/lumina-archiver/.build/moc/moc_predefs.h -I/usr/lib64/qt5/mkspecs/linux-g++ -I/home/q5sys/git/lumina/src-qt5/desktop-utils/lumina-archiver -I/home/q5sys/git/lumina/src-qt5/core/libLumina -I/usr/include/qt5 -I/usr -I/usr/include -I'/home/q5sys/git/lumina/src-qt5/desktop-utils/lumina-archiver//home/q5sys/git/lumina/src-qt5/desktop-utils/lumina-archiver' -I/usr/include/qt5/QtSvg -I/usr/include/qt5/QtWidgets -I/usr/include/qt5/QtMultimedia -I/usr/include/qt5/QtGui -I/usr/include/qt5/QtConcurrent -I/usr/include/qt5/QtNetwork -I/usr/include/qt5/QtCore -I/usr/include/c++/11 -I/usr/include/c++/11/x86_64-redhat-linux -I/usr/include/c++/11/backward -I/usr/lib/gcc/x86_64-redhat-linux/11/include -I/usr/local/include -I/usr/include MainUI.h -o .build/moc/moc_MainUI.cpp
g++ -c -pipe -O2 -flto=auto -ffat-lto-objects -fexceptions -g -grecord-gcc-switches -pipe -Wall -Werror=format-security -Wp,-D_FORTIFY_SOURCE=2 -Wp,-D_GLIBCXX_ASSERTIONS -specs=/usr/lib/rpm/redhat/redhat-hardened-cc1 -fstack-protector-strong -specs=/usr/lib/rpm/redhat/redhat-annobin-cc1 -m64 -mtune=generic -fasynchronous-unwind-tables -fstack-clash-protection -fcf-protection -std=gnu++11 -Wall -Wextra -D_REENTRANT -fPIC -DPREFIX=QString\(\"/usr\"\) -DL_ETCDIR=QString\(\"/etc\"\) -DL_SHAREDIR=QString\(\"/usr/share\"\) -DGIT_VERSION="\"a88ea52f\"" -DQT_NO_DEBUG -DQT_PRINTSUPPORT_LIB -DQT_SVG_LIB -DQT_WIDGETS_LIB -DQT_MULTIMEDIA_LIB -DQT_GUI_LIB -DQT_CONCURRENT_LIB -DQT_NETWORK_LIB -DQT_CORE_LIB -I. -I../../core/libLumina -I/usr/include/qt5 -I/usr -I/usr/include -I/home/q5sys/git/lumina/src-qt5/desktop-utils/lumina-textedit -I/usr/include/qt5/QtPrintSupport -I/usr/include/qt5/QtSvg -I/usr/include/qt5/QtWidgets -I/usr/include/qt5/QtMultimedia -I/usr/include/qt5/QtGui -I/usr/include/qt5/QtConcurrent -I/usr/include/qt5/QtNetwork -I/usr/include/qt5/QtCore -I.build/moc -I.build/ui -I/usr/lib64/qt5/mkspecs/linux-g++ -o .build/obj/moc_PlainTextEditor.o .build/moc/moc_PlainTextEditor.cpp
/usr/lib64/qt5/bin/moc -DPREFIX=QString\(\"/usr\"\) -DL_ETCDIR=QString\(\"/etc\"\) -DL_SHAREDIR=QString\(\"/usr/share\"\) -DGIT_VERSION="\"a88ea52f\"" -DQT_NO_DEBUG -DQT_SVG_LIB -DQT_WIDGETS_LIB -DQT_MULTIMEDIA_LIB -DQT_GUI_LIB -DQT_CONCURRENT_LIB -DQT_NETWORK_LIB -DQT_CORE_LIB --include /home/q5sys/git/lumina/src-qt5/desktop-utils/lumina-archiver/.build/moc/moc_predefs.h -I/usr/lib64/qt5/mkspecs/linux-g++ -I/home/q5sys/git/lumina/src-qt5/desktop-utils/lumina-archiver -I/home/q5sys/git/lumina/src-qt5/core/libLumina -I/usr/include/qt5 -I/usr -I/usr/include -I'/home/q5sys/git/lumina/src-qt5/desktop-utils/lumina-archiver//home/q5sys/git/lumina/src-qt5/desktop-utils/lumina-archiver' -I/usr/include/qt5/QtSvg -I/usr/include/qt5/QtWidgets -I/usr/include/qt5/QtMultimedia -I/usr/include/qt5/QtGui -I/usr/include/qt5/QtConcurrent -I/usr/include/qt5/QtNetwork -I/usr/include/qt5/QtCore -I/usr/include/c++/11 -I/usr/include/c++/11/x86_64-redhat-linux -I/usr/include/c++/11/backward -I/usr/lib/gcc/x86_64-redhat-linux/11/include -I/usr/local/include -I/usr/include TarBackend.h -o .build/moc/moc_TarBackend.cpp
/usr/lib64/qt5/bin/moc -DPREFIX=QString\(\"/usr\"\) -DL_ETCDIR=QString\(\"/etc\"\) -DL_SHAREDIR=QString\(\"/usr/share\"\) -DGIT_VERSION="\"a88ea52f\"" -DQT_NO_DEBUG -DQT_SVG_LIB -DQT_WIDGETS_LIB -DQT_MULTIMEDIA_LIB -DQT_GUI_LIB -DQT_CONCURRENT_LIB -DQT_NETWORK_LIB -DQT_CORE_LIB --include /home/q5sys/git/lumina/src-qt5/desktop-utils/lumina-archiver/.build/moc/moc_predefs.h -I/usr/lib64/qt5/mkspecs/linux-g++ -I/home/q5sys/git/lumina/src-qt5/desktop-utils/lumina-archiver -I/home/q5sys/git/lumina/src-qt5/core/libLumina -I/usr/include/qt5 -I/usr -I/usr/include -I'/home/q5sys/git/lumina/src-qt5/desktop-utils/lumina-archiver//home/q5sys/git/lumina/src-qt5/desktop-utils/lumina-archiver' -I/usr/include/qt5/QtSvg -I/usr/include/qt5/QtWidgets -I/usr/include/qt5/QtMultimedia -I/usr/include/qt5/QtGui -I/usr/include/qt5/QtConcurrent -I/usr/include/qt5/QtNetwork -I/usr/include/qt5/QtCore -I/usr/include/c++/11 -I/usr/include/c++/11/x86_64-redhat-linux -I/usr/include/c++/11/backward -I/usr/lib/gcc/x86_64-redhat-linux/11/include -I/usr/local/include -I/usr/include imgDialog.h -o .build/moc/moc_imgDialog.cpp
g++ -c -pipe -O2 -flto=auto -ffat-lto-objects -fexceptions -g -grecord-gcc-switches -pipe -Wall -Werror=format-security -Wp,-D_FORTIFY_SOURCE=2 -Wp,-D_GLIBCXX_ASSERTIONS -specs=/usr/lib/rpm/redhat/redhat-hardened-cc1 -fstack-protector-strong -specs=/usr/lib/rpm/redhat/redhat-annobin-cc1 -m64 -mtune=generic -fasynchronous-unwind-tables -fstack-clash-protection -fcf-protection -std=gnu++11 -Wall -Wextra -D_REENTRANT -fPIC -DPREFIX=QString\(\"/usr\"\) -DL_ETCDIR=QString\(\"/etc\"\) -DL_SHAREDIR=QString\(\"/usr/share\"\) -DGIT_VERSION="\"a88ea52f\"" -DQT_NO_DEBUG -DQT_SVG_LIB -DQT_WIDGETS_LIB -DQT_MULTIMEDIA_LIB -DQT_GUI_LIB -DQT_CONCURRENT_LIB -DQT_NETWORK_LIB -DQT_CORE_LIB -I. -I../../core/libLumina -I/usr/include/qt5 -I/usr -I/usr/include -I/home/q5sys/git/lumina/src-qt5/desktop-utils/lumina-archiver -I/usr/include/qt5/QtSvg -I/usr/include/qt5/QtWidgets -I/usr/include/qt5/QtMultimedia -I/usr/include/qt5/QtGui -I/usr/include/qt5/QtConcurrent -I/usr/include/qt5/QtNetwork -I/usr/include/qt5/QtCore -I.build/moc -I.build/ui -I/usr/lib64/qt5/mkspecs/linux-g++ -o .build/obj/moc_LuminaXDG.o .build/moc/moc_LuminaXDG.cpp
g++ -c -pipe -O2 -flto=auto -ffat-lto-objects -fexceptions -g -grecord-gcc-switches -pipe -Wall -Werror=format-security -Wp,-D_FORTIFY_SOURCE=2 -Wp,-D_GLIBCXX_ASSERTIONS -specs=/usr/lib/rpm/redhat/redhat-hardened-cc1 -fstack-protector-strong -specs=/usr/lib/rpm/redhat/redhat-annobin-cc1 -m64 -mtune=generic -fasynchronous-unwind-tables -fstack-clash-protection -fcf-protection -std=gnu++11 -Wall -Wextra -D_REENTRANT -fPIC -DPREFIX=QString\(\"/usr\"\) -DL_ETCDIR=QString\(\"/etc\"\) -DL_SHAREDIR=QString\(\"/usr/share\"\) -DGIT_VERSION="\"a88ea52f\"" -DQT_NO_DEBUG -DQT_SVG_LIB -DQT_PRINTSUPPORT_LIB -DQT_WIDGETS_LIB -DQT_MULTIMEDIA_LIB -DQT_X11EXTRAS_LIB -DQT_GUI_LIB -DQT_CONCURRENT_LIB -DQT_NETWORK_LIB -DQT_CORE_LIB -I. -I../../core/libLumina -I/usr/include/qt5 -I/usr -I/usr/include -I/home/q5sys/git/lumina/src-qt5/desktop-utils/lumina-photo -I/usr/include/qt5/QtSvg -I/usr/include/qt5/QtPrintSupport -I/usr/include/qt5/QtWidgets -I/usr/include/qt5/QtMultimedia -I/usr/include/qt5/QtX11Extras -I/usr/include/qt5/QtGui -I/usr/include/qt5/QtConcurrent -I/usr/include/qt5/QtNetwork -I/usr/include/qt5/QtCore -I.build/moc -I.build/ui -I/usr/lib64/qt5/mkspecs/linux-g++ -o .build/obj/LuminaXDG.o ../../core/libLumina/LuminaXDG.cpp
g++ -c -pipe -O2 -flto=auto -ffat-lto-objects -fexceptions -g -grecord-gcc-switches -pipe -Wall -Werror=format-security -Wp,-D_FORTIFY_SOURCE=2 -Wp,-D_GLIBCXX_ASSERTIONS -specs=/usr/lib/rpm/redhat/redhat-hardened-cc1 -fstack-protector-strong -specs=/usr/lib/rpm/redhat/redhat-annobin-cc1 -m64 -mtune=generic -fasynchronous-unwind-tables -fstack-clash-protection -fcf-protection -std=gnu++11 -Wall -Wextra -D_REENTRANT -fPIC -DPREFIX=QString\(\"/usr\"\) -DL_ETCDIR=QString\(\"/etc\"\) -DL_SHAREDIR=QString\(\"/usr/share\"\) -DGIT_VERSION="\"a88ea52f\"" -DQT_NO_DEBUG -DQT_PRINTSUPPORT_LIB -DQT_SVG_LIB -DQT_WIDGETS_LIB -DQT_MULTIMEDIA_LIB -DQT_GUI_LIB -DQT_CONCURRENT_LIB -DQT_NETWORK_LIB -DQT_CORE_LIB -I. -I../../core/libLumina -I/usr/include/qt5 -I/usr -I/usr/include -I/home/q5sys/git/lumina/src-qt5/desktop-utils/lumina-textedit -I/usr/include/qt5/QtPrintSupport -I/usr/include/qt5/QtSvg -I/usr/include/qt5/QtWidgets -I/usr/include/qt5/QtMultimedia -I/usr/include/qt5/QtGui -I/usr/include/qt5/QtConcurrent -I/usr/include/qt5/QtNetwork -I/usr/include/qt5/QtCore -I.build/moc -I.build/ui -I/usr/lib64/qt5/mkspecs/linux-g++ -o .build/obj/moc_syntaxSupport.o .build/moc/moc_syntaxSupport.cpp
g++ -c -pipe -O2 -flto=auto -ffat-lto-objects -fexceptions -g -grecord-gcc-switches -pipe -Wall -Werror=format-security -Wp,-D_FORTIFY_SOURCE=2 -Wp,-D_GLIBCXX_ASSERTIONS -specs=/usr/lib/rpm/redhat/redhat-hardened-cc1 -fstack-protector-strong -specs=/usr/lib/rpm/redhat/redhat-annobin-cc1 -m64 -mtune=generic -fasynchronous-unwind-tables -fstack-clash-protection -fcf-protection -std=gnu++11 -Wall -Wextra -D_REENTRANT -fPIC -DPREFIX=QString\(\"/usr\"\) -DL_ETCDIR=QString\(\"/etc\"\) -DL_SHAREDIR=QString\(\"/usr/share\"\) -DGIT_VERSION="\"a88ea52f\"" -DQT_NO_DEBUG -DQT_SVG_LIB -DQT_WIDGETS_LIB -DQT_MULTIMEDIA_LIB -DQT_GUI_LIB -DQT_CONCURRENT_LIB -DQT_NETWORK_LIB -DQT_CORE_LIB -I. -I../../core/libLumina -I/usr/include/qt5 -I/usr -I/usr/include -I/home/q5sys/git/lumina/src-qt5/desktop-utils/lumina-archiver -I/usr/include/qt5/QtSvg -I/usr/include/qt5/QtWidgets -I/usr/include/qt5/QtMultimedia -I/usr/include/qt5/QtGui -I/usr/include/qt5/QtConcurrent -I/usr/include/qt5/QtNetwork -I/usr/include/qt5/QtCore -I.build/moc -I.build/ui -I/usr/lib64/qt5/mkspecs/linux-g++ -o .build/obj/moc_LuminaThemes.o .build/moc/moc_LuminaThemes.cpp
g++ -c -pipe -O2 -flto=auto -ffat-lto-objects -fexceptions -g -grecord-gcc-switches -pipe -Wall -Werror=format-security -Wp,-D_FORTIFY_SOURCE=2 -Wp,-D_GLIBCXX_ASSERTIONS -specs=/usr/lib/rpm/redhat/redhat-hardened-cc1 -fstack-protector-strong -specs=/usr/lib/rpm/redhat/redhat-annobin-cc1 -m64 -mtune=generic -fasynchronous-unwind-tables -fstack-clash-protection -fcf-protection -std=gnu++11 -Wall -Wextra -D_REENTRANT -fPIC -DPREFIX=QString\(\"/usr\"\) -DL_ETCDIR=QString\(\"/etc\"\) -DL_SHAREDIR=QString\(\"/usr/share\"\) -DGIT_VERSION="\"a88ea52f\"" -DQT_NO_DEBUG -DQT_MULTIMEDIAWIDGETS_LIB -DQT_SVG_LIB -DQT_WIDGETS_LIB -DQT_MULTIMEDIA_LIB -DQT_X11EXTRAS_LIB -DQT_GUI_LIB -DQT_NETWORK_LIB -DQT_CONCURRENT_LIB -DQT_CORE_LIB -I. -I../../core/libLumina -I/usr/include/qt5 -I/usr -I/usr/include -I/home/q5sys/git/lumina/src-qt5/desktop-utils/lumina-mediaplayer -I/usr/include/qt5/QtMultimediaWidgets -I/usr/include/qt5/QtSvg -I/usr/include/qt5/QtWidgets -I/usr/include/qt5/QtMultimedia -I/usr/include/qt5/QtX11Extras -I/usr/include/qt5/QtGui -I/usr/include/qt5/QtNetwork -I/usr/include/qt5/QtConcurrent -I/usr/include/qt5/QtCore -I.build/moc -I.build/ui -I/usr/lib64/qt5/mkspecs/linux-g++ -o .build/obj/LFileInfo.o ../../core/libLumina/LFileInfo.cpp
../../core/libLumina/LuminaXDG.cpp: In member function ‘void XDGDesktop::sync()’:
../../core/libLumina/LuminaXDG.cpp:117:65: warning: ‘QStringList QString::split(const QString&, QString::SplitBehavior, Qt::CaseSensitivity) const’ is deprecated: Use Qt::SplitBehavior variant instead [-Wdeprecated-declarations]
  117 |     else if(var=="Categories" && insection){ catList = val.split(";",QString::SkipEmptyParts); }
      |                                                        ~~~~~~~~~^~~~~~~~~~~~~~~~~~~~~~~~~~~~~
In file included from /usr/include/qt5/QtCore/qobject.h:47,
                 from /usr/include/qt5/QtCore/qiodevice.h:45,
                 from /usr/include/qt5/QtCore/qfiledevice.h:43,
                 from /usr/include/qt5/QtCore/qfile.h:44,
                 from /usr/include/qt5/QtCore/QFile:1,
                 from ../../core/libLumina/LuminaXDG.h:18,
                 from ../../core/libLumina/LuminaXDG.cpp:7:
/usr/include/qt5/QtCore/qstring.h:609:17: note: declared here
  609 |     QStringList split(const QString &sep, SplitBehavior behavior,
      |                 ^~~~~
../../core/libLumina/LuminaXDG.cpp:118:68: warning: ‘QStringList QString::split(const QString&, QString::SplitBehavior, Qt::CaseSensitivity) const’ is deprecated: Use Qt::SplitBehavior variant instead [-Wdeprecated-declarations]
  118 |     else if(var=="OnlyShowIn" && insection){ showInList = val.split(";",QString::SkipEmptyParts); }
      |                                                           ~~~~~~~~~^~~~~~~~~~~~~~~~~~~~~~~~~~~~~
In file included from /usr/include/qt5/QtCore/qobject.h:47,
                 from /usr/include/qt5/QtCore/qiodevice.h:45,
                 from /usr/include/qt5/QtCore/qfiledevice.h:43,
                 from /usr/include/qt5/QtCore/qfile.h:44,
                 from /usr/include/qt5/QtCore/QFile:1,
                 from ../../core/libLumina/LuminaXDG.h:18,
                 from ../../core/libLumina/LuminaXDG.cpp:7:
/usr/include/qt5/QtCore/qstring.h:609:17: note: declared here
  609 |     QStringList split(const QString &sep, SplitBehavior behavior,
      |                 ^~~~~
../../core/libLumina/LuminaXDG.cpp:119:70: warning: ‘QStringList QString::split(const QString&, QString::SplitBehavior, Qt::CaseSensitivity) const’ is deprecated: Use Qt::SplitBehavior variant instead [-Wdeprecated-declarations]
  119 |     else if(var=="NotShowIn" && insection){ notShowInList = val.split(";",QString::SkipEmptyParts); }
      |                                                             ~~~~~~~~~^~~~~~~~~~~~~~~~~~~~~~~~~~~~~
In file included from /usr/include/qt5/QtCore/qobject.h:47,
                 from /usr/include/qt5/QtCore/qiodevice.h:45,
                 from /usr/include/qt5/QtCore/qfiledevice.h:43,
                 from /usr/include/qt5/QtCore/qfile.h:44,
                 from /usr/include/qt5/QtCore/QFile:1,
                 from ../../core/libLumina/LuminaXDG.h:18,
                 from ../../core/libLumina/LuminaXDG.cpp:7:
/usr/include/qt5/QtCore/qstring.h:609:17: note: declared here
  609 |     QStringList split(const QString &sep, SplitBehavior behavior,
      |                 ^~~~~
../../core/libLumina/LuminaXDG.cpp:121:65: warning: ‘QStringList QString::split(const QString&, QString::SplitBehavior, Qt::CaseSensitivity) const’ is deprecated: Use Qt::SplitBehavior variant instead [-Wdeprecated-declarations]
  121 |     else if(var=="Actions" && insection){ actionList = val.split(";",QString::SkipEmptyParts); }
      |                                                        ~~~~~~~~~^~~~~~~~~~~~~~~~~~~~~~~~~~~~~
In file included from /usr/include/qt5/QtCore/qobject.h:47,
                 from /usr/include/qt5/QtCore/qiodevice.h:45,
                 from /usr/include/qt5/QtCore/qfiledevice.h:43,
                 from /usr/include/qt5/QtCore/qfile.h:44,
                 from /usr/include/qt5/QtCore/QFile:1,
                 from ../../core/libLumina/LuminaXDG.h:18,
                 from ../../core/libLumina/LuminaXDG.cpp:7:
/usr/include/qt5/QtCore/qstring.h:609:17: note: declared here
  609 |     QStringList split(const QString &sep, SplitBehavior behavior,
      |                 ^~~~~
../../core/libLumina/LuminaXDG.cpp:122:64: warning: ‘QStringList QString::split(const QString&, QString::SplitBehavior, Qt::CaseSensitivity) const’ is deprecated: Use Qt::SplitBehavior variant instead [-Wdeprecated-declarations]
  122 |     else if(var=="MimeType" && insection){ mimeList = val.split(";",QString::SkipEmptyParts); }
      |                                                       ~~~~~~~~~^~~~~~~~~~~~~~~~~~~~~~~~~~~~~
In file included from /usr/include/qt5/QtCore/qobject.h:47,
                 from /usr/include/qt5/QtCore/qiodevice.h:45,
                 from /usr/include/qt5/QtCore/qfiledevice.h:43,
                 from /usr/include/qt5/QtCore/qfile.h:44,
                 from /usr/include/qt5/QtCore/QFile:1,
                 from ../../core/libLumina/LuminaXDG.h:18,
                 from ../../core/libLumina/LuminaXDG.cpp:7:
/usr/include/qt5/QtCore/qstring.h:609:17: note: declared here
  609 |     QStringList split(const QString &sep, SplitBehavior behavior,
      |                 ^~~~~
../../core/libLumina/LuminaXDG.cpp:124:66: warning: ‘QStringList QString::split(const QString&, QString::SplitBehavior, Qt::CaseSensitivity) const’ is deprecated: Use Qt::SplitBehavior variant instead [-Wdeprecated-declarations]
  124 |       if(keyList.isEmpty() && loc.isEmpty()){ keyList = val.split(";",QString::SkipEmptyParts); }
      |                                                         ~~~~~~~~~^~~~~~~~~~~~~~~~~~~~~~~~~~~~~
In file included from /usr/include/qt5/QtCore/qobject.h:47,
                 from /usr/include/qt5/QtCore/qiodevice.h:45,
                 from /usr/include/qt5/QtCore/qfiledevice.h:43,
                 from /usr/include/qt5/QtCore/qfile.h:44,
                 from /usr/include/qt5/QtCore/QFile:1,
                 from ../../core/libLumina/LuminaXDG.h:18,
                 from ../../core/libLumina/LuminaXDG.cpp:7:
/usr/include/qt5/QtCore/qstring.h:609:17: note: declared here
  609 |     QStringList split(const QString &sep, SplitBehavior behavior,
      |                 ^~~~~
../../core/libLumina/LuminaXDG.cpp:125:48: warning: ‘QStringList QString::split(const QString&, QString::SplitBehavior, Qt::CaseSensitivity) const’ is deprecated: Use Qt::SplitBehavior variant instead [-Wdeprecated-declarations]
  125 |       else if(loc == lang){ keyList = val.split(";",QString::SkipEmptyParts); }
      |                                       ~~~~~~~~~^~~~~~~~~~~~~~~~~~~~~~~~~~~~~
In file included from /usr/include/qt5/QtCore/qobject.h:47,
                 from /usr/include/qt5/QtCore/qiodevice.h:45,
                 from /usr/include/qt5/QtCore/qfiledevice.h:43,
                 from /usr/include/qt5/QtCore/qfile.h:44,
                 from /usr/include/qt5/QtCore/QFile:1,
                 from ../../core/libLumina/LuminaXDG.h:18,
                 from ../../core/libLumina/LuminaXDG.cpp:7:
/usr/include/qt5/QtCore/qstring.h:609:17: note: declared here
  609 |     QStringList split(const QString &sep, SplitBehavior behavior,
      |                 ^~~~~
../../core/libLumina/LuminaXDG.cpp: In static member function ‘static QStringList LXDG::getIconThemeDepChain(QString, QStringList)’:
../../core/libLumina/LuminaXDG.cpp:1042:52: warning: ‘QStringList QString::split(const QString&, QString::SplitBehavior, Qt::CaseSensitivity) const’ is deprecated: Use Qt::SplitBehavior variant instead [-Wdeprecated-declarations]
 1042 |         deps = deps.first().section("=",1,-1).split(";",QString::SkipEmptyParts);
      |                ~~~~~~~~~~~~~~~~~~~~~~~~~~~~~~~~~~~~^~~~~~~~~~~~~~~~~~~~~~~~~~~~~
In file included from /usr/include/qt5/QtCore/qobject.h:47,
                 from /usr/include/qt5/QtCore/qiodevice.h:45,
                 from /usr/include/qt5/QtCore/qfiledevice.h:43,
                 from /usr/include/qt5/QtCore/qfile.h:44,
                 from /usr/include/qt5/QtCore/QFile:1,
                 from ../../core/libLumina/LuminaXDG.h:18,
                 from ../../core/libLumina/LuminaXDG.cpp:7:
/usr/include/qt5/QtCore/qstring.h:609:17: note: declared here
  609 |     QStringList split(const QString &sep, SplitBehavior behavior,
      |                 ^~~~~
../../core/libLumina/LuminaXDG.cpp: In static member function ‘static QStringList LXDG::findAvailableAppsForMime(QString)’:
../../core/libLumina/LuminaXDG.cpp:1310:62: warning: ‘QStringList QString::split(const QString&, QString::SplitBehavior, Qt::CaseSensitivity) const’ is deprecated: Use Qt::SplitBehavior variant instead [-Wdeprecated-declarations]
 1310 |         QStringList files = matches[j].section("=",1,1).split(";",QString::SkipEmptyParts);
      |                             ~~~~~~~~~~~~~~~~~~~~~~~~~~~~~~~~~^~~~~~~~~~~~~~~~~~~~~~~~~~~~~
In file included from /usr/include/qt5/QtCore/qobject.h:47,
                 from /usr/include/qt5/QtCore/qiodevice.h:45,
                 from /usr/include/qt5/QtCore/qfiledevice.h:43,
                 from /usr/include/qt5/QtCore/qfile.h:44,
                 from /usr/include/qt5/QtCore/QFile:1,
                 from ../../core/libLumina/LuminaXDG.h:18,
                 from ../../core/libLumina/LuminaXDG.cpp:7:
/usr/include/qt5/QtCore/qstring.h:609:17: note: declared here
  609 |     QStringList split(const QString &sep, SplitBehavior behavior,
      |                 ^~~~~
g++ -c -pipe -O2 -flto=auto -ffat-lto-objects -fexceptions -g -grecord-gcc-switches -pipe -Wall -Werror=format-security -Wp,-D_FORTIFY_SOURCE=2 -Wp,-D_GLIBCXX_ASSERTIONS -specs=/usr/lib/rpm/redhat/redhat-hardened-cc1 -fstack-protector-strong -specs=/usr/lib/rpm/redhat/redhat-annobin-cc1 -m64 -mtune=generic -fasynchronous-unwind-tables -fstack-clash-protection -fcf-protection -std=gnu++11 -Wall -Wextra -D_REENTRANT -fPIC -DPREFIX=QString\(\"/usr\"\) -DL_ETCDIR=QString\(\"/etc\"\) -DL_SHAREDIR=QString\(\"/usr/share\"\) -DGIT_VERSION="\"a88ea52f\"" -DQT_NO_DEBUG -DQT_SVG_LIB -DQT_WIDGETS_LIB -DQT_MULTIMEDIA_LIB -DQT_GUI_LIB -DQT_CONCURRENT_LIB -DQT_NETWORK_LIB -DQT_CORE_LIB -I. -I../../core/libLumina -I/usr/include/qt5 -I/usr -I/usr/include -I/home/q5sys/git/lumina/src-qt5/desktop-utils/lumina-archiver -I/usr/include/qt5/QtSvg -I/usr/include/qt5/QtWidgets -I/usr/include/qt5/QtMultimedia -I/usr/include/qt5/QtGui -I/usr/include/qt5/QtConcurrent -I/usr/include/qt5/QtNetwork -I/usr/include/qt5/QtCore -I.build/moc -I.build/ui -I/usr/lib64/qt5/mkspecs/linux-g++ -o .build/obj/moc_MainUI.o .build/moc/moc_MainUI.cpp
../../core/libLumina/LFileInfo.cpp: In member function ‘void LFileInfo::getZfsDataset()’:
../../core/libLumina/LFileInfo.cpp:103:80: warning: ‘QStringList QString::split(const QString&, QString::SplitBehavior, Qt::CaseSensitivity) const’ is deprecated: Use Qt::SplitBehavior variant instead [-Wdeprecated-declarations]
  103 |         if(!gplist.isEmpty()){ gplist = gplist.first().replace("\t", " ").split(" ",QString::SkipEmptyParts); gplist.removeAll("groups"); }
      |                                         ~~~~~~~~~~~~~~~~~~~~~~~~~~~~~~~~~~~~~~~^~~~~~~~~~~~~~~~~~~~~~~~~~~~~
In file included from /usr/include/qt5/QtCore/qobject.h:47,
                 from /usr/include/qt5/QtCore/qiodevice.h:45,
                 from /usr/include/qt5/QtCore/qfiledevice.h:43,
                 from /usr/include/qt5/QtCore/qfile.h:44,
                 from /usr/include/qt5/QtCore/QFile:1,
                 from ../../core/libLumina/LuminaXDG.h:18,
                 from ../../core/libLumina/LFileInfo.h:13,
                 from ../../core/libLumina/LFileInfo.cpp:7:
/usr/include/qt5/QtCore/qstring.h:609:17: note: declared here
  609 |     QStringList split(const QString &sep, SplitBehavior behavior,
      |                 ^~~~~
../../core/libLumina/LFileInfo.cpp:107:84: warning: ‘QStringList QString::split(const QString&, QString::SplitBehavior, Qt::CaseSensitivity) const’ is deprecated: Use Qt::SplitBehavior variant instead [-Wdeprecated-declarations]
  107 |           zfs_perms << tmp.first().section(" ",2,2,QString::SectionSkipEmpty).split(",",QString::SkipEmptyParts);
      |                        ~~~~~~~~~~~~~~~~~~~~~~~~~~~~~~~~~~~~~~~~~~~~~~~~~~~~~~~~~~~~^~~~~~~~~~~~~~~~~~~~~~~~~~~~~
In file included from /usr/include/qt5/QtCore/qobject.h:47,
                 from /usr/include/qt5/QtCore/qiodevice.h:45,
                 from /usr/include/qt5/QtCore/qfiledevice.h:43,
                 from /usr/include/qt5/QtCore/qfile.h:44,
                 from /usr/include/qt5/QtCore/QFile:1,
                 from ../../core/libLumina/LuminaXDG.h:18,
                 from ../../core/libLumina/LFileInfo.h:13,
                 from ../../core/libLumina/LFileInfo.cpp:7:
/usr/include/qt5/QtCore/qstring.h:609:17: note: declared here
  609 |     QStringList split(const QString &sep, SplitBehavior behavior,
      |                 ^~~~~
g++ -c -pipe -O2 -flto=auto -ffat-lto-objects -fexceptions -g -grecord-gcc-switches -pipe -Wall -Werror=format-security -Wp,-D_FORTIFY_SOURCE=2 -Wp,-D_GLIBCXX_ASSERTIONS -specs=/usr/lib/rpm/redhat/redhat-hardened-cc1 -fstack-protector-strong -specs=/usr/lib/rpm/redhat/redhat-annobin-cc1 -m64 -mtune=generic -fasynchronous-unwind-tables -fstack-clash-protection -fcf-protection -std=gnu++11 -Wall -Wextra -D_REENTRANT -fPIC -DPREFIX=QString\(\"/usr\"\) -DL_ETCDIR=QString\(\"/etc\"\) -DL_SHAREDIR=QString\(\"/usr/share\"\) -DGIT_VERSION="\"a88ea52f\"" -DQT_NO_DEBUG -DQT_PRINTSUPPORT_LIB -DQT_SVG_LIB -DQT_WIDGETS_LIB -DQT_MULTIMEDIA_LIB -DQT_GUI_LIB -DQT_CONCURRENT_LIB -DQT_NETWORK_LIB -DQT_CORE_LIB -I. -I../../core/libLumina -I/usr/include/qt5 -I/usr -I/usr/include -I/home/q5sys/git/lumina/src-qt5/desktop-utils/lumina-textedit -I/usr/include/qt5/QtPrintSupport -I/usr/include/qt5/QtSvg -I/usr/include/qt5/QtWidgets -I/usr/include/qt5/QtMultimedia -I/usr/include/qt5/QtGui -I/usr/include/qt5/QtConcurrent -I/usr/include/qt5/QtNetwork -I/usr/include/qt5/QtCore -I.build/moc -I.build/ui -I/usr/lib64/qt5/mkspecs/linux-g++ -o .build/obj/moc_ColorDialog.o .build/moc/moc_ColorDialog.cpp
g++ -c -pipe -O2 -flto=auto -ffat-lto-objects -fexceptions -g -grecord-gcc-switches -pipe -Wall -Werror=format-security -Wp,-D_FORTIFY_SOURCE=2 -Wp,-D_GLIBCXX_ASSERTIONS -specs=/usr/lib/rpm/redhat/redhat-hardened-cc1 -fstack-protector-strong -specs=/usr/lib/rpm/redhat/redhat-annobin-cc1 -m64 -mtune=generic -fasynchronous-unwind-tables -fstack-clash-protection -fcf-protection -std=gnu++11 -Wall -Wextra -D_REENTRANT -fPIC -DPREFIX=QString\(\"/usr\"\) -DL_ETCDIR=QString\(\"/etc\"\) -DL_SHAREDIR=QString\(\"/usr/share\"\) -DGIT_VERSION="\"a88ea52f\"" -DQT_NO_DEBUG -DQT_SVG_LIB -DQT_WIDGETS_LIB -DQT_MULTIMEDIA_LIB -DQT_GUI_LIB -DQT_CONCURRENT_LIB -DQT_NETWORK_LIB -DQT_CORE_LIB -I. -I../../core/libLumina -I/usr/include/qt5 -I/usr -I/usr/include -I/home/q5sys/git/lumina/src-qt5/desktop-utils/lumina-archiver -I/usr/include/qt5/QtSvg -I/usr/include/qt5/QtWidgets -I/usr/include/qt5/QtMultimedia -I/usr/include/qt5/QtGui -I/usr/include/qt5/QtConcurrent -I/usr/include/qt5/QtNetwork -I/usr/include/qt5/QtCore -I.build/moc -I.build/ui -I/usr/lib64/qt5/mkspecs/linux-g++ -o .build/obj/moc_TarBackend.o .build/moc/moc_TarBackend.cpp
g++ -c -pipe -O2 -flto=auto -ffat-lto-objects -fexceptions -g -grecord-gcc-switches -pipe -Wall -Werror=format-security -Wp,-D_FORTIFY_SOURCE=2 -Wp,-D_GLIBCXX_ASSERTIONS -specs=/usr/lib/rpm/redhat/redhat-hardened-cc1 -fstack-protector-strong -specs=/usr/lib/rpm/redhat/redhat-annobin-cc1 -m64 -mtune=generic -fasynchronous-unwind-tables -fstack-clash-protection -fcf-protection -std=gnu++11 -Wall -Wextra -D_REENTRANT -fPIC -DPREFIX=QString\(\"/usr\"\) -DL_ETCDIR=QString\(\"/etc\"\) -DL_SHAREDIR=QString\(\"/usr/share\"\) -DGIT_VERSION="\"a88ea52f\"" -DQT_NO_DEBUG -DQT_PRINTSUPPORT_LIB -DQT_SVG_LIB -DQT_WIDGETS_LIB -DQT_MULTIMEDIA_LIB -DQT_GUI_LIB -DQT_CONCURRENT_LIB -DQT_NETWORK_LIB -DQT_CORE_LIB -I. -I../../core/libLumina -I/usr/include/qt5 -I/usr -I/usr/include -I/home/q5sys/git/lumina/src-qt5/desktop-utils/lumina-textedit -I/usr/include/qt5/QtPrintSupport -I/usr/include/qt5/QtSvg -I/usr/include/qt5/QtWidgets -I/usr/include/qt5/QtMultimedia -I/usr/include/qt5/QtGui -I/usr/include/qt5/QtConcurrent -I/usr/include/qt5/QtNetwork -I/usr/include/qt5/QtCore -I.build/moc -I.build/ui -I/usr/lib64/qt5/mkspecs/linux-g++ -o .build/obj/moc_DnDTabBar.o .build/moc/moc_DnDTabBar.cpp
g++ -c -pipe -O2 -flto=auto -ffat-lto-objects -fexceptions -g -grecord-gcc-switches -pipe -Wall -Werror=format-security -Wp,-D_FORTIFY_SOURCE=2 -Wp,-D_GLIBCXX_ASSERTIONS -specs=/usr/lib/rpm/redhat/redhat-hardened-cc1 -fstack-protector-strong -specs=/usr/lib/rpm/redhat/redhat-annobin-cc1 -m64 -mtune=generic -fasynchronous-unwind-tables -fstack-clash-protection -fcf-protection -std=gnu++11 -Wall -Wextra -D_REENTRANT -fPIC -DPREFIX=QString\(\"/usr\"\) -DL_ETCDIR=QString\(\"/etc\"\) -DL_SHAREDIR=QString\(\"/usr/share\"\) -DGIT_VERSION="\"a88ea52f\"" -DQT_NO_DEBUG -DQT_MULTIMEDIAWIDGETS_LIB -DQT_SVG_LIB -DQT_WIDGETS_LIB -DQT_MULTIMEDIA_LIB -DQT_X11EXTRAS_LIB -DQT_GUI_LIB -DQT_NETWORK_LIB -DQT_CONCURRENT_LIB -DQT_CORE_LIB -I. -I../../core/libLumina -I/usr/include/qt5 -I/usr -I/usr/include -I/home/q5sys/git/lumina/src-qt5/desktop-utils/lumina-mediaplayer -I/usr/include/qt5/QtMultimediaWidgets -I/usr/include/qt5/QtSvg -I/usr/include/qt5/QtWidgets -I/usr/include/qt5/QtMultimedia -I/usr/include/qt5/QtX11Extras -I/usr/include/qt5/QtGui -I/usr/include/qt5/QtNetwork -I/usr/include/qt5/QtConcurrent -I/usr/include/qt5/QtCore -I.build/moc -I.build/ui -I/usr/lib64/qt5/mkspecs/linux-g++ -o .build/obj/LuminaSingleApplication.o ../../core/libLumina/LuminaSingleApplication.cpp
g++ -c -pipe -O2 -flto=auto -ffat-lto-objects -fexceptions -g -grecord-gcc-switches -pipe -Wall -Werror=format-security -Wp,-D_FORTIFY_SOURCE=2 -Wp,-D_GLIBCXX_ASSERTIONS -specs=/usr/lib/rpm/redhat/redhat-hardened-cc1 -fstack-protector-strong -specs=/usr/lib/rpm/redhat/redhat-annobin-cc1 -m64 -mtune=generic -fasynchronous-unwind-tables -fstack-clash-protection -fcf-protection -std=gnu++11 -Wall -Wextra -D_REENTRANT -fPIC -DPREFIX=QString\(\"/usr\"\) -DL_ETCDIR=QString\(\"/etc\"\) -DL_SHAREDIR=QString\(\"/usr/share\"\) -DGIT_VERSION="\"a88ea52f\"" -DQT_NO_DEBUG -DQT_SVG_LIB -DQT_WIDGETS_LIB -DQT_MULTIMEDIA_LIB -DQT_GUI_LIB -DQT_CONCURRENT_LIB -DQT_NETWORK_LIB -DQT_CORE_LIB -I. -I../../core/libLumina -I/usr/include/qt5 -I/usr -I/usr/include -I/home/q5sys/git/lumina/src-qt5/desktop-utils/lumina-archiver -I/usr/include/qt5/QtSvg -I/usr/include/qt5/QtWidgets -I/usr/include/qt5/QtMultimedia -I/usr/include/qt5/QtGui -I/usr/include/qt5/QtConcurrent -I/usr/include/qt5/QtNetwork -I/usr/include/qt5/QtCore -I.build/moc -I.build/ui -I/usr/lib64/qt5/mkspecs/linux-g++ -o .build/obj/moc_imgDialog.o .build/moc/moc_imgDialog.cpp
g++ -Wl,--as-needed -Wl,-z,relro -Wl,--as-needed -Wl,-z,now -specs=/usr/lib/rpm/redhat/redhat-hardened-ld -o lumina-textedit .build/obj/LuminaOS-Linux.o .build/obj/LUtils.o .build/obj/LuminaXDG.o .build/obj/LFileInfo.o .build/obj/LuminaThemes.o .build/obj/main.o .build/obj/MainUI.o .build/obj/PlainTextEditor.o .build/obj/syntaxSupport.o .build/obj/ColorDialog.o .build/obj/moc_LuminaXDG.o .build/obj/moc_LuminaThemes.o .build/obj/moc_MainUI.o .build/obj/moc_PlainTextEditor.o .build/obj/moc_syntaxSupport.o .build/obj/moc_ColorDialog.o .build/obj/moc_DnDTabBar.o   -L/home/q5sys/git/lumina/src-qt5/core/libLumina -L/usr/lib64 -L/usr/lib64/qt5 -L/usr/local/lib -L/usr/lib -L/lib /usr/lib64/libQt5PrintSupport.so /usr/lib64/libQt5Svg.so /usr/lib64/libQt5Widgets.so /usr/lib64/libQt5Multimedia.so /usr/lib64/libQt5Gui.so /usr/lib64/libQt5Concurrent.so /usr/lib64/libQt5Network.so /usr/lib64/libQt5Core.so -lGL -lpthread   
g++ -Wl,--as-needed -Wl,-z,relro -Wl,--as-needed -Wl,-z,now -specs=/usr/lib/rpm/redhat/redhat-hardened-ld -o lumina-archiver .build/obj/LuminaOS-Linux.o .build/obj/LUtils.o .build/obj/LuminaXDG.o .build/obj/LFileInfo.o .build/obj/LuminaThemes.o .build/obj/main.o .build/obj/MainUI.o .build/obj/TarBackend.o .build/obj/imgDialog.o .build/obj/moc_LuminaXDG.o .build/obj/moc_LuminaThemes.o .build/obj/moc_MainUI.o .build/obj/moc_TarBackend.o .build/obj/moc_imgDialog.o   -L/home/q5sys/git/lumina/src-qt5/core/libLumina -L/usr/lib64 -L/usr/lib64/qt5 -L/usr/local/lib -L/usr/lib -L/lib /usr/lib64/libQt5Svg.so /usr/lib64/libQt5Widgets.so /usr/lib64/libQt5Multimedia.so /usr/lib64/libQt5Gui.so /usr/lib64/libQt5Concurrent.so /usr/lib64/libQt5Network.so /usr/lib64/libQt5Core.so -lGL -lpthread   
g++ -c -pipe -O2 -flto=auto -ffat-lto-objects -fexceptions -g -grecord-gcc-switches -pipe -Wall -Werror=format-security -Wp,-D_FORTIFY_SOURCE=2 -Wp,-D_GLIBCXX_ASSERTIONS -specs=/usr/lib/rpm/redhat/redhat-hardened-cc1 -fstack-protector-strong -specs=/usr/lib/rpm/redhat/redhat-annobin-cc1 -m64 -mtune=generic -fasynchronous-unwind-tables -fstack-clash-protection -fcf-protection -std=gnu++11 -Wall -Wextra -D_REENTRANT -fPIC -DPREFIX=QString\(\"/usr\"\) -DL_ETCDIR=QString\(\"/etc\"\) -DL_SHAREDIR=QString\(\"/usr/share\"\) -DGIT_VERSION="\"a88ea52f\"" -DQT_NO_DEBUG -DQT_SVG_LIB -DQT_PRINTSUPPORT_LIB -DQT_WIDGETS_LIB -DQT_MULTIMEDIA_LIB -DQT_X11EXTRAS_LIB -DQT_GUI_LIB -DQT_CONCURRENT_LIB -DQT_NETWORK_LIB -DQT_CORE_LIB -I. -I../../core/libLumina -I/usr/include/qt5 -I/usr -I/usr/include -I/home/q5sys/git/lumina/src-qt5/desktop-utils/lumina-photo -I/usr/include/qt5/QtSvg -I/usr/include/qt5/QtPrintSupport -I/usr/include/qt5/QtWidgets -I/usr/include/qt5/QtMultimedia -I/usr/include/qt5/QtX11Extras -I/usr/include/qt5/QtGui -I/usr/include/qt5/QtConcurrent -I/usr/include/qt5/QtNetwork -I/usr/include/qt5/QtCore -I.build/moc -I.build/ui -I/usr/lib64/qt5/mkspecs/linux-g++ -o .build/obj/LFileInfo.o ../../core/libLumina/LFileInfo.cpp
g++ -c -pipe -O2 -flto=auto -ffat-lto-objects -fexceptions -g -grecord-gcc-switches -pipe -Wall -Werror=format-security -Wp,-D_FORTIFY_SOURCE=2 -Wp,-D_GLIBCXX_ASSERTIONS -specs=/usr/lib/rpm/redhat/redhat-hardened-cc1 -fstack-protector-strong -specs=/usr/lib/rpm/redhat/redhat-annobin-cc1 -m64 -mtune=generic -fasynchronous-unwind-tables -fstack-clash-protection -fcf-protection -std=gnu++11 -Wall -Wextra -D_REENTRANT -fPIC -DPREFIX=QString\(\"/usr\"\) -DL_ETCDIR=QString\(\"/etc\"\) -DL_SHAREDIR=QString\(\"/usr/share\"\) -DGIT_VERSION="\"a88ea52f\"" -DQT_NO_DEBUG -DQT_MULTIMEDIAWIDGETS_LIB -DQT_SVG_LIB -DQT_WIDGETS_LIB -DQT_MULTIMEDIA_LIB -DQT_X11EXTRAS_LIB -DQT_GUI_LIB -DQT_NETWORK_LIB -DQT_CONCURRENT_LIB -DQT_CORE_LIB -I. -I../../core/libLumina -I/usr/include/qt5 -I/usr -I/usr/include -I/home/q5sys/git/lumina/src-qt5/desktop-utils/lumina-mediaplayer -I/usr/include/qt5/QtMultimediaWidgets -I/usr/include/qt5/QtSvg -I/usr/include/qt5/QtWidgets -I/usr/include/qt5/QtMultimedia -I/usr/include/qt5/QtX11Extras -I/usr/include/qt5/QtGui -I/usr/include/qt5/QtNetwork -I/usr/include/qt5/QtConcurrent -I/usr/include/qt5/QtCore -I.build/moc -I.build/ui -I/usr/lib64/qt5/mkspecs/linux-g++ -o .build/obj/LuminaThemes.o ../../core/libLumina/LuminaThemes.cpp
../../core/libLumina/LFileInfo.cpp: In member function ‘void LFileInfo::getZfsDataset()’:
../../core/libLumina/LFileInfo.cpp:103:80: warning: ‘QStringList QString::split(const QString&, QString::SplitBehavior, Qt::CaseSensitivity) const’ is deprecated: Use Qt::SplitBehavior variant instead [-Wdeprecated-declarations]
  103 |         if(!gplist.isEmpty()){ gplist = gplist.first().replace("\t", " ").split(" ",QString::SkipEmptyParts); gplist.removeAll("groups"); }
      |                                         ~~~~~~~~~~~~~~~~~~~~~~~~~~~~~~~~~~~~~~~^~~~~~~~~~~~~~~~~~~~~~~~~~~~~
In file included from /usr/include/qt5/QtCore/qobject.h:47,
                 from /usr/include/qt5/QtCore/qiodevice.h:45,
                 from /usr/include/qt5/QtCore/qfiledevice.h:43,
                 from /usr/include/qt5/QtCore/qfile.h:44,
                 from /usr/include/qt5/QtCore/QFile:1,
                 from ../../core/libLumina/LuminaXDG.h:18,
                 from ../../core/libLumina/LFileInfo.h:13,
                 from ../../core/libLumina/LFileInfo.cpp:7:
/usr/include/qt5/QtCore/qstring.h:609:17: note: declared here
  609 |     QStringList split(const QString &sep, SplitBehavior behavior,
      |                 ^~~~~
../../core/libLumina/LFileInfo.cpp:107:84: warning: ‘QStringList QString::split(const QString&, QString::SplitBehavior, Qt::CaseSensitivity) const’ is deprecated: Use Qt::SplitBehavior variant instead [-Wdeprecated-declarations]
  107 |           zfs_perms << tmp.first().section(" ",2,2,QString::SectionSkipEmpty).split(",",QString::SkipEmptyParts);
      |                        ~~~~~~~~~~~~~~~~~~~~~~~~~~~~~~~~~~~~~~~~~~~~~~~~~~~~~~~~~~~~^~~~~~~~~~~~~~~~~~~~~~~~~~~~~
In file included from /usr/include/qt5/QtCore/qobject.h:47,
                 from /usr/include/qt5/QtCore/qiodevice.h:45,
                 from /usr/include/qt5/QtCore/qfiledevice.h:43,
                 from /usr/include/qt5/QtCore/qfile.h:44,
                 from /usr/include/qt5/QtCore/QFile:1,
                 from ../../core/libLumina/LuminaXDG.h:18,
                 from ../../core/libLumina/LFileInfo.h:13,
                 from ../../core/libLumina/LFileInfo.cpp:7:
/usr/include/qt5/QtCore/qstring.h:609:17: note: declared here
  609 |     QStringList split(const QString &sep, SplitBehavior behavior,
      |                 ^~~~~
g++ -c -pipe -O2 -flto=auto -ffat-lto-objects -fexceptions -g -grecord-gcc-switches -pipe -Wall -Werror=format-security -Wp,-D_FORTIFY_SOURCE=2 -Wp,-D_GLIBCXX_ASSERTIONS -specs=/usr/lib/rpm/redhat/redhat-hardened-cc1 -fstack-protector-strong -specs=/usr/lib/rpm/redhat/redhat-annobin-cc1 -m64 -mtune=generic -fasynchronous-unwind-tables -fstack-clash-protection -fcf-protection -std=gnu++11 -Wall -Wextra -D_REENTRANT -fPIC -DPREFIX=QString\(\"/usr\"\) -DL_ETCDIR=QString\(\"/etc\"\) -DL_SHAREDIR=QString\(\"/usr/share\"\) -DGIT_VERSION="\"a88ea52f\"" -DQT_NO_DEBUG -DQT_SVG_LIB -DQT_PRINTSUPPORT_LIB -DQT_WIDGETS_LIB -DQT_MULTIMEDIA_LIB -DQT_X11EXTRAS_LIB -DQT_GUI_LIB -DQT_CONCURRENT_LIB -DQT_NETWORK_LIB -DQT_CORE_LIB -I. -I../../core/libLumina -I/usr/include/qt5 -I/usr -I/usr/include -I/home/q5sys/git/lumina/src-qt5/desktop-utils/lumina-photo -I/usr/include/qt5/QtSvg -I/usr/include/qt5/QtPrintSupport -I/usr/include/qt5/QtWidgets -I/usr/include/qt5/QtMultimedia -I/usr/include/qt5/QtX11Extras -I/usr/include/qt5/QtGui -I/usr/include/qt5/QtConcurrent -I/usr/include/qt5/QtNetwork -I/usr/include/qt5/QtCore -I.build/moc -I.build/ui -I/usr/lib64/qt5/mkspecs/linux-g++ -o .build/obj/LuminaSingleApplication.o ../../core/libLumina/LuminaSingleApplication.cpp
make[3]: Leaving directory '/home/q5sys/git/lumina/src-qt5/desktop-utils/lumina-textedit'
g++ -c -pipe -O2 -flto=auto -ffat-lto-objects -fexceptions -g -grecord-gcc-switches -pipe -Wall -Werror=format-security -Wp,-D_FORTIFY_SOURCE=2 -Wp,-D_GLIBCXX_ASSERTIONS -specs=/usr/lib/rpm/redhat/redhat-hardened-cc1 -fstack-protector-strong -specs=/usr/lib/rpm/redhat/redhat-annobin-cc1 -m64 -mtune=generic -fasynchronous-unwind-tables -fstack-clash-protection -fcf-protection -std=gnu++11 -Wall -Wextra -D_REENTRANT -fPIC -DPREFIX=QString\(\"/usr\"\) -DL_ETCDIR=QString\(\"/etc\"\) -DL_SHAREDIR=QString\(\"/usr/share\"\) -DGIT_VERSION="\"a88ea52f\"" -DQT_NO_DEBUG -DQT_SVG_LIB -DQT_PRINTSUPPORT_LIB -DQT_WIDGETS_LIB -DQT_MULTIMEDIA_LIB -DQT_X11EXTRAS_LIB -DQT_GUI_LIB -DQT_CONCURRENT_LIB -DQT_NETWORK_LIB -DQT_CORE_LIB -I. -I../../core/libLumina -I/usr/include/qt5 -I/usr -I/usr/include -I/home/q5sys/git/lumina/src-qt5/desktop-utils/lumina-photo -I/usr/include/qt5/QtSvg -I/usr/include/qt5/QtPrintSupport -I/usr/include/qt5/QtWidgets -I/usr/include/qt5/QtMultimedia -I/usr/include/qt5/QtX11Extras -I/usr/include/qt5/QtGui -I/usr/include/qt5/QtConcurrent -I/usr/include/qt5/QtNetwork -I/usr/include/qt5/QtCore -I.build/moc -I.build/ui -I/usr/lib64/qt5/mkspecs/linux-g++ -o .build/obj/LuminaThemes.o ../../core/libLumina/LuminaThemes.cpp
make[3]: Leaving directory '/home/q5sys/git/lumina/src-qt5/desktop-utils/lumina-archiver'
g++ -c -pipe -O2 -flto=auto -ffat-lto-objects -fexceptions -g -grecord-gcc-switches -pipe -Wall -Werror=format-security -Wp,-D_FORTIFY_SOURCE=2 -Wp,-D_GLIBCXX_ASSERTIONS -specs=/usr/lib/rpm/redhat/redhat-hardened-cc1 -fstack-protector-strong -specs=/usr/lib/rpm/redhat/redhat-annobin-cc1 -m64 -mtune=generic -fasynchronous-unwind-tables -fstack-clash-protection -fcf-protection -std=gnu++11 -Wall -Wextra -D_REENTRANT -fPIC -DPREFIX=QString\(\"/usr\"\) -DL_ETCDIR=QString\(\"/etc\"\) -DL_SHAREDIR=QString\(\"/usr/share\"\) -DGIT_VERSION="\"a88ea52f\"" -DQT_NO_DEBUG -DQT_SVG_LIB -DQT_PRINTSUPPORT_LIB -DQT_WIDGETS_LIB -DQT_MULTIMEDIA_LIB -DQT_X11EXTRAS_LIB -DQT_GUI_LIB -DQT_CONCURRENT_LIB -DQT_NETWORK_LIB -DQT_CORE_LIB -I. -I../../core/libLumina -I/usr/include/qt5 -I/usr -I/usr/include -I/home/q5sys/git/lumina/src-qt5/desktop-utils/lumina-photo -I/usr/include/qt5/QtSvg -I/usr/include/qt5/QtPrintSupport -I/usr/include/qt5/QtWidgets -I/usr/include/qt5/QtMultimedia -I/usr/include/qt5/QtX11Extras -I/usr/include/qt5/QtGui -I/usr/include/qt5/QtConcurrent -I/usr/include/qt5/QtNetwork -I/usr/include/qt5/QtCore -I.build/moc -I.build/ui -I/usr/lib64/qt5/mkspecs/linux-g++ -o .build/obj/main.o main.cpp
g++ -c -pipe -O2 -flto=auto -ffat-lto-objects -fexceptions -g -grecord-gcc-switches -pipe -Wall -Werror=format-security -Wp,-D_FORTIFY_SOURCE=2 -Wp,-D_GLIBCXX_ASSERTIONS -specs=/usr/lib/rpm/redhat/redhat-hardened-cc1 -fstack-protector-strong -specs=/usr/lib/rpm/redhat/redhat-annobin-cc1 -m64 -mtune=generic -fasynchronous-unwind-tables -fstack-clash-protection -fcf-protection -std=gnu++11 -Wall -Wextra -D_REENTRANT -fPIC -DPREFIX=QString\(\"/usr\"\) -DL_ETCDIR=QString\(\"/etc\"\) -DL_SHAREDIR=QString\(\"/usr/share\"\) -DGIT_VERSION="\"a88ea52f\"" -DQT_NO_DEBUG -DQT_MULTIMEDIAWIDGETS_LIB -DQT_SVG_LIB -DQT_WIDGETS_LIB -DQT_MULTIMEDIA_LIB -DQT_X11EXTRAS_LIB -DQT_GUI_LIB -DQT_NETWORK_LIB -DQT_CONCURRENT_LIB -DQT_CORE_LIB -I. -I../../core/libLumina -I/usr/include/qt5 -I/usr -I/usr/include -I/home/q5sys/git/lumina/src-qt5/desktop-utils/lumina-mediaplayer -I/usr/include/qt5/QtMultimediaWidgets -I/usr/include/qt5/QtSvg -I/usr/include/qt5/QtWidgets -I/usr/include/qt5/QtMultimedia -I/usr/include/qt5/QtX11Extras -I/usr/include/qt5/QtGui -I/usr/include/qt5/QtNetwork -I/usr/include/qt5/QtConcurrent -I/usr/include/qt5/QtCore -I.build/moc -I.build/ui -I/usr/lib64/qt5/mkspecs/linux-g++ -o .build/obj/main.o main.cpp
g++ -c -pipe -O2 -flto=auto -ffat-lto-objects -fexceptions -g -grecord-gcc-switches -pipe -Wall -Werror=format-security -Wp,-D_FORTIFY_SOURCE=2 -Wp,-D_GLIBCXX_ASSERTIONS -specs=/usr/lib/rpm/redhat/redhat-hardened-cc1 -fstack-protector-strong -specs=/usr/lib/rpm/redhat/redhat-annobin-cc1 -m64 -mtune=generic -fasynchronous-unwind-tables -fstack-clash-protection -fcf-protection -std=gnu++11 -Wall -Wextra -D_REENTRANT -fPIC -DPREFIX=QString\(\"/usr\"\) -DL_ETCDIR=QString\(\"/etc\"\) -DL_SHAREDIR=QString\(\"/usr/share\"\) -DGIT_VERSION="\"a88ea52f\"" -DQT_NO_DEBUG -DQT_SVG_LIB -DQT_PRINTSUPPORT_LIB -DQT_WIDGETS_LIB -DQT_MULTIMEDIA_LIB -DQT_X11EXTRAS_LIB -DQT_GUI_LIB -DQT_CONCURRENT_LIB -DQT_NETWORK_LIB -DQT_CORE_LIB -I. -I../../core/libLumina -I/usr/include/qt5 -I/usr -I/usr/include -I/home/q5sys/git/lumina/src-qt5/desktop-utils/lumina-photo -I/usr/include/qt5/QtSvg -I/usr/include/qt5/QtPrintSupport -I/usr/include/qt5/QtWidgets -I/usr/include/qt5/QtMultimedia -I/usr/include/qt5/QtX11Extras -I/usr/include/qt5/QtGui -I/usr/include/qt5/QtConcurrent -I/usr/include/qt5/QtNetwork -I/usr/include/qt5/QtCore -I.build/moc -I.build/ui -I/usr/lib64/qt5/mkspecs/linux-g++ -o .build/obj/mainUI.o mainUI.cpp
g++ -c -pipe -O2 -flto=auto -ffat-lto-objects -fexceptions -g -grecord-gcc-switches -pipe -Wall -Werror=format-security -Wp,-D_FORTIFY_SOURCE=2 -Wp,-D_GLIBCXX_ASSERTIONS -specs=/usr/lib/rpm/redhat/redhat-hardened-cc1 -fstack-protector-strong -specs=/usr/lib/rpm/redhat/redhat-annobin-cc1 -m64 -mtune=generic -fasynchronous-unwind-tables -fstack-clash-protection -fcf-protection -std=gnu++11 -Wall -Wextra -D_REENTRANT -fPIC -DPREFIX=QString\(\"/usr\"\) -DL_ETCDIR=QString\(\"/etc\"\) -DL_SHAREDIR=QString\(\"/usr/share\"\) -DGIT_VERSION="\"a88ea52f\"" -DQT_NO_DEBUG -DQT_SVG_LIB -DQT_PRINTSUPPORT_LIB -DQT_WIDGETS_LIB -DQT_MULTIMEDIA_LIB -DQT_X11EXTRAS_LIB -DQT_GUI_LIB -DQT_CONCURRENT_LIB -DQT_NETWORK_LIB -DQT_CORE_LIB -I. -I../../core/libLumina -I/usr/include/qt5 -I/usr -I/usr/include -I/home/q5sys/git/lumina/src-qt5/desktop-utils/lumina-photo -I/usr/include/qt5/QtSvg -I/usr/include/qt5/QtPrintSupport -I/usr/include/qt5/QtWidgets -I/usr/include/qt5/QtMultimedia -I/usr/include/qt5/QtX11Extras -I/usr/include/qt5/QtGui -I/usr/include/qt5/QtConcurrent -I/usr/include/qt5/QtNetwork -I/usr/include/qt5/QtCore -I.build/moc -I.build/ui -I/usr/lib64/qt5/mkspecs/linux-g++ -o .build/obj/PhotoView.o PhotoView.cpp
g++ -c -pipe -O2 -flto=auto -ffat-lto-objects -fexceptions -g -grecord-gcc-switches -pipe -Wall -Werror=format-security -Wp,-D_FORTIFY_SOURCE=2 -Wp,-D_GLIBCXX_ASSERTIONS -specs=/usr/lib/rpm/redhat/redhat-hardened-cc1 -fstack-protector-strong -specs=/usr/lib/rpm/redhat/redhat-annobin-cc1 -m64 -mtune=generic -fasynchronous-unwind-tables -fstack-clash-protection -fcf-protection -std=gnu++11 -Wall -Wextra -D_REENTRANT -fPIC -DPREFIX=QString\(\"/usr\"\) -DL_ETCDIR=QString\(\"/etc\"\) -DL_SHAREDIR=QString\(\"/usr/share\"\) -DGIT_VERSION="\"a88ea52f\"" -DQT_NO_DEBUG -DQT_MULTIMEDIAWIDGETS_LIB -DQT_SVG_LIB -DQT_WIDGETS_LIB -DQT_MULTIMEDIA_LIB -DQT_X11EXTRAS_LIB -DQT_GUI_LIB -DQT_NETWORK_LIB -DQT_CONCURRENT_LIB -DQT_CORE_LIB -I. -I../../core/libLumina -I/usr/include/qt5 -I/usr -I/usr/include -I/home/q5sys/git/lumina/src-qt5/desktop-utils/lumina-mediaplayer -I/usr/include/qt5/QtMultimediaWidgets -I/usr/include/qt5/QtSvg -I/usr/include/qt5/QtWidgets -I/usr/include/qt5/QtMultimedia -I/usr/include/qt5/QtX11Extras -I/usr/include/qt5/QtGui -I/usr/include/qt5/QtNetwork -I/usr/include/qt5/QtConcurrent -I/usr/include/qt5/QtCore -I.build/moc -I.build/ui -I/usr/lib64/qt5/mkspecs/linux-g++ -o .build/obj/mainUI.o mainUI.cpp
PhotoView.cpp: In member function ‘void PhotoView::zoomNormal()’:
PhotoView.cpp:28:17: warning: ‘void QGraphicsView::resetMatrix()’ is deprecated: Use resetTransform() [-Wdeprecated-declarations]
   28 |     resetMatrix ();
      |     ~~~~~~~~~~~~^~
In file included from /usr/include/qt5/QtWidgets/QGraphicsView:1,
                 from PhotoView.h:3,
                 from PhotoView.cpp:2:
/usr/include/qt5/QtWidgets/qgraphicsview.h:171:50: note: declared here
  171 |     QT_DEPRECATED_X("Use resetTransform()") void resetMatrix();
      |                                                  ^~~~~~~~~~~
PhotoView.cpp: In member function ‘virtual bool PhotoView::eventFilter(QObject*, QEvent*)’:
PhotoView.cpp:43:32: warning: ‘int QWheelEvent::delta() const’ is deprecated: Use angleDelta() [-Wdeprecated-declarations]
   43 |         if (wheel_event->delta () > 0)
      |             ~~~~~~~~~~~~~~~~~~~^~
In file included from /usr/include/qt5/QtGui/QWheelEvent:1,
                 from PhotoView.cpp:4:
/usr/include/qt5/QtGui/qevent.h:219:16: note: declared here
  219 |     inline int delta() const  { return qt4D; }
      |                ^~~~~
PhotoView.cpp:55:37: warning: ‘int QWheelEvent::delta() const’ is deprecated: Use angleDelta() [-Wdeprecated-declarations]
   55 |         else if (wheel_event->delta () < 0)
      |                  ~~~~~~~~~~~~~~~~~~~^~
In file included from /usr/include/qt5/QtGui/QWheelEvent:1,
                 from PhotoView.cpp:4:
/usr/include/qt5/QtGui/qevent.h:219:16: note: declared here
  219 |     inline int delta() const  { return qt4D; }
      |                ^~~~~
g++ -pipe -O2 -flto=auto -ffat-lto-objects -fexceptions -g -grecord-gcc-switches -pipe -Wall -Werror=format-security -Wp,-D_FORTIFY_SOURCE=2 -Wp,-D_GLIBCXX_ASSERTIONS -specs=/usr/lib/rpm/redhat/redhat-hardened-cc1 -fstack-protector-strong -specs=/usr/lib/rpm/redhat/redhat-annobin-cc1 -m64 -mtune=generic -fasynchronous-unwind-tables -fstack-clash-protection -fcf-protection -std=gnu++11 -Wall -Wextra -dM -E -o .build/moc/moc_predefs.h /usr/lib64/qt5/mkspecs/features/data/dummy.cpp
/usr/lib64/qt5/bin/moc -DPREFIX=QString\(\"/usr\"\) -DL_ETCDIR=QString\(\"/etc\"\) -DL_SHAREDIR=QString\(\"/usr/share\"\) -DGIT_VERSION="\"a88ea52f\"" -DQT_NO_DEBUG -DQT_SVG_LIB -DQT_PRINTSUPPORT_LIB -DQT_WIDGETS_LIB -DQT_MULTIMEDIA_LIB -DQT_X11EXTRAS_LIB -DQT_GUI_LIB -DQT_CONCURRENT_LIB -DQT_NETWORK_LIB -DQT_CORE_LIB --include /home/q5sys/git/lumina/src-qt5/desktop-utils/lumina-photo/.build/moc/moc_predefs.h -I/usr/lib64/qt5/mkspecs/linux-g++ -I/home/q5sys/git/lumina/src-qt5/desktop-utils/lumina-photo -I/home/q5sys/git/lumina/src-qt5/core/libLumina -I/usr/include/qt5 -I/usr -I/usr/include -I'/home/q5sys/git/lumina/src-qt5/desktop-utils/lumina-photo//home/q5sys/git/lumina/src-qt5/desktop-utils/lumina-photo' -I/usr/include/qt5/QtSvg -I/usr/include/qt5/QtPrintSupport -I/usr/include/qt5/QtWidgets -I/usr/include/qt5/QtMultimedia -I/usr/include/qt5/QtX11Extras -I/usr/include/qt5/QtGui -I/usr/include/qt5/QtConcurrent -I/usr/include/qt5/QtNetwork -I/usr/include/qt5/QtCore -I/usr/include/c++/11 -I/usr/include/c++/11/x86_64-redhat-linux -I/usr/include/c++/11/backward -I/usr/lib/gcc/x86_64-redhat-linux/11/include -I/usr/local/include -I/usr/include ../../core/libLumina/LuminaXDG.h -o .build/moc/moc_LuminaXDG.cpp
/usr/lib64/qt5/bin/moc -DPREFIX=QString\(\"/usr\"\) -DL_ETCDIR=QString\(\"/etc\"\) -DL_SHAREDIR=QString\(\"/usr/share\"\) -DGIT_VERSION="\"a88ea52f\"" -DQT_NO_DEBUG -DQT_SVG_LIB -DQT_PRINTSUPPORT_LIB -DQT_WIDGETS_LIB -DQT_MULTIMEDIA_LIB -DQT_X11EXTRAS_LIB -DQT_GUI_LIB -DQT_CONCURRENT_LIB -DQT_NETWORK_LIB -DQT_CORE_LIB --include /home/q5sys/git/lumina/src-qt5/desktop-utils/lumina-photo/.build/moc/moc_predefs.h -I/usr/lib64/qt5/mkspecs/linux-g++ -I/home/q5sys/git/lumina/src-qt5/desktop-utils/lumina-photo -I/home/q5sys/git/lumina/src-qt5/core/libLumina -I/usr/include/qt5 -I/usr -I/usr/include -I'/home/q5sys/git/lumina/src-qt5/desktop-utils/lumina-photo//home/q5sys/git/lumina/src-qt5/desktop-utils/lumina-photo' -I/usr/include/qt5/QtSvg -I/usr/include/qt5/QtPrintSupport -I/usr/include/qt5/QtWidgets -I/usr/include/qt5/QtMultimedia -I/usr/include/qt5/QtX11Extras -I/usr/include/qt5/QtGui -I/usr/include/qt5/QtConcurrent -I/usr/include/qt5/QtNetwork -I/usr/include/qt5/QtCore -I/usr/include/c++/11 -I/usr/include/c++/11/x86_64-redhat-linux -I/usr/include/c++/11/backward -I/usr/lib/gcc/x86_64-redhat-linux/11/include -I/usr/local/include -I/usr/include ../../core/libLumina/LuminaSingleApplication.h -o .build/moc/moc_LuminaSingleApplication.cpp
/usr/lib64/qt5/bin/moc -DPREFIX=QString\(\"/usr\"\) -DL_ETCDIR=QString\(\"/etc\"\) -DL_SHAREDIR=QString\(\"/usr/share\"\) -DGIT_VERSION="\"a88ea52f\"" -DQT_NO_DEBUG -DQT_SVG_LIB -DQT_PRINTSUPPORT_LIB -DQT_WIDGETS_LIB -DQT_MULTIMEDIA_LIB -DQT_X11EXTRAS_LIB -DQT_GUI_LIB -DQT_CONCURRENT_LIB -DQT_NETWORK_LIB -DQT_CORE_LIB --include /home/q5sys/git/lumina/src-qt5/desktop-utils/lumina-photo/.build/moc/moc_predefs.h -I/usr/lib64/qt5/mkspecs/linux-g++ -I/home/q5sys/git/lumina/src-qt5/desktop-utils/lumina-photo -I/home/q5sys/git/lumina/src-qt5/core/libLumina -I/usr/include/qt5 -I/usr -I/usr/include -I'/home/q5sys/git/lumina/src-qt5/desktop-utils/lumina-photo//home/q5sys/git/lumina/src-qt5/desktop-utils/lumina-photo' -I/usr/include/qt5/QtSvg -I/usr/include/qt5/QtPrintSupport -I/usr/include/qt5/QtWidgets -I/usr/include/qt5/QtMultimedia -I/usr/include/qt5/QtX11Extras -I/usr/include/qt5/QtGui -I/usr/include/qt5/QtConcurrent -I/usr/include/qt5/QtNetwork -I/usr/include/qt5/QtCore -I/usr/include/c++/11 -I/usr/include/c++/11/x86_64-redhat-linux -I/usr/include/c++/11/backward -I/usr/lib/gcc/x86_64-redhat-linux/11/include -I/usr/local/include -I/usr/include ../../core/libLumina/LuminaThemes.h -o .build/moc/moc_LuminaThemes.cpp
/usr/lib64/qt5/bin/moc -DPREFIX=QString\(\"/usr\"\) -DL_ETCDIR=QString\(\"/etc\"\) -DL_SHAREDIR=QString\(\"/usr/share\"\) -DGIT_VERSION="\"a88ea52f\"" -DQT_NO_DEBUG -DQT_SVG_LIB -DQT_PRINTSUPPORT_LIB -DQT_WIDGETS_LIB -DQT_MULTIMEDIA_LIB -DQT_X11EXTRAS_LIB -DQT_GUI_LIB -DQT_CONCURRENT_LIB -DQT_NETWORK_LIB -DQT_CORE_LIB --include /home/q5sys/git/lumina/src-qt5/desktop-utils/lumina-photo/.build/moc/moc_predefs.h -I/usr/lib64/qt5/mkspecs/linux-g++ -I/home/q5sys/git/lumina/src-qt5/desktop-utils/lumina-photo -I/home/q5sys/git/lumina/src-qt5/core/libLumina -I/usr/include/qt5 -I/usr -I/usr/include -I'/home/q5sys/git/lumina/src-qt5/desktop-utils/lumina-photo//home/q5sys/git/lumina/src-qt5/desktop-utils/lumina-photo' -I/usr/include/qt5/QtSvg -I/usr/include/qt5/QtPrintSupport -I/usr/include/qt5/QtWidgets -I/usr/include/qt5/QtMultimedia -I/usr/include/qt5/QtX11Extras -I/usr/include/qt5/QtGui -I/usr/include/qt5/QtConcurrent -I/usr/include/qt5/QtNetwork -I/usr/include/qt5/QtCore -I/usr/include/c++/11 -I/usr/include/c++/11/x86_64-redhat-linux -I/usr/include/c++/11/backward -I/usr/lib/gcc/x86_64-redhat-linux/11/include -I/usr/local/include -I/usr/include mainUI.h -o .build/moc/moc_mainUI.cpp
mainUI.cpp: In member function ‘void MainUI::LocalListMediaChanged(int, int)’:
mainUI.cpp:421:47: warning: ‘QUrl QMediaContent::canonicalUrl() const’ is deprecated: Use QMediaContent::request().url() [-Wdeprecated-declarations]
  421 |     QUrl url = PLAYLIST->media(i).canonicalUrl();
      |                ~~~~~~~~~~~~~~~~~~~~~~~~~~~~~~~^~
In file included from /usr/include/qt5/QtMultimedia/qmediaplayer.h:45,
                 from /usr/include/qt5/QtMultimedia/QMediaPlayer:1,
                 from mainUI.h:19,
                 from mainUI.cpp:7:
/usr/include/qt5/QtMultimedia/qmediacontent.h:78:64: note: declared here
   78 |     QT_DEPRECATED_X("Use QMediaContent::request().url()") QUrl canonicalUrl() const;
      |                                                                ^~~~~~~~~~~~
mainUI.cpp: In member function ‘void MainUI::LocalListMediaInserted(int, int)’:
mainUI.cpp:432:47: warning: ‘QUrl QMediaContent::canonicalUrl() const’ is deprecated: Use QMediaContent::request().url() [-Wdeprecated-declarations]
  432 |     QUrl url = PLAYLIST->media(i).canonicalUrl();
      |                ~~~~~~~~~~~~~~~~~~~~~~~~~~~~~~~^~
In file included from /usr/include/qt5/QtMultimedia/qmediaplayer.h:45,
                 from /usr/include/qt5/QtMultimedia/QMediaPlayer:1,
                 from mainUI.h:19,
                 from mainUI.cpp:7:
/usr/include/qt5/QtMultimedia/qmediacontent.h:78:64: note: declared here
   78 |     QT_DEPRECATED_X("Use QMediaContent::request().url()") QUrl canonicalUrl() const;
      |                                                                ^~~~~~~~~~~~
/usr/lib64/qt5/bin/moc -DPREFIX=QString\(\"/usr\"\) -DL_ETCDIR=QString\(\"/etc\"\) -DL_SHAREDIR=QString\(\"/usr/share\"\) -DGIT_VERSION="\"a88ea52f\"" -DQT_NO_DEBUG -DQT_SVG_LIB -DQT_PRINTSUPPORT_LIB -DQT_WIDGETS_LIB -DQT_MULTIMEDIA_LIB -DQT_X11EXTRAS_LIB -DQT_GUI_LIB -DQT_CONCURRENT_LIB -DQT_NETWORK_LIB -DQT_CORE_LIB --include /home/q5sys/git/lumina/src-qt5/desktop-utils/lumina-photo/.build/moc/moc_predefs.h -I/usr/lib64/qt5/mkspecs/linux-g++ -I/home/q5sys/git/lumina/src-qt5/desktop-utils/lumina-photo -I/home/q5sys/git/lumina/src-qt5/core/libLumina -I/usr/include/qt5 -I/usr -I/usr/include -I'/home/q5sys/git/lumina/src-qt5/desktop-utils/lumina-photo//home/q5sys/git/lumina/src-qt5/desktop-utils/lumina-photo' -I/usr/include/qt5/QtSvg -I/usr/include/qt5/QtPrintSupport -I/usr/include/qt5/QtWidgets -I/usr/include/qt5/QtMultimedia -I/usr/include/qt5/QtX11Extras -I/usr/include/qt5/QtGui -I/usr/include/qt5/QtConcurrent -I/usr/include/qt5/QtNetwork -I/usr/include/qt5/QtCore -I/usr/include/c++/11 -I/usr/include/c++/11/x86_64-redhat-linux -I/usr/include/c++/11/backward -I/usr/lib/gcc/x86_64-redhat-linux/11/include -I/usr/local/include -I/usr/include PhotoView.h -o .build/moc/moc_PhotoView.cpp
g++ -c -pipe -O2 -flto=auto -ffat-lto-objects -fexceptions -g -grecord-gcc-switches -pipe -Wall -Werror=format-security -Wp,-D_FORTIFY_SOURCE=2 -Wp,-D_GLIBCXX_ASSERTIONS -specs=/usr/lib/rpm/redhat/redhat-hardened-cc1 -fstack-protector-strong -specs=/usr/lib/rpm/redhat/redhat-annobin-cc1 -m64 -mtune=generic -fasynchronous-unwind-tables -fstack-clash-protection -fcf-protection -std=gnu++11 -Wall -Wextra -D_REENTRANT -fPIC -DPREFIX=QString\(\"/usr\"\) -DL_ETCDIR=QString\(\"/etc\"\) -DL_SHAREDIR=QString\(\"/usr/share\"\) -DGIT_VERSION="\"a88ea52f\"" -DQT_NO_DEBUG -DQT_MULTIMEDIAWIDGETS_LIB -DQT_SVG_LIB -DQT_WIDGETS_LIB -DQT_MULTIMEDIA_LIB -DQT_X11EXTRAS_LIB -DQT_GUI_LIB -DQT_NETWORK_LIB -DQT_CONCURRENT_LIB -DQT_CORE_LIB -I. -I../../core/libLumina -I/usr/include/qt5 -I/usr -I/usr/include -I/home/q5sys/git/lumina/src-qt5/desktop-utils/lumina-mediaplayer -I/usr/include/qt5/QtMultimediaWidgets -I/usr/include/qt5/QtSvg -I/usr/include/qt5/QtWidgets -I/usr/include/qt5/QtMultimedia -I/usr/include/qt5/QtX11Extras -I/usr/include/qt5/QtGui -I/usr/include/qt5/QtNetwork -I/usr/include/qt5/QtConcurrent -I/usr/include/qt5/QtCore -I.build/moc -I.build/ui -I/usr/lib64/qt5/mkspecs/linux-g++ -o .build/obj/PianoBarProcess.o PianoBarProcess.cpp
g++ -c -pipe -O2 -flto=auto -ffat-lto-objects -fexceptions -g -grecord-gcc-switches -pipe -Wall -Werror=format-security -Wp,-D_FORTIFY_SOURCE=2 -Wp,-D_GLIBCXX_ASSERTIONS -specs=/usr/lib/rpm/redhat/redhat-hardened-cc1 -fstack-protector-strong -specs=/usr/lib/rpm/redhat/redhat-annobin-cc1 -m64 -mtune=generic -fasynchronous-unwind-tables -fstack-clash-protection -fcf-protection -std=gnu++11 -Wall -Wextra -D_REENTRANT -fPIC -DPREFIX=QString\(\"/usr\"\) -DL_ETCDIR=QString\(\"/etc\"\) -DL_SHAREDIR=QString\(\"/usr/share\"\) -DGIT_VERSION="\"a88ea52f\"" -DQT_NO_DEBUG -DQT_SVG_LIB -DQT_PRINTSUPPORT_LIB -DQT_WIDGETS_LIB -DQT_MULTIMEDIA_LIB -DQT_X11EXTRAS_LIB -DQT_GUI_LIB -DQT_CONCURRENT_LIB -DQT_NETWORK_LIB -DQT_CORE_LIB -I. -I../../core/libLumina -I/usr/include/qt5 -I/usr -I/usr/include -I/home/q5sys/git/lumina/src-qt5/desktop-utils/lumina-photo -I/usr/include/qt5/QtSvg -I/usr/include/qt5/QtPrintSupport -I/usr/include/qt5/QtWidgets -I/usr/include/qt5/QtMultimedia -I/usr/include/qt5/QtX11Extras -I/usr/include/qt5/QtGui -I/usr/include/qt5/QtConcurrent -I/usr/include/qt5/QtNetwork -I/usr/include/qt5/QtCore -I.build/moc -I.build/ui -I/usr/lib64/qt5/mkspecs/linux-g++ -o .build/obj/moc_LuminaXDG.o .build/moc/moc_LuminaXDG.cpp
PianoBarProcess.cpp: In member function ‘void PianoBarProcess::ProcUpdate()’:
PianoBarProcess.cpp:282:31: warning: ‘QStringList QString::split(const QString&, QString::SplitBehavior, Qt::CaseSensitivity) const’ is deprecated: Use Qt::SplitBehavior variant instead [-Wdeprecated-declarations]
  282 |   QStringList info = tmp.split("\n",QString::SkipEmptyParts);
      |                      ~~~~~~~~~^~~~~~~~~~~~~~~~~~~~~~~~~~~~~~
In file included from /usr/include/qt5/QtCore/qobject.h:47,
                 from /usr/include/qt5/QtCore/QObject:1,
                 from PianoBarProcess.h:13,
                 from PianoBarProcess.cpp:7:
/usr/include/qt5/QtCore/qstring.h:609:17: note: declared here
  609 |     QStringList split(const QString &sep, SplitBehavior behavior,
      |                 ^~~~~
g++ -c -pipe -O2 -flto=auto -ffat-lto-objects -fexceptions -g -grecord-gcc-switches -pipe -Wall -Werror=format-security -Wp,-D_FORTIFY_SOURCE=2 -Wp,-D_GLIBCXX_ASSERTIONS -specs=/usr/lib/rpm/redhat/redhat-hardened-cc1 -fstack-protector-strong -specs=/usr/lib/rpm/redhat/redhat-annobin-cc1 -m64 -mtune=generic -fasynchronous-unwind-tables -fstack-clash-protection -fcf-protection -std=gnu++11 -Wall -Wextra -D_REENTRANT -fPIC -DPREFIX=QString\(\"/usr\"\) -DL_ETCDIR=QString\(\"/etc\"\) -DL_SHAREDIR=QString\(\"/usr/share\"\) -DGIT_VERSION="\"a88ea52f\"" -DQT_NO_DEBUG -DQT_SVG_LIB -DQT_PRINTSUPPORT_LIB -DQT_WIDGETS_LIB -DQT_MULTIMEDIA_LIB -DQT_X11EXTRAS_LIB -DQT_GUI_LIB -DQT_CONCURRENT_LIB -DQT_NETWORK_LIB -DQT_CORE_LIB -I. -I../../core/libLumina -I/usr/include/qt5 -I/usr -I/usr/include -I/home/q5sys/git/lumina/src-qt5/desktop-utils/lumina-photo -I/usr/include/qt5/QtSvg -I/usr/include/qt5/QtPrintSupport -I/usr/include/qt5/QtWidgets -I/usr/include/qt5/QtMultimedia -I/usr/include/qt5/QtX11Extras -I/usr/include/qt5/QtGui -I/usr/include/qt5/QtConcurrent -I/usr/include/qt5/QtNetwork -I/usr/include/qt5/QtCore -I.build/moc -I.build/ui -I/usr/lib64/qt5/mkspecs/linux-g++ -o .build/obj/moc_LuminaSingleApplication.o .build/moc/moc_LuminaSingleApplication.cpp
g++ -c -pipe -O2 -flto=auto -ffat-lto-objects -fexceptions -g -grecord-gcc-switches -pipe -Wall -Werror=format-security -Wp,-D_FORTIFY_SOURCE=2 -Wp,-D_GLIBCXX_ASSERTIONS -specs=/usr/lib/rpm/redhat/redhat-hardened-cc1 -fstack-protector-strong -specs=/usr/lib/rpm/redhat/redhat-annobin-cc1 -m64 -mtune=generic -fasynchronous-unwind-tables -fstack-clash-protection -fcf-protection -std=gnu++11 -Wall -Wextra -D_REENTRANT -fPIC -DPREFIX=QString\(\"/usr\"\) -DL_ETCDIR=QString\(\"/etc\"\) -DL_SHAREDIR=QString\(\"/usr/share\"\) -DGIT_VERSION="\"a88ea52f\"" -DQT_NO_DEBUG -DQT_SVG_LIB -DQT_PRINTSUPPORT_LIB -DQT_WIDGETS_LIB -DQT_MULTIMEDIA_LIB -DQT_X11EXTRAS_LIB -DQT_GUI_LIB -DQT_CONCURRENT_LIB -DQT_NETWORK_LIB -DQT_CORE_LIB -I. -I../../core/libLumina -I/usr/include/qt5 -I/usr -I/usr/include -I/home/q5sys/git/lumina/src-qt5/desktop-utils/lumina-photo -I/usr/include/qt5/QtSvg -I/usr/include/qt5/QtPrintSupport -I/usr/include/qt5/QtWidgets -I/usr/include/qt5/QtMultimedia -I/usr/include/qt5/QtX11Extras -I/usr/include/qt5/QtGui -I/usr/include/qt5/QtConcurrent -I/usr/include/qt5/QtNetwork -I/usr/include/qt5/QtCore -I.build/moc -I.build/ui -I/usr/lib64/qt5/mkspecs/linux-g++ -o .build/obj/moc_LuminaThemes.o .build/moc/moc_LuminaThemes.cpp
/usr/lib64/qt5/bin/rcc -name resources extra/resources.qrc -o .build/rcc/qrc_resources.cpp
g++ -pipe -O2 -flto=auto -ffat-lto-objects -fexceptions -g -grecord-gcc-switches -pipe -Wall -Werror=format-security -Wp,-D_FORTIFY_SOURCE=2 -Wp,-D_GLIBCXX_ASSERTIONS -specs=/usr/lib/rpm/redhat/redhat-hardened-cc1 -fstack-protector-strong -specs=/usr/lib/rpm/redhat/redhat-annobin-cc1 -m64 -mtune=generic -fasynchronous-unwind-tables -fstack-clash-protection -fcf-protection -std=gnu++11 -Wall -Wextra -dM -E -o .build/moc/moc_predefs.h /usr/lib64/qt5/mkspecs/features/data/dummy.cpp
g++ -c -pipe -O2 -flto=auto -ffat-lto-objects -fexceptions -g -grecord-gcc-switches -pipe -Wall -Werror=format-security -Wp,-D_FORTIFY_SOURCE=2 -Wp,-D_GLIBCXX_ASSERTIONS -specs=/usr/lib/rpm/redhat/redhat-hardened-cc1 -fstack-protector-strong -specs=/usr/lib/rpm/redhat/redhat-annobin-cc1 -m64 -mtune=generic -fasynchronous-unwind-tables -fstack-clash-protection -fcf-protection -std=gnu++11 -Wall -Wextra -D_REENTRANT -fPIC -DPREFIX=QString\(\"/usr\"\) -DL_ETCDIR=QString\(\"/etc\"\) -DL_SHAREDIR=QString\(\"/usr/share\"\) -DGIT_VERSION="\"a88ea52f\"" -DQT_NO_DEBUG -DQT_MULTIMEDIAWIDGETS_LIB -DQT_SVG_LIB -DQT_WIDGETS_LIB -DQT_MULTIMEDIA_LIB -DQT_X11EXTRAS_LIB -DQT_GUI_LIB -DQT_NETWORK_LIB -DQT_CONCURRENT_LIB -DQT_CORE_LIB -I. -I../../core/libLumina -I/usr/include/qt5 -I/usr -I/usr/include -I/home/q5sys/git/lumina/src-qt5/desktop-utils/lumina-mediaplayer -I/usr/include/qt5/QtMultimediaWidgets -I/usr/include/qt5/QtSvg -I/usr/include/qt5/QtWidgets -I/usr/include/qt5/QtMultimedia -I/usr/include/qt5/QtX11Extras -I/usr/include/qt5/QtGui -I/usr/include/qt5/QtNetwork -I/usr/include/qt5/QtConcurrent -I/usr/include/qt5/QtCore -I.build/moc -I.build/ui -I/usr/lib64/qt5/mkspecs/linux-g++ -o .build/obj/qrc_resources.o .build/rcc/qrc_resources.cpp
/usr/lib64/qt5/bin/moc -DPREFIX=QString\(\"/usr\"\) -DL_ETCDIR=QString\(\"/etc\"\) -DL_SHAREDIR=QString\(\"/usr/share\"\) -DGIT_VERSION="\"a88ea52f\"" -DQT_NO_DEBUG -DQT_MULTIMEDIAWIDGETS_LIB -DQT_SVG_LIB -DQT_WIDGETS_LIB -DQT_MULTIMEDIA_LIB -DQT_X11EXTRAS_LIB -DQT_GUI_LIB -DQT_NETWORK_LIB -DQT_CONCURRENT_LIB -DQT_CORE_LIB --include /home/q5sys/git/lumina/src-qt5/desktop-utils/lumina-mediaplayer/.build/moc/moc_predefs.h -I/usr/lib64/qt5/mkspecs/linux-g++ -I/home/q5sys/git/lumina/src-qt5/desktop-utils/lumina-mediaplayer -I/home/q5sys/git/lumina/src-qt5/core/libLumina -I/usr/include/qt5 -I/usr -I/usr/include -I'/home/q5sys/git/lumina/src-qt5/desktop-utils/lumina-mediaplayer//home/q5sys/git/lumina/src-qt5/desktop-utils/lumina-mediaplayer' -I/usr/include/qt5/QtMultimediaWidgets -I/usr/include/qt5/QtSvg -I/usr/include/qt5/QtWidgets -I/usr/include/qt5/QtMultimedia -I/usr/include/qt5/QtX11Extras -I/usr/include/qt5/QtGui -I/usr/include/qt5/QtNetwork -I/usr/include/qt5/QtConcurrent -I/usr/include/qt5/QtCore -I/usr/include/c++/11 -I/usr/include/c++/11/x86_64-redhat-linux -I/usr/include/c++/11/backward -I/usr/lib/gcc/x86_64-redhat-linux/11/include -I/usr/local/include -I/usr/include ../../core/libLumina/LuminaXDG.h -o .build/moc/moc_LuminaXDG.cpp
/usr/lib64/qt5/bin/moc -DPREFIX=QString\(\"/usr\"\) -DL_ETCDIR=QString\(\"/etc\"\) -DL_SHAREDIR=QString\(\"/usr/share\"\) -DGIT_VERSION="\"a88ea52f\"" -DQT_NO_DEBUG -DQT_MULTIMEDIAWIDGETS_LIB -DQT_SVG_LIB -DQT_WIDGETS_LIB -DQT_MULTIMEDIA_LIB -DQT_X11EXTRAS_LIB -DQT_GUI_LIB -DQT_NETWORK_LIB -DQT_CONCURRENT_LIB -DQT_CORE_LIB --include /home/q5sys/git/lumina/src-qt5/desktop-utils/lumina-mediaplayer/.build/moc/moc_predefs.h -I/usr/lib64/qt5/mkspecs/linux-g++ -I/home/q5sys/git/lumina/src-qt5/desktop-utils/lumina-mediaplayer -I/home/q5sys/git/lumina/src-qt5/core/libLumina -I/usr/include/qt5 -I/usr -I/usr/include -I'/home/q5sys/git/lumina/src-qt5/desktop-utils/lumina-mediaplayer//home/q5sys/git/lumina/src-qt5/desktop-utils/lumina-mediaplayer' -I/usr/include/qt5/QtMultimediaWidgets -I/usr/include/qt5/QtSvg -I/usr/include/qt5/QtWidgets -I/usr/include/qt5/QtMultimedia -I/usr/include/qt5/QtX11Extras -I/usr/include/qt5/QtGui -I/usr/include/qt5/QtNetwork -I/usr/include/qt5/QtConcurrent -I/usr/include/qt5/QtCore -I/usr/include/c++/11 -I/usr/include/c++/11/x86_64-redhat-linux -I/usr/include/c++/11/backward -I/usr/lib/gcc/x86_64-redhat-linux/11/include -I/usr/local/include -I/usr/include ../../core/libLumina/LuminaSingleApplication.h -o .build/moc/moc_LuminaSingleApplication.cpp
/usr/lib64/qt5/bin/moc -DPREFIX=QString\(\"/usr\"\) -DL_ETCDIR=QString\(\"/etc\"\) -DL_SHAREDIR=QString\(\"/usr/share\"\) -DGIT_VERSION="\"a88ea52f\"" -DQT_NO_DEBUG -DQT_MULTIMEDIAWIDGETS_LIB -DQT_SVG_LIB -DQT_WIDGETS_LIB -DQT_MULTIMEDIA_LIB -DQT_X11EXTRAS_LIB -DQT_GUI_LIB -DQT_NETWORK_LIB -DQT_CONCURRENT_LIB -DQT_CORE_LIB --include /home/q5sys/git/lumina/src-qt5/desktop-utils/lumina-mediaplayer/.build/moc/moc_predefs.h -I/usr/lib64/qt5/mkspecs/linux-g++ -I/home/q5sys/git/lumina/src-qt5/desktop-utils/lumina-mediaplayer -I/home/q5sys/git/lumina/src-qt5/core/libLumina -I/usr/include/qt5 -I/usr -I/usr/include -I'/home/q5sys/git/lumina/src-qt5/desktop-utils/lumina-mediaplayer//home/q5sys/git/lumina/src-qt5/desktop-utils/lumina-mediaplayer' -I/usr/include/qt5/QtMultimediaWidgets -I/usr/include/qt5/QtSvg -I/usr/include/qt5/QtWidgets -I/usr/include/qt5/QtMultimedia -I/usr/include/qt5/QtX11Extras -I/usr/include/qt5/QtGui -I/usr/include/qt5/QtNetwork -I/usr/include/qt5/QtConcurrent -I/usr/include/qt5/QtCore -I/usr/include/c++/11 -I/usr/include/c++/11/x86_64-redhat-linux -I/usr/include/c++/11/backward -I/usr/lib/gcc/x86_64-redhat-linux/11/include -I/usr/local/include -I/usr/include ../../core/libLumina/LuminaThemes.h -o .build/moc/moc_LuminaThemes.cpp
/usr/lib64/qt5/bin/moc -DPREFIX=QString\(\"/usr\"\) -DL_ETCDIR=QString\(\"/etc\"\) -DL_SHAREDIR=QString\(\"/usr/share\"\) -DGIT_VERSION="\"a88ea52f\"" -DQT_NO_DEBUG -DQT_MULTIMEDIAWIDGETS_LIB -DQT_SVG_LIB -DQT_WIDGETS_LIB -DQT_MULTIMEDIA_LIB -DQT_X11EXTRAS_LIB -DQT_GUI_LIB -DQT_NETWORK_LIB -DQT_CONCURRENT_LIB -DQT_CORE_LIB --include /home/q5sys/git/lumina/src-qt5/desktop-utils/lumina-mediaplayer/.build/moc/moc_predefs.h -I/usr/lib64/qt5/mkspecs/linux-g++ -I/home/q5sys/git/lumina/src-qt5/desktop-utils/lumina-mediaplayer -I/home/q5sys/git/lumina/src-qt5/core/libLumina -I/usr/include/qt5 -I/usr -I/usr/include -I'/home/q5sys/git/lumina/src-qt5/desktop-utils/lumina-mediaplayer//home/q5sys/git/lumina/src-qt5/desktop-utils/lumina-mediaplayer' -I/usr/include/qt5/QtMultimediaWidgets -I/usr/include/qt5/QtSvg -I/usr/include/qt5/QtWidgets -I/usr/include/qt5/QtMultimedia -I/usr/include/qt5/QtX11Extras -I/usr/include/qt5/QtGui -I/usr/include/qt5/QtNetwork -I/usr/include/qt5/QtConcurrent -I/usr/include/qt5/QtCore -I/usr/include/c++/11 -I/usr/include/c++/11/x86_64-redhat-linux -I/usr/include/c++/11/backward -I/usr/lib/gcc/x86_64-redhat-linux/11/include -I/usr/local/include -I/usr/include mainUI.h -o .build/moc/moc_mainUI.cpp
/usr/lib64/qt5/bin/moc -DPREFIX=QString\(\"/usr\"\) -DL_ETCDIR=QString\(\"/etc\"\) -DL_SHAREDIR=QString\(\"/usr/share\"\) -DGIT_VERSION="\"a88ea52f\"" -DQT_NO_DEBUG -DQT_MULTIMEDIAWIDGETS_LIB -DQT_SVG_LIB -DQT_WIDGETS_LIB -DQT_MULTIMEDIA_LIB -DQT_X11EXTRAS_LIB -DQT_GUI_LIB -DQT_NETWORK_LIB -DQT_CONCURRENT_LIB -DQT_CORE_LIB --include /home/q5sys/git/lumina/src-qt5/desktop-utils/lumina-mediaplayer/.build/moc/moc_predefs.h -I/usr/lib64/qt5/mkspecs/linux-g++ -I/home/q5sys/git/lumina/src-qt5/desktop-utils/lumina-mediaplayer -I/home/q5sys/git/lumina/src-qt5/core/libLumina -I/usr/include/qt5 -I/usr -I/usr/include -I'/home/q5sys/git/lumina/src-qt5/desktop-utils/lumina-mediaplayer//home/q5sys/git/lumina/src-qt5/desktop-utils/lumina-mediaplayer' -I/usr/include/qt5/QtMultimediaWidgets -I/usr/include/qt5/QtSvg -I/usr/include/qt5/QtWidgets -I/usr/include/qt5/QtMultimedia -I/usr/include/qt5/QtX11Extras -I/usr/include/qt5/QtGui -I/usr/include/qt5/QtNetwork -I/usr/include/qt5/QtConcurrent -I/usr/include/qt5/QtCore -I/usr/include/c++/11 -I/usr/include/c++/11/x86_64-redhat-linux -I/usr/include/c++/11/backward -I/usr/lib/gcc/x86_64-redhat-linux/11/include -I/usr/local/include -I/usr/include PianoBarProcess.h -o .build/moc/moc_PianoBarProcess.cpp
g++ -c -pipe -O2 -flto=auto -ffat-lto-objects -fexceptions -g -grecord-gcc-switches -pipe -Wall -Werror=format-security -Wp,-D_FORTIFY_SOURCE=2 -Wp,-D_GLIBCXX_ASSERTIONS -specs=/usr/lib/rpm/redhat/redhat-hardened-cc1 -fstack-protector-strong -specs=/usr/lib/rpm/redhat/redhat-annobin-cc1 -m64 -mtune=generic -fasynchronous-unwind-tables -fstack-clash-protection -fcf-protection -std=gnu++11 -Wall -Wextra -D_REENTRANT -fPIC -DPREFIX=QString\(\"/usr\"\) -DL_ETCDIR=QString\(\"/etc\"\) -DL_SHAREDIR=QString\(\"/usr/share\"\) -DGIT_VERSION="\"a88ea52f\"" -DQT_NO_DEBUG -DQT_MULTIMEDIAWIDGETS_LIB -DQT_SVG_LIB -DQT_WIDGETS_LIB -DQT_MULTIMEDIA_LIB -DQT_X11EXTRAS_LIB -DQT_GUI_LIB -DQT_NETWORK_LIB -DQT_CONCURRENT_LIB -DQT_CORE_LIB -I. -I../../core/libLumina -I/usr/include/qt5 -I/usr -I/usr/include -I/home/q5sys/git/lumina/src-qt5/desktop-utils/lumina-mediaplayer -I/usr/include/qt5/QtMultimediaWidgets -I/usr/include/qt5/QtSvg -I/usr/include/qt5/QtWidgets -I/usr/include/qt5/QtMultimedia -I/usr/include/qt5/QtX11Extras -I/usr/include/qt5/QtGui -I/usr/include/qt5/QtNetwork -I/usr/include/qt5/QtConcurrent -I/usr/include/qt5/QtCore -I.build/moc -I.build/ui -I/usr/lib64/qt5/mkspecs/linux-g++ -o .build/obj/moc_LuminaXDG.o .build/moc/moc_LuminaXDG.cpp
g++ -c -pipe -O2 -flto=auto -ffat-lto-objects -fexceptions -g -grecord-gcc-switches -pipe -Wall -Werror=format-security -Wp,-D_FORTIFY_SOURCE=2 -Wp,-D_GLIBCXX_ASSERTIONS -specs=/usr/lib/rpm/redhat/redhat-hardened-cc1 -fstack-protector-strong -specs=/usr/lib/rpm/redhat/redhat-annobin-cc1 -m64 -mtune=generic -fasynchronous-unwind-tables -fstack-clash-protection -fcf-protection -std=gnu++11 -Wall -Wextra -D_REENTRANT -fPIC -DPREFIX=QString\(\"/usr\"\) -DL_ETCDIR=QString\(\"/etc\"\) -DL_SHAREDIR=QString\(\"/usr/share\"\) -DGIT_VERSION="\"a88ea52f\"" -DQT_NO_DEBUG -DQT_MULTIMEDIAWIDGETS_LIB -DQT_SVG_LIB -DQT_WIDGETS_LIB -DQT_MULTIMEDIA_LIB -DQT_X11EXTRAS_LIB -DQT_GUI_LIB -DQT_NETWORK_LIB -DQT_CONCURRENT_LIB -DQT_CORE_LIB -I. -I../../core/libLumina -I/usr/include/qt5 -I/usr -I/usr/include -I/home/q5sys/git/lumina/src-qt5/desktop-utils/lumina-mediaplayer -I/usr/include/qt5/QtMultimediaWidgets -I/usr/include/qt5/QtSvg -I/usr/include/qt5/QtWidgets -I/usr/include/qt5/QtMultimedia -I/usr/include/qt5/QtX11Extras -I/usr/include/qt5/QtGui -I/usr/include/qt5/QtNetwork -I/usr/include/qt5/QtConcurrent -I/usr/include/qt5/QtCore -I.build/moc -I.build/ui -I/usr/lib64/qt5/mkspecs/linux-g++ -o .build/obj/moc_LuminaSingleApplication.o .build/moc/moc_LuminaSingleApplication.cpp
g++ -c -pipe -O2 -flto=auto -ffat-lto-objects -fexceptions -g -grecord-gcc-switches -pipe -Wall -Werror=format-security -Wp,-D_FORTIFY_SOURCE=2 -Wp,-D_GLIBCXX_ASSERTIONS -specs=/usr/lib/rpm/redhat/redhat-hardened-cc1 -fstack-protector-strong -specs=/usr/lib/rpm/redhat/redhat-annobin-cc1 -m64 -mtune=generic -fasynchronous-unwind-tables -fstack-clash-protection -fcf-protection -std=gnu++11 -Wall -Wextra -D_REENTRANT -fPIC -DPREFIX=QString\(\"/usr\"\) -DL_ETCDIR=QString\(\"/etc\"\) -DL_SHAREDIR=QString\(\"/usr/share\"\) -DGIT_VERSION="\"a88ea52f\"" -DQT_NO_DEBUG -DQT_SVG_LIB -DQT_PRINTSUPPORT_LIB -DQT_WIDGETS_LIB -DQT_MULTIMEDIA_LIB -DQT_X11EXTRAS_LIB -DQT_GUI_LIB -DQT_CONCURRENT_LIB -DQT_NETWORK_LIB -DQT_CORE_LIB -I. -I../../core/libLumina -I/usr/include/qt5 -I/usr -I/usr/include -I/home/q5sys/git/lumina/src-qt5/desktop-utils/lumina-photo -I/usr/include/qt5/QtSvg -I/usr/include/qt5/QtPrintSupport -I/usr/include/qt5/QtWidgets -I/usr/include/qt5/QtMultimedia -I/usr/include/qt5/QtX11Extras -I/usr/include/qt5/QtGui -I/usr/include/qt5/QtConcurrent -I/usr/include/qt5/QtNetwork -I/usr/include/qt5/QtCore -I.build/moc -I.build/ui -I/usr/lib64/qt5/mkspecs/linux-g++ -o .build/obj/moc_mainUI.o .build/moc/moc_mainUI.cpp
g++ -c -pipe -O2 -flto=auto -ffat-lto-objects -fexceptions -g -grecord-gcc-switches -pipe -Wall -Werror=format-security -Wp,-D_FORTIFY_SOURCE=2 -Wp,-D_GLIBCXX_ASSERTIONS -specs=/usr/lib/rpm/redhat/redhat-hardened-cc1 -fstack-protector-strong -specs=/usr/lib/rpm/redhat/redhat-annobin-cc1 -m64 -mtune=generic -fasynchronous-unwind-tables -fstack-clash-protection -fcf-protection -std=gnu++11 -Wall -Wextra -D_REENTRANT -fPIC -DPREFIX=QString\(\"/usr\"\) -DL_ETCDIR=QString\(\"/etc\"\) -DL_SHAREDIR=QString\(\"/usr/share\"\) -DGIT_VERSION="\"a88ea52f\"" -DQT_NO_DEBUG -DQT_SVG_LIB -DQT_PRINTSUPPORT_LIB -DQT_WIDGETS_LIB -DQT_MULTIMEDIA_LIB -DQT_X11EXTRAS_LIB -DQT_GUI_LIB -DQT_CONCURRENT_LIB -DQT_NETWORK_LIB -DQT_CORE_LIB -I. -I../../core/libLumina -I/usr/include/qt5 -I/usr -I/usr/include -I/home/q5sys/git/lumina/src-qt5/desktop-utils/lumina-photo -I/usr/include/qt5/QtSvg -I/usr/include/qt5/QtPrintSupport -I/usr/include/qt5/QtWidgets -I/usr/include/qt5/QtMultimedia -I/usr/include/qt5/QtX11Extras -I/usr/include/qt5/QtGui -I/usr/include/qt5/QtConcurrent -I/usr/include/qt5/QtNetwork -I/usr/include/qt5/QtCore -I.build/moc -I.build/ui -I/usr/lib64/qt5/mkspecs/linux-g++ -o .build/obj/moc_PhotoView.o .build/moc/moc_PhotoView.cpp
g++ -c -pipe -O2 -flto=auto -ffat-lto-objects -fexceptions -g -grecord-gcc-switches -pipe -Wall -Werror=format-security -Wp,-D_FORTIFY_SOURCE=2 -Wp,-D_GLIBCXX_ASSERTIONS -specs=/usr/lib/rpm/redhat/redhat-hardened-cc1 -fstack-protector-strong -specs=/usr/lib/rpm/redhat/redhat-annobin-cc1 -m64 -mtune=generic -fasynchronous-unwind-tables -fstack-clash-protection -fcf-protection -std=gnu++11 -Wall -Wextra -D_REENTRANT -fPIC -DPREFIX=QString\(\"/usr\"\) -DL_ETCDIR=QString\(\"/etc\"\) -DL_SHAREDIR=QString\(\"/usr/share\"\) -DGIT_VERSION="\"a88ea52f\"" -DQT_NO_DEBUG -DQT_MULTIMEDIAWIDGETS_LIB -DQT_SVG_LIB -DQT_WIDGETS_LIB -DQT_MULTIMEDIA_LIB -DQT_X11EXTRAS_LIB -DQT_GUI_LIB -DQT_NETWORK_LIB -DQT_CONCURRENT_LIB -DQT_CORE_LIB -I. -I../../core/libLumina -I/usr/include/qt5 -I/usr -I/usr/include -I/home/q5sys/git/lumina/src-qt5/desktop-utils/lumina-mediaplayer -I/usr/include/qt5/QtMultimediaWidgets -I/usr/include/qt5/QtSvg -I/usr/include/qt5/QtWidgets -I/usr/include/qt5/QtMultimedia -I/usr/include/qt5/QtX11Extras -I/usr/include/qt5/QtGui -I/usr/include/qt5/QtNetwork -I/usr/include/qt5/QtConcurrent -I/usr/include/qt5/QtCore -I.build/moc -I.build/ui -I/usr/lib64/qt5/mkspecs/linux-g++ -o .build/obj/moc_LuminaThemes.o .build/moc/moc_LuminaThemes.cpp
g++ -c -pipe -O2 -flto=auto -ffat-lto-objects -fexceptions -g -grecord-gcc-switches -pipe -Wall -Werror=format-security -Wp,-D_FORTIFY_SOURCE=2 -Wp,-D_GLIBCXX_ASSERTIONS -specs=/usr/lib/rpm/redhat/redhat-hardened-cc1 -fstack-protector-strong -specs=/usr/lib/rpm/redhat/redhat-annobin-cc1 -m64 -mtune=generic -fasynchronous-unwind-tables -fstack-clash-protection -fcf-protection -std=gnu++11 -Wall -Wextra -D_REENTRANT -fPIC -DPREFIX=QString\(\"/usr\"\) -DL_ETCDIR=QString\(\"/etc\"\) -DL_SHAREDIR=QString\(\"/usr/share\"\) -DGIT_VERSION="\"a88ea52f\"" -DQT_NO_DEBUG -DQT_MULTIMEDIAWIDGETS_LIB -DQT_SVG_LIB -DQT_WIDGETS_LIB -DQT_MULTIMEDIA_LIB -DQT_X11EXTRAS_LIB -DQT_GUI_LIB -DQT_NETWORK_LIB -DQT_CONCURRENT_LIB -DQT_CORE_LIB -I. -I../../core/libLumina -I/usr/include/qt5 -I/usr -I/usr/include -I/home/q5sys/git/lumina/src-qt5/desktop-utils/lumina-mediaplayer -I/usr/include/qt5/QtMultimediaWidgets -I/usr/include/qt5/QtSvg -I/usr/include/qt5/QtWidgets -I/usr/include/qt5/QtMultimedia -I/usr/include/qt5/QtX11Extras -I/usr/include/qt5/QtGui -I/usr/include/qt5/QtNetwork -I/usr/include/qt5/QtConcurrent -I/usr/include/qt5/QtCore -I.build/moc -I.build/ui -I/usr/lib64/qt5/mkspecs/linux-g++ -o .build/obj/moc_mainUI.o .build/moc/moc_mainUI.cpp
g++ -Wl,--as-needed -Wl,-z,relro -Wl,--as-needed -Wl,-z,now -specs=/usr/lib/rpm/redhat/redhat-hardened-ld -Wl,-rpath-link,/usr/lib64 -o lumina-photo .build/obj/LuminaOS-Linux.o .build/obj/LUtils.o .build/obj/LuminaXDG.o .build/obj/LFileInfo.o .build/obj/LuminaSingleApplication.o .build/obj/LuminaThemes.o .build/obj/main.o .build/obj/mainUI.o .build/obj/PhotoView.o .build/obj/moc_LuminaXDG.o .build/obj/moc_LuminaSingleApplication.o .build/obj/moc_LuminaThemes.o .build/obj/moc_mainUI.o .build/obj/moc_PhotoView.o   -L/home/q5sys/git/lumina/src-qt5/core/libLumina -L/usr/lib64 -L/usr/lib64/qt5 -L/usr/local/lib -L/usr/lib -L/lib /usr/lib64/libQt5Svg.so /usr/lib64/libQt5PrintSupport.so /usr/lib64/libQt5Widgets.so /usr/lib64/libQt5Multimedia.so /usr/lib64/libQt5X11Extras.so /usr/lib64/libQt5Gui.so /usr/lib64/libQt5Concurrent.so /usr/lib64/libQt5Network.so /usr/lib64/libQt5Core.so -lGL -lpthread   
g++ -c -pipe -O2 -flto=auto -ffat-lto-objects -fexceptions -g -grecord-gcc-switches -pipe -Wall -Werror=format-security -Wp,-D_FORTIFY_SOURCE=2 -Wp,-D_GLIBCXX_ASSERTIONS -specs=/usr/lib/rpm/redhat/redhat-hardened-cc1 -fstack-protector-strong -specs=/usr/lib/rpm/redhat/redhat-annobin-cc1 -m64 -mtune=generic -fasynchronous-unwind-tables -fstack-clash-protection -fcf-protection -std=gnu++11 -Wall -Wextra -D_REENTRANT -fPIC -DPREFIX=QString\(\"/usr\"\) -DL_ETCDIR=QString\(\"/etc\"\) -DL_SHAREDIR=QString\(\"/usr/share\"\) -DGIT_VERSION="\"a88ea52f\"" -DQT_NO_DEBUG -DQT_MULTIMEDIAWIDGETS_LIB -DQT_SVG_LIB -DQT_WIDGETS_LIB -DQT_MULTIMEDIA_LIB -DQT_X11EXTRAS_LIB -DQT_GUI_LIB -DQT_NETWORK_LIB -DQT_CONCURRENT_LIB -DQT_CORE_LIB -I. -I../../core/libLumina -I/usr/include/qt5 -I/usr -I/usr/include -I/home/q5sys/git/lumina/src-qt5/desktop-utils/lumina-mediaplayer -I/usr/include/qt5/QtMultimediaWidgets -I/usr/include/qt5/QtSvg -I/usr/include/qt5/QtWidgets -I/usr/include/qt5/QtMultimedia -I/usr/include/qt5/QtX11Extras -I/usr/include/qt5/QtGui -I/usr/include/qt5/QtNetwork -I/usr/include/qt5/QtConcurrent -I/usr/include/qt5/QtCore -I.build/moc -I.build/ui -I/usr/lib64/qt5/mkspecs/linux-g++ -o .build/obj/moc_PianoBarProcess.o .build/moc/moc_PianoBarProcess.cpp
g++ -Wl,--as-needed -Wl,-z,relro -Wl,--as-needed -Wl,-z,now -specs=/usr/lib/rpm/redhat/redhat-hardened-ld -Wl,-rpath-link,/usr/lib64 -o lumina-mediaplayer .build/obj/LuminaOS-Linux.o .build/obj/LUtils.o .build/obj/LuminaXDG.o .build/obj/LFileInfo.o .build/obj/LuminaSingleApplication.o .build/obj/LuminaThemes.o .build/obj/main.o .build/obj/mainUI.o .build/obj/PianoBarProcess.o .build/obj/qrc_resources.o .build/obj/moc_LuminaXDG.o .build/obj/moc_LuminaSingleApplication.o .build/obj/moc_LuminaThemes.o .build/obj/moc_mainUI.o .build/obj/moc_PianoBarProcess.o   -L/home/q5sys/git/lumina/src-qt5/core/libLumina -L/usr/lib64 -L/usr/lib64/qt5 -L/usr/local/lib -L/usr/lib -L/lib /usr/lib64/libQt5MultimediaWidgets.so /usr/lib64/libQt5Svg.so /usr/lib64/libQt5Widgets.so /usr/lib64/libQt5Multimedia.so /usr/lib64/libQt5X11Extras.so /usr/lib64/libQt5Gui.so /usr/lib64/libQt5Network.so /usr/lib64/libQt5Concurrent.so /usr/lib64/libQt5Core.so -lGL -lpthread   
make[3]: Leaving directory '/home/q5sys/git/lumina/src-qt5/desktop-utils/lumina-photo'
make[3]: Leaving directory '/home/q5sys/git/lumina/src-qt5/desktop-utils/lumina-mediaplayer'
make[2]: Leaving directory '/home/q5sys/git/lumina/src-qt5/desktop-utils'
make[1]: Leaving directory '/home/q5sys/git/lumina/src-qt5'
